e2e	Set up job	﻿2025-09-19T12:55:39.2083172Z Current runner version: '2.328.0'
e2e	Set up job	2025-09-19T12:55:39.2106921Z ##[group]Runner Image Provisioner
e2e	Set up job	2025-09-19T12:55:39.2108004Z Hosted Compute Agent
e2e	Set up job	2025-09-19T12:55:39.2108650Z Version: 20250829.383
e2e	Set up job	2025-09-19T12:55:39.2109228Z Commit: 27cb235aab5b0e52e153a26cd86b4742e89dac5d
e2e	Set up job	2025-09-19T12:55:39.2109919Z Build Date: 2025-08-29T13:48:48Z
e2e	Set up job	2025-09-19T12:55:39.2110522Z ##[endgroup]
e2e	Set up job	2025-09-19T12:55:39.2111104Z ##[group]Operating System
e2e	Set up job	2025-09-19T12:55:39.2111633Z Ubuntu
e2e	Set up job	2025-09-19T12:55:39.2112147Z 24.04.3
e2e	Set up job	2025-09-19T12:55:39.2112600Z LTS
e2e	Set up job	2025-09-19T12:55:39.2113056Z ##[endgroup]
e2e	Set up job	2025-09-19T12:55:39.2113500Z ##[group]Runner Image
e2e	Set up job	2025-09-19T12:55:39.2114471Z Image: ubuntu-24.04
e2e	Set up job	2025-09-19T12:55:39.2114993Z Version: 20250907.24.1
e2e	Set up job	2025-09-19T12:55:39.2115938Z Included Software: https://github.com/actions/runner-images/blob/ubuntu24/20250907.24/images/ubuntu/Ubuntu2404-Readme.md
e2e	Set up job	2025-09-19T12:55:39.2117395Z Image Release: https://github.com/actions/runner-images/releases/tag/ubuntu24%2F20250907.24
e2e	Set up job	2025-09-19T12:55:39.2118622Z ##[endgroup]
e2e	Set up job	2025-09-19T12:55:39.2119666Z ##[group]GITHUB_TOKEN Permissions
e2e	Set up job	2025-09-19T12:55:39.2122046Z Contents: read
e2e	Set up job	2025-09-19T12:55:39.2122614Z Metadata: read
e2e	Set up job	2025-09-19T12:55:39.2123123Z Packages: read
e2e	Set up job	2025-09-19T12:55:39.2123564Z ##[endgroup]
e2e	Set up job	2025-09-19T12:55:39.2125982Z Secret source: Actions
e2e	Set up job	2025-09-19T12:55:39.2126723Z Prepare workflow directory
e2e	Set up job	2025-09-19T12:55:39.2502049Z Prepare all required actions
e2e	Set up job	2025-09-19T12:55:39.2539176Z Getting action download info
e2e	Set up job	2025-09-19T12:55:39.6284730Z Download action repository 'actions/checkout@v4' (SHA:08eba0b27e820071cde6df949e0beb9ba4906955)
e2e	Set up job	2025-09-19T12:55:39.6992550Z Download action repository 'actions/cache@v4' (SHA:0400d5f644dc74513175e3cd8d07132dd4860809)
e2e	Set up job	2025-09-19T12:55:39.8354093Z Download action repository 'actions/setup-node@v4' (SHA:49933ea5288caeca8642d1e84afbd3f7d6820020)
e2e	Set up job	2025-09-19T12:55:39.9221057Z Download action repository 'actions/upload-artifact@v4' (SHA:ea165f8d65b6e75b540449e92b4886f43607fa02)
e2e	Set up job	2025-09-19T12:55:40.1433417Z Complete job name: e2e
e2e	Checkout	﻿2025-09-19T12:55:40.2298922Z ##[group]Run actions/checkout@v4
e2e	Checkout	2025-09-19T12:55:40.2299918Z with:
e2e	Checkout	2025-09-19T12:55:40.2300460Z   repository: Picsbyeli/Picsbyeli.github.io
e2e	Checkout	2025-09-19T12:55:40.2301458Z   token: ***
e2e	Checkout	2025-09-19T12:55:40.2301914Z   ssh-strict: true
e2e	Checkout	2025-09-19T12:55:40.2302389Z   ssh-user: git
e2e	Checkout	2025-09-19T12:55:40.2302891Z   persist-credentials: true
e2e	Checkout	2025-09-19T12:55:40.2303523Z   clean: true
e2e	Checkout	2025-09-19T12:55:40.2304166Z   sparse-checkout-cone-mode: true
e2e	Checkout	2025-09-19T12:55:40.2304827Z   fetch-depth: 1
e2e	Checkout	2025-09-19T12:55:40.2305314Z   fetch-tags: false
e2e	Checkout	2025-09-19T12:55:40.2305815Z   show-progress: true
e2e	Checkout	2025-09-19T12:55:40.2306324Z   lfs: false
e2e	Checkout	2025-09-19T12:55:40.2306770Z   submodules: false
e2e	Checkout	2025-09-19T12:55:40.2307272Z   set-safe-directory: true
e2e	Checkout	2025-09-19T12:55:40.2308069Z env:
e2e	Checkout	2025-09-19T12:55:40.2308595Z   NODE_OPTIONS: --experimental-vm-modules
e2e	Checkout	2025-09-19T12:55:40.2309305Z ##[endgroup]
e2e	Checkout	2025-09-19T12:55:40.3514413Z Syncing repository: Picsbyeli/Picsbyeli.github.io
e2e	Checkout	2025-09-19T12:55:40.3517962Z ##[group]Getting Git version info
e2e	Checkout	2025-09-19T12:55:40.3520138Z Working directory is '/home/runner/work/Picsbyeli.github.io/Picsbyeli.github.io'
e2e	Checkout	2025-09-19T12:55:40.3523034Z [command]/usr/bin/git version
e2e	Checkout	2025-09-19T12:55:40.3567908Z git version 2.51.0
e2e	Checkout	2025-09-19T12:55:40.3594760Z ##[endgroup]
e2e	Checkout	2025-09-19T12:55:40.3616942Z Temporarily overriding HOME='/home/runner/work/_temp/14801cb2-542b-47d0-9fe9-4ac523dd9c0c' before making global git config changes
e2e	Checkout	2025-09-19T12:55:40.3620991Z Adding repository directory to the temporary git global config as a safe directory
e2e	Checkout	2025-09-19T12:55:40.3624816Z [command]/usr/bin/git config --global --add safe.directory /home/runner/work/Picsbyeli.github.io/Picsbyeli.github.io
e2e	Checkout	2025-09-19T12:55:40.3657797Z Deleting the contents of '/home/runner/work/Picsbyeli.github.io/Picsbyeli.github.io'
e2e	Checkout	2025-09-19T12:55:40.3660930Z ##[group]Initializing the repository
e2e	Checkout	2025-09-19T12:55:40.3666242Z [command]/usr/bin/git init /home/runner/work/Picsbyeli.github.io/Picsbyeli.github.io
e2e	Checkout	2025-09-19T12:55:40.3727567Z hint: Using 'master' as the name for the initial branch. This default branch name
e2e	Checkout	2025-09-19T12:55:40.3729694Z hint: is subject to change. To configure the initial branch name to use in all
e2e	Checkout	2025-09-19T12:55:40.3731682Z hint: of your new repositories, which will suppress this warning, call:
e2e	Checkout	2025-09-19T12:55:40.3733854Z hint:
e2e	Checkout	2025-09-19T12:55:40.3734975Z hint: 	git config --global init.defaultBranch <name>
e2e	Checkout	2025-09-19T12:55:40.3736447Z hint:
e2e	Checkout	2025-09-19T12:55:40.3737828Z hint: Names commonly chosen instead of 'master' are 'main', 'trunk' and
e2e	Checkout	2025-09-19T12:55:40.3740275Z hint: 'development'. The just-created branch can be renamed via this command:
e2e	Checkout	2025-09-19T12:55:40.3742142Z hint:
e2e	Checkout	2025-09-19T12:55:40.3742976Z hint: 	git branch -m <name>
e2e	Checkout	2025-09-19T12:55:40.3744257Z hint:
e2e	Checkout	2025-09-19T12:55:40.3745807Z hint: Disable this message with "git config set advice.defaultBranchName false"
e2e	Checkout	2025-09-19T12:55:40.3748889Z Initialized empty Git repository in /home/runner/work/Picsbyeli.github.io/Picsbyeli.github.io/.git/
e2e	Checkout	2025-09-19T12:55:40.3752319Z [command]/usr/bin/git remote add origin https://github.com/Picsbyeli/Picsbyeli.github.io
e2e	Checkout	2025-09-19T12:55:40.3781171Z ##[endgroup]
e2e	Checkout	2025-09-19T12:55:40.3782844Z ##[group]Disabling automatic garbage collection
e2e	Checkout	2025-09-19T12:55:40.3785412Z [command]/usr/bin/git config --local gc.auto 0
e2e	Checkout	2025-09-19T12:55:40.3814008Z ##[endgroup]
e2e	Checkout	2025-09-19T12:55:40.3815675Z ##[group]Setting up auth
e2e	Checkout	2025-09-19T12:55:40.3821610Z [command]/usr/bin/git config --local --name-only --get-regexp core\.sshCommand
e2e	Checkout	2025-09-19T12:55:40.3852909Z [command]/usr/bin/git submodule foreach --recursive sh -c "git config --local --name-only --get-regexp 'core\.sshCommand' && git config --local --unset-all 'core.sshCommand' || :"
e2e	Checkout	2025-09-19T12:55:40.4129886Z [command]/usr/bin/git config --local --name-only --get-regexp http\.https\:\/\/github\.com\/\.extraheader
e2e	Checkout	2025-09-19T12:55:40.4161028Z [command]/usr/bin/git submodule foreach --recursive sh -c "git config --local --name-only --get-regexp 'http\.https\:\/\/github\.com\/\.extraheader' && git config --local --unset-all 'http.https://github.com/.extraheader' || :"
e2e	Checkout	2025-09-19T12:55:40.4378556Z [command]/usr/bin/git config --local http.https://github.com/.extraheader AUTHORIZATION: basic ***
e2e	Checkout	2025-09-19T12:55:40.4412281Z ##[endgroup]
e2e	Checkout	2025-09-19T12:55:40.4414325Z ##[group]Fetching the repository
e2e	Checkout	2025-09-19T12:55:40.4423278Z [command]/usr/bin/git -c protocol.version=2 fetch --no-tags --prune --no-recurse-submodules --depth=1 origin +c4dc9188b4b9b00cdac26a2614ec277fa4bef9f6:refs/remotes/origin/main
e2e	Checkout	2025-09-19T12:55:41.4369794Z From https://github.com/Picsbyeli/Picsbyeli.github.io
e2e	Checkout	2025-09-19T12:55:41.4373315Z  * [new ref]         c4dc9188b4b9b00cdac26a2614ec277fa4bef9f6 -> origin/main
e2e	Checkout	2025-09-19T12:55:41.4402766Z ##[endgroup]
e2e	Checkout	2025-09-19T12:55:41.4404706Z ##[group]Determining the checkout info
e2e	Checkout	2025-09-19T12:55:41.4406634Z ##[endgroup]
e2e	Checkout	2025-09-19T12:55:41.4410999Z [command]/usr/bin/git sparse-checkout disable
e2e	Checkout	2025-09-19T12:55:41.4451612Z [command]/usr/bin/git config --local --unset-all extensions.worktreeConfig
e2e	Checkout	2025-09-19T12:55:41.4481564Z ##[group]Checking out the ref
e2e	Checkout	2025-09-19T12:55:41.4485320Z [command]/usr/bin/git checkout --progress --force -B main refs/remotes/origin/main
e2e	Checkout	2025-09-19T12:55:41.5321096Z Switched to a new branch 'main'
e2e	Checkout	2025-09-19T12:55:41.5323572Z branch 'main' set up to track 'origin/main'.
e2e	Checkout	2025-09-19T12:55:41.5336952Z ##[endgroup]
e2e	Checkout	2025-09-19T12:55:41.5374901Z [command]/usr/bin/git log -1 --format=%H
e2e	Checkout	2025-09-19T12:55:41.5397972Z c4dc9188b4b9b00cdac26a2614ec277fa4bef9f6
e2e	Cache root node modules	﻿2025-09-19T12:55:41.6147077Z ##[group]Run actions/cache@v4
e2e	Cache root node modules	2025-09-19T12:55:41.6147967Z with:
e2e	Cache root node modules	2025-09-19T12:55:41.6148651Z   path: ~/.npm
e2e	Cache root node modules	node_modules
e2e	Cache root node modules	
e2e	Cache root node modules	2025-09-19T12:55:41.6150039Z   key: Linux-root-node-c0e02a21023114227bf5467e460a268a9901d357ed5e5a7bc7e9c5b94703267f
e2e	Cache root node modules	2025-09-19T12:55:41.6151499Z   restore-keys: Linux-root-node-
e2e	Cache root node modules	
e2e	Cache root node modules	2025-09-19T12:55:41.6152414Z   enableCrossOsArchive: false
e2e	Cache root node modules	2025-09-19T12:55:41.6153264Z   fail-on-cache-miss: false
e2e	Cache root node modules	2025-09-19T12:55:41.6154336Z   lookup-only: false
e2e	Cache root node modules	2025-09-19T12:55:41.6155358Z   save-always: false
e2e	Cache root node modules	2025-09-19T12:55:41.6156073Z env:
e2e	Cache root node modules	2025-09-19T12:55:41.6156805Z   NODE_OPTIONS: --experimental-vm-modules
e2e	Cache root node modules	2025-09-19T12:55:41.6157718Z ##[endgroup]
e2e	Cache root node modules	2025-09-19T12:55:41.8376084Z Cache not found for input keys: Linux-root-node-c0e02a21023114227bf5467e460a268a9901d357ed5e5a7bc7e9c5b94703267f, Linux-root-node-
e2e	Cache Playwright browsers	﻿2025-09-19T12:55:41.9001290Z ##[group]Run actions/cache@v4
e2e	Cache Playwright browsers	2025-09-19T12:55:41.9002129Z with:
e2e	Cache Playwright browsers	2025-09-19T12:55:41.9002775Z   path: ~/.cache/ms-playwright
e2e	Cache Playwright browsers	2025-09-19T12:55:41.9004501Z   key: Linux-playwright-22941a22530ab80707140b28eb0c3ffbfa7741eab03cef362ab1ce050ed2c1d8
e2e	Cache Playwright browsers	2025-09-19T12:55:41.9006002Z   restore-keys: Linux-playwright-
e2e	Cache Playwright browsers	
e2e	Cache Playwright browsers	2025-09-19T12:55:41.9006882Z   enableCrossOsArchive: false
e2e	Cache Playwright browsers	2025-09-19T12:55:41.9007700Z   fail-on-cache-miss: false
e2e	Cache Playwright browsers	2025-09-19T12:55:41.9008456Z   lookup-only: false
e2e	Cache Playwright browsers	2025-09-19T12:55:41.9009149Z   save-always: false
e2e	Cache Playwright browsers	2025-09-19T12:55:41.9009838Z env:
e2e	Cache Playwright browsers	2025-09-19T12:55:41.9010509Z   NODE_OPTIONS: --experimental-vm-modules
e2e	Cache Playwright browsers	2025-09-19T12:55:41.9011418Z ##[endgroup]
e2e	Cache Playwright browsers	2025-09-19T12:55:42.1052873Z Cache not found for input keys: Linux-playwright-22941a22530ab80707140b28eb0c3ffbfa7741eab03cef362ab1ce050ed2c1d8, Linux-playwright-
e2e	Use Node.js 18	﻿2025-09-19T12:55:42.1170547Z ##[group]Run actions/setup-node@v4
e2e	Use Node.js 18	2025-09-19T12:55:42.1170845Z with:
e2e	Use Node.js 18	2025-09-19T12:55:42.1171029Z   node-version: 18
e2e	Use Node.js 18	2025-09-19T12:55:42.1171234Z   always-auth: false
e2e	Use Node.js 18	2025-09-19T12:55:42.1171432Z   check-latest: false
e2e	Use Node.js 18	2025-09-19T12:55:42.1171759Z   token: ***
e2e	Use Node.js 18	2025-09-19T12:55:42.1171937Z env:
e2e	Use Node.js 18	2025-09-19T12:55:42.1172142Z   NODE_OPTIONS: --experimental-vm-modules
e2e	Use Node.js 18	2025-09-19T12:55:42.1172410Z ##[endgroup]
e2e	Use Node.js 18	2025-09-19T12:55:42.3071621Z Found in cache @ /opt/hostedtoolcache/node/18.20.8/x64
e2e	Use Node.js 18	2025-09-19T12:55:42.3077989Z ##[group]Environment details
e2e	Use Node.js 18	2025-09-19T12:55:43.8228779Z node: v18.20.8
e2e	Use Node.js 18	2025-09-19T12:55:43.8229202Z npm: 10.8.2
e2e	Use Node.js 18	2025-09-19T12:55:43.8229487Z yarn: 1.22.22
e2e	Use Node.js 18	2025-09-19T12:55:43.8235320Z ##[endgroup]
e2e	Install root dependencies	﻿2025-09-19T12:55:43.8328443Z ##[group]Run npm ci --prefer-offline --no-audit --no-fund
e2e	Install root dependencies	2025-09-19T12:55:43.8328929Z [36;1mnpm ci --prefer-offline --no-audit --no-fund[0m
e2e	Install root dependencies	2025-09-19T12:55:43.8420524Z shell: /usr/bin/bash -e {0}
e2e	Install root dependencies	2025-09-19T12:55:43.8420798Z env:
e2e	Install root dependencies	2025-09-19T12:55:43.8421006Z   NODE_OPTIONS: --experimental-vm-modules
e2e	Install root dependencies	2025-09-19T12:55:43.8421271Z ##[endgroup]
e2e	Install root dependencies	2025-09-19T12:55:45.9149835Z 
e2e	Install root dependencies	2025-09-19T12:55:45.9157539Z added 3 packages in 2s
e2e	Cache server node modules	﻿2025-09-19T12:55:45.9770556Z ##[group]Run actions/cache@v4
e2e	Cache server node modules	2025-09-19T12:55:45.9770830Z with:
e2e	Cache server node modules	2025-09-19T12:55:45.9771010Z   path: server/node_modules
e2e	Cache server node modules	2025-09-19T12:55:45.9771411Z   key: Linux-server-node-8e74b6c3567e86803f9447d57da90e5898c662643fa3b4d09d97c2859ece3afa
e2e	Cache server node modules	2025-09-19T12:55:45.9771854Z   restore-keys: Linux-server-node-
e2e	Cache server node modules	
e2e	Cache server node modules	2025-09-19T12:55:45.9772150Z   enableCrossOsArchive: false
e2e	Cache server node modules	2025-09-19T12:55:45.9772394Z   fail-on-cache-miss: false
e2e	Cache server node modules	2025-09-19T12:55:45.9772621Z   lookup-only: false
e2e	Cache server node modules	2025-09-19T12:55:45.9772821Z   save-always: false
e2e	Cache server node modules	2025-09-19T12:55:45.9772996Z env:
e2e	Cache server node modules	2025-09-19T12:55:45.9773192Z   NODE_OPTIONS: --experimental-vm-modules
e2e	Cache server node modules	2025-09-19T12:55:45.9773451Z ##[endgroup]
e2e	Cache server node modules	2025-09-19T12:55:46.1793137Z Cache not found for input keys: Linux-server-node-8e74b6c3567e86803f9447d57da90e5898c662643fa3b4d09d97c2859ece3afa, Linux-server-node-
e2e	Install server dependencies	﻿2025-09-19T12:55:46.1856724Z ##[group]Run npm ci --prefer-offline --no-audit --no-fund
e2e	Install server dependencies	2025-09-19T12:55:46.1857145Z [36;1mnpm ci --prefer-offline --no-audit --no-fund[0m
e2e	Install server dependencies	2025-09-19T12:55:46.1888003Z shell: /usr/bin/bash -e {0}
e2e	Install server dependencies	2025-09-19T12:55:46.1888249Z env:
e2e	Install server dependencies	2025-09-19T12:55:46.1888448Z   NODE_OPTIONS: --experimental-vm-modules
e2e	Install server dependencies	2025-09-19T12:55:46.1888716Z ##[endgroup]
e2e	Install server dependencies	2025-09-19T12:55:47.4532674Z npm warn deprecated supertest@6.3.4: Please upgrade to supertest v7.1.3+, see release notes at https://github.com/forwardemail/supertest/releases/tag/v7.1.3 - maintenance is supported by Forward Email @ https://forwardemail.net
e2e	Install server dependencies	2025-09-19T12:55:47.5825426Z npm warn deprecated multer@1.4.5-lts.2: Multer 1.x is impacted by a number of vulnerabilities, which have been patched in 2.x. You should upgrade to the latest 2.x version.
e2e	Install server dependencies	2025-09-19T12:55:47.6815410Z npm warn deprecated inflight@1.0.6: This module is not supported, and leaks memory. Do not use it. Check out lru-cache if you want a good and tested way to coalesce async requests by a key value, which is much more comprehensive and powerful.
e2e	Install server dependencies	2025-09-19T12:55:47.7693802Z npm warn deprecated glob@8.1.0: Glob versions prior to v9 are no longer supported
e2e	Install server dependencies	2025-09-19T12:55:48.0033216Z npm warn deprecated superagent@8.1.2: Please upgrade to superagent v10.2.2+, see release notes at https://github.com/forwardemail/superagent/releases/tag/v10.2.2 - maintenance is supported by Forward Email @ https://forwardemail.net
e2e	Install server dependencies	2025-09-19T12:55:48.1493950Z npm warn deprecated sinon@15.2.0: 16.1.1
e2e	Install server dependencies	2025-09-19T12:55:48.3507314Z 
e2e	Install server dependencies	2025-09-19T12:55:48.3507917Z added 210 packages in 2s
e2e	Run server unit tests	﻿2025-09-19T12:55:48.3687174Z ##[group]Run # Run server unit tests with Node experimental VM modules enabled so Mocha
e2e	Run server unit tests	2025-09-19T12:55:48.3687754Z [36;1m# Run server unit tests with Node experimental VM modules enabled so Mocha[0m
e2e	Run server unit tests	2025-09-19T12:55:48.3688230Z [36;1m# can load ESM-only dependencies without ERR_REQUIRE_ESM on the runner.[0m
e2e	Run server unit tests	2025-09-19T12:55:48.3688659Z [36;1m# This is a minimal, low-risk change to the CI environment.[0m
e2e	Run server unit tests	2025-09-19T12:55:48.3688970Z [36;1mset -euo pipefail[0m
e2e	Run server unit tests	2025-09-19T12:55:48.3689226Z [36;1mecho "Running server unit tests (mocha)"[0m
e2e	Run server unit tests	2025-09-19T12:55:48.3689532Z [36;1mNODE_OPTIONS="--experimental-vm-modules" \[0m
e2e	Run server unit tests	2025-09-19T12:55:48.3689895Z [36;1m  node ./node_modules/.bin/mocha --recursive --reporter spec[0m
e2e	Run server unit tests	2025-09-19T12:55:48.3720082Z shell: /usr/bin/bash -e {0}
e2e	Run server unit tests	2025-09-19T12:55:48.3720315Z env:
e2e	Run server unit tests	2025-09-19T12:55:48.3720709Z   NODE_OPTIONS: --experimental-vm-modules
e2e	Run server unit tests	2025-09-19T12:55:48.3720972Z ##[endgroup]
e2e	Run server unit tests	2025-09-19T12:55:48.3770007Z Running server unit tests (mocha)
e2e	Run server unit tests	2025-09-19T12:55:48.8608995Z 
e2e	Run server unit tests	2025-09-19T12:55:48.8618285Z 
e2e	Run server unit tests	2025-09-19T12:55:48.8626134Z   API endpoints with moderation
e2e	Run server unit tests	2025-09-19T12:55:48.9411089Z     ✔ rejects register when remote flags (77ms)
e2e	Run server unit tests	2025-09-19T12:55:48.9645308Z     ✔ allows register when remote approves
e2e	Run server unit tests	2025-09-19T12:55:48.9748168Z     ✔ check-username returns taken for existing
e2e	Run server unit tests	2025-09-19T12:55:48.9750945Z 
e2e	Run server unit tests	2025-09-19T12:55:48.9752972Z   fuzz tests for username edge cases
e2e	Run server unit tests	2025-09-19T12:55:48.9775538Z     ✔ rejects empty username
e2e	Run server unit tests	2025-09-19T12:55:48.9816128Z     ✔ truncates long usernames and allows reasonable part
e2e	Run server unit tests	2025-09-19T12:55:48.9852807Z     ✔ handles unicode control and zero-width chars
e2e	Run server unit tests	2025-09-19T12:55:48.9887119Z     ✔ normalizes confusable characters
e2e	Run server unit tests	2025-09-19T12:55:48.9888433Z 
e2e	Run server unit tests	2025-09-19T12:55:48.9889403Z   moderation helpers
e2e	Run server unit tests	2025-09-19T12:55:48.9892747Z     scrubConfusables
e2e	Run server unit tests	2025-09-19T12:55:48.9901182Z       ✔ removes confusable characters and diacritics (returns ascii-ish output)
e2e	Run server unit tests	2025-09-19T12:55:48.9901845Z     remoteModerationCheck
e2e	Run server unit tests	2025-09-19T12:55:48.9938872Z       ✔ returns ok:false when remote flags
e2e	Run server unit tests	2025-09-19T12:55:48.9977133Z       ✔ returns ok:true when remote approves
e2e	Run server unit tests	2025-09-19T12:55:49.0031425Z       ✔ treats network errors as failure (fail-closed)
e2e	Run server unit tests	2025-09-19T12:55:49.0032945Z 
e2e	Run server unit tests	2025-09-19T12:55:49.0033814Z   property-based tests
e2e	Run server unit tests	2025-09-19T12:55:49.0222649Z     ✔ scrubConfusables should return ascii-only and length <= 30
e2e	Run server unit tests	2025-09-19T12:55:49.3008044Z     ✔ check-username should not crash for random unicode input (278ms)
e2e	Run server unit tests	2025-09-19T12:55:49.3073044Z     ✔ scrubConfusables is idempotent
e2e	Run server unit tests	2025-09-19T12:55:49.3130763Z     ✔ confusable-equivalence: similar chars normalize to same string
e2e	Run server unit tests	2025-09-19T12:55:49.3131772Z 
e2e	Run server unit tests	2025-09-19T12:55:49.3132351Z 
e2e	Run server unit tests	2025-09-19T12:55:49.3144540Z   15 passing (454ms)
e2e	Run server unit tests	2025-09-19T12:55:49.3145006Z 
e2e	Install Playwright browsers	﻿2025-09-19T12:55:49.3318011Z ##[group]Run npx playwright install --with-deps
e2e	Install Playwright browsers	2025-09-19T12:55:49.3318595Z [36;1mnpx playwright install --with-deps[0m
e2e	Install Playwright browsers	2025-09-19T12:55:49.3348683Z shell: /usr/bin/bash -e {0}
e2e	Install Playwright browsers	2025-09-19T12:55:49.3348919Z env:
e2e	Install Playwright browsers	2025-09-19T12:55:49.3349114Z   NODE_OPTIONS: --experimental-vm-modules
e2e	Install Playwright browsers	2025-09-19T12:55:49.3349370Z ##[endgroup]
e2e	Install Playwright browsers	2025-09-19T12:55:50.2401401Z Installing dependencies...
e2e	Install Playwright browsers	2025-09-19T12:55:50.2467458Z Switching to root user to install dependencies...
e2e	Install Playwright browsers	2025-09-19T12:55:50.3789701Z Get:1 file:/etc/apt/apt-mirrors.txt Mirrorlist [144 B]
e2e	Install Playwright browsers	2025-09-19T12:55:50.4145198Z Hit:2 http://azure.archive.ubuntu.com/ubuntu noble InRelease
e2e	Install Playwright browsers	2025-09-19T12:55:50.4148896Z Hit:6 https://packages.microsoft.com/repos/azure-cli noble InRelease
e2e	Install Playwright browsers	2025-09-19T12:55:50.4150741Z Get:7 https://packages.microsoft.com/ubuntu/24.04/prod noble InRelease [3600 B]
e2e	Install Playwright browsers	2025-09-19T12:55:50.4354338Z Get:3 http://azure.archive.ubuntu.com/ubuntu noble-updates InRelease [126 kB]
e2e	Install Playwright browsers	2025-09-19T12:55:50.4370121Z Get:4 http://azure.archive.ubuntu.com/ubuntu noble-backports InRelease [126 kB]
e2e	Install Playwright browsers	2025-09-19T12:55:50.4421272Z Get:5 http://azure.archive.ubuntu.com/ubuntu noble-security InRelease [126 kB]
e2e	Install Playwright browsers	2025-09-19T12:55:50.6265458Z Get:8 https://packages.microsoft.com/ubuntu/24.04/prod noble/main amd64 Packages [53.5 kB]
e2e	Install Playwright browsers	2025-09-19T12:55:50.6411534Z Get:9 https://packages.microsoft.com/ubuntu/24.04/prod noble/main armhf Packages [10.2 kB]
e2e	Install Playwright browsers	2025-09-19T12:55:50.6481014Z Get:10 https://packages.microsoft.com/ubuntu/24.04/prod noble/main arm64 Packages [36.0 kB]
e2e	Install Playwright browsers	2025-09-19T12:55:50.6742004Z Get:11 http://azure.archive.ubuntu.com/ubuntu noble-updates/main amd64 Packages [1415 kB]
e2e	Install Playwright browsers	2025-09-19T12:55:50.6905339Z Get:12 http://azure.archive.ubuntu.com/ubuntu noble-updates/main Translation-en [278 kB]
e2e	Install Playwright browsers	2025-09-19T12:55:50.6945865Z Get:13 http://azure.archive.ubuntu.com/ubuntu noble-updates/main amd64 Components [175 kB]
e2e	Install Playwright browsers	2025-09-19T12:55:50.6956688Z Get:14 http://azure.archive.ubuntu.com/ubuntu noble-updates/main amd64 c-n-f Metadata [15.3 kB]
e2e	Install Playwright browsers	2025-09-19T12:55:50.6970225Z Get:15 http://azure.archive.ubuntu.com/ubuntu noble-updates/universe amd64 Packages [1485 kB]
e2e	Install Playwright browsers	2025-09-19T12:55:50.7063091Z Get:16 http://azure.archive.ubuntu.com/ubuntu noble-updates/universe Translation-en [299 kB]
e2e	Install Playwright browsers	2025-09-19T12:55:50.7087472Z Get:17 http://azure.archive.ubuntu.com/ubuntu noble-updates/universe amd64 Components [377 kB]
e2e	Install Playwright browsers	2025-09-19T12:55:50.7156991Z Get:18 http://azure.archive.ubuntu.com/ubuntu noble-updates/universe amd64 c-n-f Metadata [31.1 kB]
e2e	Install Playwright browsers	2025-09-19T12:55:50.7168462Z Get:19 http://azure.archive.ubuntu.com/ubuntu noble-updates/restricted amd64 Packages [1901 kB]
e2e	Install Playwright browsers	2025-09-19T12:55:50.7268957Z Get:20 http://azure.archive.ubuntu.com/ubuntu noble-updates/restricted Translation-en [426 kB]
e2e	Install Playwright browsers	2025-09-19T12:55:50.7721119Z Get:21 http://azure.archive.ubuntu.com/ubuntu noble-updates/restricted amd64 Components [212 B]
e2e	Install Playwright browsers	2025-09-19T12:55:50.7734336Z Get:22 http://azure.archive.ubuntu.com/ubuntu noble-updates/restricted amd64 c-n-f Metadata [544 B]
e2e	Install Playwright browsers	2025-09-19T12:55:50.7745201Z Get:23 http://azure.archive.ubuntu.com/ubuntu noble-updates/multiverse amd64 Packages [32.0 kB]
e2e	Install Playwright browsers	2025-09-19T12:55:50.7820978Z Get:24 http://azure.archive.ubuntu.com/ubuntu noble-updates/multiverse Translation-en [5500 B]
e2e	Install Playwright browsers	2025-09-19T12:55:50.7823341Z Get:25 http://azure.archive.ubuntu.com/ubuntu noble-updates/multiverse amd64 Components [940 B]
e2e	Install Playwright browsers	2025-09-19T12:55:50.7824911Z Get:26 http://azure.archive.ubuntu.com/ubuntu noble-updates/multiverse amd64 c-n-f Metadata [488 B]
e2e	Install Playwright browsers	2025-09-19T12:55:50.7826316Z Get:27 http://azure.archive.ubuntu.com/ubuntu noble-backports/main amd64 Components [7056 B]
e2e	Install Playwright browsers	2025-09-19T12:55:50.7827770Z Get:28 http://azure.archive.ubuntu.com/ubuntu noble-backports/universe amd64 Components [19.2 kB]
e2e	Install Playwright browsers	2025-09-19T12:55:50.7831745Z Get:29 http://azure.archive.ubuntu.com/ubuntu noble-backports/restricted amd64 Components [216 B]
e2e	Install Playwright browsers	2025-09-19T12:55:50.7855986Z Get:30 http://azure.archive.ubuntu.com/ubuntu noble-backports/multiverse amd64 Components [212 B]
e2e	Install Playwright browsers	2025-09-19T12:55:50.7870262Z Get:31 http://azure.archive.ubuntu.com/ubuntu noble-security/main amd64 Packages [1143 kB]
e2e	Install Playwright browsers	2025-09-19T12:55:50.7960396Z Get:32 http://azure.archive.ubuntu.com/ubuntu noble-security/main Translation-en [195 kB]
e2e	Install Playwright browsers	2025-09-19T12:55:50.7978811Z Get:33 http://azure.archive.ubuntu.com/ubuntu noble-security/main amd64 Components [21.5 kB]
e2e	Install Playwright browsers	2025-09-19T12:55:50.7989784Z Get:34 http://azure.archive.ubuntu.com/ubuntu noble-security/main amd64 c-n-f Metadata [8744 B]
e2e	Install Playwright browsers	2025-09-19T12:55:50.8460955Z Get:35 http://azure.archive.ubuntu.com/ubuntu noble-security/universe amd64 Packages [880 kB]
e2e	Install Playwright browsers	2025-09-19T12:55:50.8542551Z Get:36 http://azure.archive.ubuntu.com/ubuntu noble-security/universe Translation-en [195 kB]
e2e	Install Playwright browsers	2025-09-19T12:55:50.8566017Z Get:37 http://azure.archive.ubuntu.com/ubuntu noble-security/universe amd64 Components [52.3 kB]
e2e	Install Playwright browsers	2025-09-19T12:55:50.8580173Z Get:38 http://azure.archive.ubuntu.com/ubuntu noble-security/universe amd64 c-n-f Metadata [18.0 kB]
e2e	Install Playwright browsers	2025-09-19T12:55:50.8592420Z Get:39 http://azure.archive.ubuntu.com/ubuntu noble-security/restricted amd64 Packages [1815 kB]
e2e	Install Playwright browsers	2025-09-19T12:55:50.8704221Z Get:40 http://azure.archive.ubuntu.com/ubuntu noble-security/restricted Translation-en [408 kB]
e2e	Install Playwright browsers	2025-09-19T12:55:50.8754136Z Get:41 http://azure.archive.ubuntu.com/ubuntu noble-security/restricted amd64 Components [212 B]
e2e	Install Playwright browsers	2025-09-19T12:55:50.8807240Z Get:42 http://azure.archive.ubuntu.com/ubuntu noble-security/restricted amd64 c-n-f Metadata [520 B]
e2e	Install Playwright browsers	2025-09-19T12:55:50.8817807Z Get:43 http://azure.archive.ubuntu.com/ubuntu noble-security/multiverse amd64 Packages [28.0 kB]
e2e	Install Playwright browsers	2025-09-19T12:55:50.8830732Z Get:44 http://azure.archive.ubuntu.com/ubuntu noble-security/multiverse Translation-en [5228 B]
e2e	Install Playwright browsers	2025-09-19T12:55:50.8840652Z Get:45 http://azure.archive.ubuntu.com/ubuntu noble-security/multiverse amd64 Components [212 B]
e2e	Install Playwright browsers	2025-09-19T12:55:50.8853340Z Get:46 http://azure.archive.ubuntu.com/ubuntu noble-security/multiverse amd64 c-n-f Metadata [384 B]
e2e	Install Playwright browsers	2025-09-19T12:55:58.8314212Z Fetched 11.7 MB in 1s (7948 kB/s)
e2e	Install Playwright browsers	2025-09-19T12:55:59.4970205Z Reading package lists...
e2e	Install Playwright browsers	2025-09-19T12:55:59.5214707Z Reading package lists...
e2e	Install Playwright browsers	2025-09-19T12:55:59.6632656Z Building dependency tree...
e2e	Install Playwright browsers	2025-09-19T12:55:59.6639707Z Reading state information...
e2e	Install Playwright browsers	2025-09-19T12:55:59.6762733Z libasound2t64 is already the newest version (1.2.11-1ubuntu0.1).
e2e	Install Playwright browsers	2025-09-19T12:55:59.6763538Z libasound2t64 set to manually installed.
e2e	Install Playwright browsers	2025-09-19T12:55:59.6764451Z libatk-bridge2.0-0t64 is already the newest version (2.52.0-1build1).
e2e	Install Playwright browsers	2025-09-19T12:55:59.6765328Z libatk-bridge2.0-0t64 set to manually installed.
e2e	Install Playwright browsers	2025-09-19T12:55:59.6765934Z libatk1.0-0t64 is already the newest version (2.52.0-1build1).
e2e	Install Playwright browsers	2025-09-19T12:55:59.6766686Z libatk1.0-0t64 set to manually installed.
e2e	Install Playwright browsers	2025-09-19T12:55:59.6767478Z libatspi2.0-0t64 is already the newest version (2.52.0-1build1).
e2e	Install Playwright browsers	2025-09-19T12:55:59.6768240Z libatspi2.0-0t64 set to manually installed.
e2e	Install Playwright browsers	2025-09-19T12:55:59.6768974Z libcairo2 is already the newest version (1.18.0-3build1).
e2e	Install Playwright browsers	2025-09-19T12:55:59.6769637Z libcairo2 set to manually installed.
e2e	Install Playwright browsers	2025-09-19T12:55:59.6770382Z libdbus-1-3 is already the newest version (1.14.10-4ubuntu4.1).
e2e	Install Playwright browsers	2025-09-19T12:55:59.6770839Z libdbus-1-3 set to manually installed.
e2e	Install Playwright browsers	2025-09-19T12:55:59.6771326Z libdrm2 is already the newest version (2.4.122-1~ubuntu0.24.04.1).
e2e	Install Playwright browsers	2025-09-19T12:55:59.6771666Z libdrm2 set to manually installed.
e2e	Install Playwright browsers	2025-09-19T12:55:59.6772014Z libgbm1 is already the newest version (25.0.7-0ubuntu0.24.04.2).
e2e	Install Playwright browsers	2025-09-19T12:55:59.6772343Z libgbm1 set to manually installed.
e2e	Install Playwright browsers	2025-09-19T12:55:59.6772687Z libglib2.0-0t64 is already the newest version (2.80.0-6ubuntu3.4).
e2e	Install Playwright browsers	2025-09-19T12:55:59.6773028Z libglib2.0-0t64 set to manually installed.
e2e	Install Playwright browsers	2025-09-19T12:55:59.6773393Z libnspr4 is already the newest version (2:4.35-1.1build1).
e2e	Install Playwright browsers	2025-09-19T12:55:59.6773960Z libnspr4 set to manually installed.
e2e	Install Playwright browsers	2025-09-19T12:55:59.6774308Z libnss3 is already the newest version (2:3.98-1build1).
e2e	Install Playwright browsers	2025-09-19T12:55:59.6774625Z libnss3 set to manually installed.
e2e	Install Playwright browsers	2025-09-19T12:55:59.6774978Z libpango-1.0-0 is already the newest version (1.52.1+ds-1build1).
e2e	Install Playwright browsers	2025-09-19T12:55:59.6775669Z libpango-1.0-0 set to manually installed.
e2e	Install Playwright browsers	2025-09-19T12:55:59.6776021Z libx11-6 is already the newest version (2:1.8.7-1build1).
e2e	Install Playwright browsers	2025-09-19T12:55:59.6776326Z libx11-6 set to manually installed.
e2e	Install Playwright browsers	2025-09-19T12:55:59.6776636Z libxcb1 is already the newest version (1.15-1ubuntu2).
e2e	Install Playwright browsers	2025-09-19T12:55:59.6776939Z libxcb1 set to manually installed.
e2e	Install Playwright browsers	2025-09-19T12:55:59.6777435Z libxcomposite1 is already the newest version (1:0.4.5-1build3).
e2e	Install Playwright browsers	2025-09-19T12:55:59.6777792Z libxcomposite1 set to manually installed.
e2e	Install Playwright browsers	2025-09-19T12:55:59.6778156Z libxdamage1 is already the newest version (1:1.1.6-1build1).
e2e	Install Playwright browsers	2025-09-19T12:55:59.6778474Z libxdamage1 set to manually installed.
e2e	Install Playwright browsers	2025-09-19T12:55:59.6778801Z libxext6 is already the newest version (2:1.3.4-1build2).
e2e	Install Playwright browsers	2025-09-19T12:55:59.6779104Z libxext6 set to manually installed.
e2e	Install Playwright browsers	2025-09-19T12:55:59.6779431Z libxfixes3 is already the newest version (1:6.0.0-2build1).
e2e	Install Playwright browsers	2025-09-19T12:55:59.6779757Z libxfixes3 set to manually installed.
e2e	Install Playwright browsers	2025-09-19T12:55:59.6780092Z libxkbcommon0 is already the newest version (1.6.0-1build1).
e2e	Install Playwright browsers	2025-09-19T12:55:59.6780438Z libxkbcommon0 set to manually installed.
e2e	Install Playwright browsers	2025-09-19T12:55:59.6780781Z libxrandr2 is already the newest version (2:1.5.2-2build1).
e2e	Install Playwright browsers	2025-09-19T12:55:59.6781116Z libxrandr2 set to manually installed.
e2e	Install Playwright browsers	2025-09-19T12:55:59.6781485Z libcairo-gobject2 is already the newest version (1.18.0-3build1).
e2e	Install Playwright browsers	2025-09-19T12:55:59.6781849Z libcairo-gobject2 set to manually installed.
e2e	Install Playwright browsers	2025-09-19T12:55:59.6782220Z libfontconfig1 is already the newest version (2.15.0-1.1ubuntu2).
e2e	Install Playwright browsers	2025-09-19T12:55:59.6782573Z libfontconfig1 set to manually installed.
e2e	Install Playwright browsers	2025-09-19T12:55:59.6782933Z libfreetype6 is already the newest version (2.13.2+dfsg-1build3).
e2e	Install Playwright browsers	2025-09-19T12:55:59.6783278Z libfreetype6 set to manually installed.
e2e	Install Playwright browsers	2025-09-19T12:55:59.6783844Z libgdk-pixbuf-2.0-0 is already the newest version (2.42.10+dfsg-3ubuntu3.2).
e2e	Install Playwright browsers	2025-09-19T12:55:59.6784258Z libgdk-pixbuf-2.0-0 set to manually installed.
e2e	Install Playwright browsers	2025-09-19T12:55:59.6784637Z libgtk-3-0t64 is already the newest version (3.24.41-4ubuntu1.3).
e2e	Install Playwright browsers	2025-09-19T12:55:59.6784984Z libgtk-3-0t64 set to manually installed.
e2e	Install Playwright browsers	2025-09-19T12:55:59.6785360Z libpangocairo-1.0-0 is already the newest version (1.52.1+ds-1build1).
e2e	Install Playwright browsers	2025-09-19T12:55:59.6785735Z libpangocairo-1.0-0 set to manually installed.
e2e	Install Playwright browsers	2025-09-19T12:55:59.6786091Z libx11-xcb1 is already the newest version (2:1.8.7-1build1).
e2e	Install Playwright browsers	2025-09-19T12:55:59.6786423Z libx11-xcb1 set to manually installed.
e2e	Install Playwright browsers	2025-09-19T12:55:59.6786754Z libxcb-shm0 is already the newest version (1.15-1ubuntu2).
e2e	Install Playwright browsers	2025-09-19T12:55:59.6787066Z libxcb-shm0 set to manually installed.
e2e	Install Playwright browsers	2025-09-19T12:55:59.6787408Z libxcursor1 is already the newest version (1:1.2.1-1build1).
e2e	Install Playwright browsers	2025-09-19T12:55:59.6787731Z libxcursor1 set to manually installed.
e2e	Install Playwright browsers	2025-09-19T12:55:59.6788046Z libxi6 is already the newest version (2:1.8.1-1build1).
e2e	Install Playwright browsers	2025-09-19T12:55:59.6788348Z libxi6 set to manually installed.
e2e	Install Playwright browsers	2025-09-19T12:55:59.6788683Z libxrender1 is already the newest version (1:0.9.10-1.1build1).
e2e	Install Playwright browsers	2025-09-19T12:55:59.6789085Z libxrender1 set to manually installed.
e2e	Install Playwright browsers	2025-09-19T12:55:59.6789450Z libicu74 is already the newest version (74.2-1ubuntu3.1).
e2e	Install Playwright browsers	2025-09-19T12:55:59.6789760Z libicu74 set to manually installed.
e2e	Install Playwright browsers	2025-09-19T12:55:59.6790093Z libatomic1 is already the newest version (14.2.0-4ubuntu2~24.04).
e2e	Install Playwright browsers	2025-09-19T12:55:59.6790427Z libatomic1 set to manually installed.
e2e	Install Playwright browsers	2025-09-19T12:55:59.6790761Z libenchant-2-2 is already the newest version (2.3.3-2build2).
e2e	Install Playwright browsers	2025-09-19T12:55:59.6791097Z libenchant-2-2 set to manually installed.
e2e	Install Playwright browsers	2025-09-19T12:55:59.6791430Z libepoxy0 is already the newest version (1.5.10-1build1).
e2e	Install Playwright browsers	2025-09-19T12:55:59.6791739Z libepoxy0 set to manually installed.
e2e	Install Playwright browsers	2025-09-19T12:55:59.6792099Z libgstreamer1.0-0 is already the newest version (1.24.2-1ubuntu0.1).
e2e	Install Playwright browsers	2025-09-19T12:55:59.6792465Z libgstreamer1.0-0 set to manually installed.
e2e	Install Playwright browsers	2025-09-19T12:55:59.6792815Z libharfbuzz0b is already the newest version (8.3.0-2build2).
e2e	Install Playwright browsers	2025-09-19T12:55:59.6793147Z libharfbuzz0b set to manually installed.
e2e	Install Playwright browsers	2025-09-19T12:55:59.6793493Z libjpeg-turbo8 is already the newest version (2.1.5-2ubuntu2).
e2e	Install Playwright browsers	2025-09-19T12:55:59.6794213Z libjpeg-turbo8 set to manually installed.
e2e	Install Playwright browsers	2025-09-19T12:55:59.6794663Z liblcms2-2 is already the newest version (2.14-2build1).
e2e	Install Playwright browsers	2025-09-19T12:55:59.6795003Z liblcms2-2 set to manually installed.
e2e	Install Playwright browsers	2025-09-19T12:55:59.6795392Z libpng16-16t64 is already the newest version (1.6.43-5build1).
e2e	Install Playwright browsers	2025-09-19T12:55:59.8119162Z libpng16-16t64 set to manually installed.
e2e	Install Playwright browsers	2025-09-19T12:55:59.8120286Z libwayland-client0 is already the newest version (1.22.0-2.1build1).
e2e	Install Playwright browsers	2025-09-19T12:55:59.8121095Z libwayland-client0 set to manually installed.
e2e	Install Playwright browsers	2025-09-19T12:55:59.8121622Z libwayland-egl1 is already the newest version (1.22.0-2.1build1).
e2e	Install Playwright browsers	2025-09-19T12:55:59.8122110Z libwayland-egl1 set to manually installed.
e2e	Install Playwright browsers	2025-09-19T12:55:59.8122976Z libwayland-server0 is already the newest version (1.22.0-2.1build1).
e2e	Install Playwright browsers	2025-09-19T12:55:59.8123881Z libwayland-server0 set to manually installed.
e2e	Install Playwright browsers	2025-09-19T12:55:59.8124357Z libwebp7 is already the newest version (1.3.2-0.4build3).
e2e	Install Playwright browsers	2025-09-19T12:55:59.8124726Z libwebp7 set to manually installed.
e2e	Install Playwright browsers	2025-09-19T12:55:59.8125265Z libwebpdemux2 is already the newest version (1.3.2-0.4build3).
e2e	Install Playwright browsers	2025-09-19T12:55:59.8125643Z libwebpdemux2 set to manually installed.
e2e	Install Playwright browsers	2025-09-19T12:55:59.8126051Z libxslt1.1 is already the newest version (1.1.39-0exp1ubuntu0.24.04.2).
e2e	Install Playwright browsers	2025-09-19T12:55:59.8126454Z libxslt1.1 set to manually installed.
e2e	Install Playwright browsers	2025-09-19T12:55:59.8126961Z xvfb is already the newest version (2:21.1.12-1ubuntu1.4).
e2e	Install Playwright browsers	2025-09-19T12:55:59.8127462Z fonts-noto-color-emoji is already the newest version (2.047-0ubuntu0.24.04.1).
e2e	Install Playwright browsers	2025-09-19T12:55:59.8127953Z fonts-liberation is already the newest version (1:2.1.5-3).
e2e	Install Playwright browsers	2025-09-19T12:55:59.8128321Z fonts-liberation set to manually installed.
e2e	Install Playwright browsers	2025-09-19T12:55:59.8128685Z The following additional packages will be installed:
e2e	Install Playwright browsers	2025-09-19T12:55:59.8129113Z   glib-networking glib-networking-common glib-networking-services
e2e	Install Playwright browsers	2025-09-19T12:55:59.8129592Z   gsettings-desktop-schemas libaa1 libabsl20220623t64 libass9 libasyncns0
e2e	Install Playwright browsers	2025-09-19T12:55:59.8130100Z   libavc1394-0 libavcodec60 libavfilter9 libavformat60 libavtp0 libavutil58
e2e	Install Playwright browsers	2025-09-19T12:55:59.8130591Z   libblas3 libbluray2 libbs2b0 libcaca0 libcairo-script-interpreter2
e2e	Install Playwright browsers	2025-09-19T12:55:59.8131048Z   libcdparanoia0 libchromaprint1 libcjson1 libcodec2-1.2 libdav1d7
e2e	Install Playwright browsers	2025-09-19T12:55:59.8131525Z   libdc1394-25 libdca0 libdecor-0-0 libdirectfb-1.7-7t64 libdv4t64 libdvdnav4
e2e	Install Playwright browsers	2025-09-19T12:55:59.8132020Z   libdvdread8t64 libegl-mesa0 libegl1 libfaad2 libflac12t64 libfluidsynth3
e2e	Install Playwright browsers	2025-09-19T12:55:59.8132502Z   libfreeaptx0 libgav1-1 libgme0 libgraphene-1.0-0 libgsm1 libgssdp-1.6-0
e2e	Install Playwright browsers	2025-09-19T12:55:59.8132985Z   libgstreamer-plugins-good1.0-0 libgtk-4-common libgupnp-1.6-0
e2e	Install Playwright browsers	2025-09-19T12:55:59.8133426Z   libgupnp-igd-1.6-0 libhwy1t64 libiec61883-0 libimath-3-1-29t64
e2e	Install Playwright browsers	2025-09-19T12:55:59.8133996Z   libinstpatch-1.0-2 libjack-jackd2-0 libjxl0.7 liblapack3 liblc3-1
e2e	Install Playwright browsers	2025-09-19T12:55:59.8134452Z   libldacbt-enc2 liblilv-0-0 liblrdf0 libltc11 libmbedcrypto7t64 libmfx1
e2e	Install Playwright browsers	2025-09-19T12:55:59.8134886Z   libmjpegutils-2.1-0t64 libmodplug1 libmp3lame0 libmpcdec6
e2e	Install Playwright browsers	2025-09-19T12:55:59.8135305Z   libmpeg2encpp-2.1-0t64 libmpg123-0t64 libmplex2-2.1-0t64 libmysofa1
e2e	Install Playwright browsers	2025-09-19T12:55:59.8135926Z   libneon27t64 libnice10 libopenal-data libopenal1 libopenexr-3-1-30
e2e	Install Playwright browsers	2025-09-19T12:55:59.8136341Z   libopenh264-7 libopenmpt0t64 libopenni2-0 liborc-0.4-0t64
e2e	Install Playwright browsers	2025-09-19T12:55:59.8136766Z   libpipewire-0.3-0t64 libplacebo338 libpocketsphinx3 libpostproc57
e2e	Install Playwright browsers	2025-09-19T12:55:59.8137233Z   libproxy1v5 libpulse0 libqrencode4 libraptor2-0 librav1e0 libraw1394-11
e2e	Install Playwright browsers	2025-09-19T12:55:59.8137722Z   librist4 librsvg2-2 librubberband2 libsamplerate0 libsbc1 libsdl2-2.0-0
e2e	Install Playwright browsers	2025-09-19T12:55:59.8138198Z   libsecret-common libserd-0-0 libshine3 libshout3 libsndfile1 libsndio7.0
e2e	Install Playwright browsers	2025-09-19T12:55:59.8138667Z   libsord-0-0 libsoundtouch1 libsoup-3.0-0 libsoup-3.0-common libsoxr0
e2e	Install Playwright browsers	2025-09-19T12:55:59.8139150Z   libspa-0.2-modules libspandsp2t64 libspeex1 libsphinxbase3t64 libsratom-0-0
e2e	Install Playwright browsers	2025-09-19T12:55:59.8139651Z   libsrt1.5-gnutls libsrtp2-1 libssh-gcrypt-4 libsvtav1enc1d1 libswresample4
e2e	Install Playwright browsers	2025-09-19T12:55:59.8140458Z   libswscale7 libtag1v5 libtag1v5-vanilla libtheora0 libtwolame0 libudfread0
e2e	Install Playwright browsers	2025-09-19T12:55:59.8140945Z   libunibreak5 libv4l-0t64 libv4lconvert0t64 libva-drm2 libva-x11-2 libva2
e2e	Install Playwright browsers	2025-09-19T12:55:59.8141409Z   libvdpau1 libvidstab1.1 libvisual-0.4-0 libvo-aacenc0 libvo-amrwbenc0
e2e	Install Playwright browsers	2025-09-19T12:55:59.8142024Z   libvorbisenc2 libvpl2 libwavpack1 libwebrtc-audio-processing1 libwildmidi2
e2e	Install Playwright browsers	2025-09-19T12:55:59.8142535Z   libx265-199 libxcb-xkb1 libxkbcommon-x11-0 libxml2-dev libxvidcore4 libyuv0
e2e	Install Playwright browsers	2025-09-19T12:55:59.8143009Z   libzbar0t64 libzimg2 libzix-0-0 libzvbi-common libzvbi0t64 libzxing3
e2e	Install Playwright browsers	2025-09-19T12:55:59.8143495Z   ocl-icd-libopencl1 session-migration timgm6mb-soundfont xfonts-encodings
e2e	Install Playwright browsers	2025-09-19T12:55:59.8143967Z   xfonts-utils
e2e	Install Playwright browsers	2025-09-19T12:55:59.8144165Z Suggested packages:
e2e	Install Playwright browsers	2025-09-19T12:55:59.8144502Z   frei0r-plugins gvfs libcuda1 libnvcuvid1 libnvidia-encode1 libbluray-bdj
e2e	Install Playwright browsers	2025-09-19T12:55:59.8144959Z   cups-common libdirectfb-extra libdv-bin oss-compat libdvdcss2
e2e	Install Playwright browsers	2025-09-19T12:55:59.8145435Z   libvisual-0.4-plugins jackd2 liblrdf0-dev libportaudio2 opus-tools pipewire
e2e	Install Playwright browsers	2025-09-19T12:55:59.8145945Z   pulseaudio raptor2-utils libraw1394-doc librsvg2-bin serdi sndiod sordi
e2e	Install Playwright browsers	2025-09-19T12:55:59.8146374Z   speex libwildmidi-config opencl-icd fluid-soundfont-gm
e2e	Install Playwright browsers	2025-09-19T12:55:59.8146691Z Recommended packages:
e2e	Install Playwright browsers	2025-09-19T12:55:59.8147007Z   fonts-ipafont-mincho fonts-tlwg-loma gstreamer1.0-x libaacs0
e2e	Install Playwright browsers	2025-09-19T12:55:59.8147451Z   default-libdecor-0-plugin-1 | libdecor-0-plugin-1 gstreamer1.0-gl
e2e	Install Playwright browsers	2025-09-19T12:55:59.8147954Z   libgtk-4-bin librsvg2-common libgtk-4-media-gstreamer libpipewire-0.3-common
e2e	Install Playwright browsers	2025-09-19T12:55:59.8148479Z   pocketsphinx-en-us va-driver-all | va-driver vdpau-driver-all | vdpau-driver
e2e	Install Playwright browsers	2025-09-19T12:55:59.8148839Z   libmagickcore-6.q16-7-extra
e2e	Install Playwright browsers	2025-09-19T12:55:59.8801820Z The following NEW packages will be installed:
e2e	Install Playwright browsers	2025-09-19T12:55:59.8802509Z   fonts-freefont-ttf fonts-ipafont-gothic fonts-tlwg-loma-otf fonts-unifont
e2e	Install Playwright browsers	2025-09-19T12:55:59.8803429Z   fonts-wqy-zenhei glib-networking glib-networking-common
e2e	Install Playwright browsers	2025-09-19T12:55:59.8804204Z   glib-networking-services gsettings-desktop-schemas gstreamer1.0-libav
e2e	Install Playwright browsers	2025-09-19T12:55:59.8804754Z   gstreamer1.0-plugins-bad gstreamer1.0-plugins-base gstreamer1.0-plugins-good
e2e	Install Playwright browsers	2025-09-19T12:55:59.8805374Z   libaa1 libabsl20220623t64 libass9 libasyncns0 libavc1394-0 libavcodec60
e2e	Install Playwright browsers	2025-09-19T12:55:59.8806146Z   libavfilter9 libavformat60 libavif16 libavtp0 libavutil58 libblas3
e2e	Install Playwright browsers	2025-09-19T12:55:59.8806653Z   libbluray2 libbs2b0 libcaca0 libcairo-script-interpreter2 libcdparanoia0
e2e	Install Playwright browsers	2025-09-19T12:55:59.8807140Z   libchromaprint1 libcjson1 libcodec2-1.2 libdav1d7 libdc1394-25 libdca0
e2e	Install Playwright browsers	2025-09-19T12:55:59.8807610Z   libdecor-0-0 libdirectfb-1.7-7t64 libdv4t64 libdvdnav4 libdvdread8t64
e2e	Install Playwright browsers	2025-09-19T12:55:59.8808151Z   libegl-mesa0 libegl1 libevent-2.1-7t64 libfaad2 libflac12t64 libflite1
e2e	Install Playwright browsers	2025-09-19T12:55:59.8808842Z   libfluidsynth3 libfreeaptx0 libgav1-1 libgles2 libgme0 libgraphene-1.0-0
e2e	Install Playwright browsers	2025-09-19T12:55:59.8809366Z   libgsm1 libgssdp-1.6-0 libgstreamer-gl1.0-0 libgstreamer-plugins-bad1.0-0
e2e	Install Playwright browsers	2025-09-19T12:55:59.8809873Z   libgstreamer-plugins-base1.0-0 libgstreamer-plugins-good1.0-0 libgtk-4-1
e2e	Install Playwright browsers	2025-09-19T12:55:59.8810349Z   libgtk-4-common libgupnp-1.6-0 libgupnp-igd-1.6-0 libharfbuzz-icu0
e2e	Install Playwright browsers	2025-09-19T12:55:59.8810817Z   libhwy1t64 libhyphen0 libiec61883-0 libimath-3-1-29t64 libinstpatch-1.0-2
e2e	Install Playwright browsers	2025-09-19T12:55:59.8811303Z   libjack-jackd2-0 libjxl0.7 liblapack3 liblc3-1 libldacbt-enc2 liblilv-0-0
e2e	Install Playwright browsers	2025-09-19T12:55:59.8811757Z   liblrdf0 libltc11 libmanette-0.2-0 libmbedcrypto7t64 libmfx1
e2e	Install Playwright browsers	2025-09-19T12:55:59.8812165Z   libmjpegutils-2.1-0t64 libmodplug1 libmp3lame0 libmpcdec6
e2e	Install Playwright browsers	2025-09-19T12:55:59.8812589Z   libmpeg2encpp-2.1-0t64 libmpg123-0t64 libmplex2-2.1-0t64 libmysofa1
e2e	Install Playwright browsers	2025-09-19T12:55:59.8813192Z   libneon27t64 libnice10 libopenal-data libopenal1 libopenexr-3-1-30
e2e	Install Playwright browsers	2025-09-19T12:55:59.8813797Z   libopenh264-7 libopenmpt0t64 libopenni2-0 libopus0 liborc-0.4-0t64
e2e	Install Playwright browsers	2025-09-19T12:55:59.8814589Z   libpipewire-0.3-0t64 libplacebo338 libpocketsphinx3 libpostproc57
e2e	Install Playwright browsers	2025-09-19T12:55:59.8815067Z   libproxy1v5 libpulse0 libqrencode4 libraptor2-0 librav1e0 libraw1394-11
e2e	Install Playwright browsers	2025-09-19T12:55:59.8815560Z   librist4 librsvg2-2 librubberband2 libsamplerate0 libsbc1 libsdl2-2.0-0
e2e	Install Playwright browsers	2025-09-19T12:55:59.8816049Z   libsecret-1-0 libsecret-common libserd-0-0 libshine3 libshout3 libsndfile1
e2e	Install Playwright browsers	2025-09-19T12:55:59.8816650Z   libsndio7.0 libsord-0-0 libsoundtouch1 libsoup-3.0-0 libsoup-3.0-common
e2e	Install Playwright browsers	2025-09-19T12:55:59.8817115Z   libsoxr0 libspa-0.2-modules libspandsp2t64 libspeex1 libsphinxbase3t64
e2e	Install Playwright browsers	2025-09-19T12:55:59.8817602Z   libsratom-0-0 libsrt1.5-gnutls libsrtp2-1 libssh-gcrypt-4 libsvtav1enc1d1
e2e	Install Playwright browsers	2025-09-19T12:55:59.8818309Z   libswresample4 libswscale7 libtag1v5 libtag1v5-vanilla libtheora0
e2e	Install Playwright browsers	2025-09-19T12:55:59.8818759Z   libtwolame0 libudfread0 libunibreak5 libv4l-0t64 libv4lconvert0t64
e2e	Install Playwright browsers	2025-09-19T12:55:59.8819202Z   libva-drm2 libva-x11-2 libva2 libvdpau1 libvidstab1.1 libvisual-0.4-0
e2e	Install Playwright browsers	2025-09-19T12:55:59.8819668Z   libvo-aacenc0 libvo-amrwbenc0 libvorbisenc2 libvpl2 libvpx9 libwavpack1
e2e	Install Playwright browsers	2025-09-19T12:55:59.8820163Z   libwebrtc-audio-processing1 libwildmidi2 libwoff1 libx264-164 libx265-199
e2e	Install Playwright browsers	2025-09-19T12:55:59.8820656Z   libxcb-xkb1 libxkbcommon-x11-0 libxvidcore4 libyuv0 libzbar0t64 libzimg2
e2e	Install Playwright browsers	2025-09-19T12:55:59.8821101Z   libzix-0-0 libzvbi-common libzvbi0t64 libzxing3 ocl-icd-libopencl1
e2e	Install Playwright browsers	2025-09-19T12:55:59.8821567Z   session-migration timgm6mb-soundfont xfonts-cyrillic xfonts-encodings
e2e	Install Playwright browsers	2025-09-19T12:55:59.8821945Z   xfonts-scalable xfonts-utils
e2e	Install Playwright browsers	2025-09-19T12:55:59.8822232Z The following packages will be upgraded:
e2e	Install Playwright browsers	2025-09-19T12:55:59.8822523Z   libcups2t64 libxml2 libxml2-dev
e2e	Install Playwright browsers	2025-09-19T12:55:59.9030184Z 3 upgraded, 179 newly installed, 0 to remove and 44 not upgraded.
e2e	Install Playwright browsers	2025-09-19T12:55:59.9030703Z Need to get 116 MB of archives.
e2e	Install Playwright browsers	2025-09-19T12:55:59.9031113Z After this operation, 363 MB of additional disk space will be used.
e2e	Install Playwright browsers	2025-09-19T12:55:59.9031792Z Get:1 file:/etc/apt/apt-mirrors.txt Mirrorlist [144 B]
e2e	Install Playwright browsers	2025-09-19T12:55:59.9364071Z Get:2 http://azure.archive.ubuntu.com/ubuntu noble/universe amd64 fonts-ipafont-gothic all 00303-21ubuntu1 [3513 kB]
e2e	Install Playwright browsers	2025-09-19T12:56:00.0211439Z Get:3 http://azure.archive.ubuntu.com/ubuntu noble-updates/main amd64 libxml2-dev amd64 2.9.14+dfsg-1.3ubuntu3.5 [781 kB]
e2e	Install Playwright browsers	2025-09-19T12:56:00.0627779Z Get:4 http://azure.archive.ubuntu.com/ubuntu noble-updates/main amd64 libxml2 amd64 2.9.14+dfsg-1.3ubuntu3.5 [763 kB]
e2e	Install Playwright browsers	2025-09-19T12:56:00.1037366Z Get:5 http://azure.archive.ubuntu.com/ubuntu noble/main amd64 fonts-freefont-ttf all 20211204+svn4273-2 [5641 kB]
e2e	Install Playwright browsers	2025-09-19T12:56:00.2050966Z Get:6 http://azure.archive.ubuntu.com/ubuntu noble/universe amd64 fonts-tlwg-loma-otf all 1:0.7.3-1 [107 kB]
e2e	Install Playwright browsers	2025-09-19T12:56:00.2667971Z Get:7 http://azure.archive.ubuntu.com/ubuntu noble/universe amd64 fonts-unifont all 1:15.1.01-1build1 [2993 kB]
e2e	Install Playwright browsers	2025-09-19T12:56:00.3469863Z Get:8 http://azure.archive.ubuntu.com/ubuntu noble/universe amd64 fonts-wqy-zenhei all 0.9.45-8 [7472 kB]
e2e	Install Playwright browsers	2025-09-19T12:56:00.4594876Z Get:9 http://azure.archive.ubuntu.com/ubuntu noble/main amd64 libproxy1v5 amd64 0.5.4-4build1 [26.5 kB]
e2e	Install Playwright browsers	2025-09-19T12:56:00.4779506Z Get:10 http://azure.archive.ubuntu.com/ubuntu noble/main amd64 glib-networking-common all 2.80.0-1build1 [6702 B]
e2e	Install Playwright browsers	2025-09-19T12:56:00.4965205Z Get:11 http://azure.archive.ubuntu.com/ubuntu noble/main amd64 glib-networking-services amd64 2.80.0-1build1 [12.8 kB]
e2e	Install Playwright browsers	2025-09-19T12:56:00.5151710Z Get:12 http://azure.archive.ubuntu.com/ubuntu noble/main amd64 session-migration amd64 0.3.9build1 [9034 B]
e2e	Install Playwright browsers	2025-09-19T12:56:00.5334072Z Get:13 http://azure.archive.ubuntu.com/ubuntu noble-updates/main amd64 gsettings-desktop-schemas all 46.1-0ubuntu1 [35.6 kB]
e2e	Install Playwright browsers	2025-09-19T12:56:00.5519105Z Get:14 http://azure.archive.ubuntu.com/ubuntu noble/main amd64 glib-networking amd64 2.80.0-1build1 [64.1 kB]
e2e	Install Playwright browsers	2025-09-19T12:56:00.5733383Z Get:15 http://azure.archive.ubuntu.com/ubuntu noble/universe amd64 libva2 amd64 2.20.0-2build1 [66.2 kB]
e2e	Install Playwright browsers	2025-09-19T12:56:00.5938796Z Get:16 http://azure.archive.ubuntu.com/ubuntu noble/universe amd64 libva-drm2 amd64 2.20.0-2build1 [7124 B]
e2e	Install Playwright browsers	2025-09-19T12:56:00.6118664Z Get:17 http://azure.archive.ubuntu.com/ubuntu noble/universe amd64 libva-x11-2 amd64 2.20.0-2build1 [12.0 kB]
e2e	Install Playwright browsers	2025-09-19T12:56:00.6300409Z Get:18 http://azure.archive.ubuntu.com/ubuntu noble/main amd64 libvdpau1 amd64 1.5-2build1 [27.8 kB]
e2e	Install Playwright browsers	2025-09-19T12:56:00.6484839Z Get:19 http://azure.archive.ubuntu.com/ubuntu noble/universe amd64 libvpl2 amd64 2023.3.0-1build1 [99.8 kB]
e2e	Install Playwright browsers	2025-09-19T12:56:00.7089228Z Get:20 http://azure.archive.ubuntu.com/ubuntu noble/universe amd64 ocl-icd-libopencl1 amd64 2.3.2-1build1 [38.5 kB]
e2e	Install Playwright browsers	2025-09-19T12:56:00.7281374Z Get:21 http://azure.archive.ubuntu.com/ubuntu noble/universe amd64 libavutil58 amd64 7:6.1.1-3ubuntu5 [401 kB]
e2e	Install Playwright browsers	2025-09-19T12:56:00.7517557Z Get:22 http://azure.archive.ubuntu.com/ubuntu noble/universe amd64 libcodec2-1.2 amd64 1.2.0-2build1 [8998 kB]
e2e	Install Playwright browsers	2025-09-19T12:56:00.8700387Z Get:23 http://azure.archive.ubuntu.com/ubuntu noble/universe amd64 libdav1d7 amd64 1.4.1-1build1 [604 kB]
e2e	Install Playwright browsers	2025-09-19T12:56:00.9073004Z Get:24 http://azure.archive.ubuntu.com/ubuntu noble/universe amd64 libgsm1 amd64 1.0.22-1build1 [27.8 kB]
e2e	Install Playwright browsers	2025-09-19T12:56:00.9264577Z Get:25 http://azure.archive.ubuntu.com/ubuntu noble/universe amd64 libhwy1t64 amd64 1.0.7-8.1build1 [584 kB]
e2e	Install Playwright browsers	2025-09-19T12:56:00.9635235Z Get:26 http://azure.archive.ubuntu.com/ubuntu noble-updates/universe amd64 libjxl0.7 amd64 0.7.0-10.2ubuntu6.1 [1001 kB]
e2e	Install Playwright browsers	2025-09-19T12:56:01.0048413Z Get:27 http://azure.archive.ubuntu.com/ubuntu noble/main amd64 libmp3lame0 amd64 3.100-6build1 [142 kB]
e2e	Install Playwright browsers	2025-09-19T12:56:01.0248765Z Get:28 http://azure.archive.ubuntu.com/ubuntu noble/main amd64 libopus0 amd64 1.4-1build1 [208 kB]
e2e	Install Playwright browsers	2025-09-19T12:56:01.0448437Z Get:29 http://azure.archive.ubuntu.com/ubuntu noble/universe amd64 librav1e0 amd64 0.7.1-2 [1022 kB]
e2e	Install Playwright browsers	2025-09-19T12:56:01.0857687Z Get:30 http://azure.archive.ubuntu.com/ubuntu noble/main amd64 librsvg2-2 amd64 2.58.0+dfsg-1build1 [2135 kB]
e2e	Install Playwright browsers	2025-09-19T12:56:01.1578897Z Get:31 http://azure.archive.ubuntu.com/ubuntu noble/universe amd64 libshine3 amd64 3.1.1-2build1 [23.2 kB]
e2e	Install Playwright browsers	2025-09-19T12:56:01.1764463Z Get:32 http://azure.archive.ubuntu.com/ubuntu noble-updates/main amd64 libspeex1 amd64 1.2.1-2ubuntu2.24.04.1 [59.6 kB]
e2e	Install Playwright browsers	2025-09-19T12:56:01.1957485Z Get:33 http://azure.archive.ubuntu.com/ubuntu noble/universe amd64 libsvtav1enc1d1 amd64 1.7.0+dfsg-2build1 [2425 kB]
e2e	Install Playwright browsers	2025-09-19T12:56:01.2655974Z Get:34 http://azure.archive.ubuntu.com/ubuntu noble/universe amd64 libsoxr0 amd64 0.1.3-4build3 [80.0 kB]
e2e	Install Playwright browsers	2025-09-19T12:56:01.2849314Z Get:35 http://azure.archive.ubuntu.com/ubuntu noble/universe amd64 libswresample4 amd64 7:6.1.1-3ubuntu5 [63.8 kB]
e2e	Install Playwright browsers	2025-09-19T12:56:01.3043606Z Get:36 http://azure.archive.ubuntu.com/ubuntu noble/main amd64 libtheora0 amd64 1.1.1+dfsg.1-16.1build3 [211 kB]
e2e	Install Playwright browsers	2025-09-19T12:56:01.3258557Z Get:37 http://azure.archive.ubuntu.com/ubuntu noble/main amd64 libtwolame0 amd64 0.4.0-2build3 [52.3 kB]
e2e	Install Playwright browsers	2025-09-19T12:56:01.3466530Z Get:38 http://azure.archive.ubuntu.com/ubuntu noble/main amd64 libvorbisenc2 amd64 1.3.7-1build3 [80.8 kB]
e2e	Install Playwright browsers	2025-09-19T12:56:01.4099777Z Get:39 http://azure.archive.ubuntu.com/ubuntu noble-updates/main amd64 libvpx9 amd64 1.14.0-1ubuntu2.2 [1143 kB]
e2e	Install Playwright browsers	2025-09-19T12:56:01.4529368Z Get:40 http://azure.archive.ubuntu.com/ubuntu noble/universe amd64 libx264-164 amd64 2:0.164.3108+git31e19f9-1 [604 kB]
e2e	Install Playwright browsers	2025-09-19T12:56:01.4911805Z Get:41 http://azure.archive.ubuntu.com/ubuntu noble/universe amd64 libx265-199 amd64 3.5-2build1 [1226 kB]
e2e	Install Playwright browsers	2025-09-19T12:56:01.5374864Z Get:42 http://azure.archive.ubuntu.com/ubuntu noble/universe amd64 libxvidcore4 amd64 2:1.3.7-1build1 [219 kB]
e2e	Install Playwright browsers	2025-09-19T12:56:01.5587440Z Get:43 http://azure.archive.ubuntu.com/ubuntu noble/universe amd64 libzvbi-common all 0.2.42-2 [42.4 kB]
e2e	Install Playwright browsers	2025-09-19T12:56:01.5777100Z Get:44 http://azure.archive.ubuntu.com/ubuntu noble/universe amd64 libzvbi0t64 amd64 0.2.42-2 [261 kB]
e2e	Install Playwright browsers	2025-09-19T12:56:01.5995628Z Get:45 http://azure.archive.ubuntu.com/ubuntu noble/universe amd64 libavcodec60 amd64 7:6.1.1-3ubuntu5 [5851 kB]
e2e	Install Playwright browsers	2025-09-19T12:56:01.7092787Z Get:46 http://azure.archive.ubuntu.com/ubuntu noble/universe amd64 libunibreak5 amd64 5.1-2build1 [25.0 kB]
e2e	Install Playwright browsers	2025-09-19T12:56:01.7291422Z Get:47 http://azure.archive.ubuntu.com/ubuntu noble/universe amd64 libass9 amd64 1:0.17.1-2build1 [104 kB]
e2e	Install Playwright browsers	2025-09-19T12:56:01.7492517Z Get:48 http://azure.archive.ubuntu.com/ubuntu noble/universe amd64 libudfread0 amd64 1.1.2-1build1 [19.0 kB]
e2e	Install Playwright browsers	2025-09-19T12:56:01.7675270Z Get:49 http://azure.archive.ubuntu.com/ubuntu noble/universe amd64 libbluray2 amd64 1:1.3.4-1build1 [159 kB]
e2e	Install Playwright browsers	2025-09-19T12:56:01.7872216Z Get:50 http://azure.archive.ubuntu.com/ubuntu noble/universe amd64 libchromaprint1 amd64 1.5.1-5 [30.5 kB]
e2e	Install Playwright browsers	2025-09-19T12:56:01.8087196Z Get:51 http://azure.archive.ubuntu.com/ubuntu noble/universe amd64 libgme0 amd64 0.6.3-7build1 [134 kB]
e2e	Install Playwright browsers	2025-09-19T12:56:01.8319606Z Get:52 http://azure.archive.ubuntu.com/ubuntu noble-updates/main amd64 libmpg123-0t64 amd64 1.32.5-1ubuntu1.1 [169 kB]
e2e	Install Playwright browsers	2025-09-19T12:56:01.8534635Z Get:53 http://azure.archive.ubuntu.com/ubuntu noble/universe amd64 libopenmpt0t64 amd64 0.7.3-1.1build3 [647 kB]
e2e	Install Playwright browsers	2025-09-19T12:56:01.8898346Z Get:54 http://azure.archive.ubuntu.com/ubuntu noble/universe amd64 libcjson1 amd64 1.7.17-1 [24.8 kB]
e2e	Install Playwright browsers	2025-09-19T12:56:01.9085286Z Get:55 http://azure.archive.ubuntu.com/ubuntu noble/universe amd64 libmbedcrypto7t64 amd64 2.28.8-1 [209 kB]
e2e	Install Playwright browsers	2025-09-19T12:56:01.9300174Z Get:56 http://azure.archive.ubuntu.com/ubuntu noble/universe amd64 librist4 amd64 0.2.10+dfsg-2 [74.9 kB]
e2e	Install Playwright browsers	2025-09-19T12:56:01.9493531Z Get:57 http://azure.archive.ubuntu.com/ubuntu noble/universe amd64 libsrt1.5-gnutls amd64 1.5.3-1build2 [316 kB]
e2e	Install Playwright browsers	2025-09-19T12:56:02.0144068Z Get:58 http://azure.archive.ubuntu.com/ubuntu noble-updates/main amd64 libssh-gcrypt-4 amd64 0.10.6-2ubuntu0.1 [224 kB]
e2e	Install Playwright browsers	2025-09-19T12:56:02.0343909Z Get:59 http://azure.archive.ubuntu.com/ubuntu noble/universe amd64 libavformat60 amd64 7:6.1.1-3ubuntu5 [1153 kB]
e2e	Install Playwright browsers	2025-09-19T12:56:02.0757650Z Get:60 http://azure.archive.ubuntu.com/ubuntu noble/universe amd64 libbs2b0 amd64 3.1.0+dfsg-7build1 [10.6 kB]
e2e	Install Playwright browsers	2025-09-19T12:56:02.0941950Z Get:61 http://azure.archive.ubuntu.com/ubuntu noble/universe amd64 libflite1 amd64 2.2-6build3 [13.6 MB]
e2e	Install Playwright browsers	2025-09-19T12:56:02.2578460Z Get:62 http://azure.archive.ubuntu.com/ubuntu noble/universe amd64 libserd-0-0 amd64 0.32.2-1 [43.6 kB]
e2e	Install Playwright browsers	2025-09-19T12:56:02.2765029Z Get:63 http://azure.archive.ubuntu.com/ubuntu noble/universe amd64 libzix-0-0 amd64 0.4.2-2build1 [23.6 kB]
e2e	Install Playwright browsers	2025-09-19T12:56:02.2947402Z Get:64 http://azure.archive.ubuntu.com/ubuntu noble/universe amd64 libsord-0-0 amd64 0.16.16-2build1 [15.8 kB]
e2e	Install Playwright browsers	2025-09-19T12:56:02.3133130Z Get:65 http://azure.archive.ubuntu.com/ubuntu noble/universe amd64 libsratom-0-0 amd64 0.6.16-1build1 [17.3 kB]
e2e	Install Playwright browsers	2025-09-19T12:56:02.3324214Z Get:66 http://azure.archive.ubuntu.com/ubuntu noble/universe amd64 liblilv-0-0 amd64 0.24.22-1build1 [41.0 kB]
e2e	Install Playwright browsers	2025-09-19T12:56:02.3568482Z Get:67 http://azure.archive.ubuntu.com/ubuntu noble/universe amd64 libmysofa1 amd64 1.3.2+dfsg-2ubuntu2 [1158 kB]
e2e	Install Playwright browsers	2025-09-19T12:56:02.3959080Z Get:68 http://azure.archive.ubuntu.com/ubuntu noble/universe amd64 libplacebo338 amd64 6.338.2-2build1 [2654 kB]
e2e	Install Playwright browsers	2025-09-19T12:56:02.4600134Z Get:69 http://azure.archive.ubuntu.com/ubuntu noble-updates/main amd64 libblas3 amd64 3.12.0-3build1.1 [238 kB]
e2e	Install Playwright browsers	2025-09-19T12:56:02.4811333Z Get:70 http://azure.archive.ubuntu.com/ubuntu noble-updates/main amd64 liblapack3 amd64 3.12.0-3build1.1 [2646 kB]
e2e	Install Playwright browsers	2025-09-19T12:56:02.5385362Z Get:71 http://azure.archive.ubuntu.com/ubuntu noble/main amd64 libasyncns0 amd64 0.8-6build4 [11.3 kB]
e2e	Install Playwright browsers	2025-09-19T12:56:02.5577213Z Get:72 http://azure.archive.ubuntu.com/ubuntu noble/main amd64 libflac12t64 amd64 1.4.3+ds-2.1ubuntu2 [197 kB]
e2e	Install Playwright browsers	2025-09-19T12:56:02.5776833Z Get:73 http://azure.archive.ubuntu.com/ubuntu noble-updates/main amd64 libsndfile1 amd64 1.2.2-1ubuntu5.24.04.1 [209 kB]
e2e	Install Playwright browsers	2025-09-19T12:56:02.5973865Z Get:74 http://azure.archive.ubuntu.com/ubuntu noble-updates/main amd64 libpulse0 amd64 1:16.1+dfsg1-2ubuntu10.1 [292 kB]
e2e	Install Playwright browsers	2025-09-19T12:56:02.6179655Z Get:75 http://azure.archive.ubuntu.com/ubuntu noble/universe amd64 libsphinxbase3t64 amd64 0.8+5prealpha+1-17build2 [126 kB]
e2e	Install Playwright browsers	2025-09-19T12:56:02.6816540Z Get:76 http://azure.archive.ubuntu.com/ubuntu noble/universe amd64 libpocketsphinx3 amd64 0.8.0+real5prealpha+1-15ubuntu5 [133 kB]
e2e	Install Playwright browsers	2025-09-19T12:56:02.7087611Z Get:77 http://azure.archive.ubuntu.com/ubuntu noble/universe amd64 libpostproc57 amd64 7:6.1.1-3ubuntu5 [49.9 kB]
e2e	Install Playwright browsers	2025-09-19T12:56:02.7281167Z Get:78 http://azure.archive.ubuntu.com/ubuntu noble/main amd64 libsamplerate0 amd64 0.2.2-4build1 [1344 kB]
e2e	Install Playwright browsers	2025-09-19T12:56:02.7702703Z Get:79 http://azure.archive.ubuntu.com/ubuntu noble/universe amd64 librubberband2 amd64 3.3.0+dfsg-2build1 [130 kB]
e2e	Install Playwright browsers	2025-09-19T12:56:02.7892710Z Get:80 http://azure.archive.ubuntu.com/ubuntu noble/universe amd64 libswscale7 amd64 7:6.1.1-3ubuntu5 [193 kB]
e2e	Install Playwright browsers	2025-09-19T12:56:02.8098494Z Get:81 http://azure.archive.ubuntu.com/ubuntu noble/universe amd64 libvidstab1.1 amd64 1.1.0-2build1 [38.5 kB]
e2e	Install Playwright browsers	2025-09-19T12:56:02.8281313Z Get:82 http://azure.archive.ubuntu.com/ubuntu noble/universe amd64 libzimg2 amd64 3.0.5+ds1-1build1 [254 kB]
e2e	Install Playwright browsers	2025-09-19T12:56:02.8494302Z Get:83 http://azure.archive.ubuntu.com/ubuntu noble/universe amd64 libavfilter9 amd64 7:6.1.1-3ubuntu5 [4235 kB]
e2e	Install Playwright browsers	2025-09-19T12:56:02.9397579Z Get:84 http://azure.archive.ubuntu.com/ubuntu noble-updates/main amd64 liborc-0.4-0t64 amd64 1:0.4.38-1ubuntu0.1 [207 kB]
e2e	Install Playwright browsers	2025-09-19T12:56:02.9596867Z Get:85 http://azure.archive.ubuntu.com/ubuntu noble-updates/main amd64 libgstreamer-plugins-base1.0-0 amd64 1.24.2-1ubuntu0.3 [862 kB]
e2e	Install Playwright browsers	2025-09-19T12:56:02.9977778Z Get:86 http://azure.archive.ubuntu.com/ubuntu noble/universe amd64 gstreamer1.0-libav amd64 1.24.1-1build1 [103 kB]
e2e	Install Playwright browsers	2025-09-19T12:56:03.0173065Z Get:87 http://azure.archive.ubuntu.com/ubuntu noble/main amd64 libcdparanoia0 amd64 3.10.2+debian-14build3 [48.5 kB]
e2e	Install Playwright browsers	2025-09-19T12:56:03.0360140Z Get:88 http://azure.archive.ubuntu.com/ubuntu noble/main amd64 libvisual-0.4-0 amd64 0.4.2-2build1 [115 kB]
e2e	Install Playwright browsers	2025-09-19T12:56:03.0552567Z Get:89 http://azure.archive.ubuntu.com/ubuntu noble-updates/main amd64 gstreamer1.0-plugins-base amd64 1.24.2-1ubuntu0.3 [721 kB]
e2e	Install Playwright browsers	2025-09-19T12:56:03.0921975Z Get:90 http://azure.archive.ubuntu.com/ubuntu noble/main amd64 libaa1 amd64 1.4p5-51.1 [49.9 kB]
e2e	Install Playwright browsers	2025-09-19T12:56:03.1111501Z Get:91 http://azure.archive.ubuntu.com/ubuntu noble/main amd64 libraw1394-11 amd64 2.1.2-2build3 [26.2 kB]
e2e	Install Playwright browsers	2025-09-19T12:56:03.1295993Z Get:92 http://azure.archive.ubuntu.com/ubuntu noble/main amd64 libavc1394-0 amd64 0.5.4-5build3 [15.4 kB]
e2e	Install Playwright browsers	2025-09-19T12:56:03.1477097Z Get:93 http://azure.archive.ubuntu.com/ubuntu noble/main amd64 libcaca0 amd64 0.99.beta20-4build2 [208 kB]
e2e	Install Playwright browsers	2025-09-19T12:56:03.1674893Z Get:94 http://azure.archive.ubuntu.com/ubuntu noble/main amd64 libdv4t64 amd64 1.0.0-17.1build1 [63.2 kB]
e2e	Install Playwright browsers	2025-09-19T12:56:03.2300427Z Get:95 http://azure.archive.ubuntu.com/ubuntu noble-updates/main amd64 libgstreamer-plugins-good1.0-0 amd64 1.24.2-1ubuntu1.2 [33.0 kB]
e2e	Install Playwright browsers	2025-09-19T12:56:03.2517012Z Get:96 http://azure.archive.ubuntu.com/ubuntu noble/main amd64 libiec61883-0 amd64 1.2.0-6build1 [24.5 kB]
e2e	Install Playwright browsers	2025-09-19T12:56:03.2700096Z Get:97 http://azure.archive.ubuntu.com/ubuntu noble/main amd64 libshout3 amd64 2.4.6-1build2 [50.3 kB]
e2e	Install Playwright browsers	2025-09-19T12:56:03.2917799Z Get:98 http://azure.archive.ubuntu.com/ubuntu noble/main amd64 libtag1v5-vanilla amd64 1.13.1-1build1 [326 kB]
e2e	Install Playwright browsers	2025-09-19T12:56:03.3125961Z Get:99 http://azure.archive.ubuntu.com/ubuntu noble/main amd64 libtag1v5 amd64 1.13.1-1build1 [11.7 kB]
e2e	Install Playwright browsers	2025-09-19T12:56:03.3310416Z Get:100 http://azure.archive.ubuntu.com/ubuntu noble/main amd64 libv4lconvert0t64 amd64 1.26.1-4build3 [87.6 kB]
e2e	Install Playwright browsers	2025-09-19T12:56:03.3919549Z Get:101 http://azure.archive.ubuntu.com/ubuntu noble/main amd64 libv4l-0t64 amd64 1.26.1-4build3 [46.9 kB]
e2e	Install Playwright browsers	2025-09-19T12:56:03.4334571Z Get:102 http://azure.archive.ubuntu.com/ubuntu noble/main amd64 libwavpack1 amd64 5.6.0-1build1 [84.6 kB]
e2e	Install Playwright browsers	2025-09-19T12:56:03.4544796Z Get:103 http://azure.archive.ubuntu.com/ubuntu noble-updates/main amd64 libsoup-3.0-common all 3.4.4-5ubuntu0.5 [11.3 kB]
e2e	Install Playwright browsers	2025-09-19T12:56:03.4726561Z Get:104 http://azure.archive.ubuntu.com/ubuntu noble-updates/main amd64 libsoup-3.0-0 amd64 3.4.4-5ubuntu0.5 [291 kB]
e2e	Install Playwright browsers	2025-09-19T12:56:03.4931880Z Get:105 http://azure.archive.ubuntu.com/ubuntu noble-updates/main amd64 gstreamer1.0-plugins-good amd64 1.24.2-1ubuntu1.2 [2238 kB]
e2e	Install Playwright browsers	2025-09-19T12:56:03.5510260Z Get:106 http://azure.archive.ubuntu.com/ubuntu noble-updates/main amd64 libabsl20220623t64 amd64 20220623.1-3.1ubuntu3.2 [423 kB]
e2e	Install Playwright browsers	2025-09-19T12:56:03.5716001Z Get:107 http://azure.archive.ubuntu.com/ubuntu noble/universe amd64 libgav1-1 amd64 0.18.0-1build3 [357 kB]
e2e	Install Playwright browsers	2025-09-19T12:56:03.5920387Z Get:108 http://azure.archive.ubuntu.com/ubuntu noble/universe amd64 libyuv0 amd64 0.0~git202401110.af6ac82-1 [178 kB]
e2e	Install Playwright browsers	2025-09-19T12:56:03.6114941Z Get:109 http://azure.archive.ubuntu.com/ubuntu noble/universe amd64 libavif16 amd64 1.0.4-1ubuntu3 [91.2 kB]
e2e	Install Playwright browsers	2025-09-19T12:56:03.6303376Z Get:110 http://azure.archive.ubuntu.com/ubuntu noble/universe amd64 libavtp0 amd64 0.2.0-1build1 [6414 B]
e2e	Install Playwright browsers	2025-09-19T12:56:03.6486659Z Get:111 http://azure.archive.ubuntu.com/ubuntu noble/main amd64 libcairo-script-interpreter2 amd64 1.18.0-3build1 [60.3 kB]
e2e	Install Playwright browsers	2025-09-19T12:56:03.6675556Z Get:112 http://azure.archive.ubuntu.com/ubuntu noble-updates/main amd64 libcups2t64 amd64 2.4.7-1.2ubuntu7.4 [272 kB]
e2e	Install Playwright browsers	2025-09-19T12:56:03.6873608Z Get:113 http://azure.archive.ubuntu.com/ubuntu noble/universe amd64 libdc1394-25 amd64 2.2.6-4build1 [90.1 kB]
e2e	Install Playwright browsers	2025-09-19T12:56:03.7060971Z Get:114 http://azure.archive.ubuntu.com/ubuntu noble/main amd64 libdecor-0-0 amd64 0.2.2-1build2 [16.5 kB]
e2e	Install Playwright browsers	2025-09-19T12:56:03.7240712Z Get:115 http://azure.archive.ubuntu.com/ubuntu noble/main amd64 libgles2 amd64 1.7.0-1build1 [17.1 kB]
e2e	Install Playwright browsers	2025-09-19T12:56:03.7420360Z Get:116 http://azure.archive.ubuntu.com/ubuntu noble/universe amd64 libdirectfb-1.7-7t64 amd64 1.7.7-11.1ubuntu2 [1035 kB]
e2e	Install Playwright browsers	2025-09-19T12:56:03.7801027Z Get:117 http://azure.archive.ubuntu.com/ubuntu noble/universe amd64 libdvdread8t64 amd64 6.1.3-1.1build1 [54.7 kB]
e2e	Install Playwright browsers	2025-09-19T12:56:03.7994975Z Get:118 http://azure.archive.ubuntu.com/ubuntu noble/universe amd64 libdvdnav4 amd64 6.1.1-3build1 [39.5 kB]
e2e	Install Playwright browsers	2025-09-19T12:56:03.8187327Z Get:119 http://azure.archive.ubuntu.com/ubuntu noble-updates/main amd64 libegl-mesa0 amd64 25.0.7-0ubuntu0.24.04.2 [124 kB]
e2e	Install Playwright browsers	2025-09-19T12:56:03.8377534Z Get:120 http://azure.archive.ubuntu.com/ubuntu noble/main amd64 libevent-2.1-7t64 amd64 2.1.12-stable-9ubuntu2 [145 kB]
e2e	Install Playwright browsers	2025-09-19T12:56:03.8979371Z Get:121 http://azure.archive.ubuntu.com/ubuntu noble/universe amd64 libfaad2 amd64 2.11.1-1build1 [207 kB]
e2e	Install Playwright browsers	2025-09-19T12:56:03.9173198Z Get:122 http://azure.archive.ubuntu.com/ubuntu noble/universe amd64 libinstpatch-1.0-2 amd64 1.1.6-1build2 [251 kB]
e2e	Install Playwright browsers	2025-09-19T12:56:03.9371349Z Get:123 http://azure.archive.ubuntu.com/ubuntu noble/main amd64 libjack-jackd2-0 amd64 1.9.21~dfsg-3ubuntu3 [289 kB]
e2e	Install Playwright browsers	2025-09-19T12:56:03.9574774Z Get:124 http://azure.archive.ubuntu.com/ubuntu noble/main amd64 libwebrtc-audio-processing1 amd64 0.3.1-0ubuntu6 [290 kB]
e2e	Install Playwright browsers	2025-09-19T12:56:03.9781183Z Get:125 http://azure.archive.ubuntu.com/ubuntu noble-updates/main amd64 libspa-0.2-modules amd64 1.0.5-1ubuntu3.1 [626 kB]
e2e	Install Playwright browsers	2025-09-19T12:56:04.0138153Z Get:126 http://azure.archive.ubuntu.com/ubuntu noble-updates/main amd64 libpipewire-0.3-0t64 amd64 1.0.5-1ubuntu3.1 [252 kB]
e2e	Install Playwright browsers	2025-09-19T12:56:04.0333553Z Get:127 http://azure.archive.ubuntu.com/ubuntu noble-updates/main amd64 libsdl2-2.0-0 amd64 2.30.0+dfsg-1ubuntu3.1 [686 kB]
e2e	Install Playwright browsers	2025-09-19T12:56:04.0691325Z Get:128 http://azure.archive.ubuntu.com/ubuntu noble/universe amd64 timgm6mb-soundfont all 1.3-5 [5427 kB]
e2e	Install Playwright browsers	2025-09-19T12:56:04.1574530Z Get:129 http://azure.archive.ubuntu.com/ubuntu noble/universe amd64 libfluidsynth3 amd64 2.3.4-1build3 [249 kB]
e2e	Install Playwright browsers	2025-09-19T12:56:04.1774583Z Get:130 http://azure.archive.ubuntu.com/ubuntu noble/main amd64 libfreeaptx0 amd64 0.1.1-2build1 [13.5 kB]
e2e	Install Playwright browsers	2025-09-19T12:56:04.1964344Z Get:131 http://azure.archive.ubuntu.com/ubuntu noble/main amd64 libgraphene-1.0-0 amd64 1.10.8-3build2 [46.2 kB]
e2e	Install Playwright browsers	2025-09-19T12:56:04.2150812Z Get:132 http://azure.archive.ubuntu.com/ubuntu noble/main amd64 libgssdp-1.6-0 amd64 1.6.3-1build3 [40.4 kB]
e2e	Install Playwright browsers	2025-09-19T12:56:04.2341313Z Get:133 http://azure.archive.ubuntu.com/ubuntu noble/main amd64 libegl1 amd64 1.7.0-1build1 [28.7 kB]
e2e	Install Playwright browsers	2025-09-19T12:56:04.2525692Z Get:134 http://azure.archive.ubuntu.com/ubuntu noble-updates/main amd64 libgstreamer-gl1.0-0 amd64 1.24.2-1ubuntu0.3 [214 kB]
e2e	Install Playwright browsers	2025-09-19T12:56:04.2728434Z Get:135 http://azure.archive.ubuntu.com/ubuntu noble-updates/main amd64 libgtk-4-common all 4.14.5+ds-0ubuntu0.5 [1497 kB]
e2e	Install Playwright browsers	2025-09-19T12:56:04.3238297Z Get:136 http://azure.archive.ubuntu.com/ubuntu noble-updates/main amd64 libgtk-4-1 amd64 4.14.5+ds-0ubuntu0.5 [3293 kB]
e2e	Install Playwright browsers	2025-09-19T12:56:04.3859299Z Get:137 http://azure.archive.ubuntu.com/ubuntu noble/main amd64 libgupnp-1.6-0 amd64 1.6.6-1build3 [92.7 kB]
e2e	Install Playwright browsers	2025-09-19T12:56:04.4048166Z Get:138 http://azure.archive.ubuntu.com/ubuntu noble/universe amd64 libgupnp-igd-1.6-0 amd64 1.6.0-3build3 [16.5 kB]
e2e	Install Playwright browsers	2025-09-19T12:56:04.4658609Z Get:139 http://azure.archive.ubuntu.com/ubuntu noble/main amd64 libharfbuzz-icu0 amd64 8.3.0-2build2 [13.3 kB]
e2e	Install Playwright browsers	2025-09-19T12:56:04.4840823Z Get:140 http://azure.archive.ubuntu.com/ubuntu noble/main amd64 libhyphen0 amd64 2.8.8-7build3 [26.5 kB]
e2e	Install Playwright browsers	2025-09-19T12:56:04.5025526Z Get:141 http://azure.archive.ubuntu.com/ubuntu noble/universe amd64 libimath-3-1-29t64 amd64 3.1.9-3.1ubuntu2 [72.2 kB]
e2e	Install Playwright browsers	2025-09-19T12:56:04.5214037Z Get:142 http://azure.archive.ubuntu.com/ubuntu noble/main amd64 liblc3-1 amd64 1.0.4-3build1 [69.7 kB]
e2e	Install Playwright browsers	2025-09-19T12:56:04.5401407Z Get:143 http://azure.archive.ubuntu.com/ubuntu noble/main amd64 libldacbt-enc2 amd64 2.0.2.3+git20200429+ed310a0-4ubuntu2 [27.1 kB]
e2e	Install Playwright browsers	2025-09-19T12:56:04.5585059Z Get:144 http://azure.archive.ubuntu.com/ubuntu noble-updates/main amd64 libraptor2-0 amd64 2.0.16-3ubuntu0.1 [165 kB]
e2e	Install Playwright browsers	2025-09-19T12:56:04.5815404Z Get:145 http://azure.archive.ubuntu.com/ubuntu noble/universe amd64 liblrdf0 amd64 0.6.1-4build1 [18.5 kB]
e2e	Install Playwright browsers	2025-09-19T12:56:04.6002067Z Get:146 http://azure.archive.ubuntu.com/ubuntu noble/universe amd64 libltc11 amd64 1.3.2-1build1 [13.0 kB]
e2e	Install Playwright browsers	2025-09-19T12:56:04.6184258Z Get:147 http://azure.archive.ubuntu.com/ubuntu noble/main amd64 libmanette-0.2-0 amd64 0.2.7-1build2 [30.6 kB]
e2e	Install Playwright browsers	2025-09-19T12:56:04.6366800Z Get:148 http://azure.archive.ubuntu.com/ubuntu noble/universe amd64 libmfx1 amd64 22.5.4-1 [3124 kB]
e2e	Install Playwright browsers	2025-09-19T12:56:04.7000838Z Get:149 http://azure.archive.ubuntu.com/ubuntu noble/universe amd64 libmjpegutils-2.1-0t64 amd64 1:2.1.0+debian-8.1build1 [25.5 kB]
e2e	Install Playwright browsers	2025-09-19T12:56:04.7186460Z Get:150 http://azure.archive.ubuntu.com/ubuntu noble/universe amd64 libmodplug1 amd64 1:0.8.9.0-3build1 [166 kB]
e2e	Install Playwright browsers	2025-09-19T12:56:04.7379380Z Get:151 http://azure.archive.ubuntu.com/ubuntu noble/universe amd64 libmpcdec6 amd64 2:0.1~r495-2build1 [32.7 kB]
e2e	Install Playwright browsers	2025-09-19T12:56:04.7564538Z Get:152 http://azure.archive.ubuntu.com/ubuntu noble/universe amd64 libmpeg2encpp-2.1-0t64 amd64 1:2.1.0+debian-8.1build1 [75.6 kB]
e2e	Install Playwright browsers	2025-09-19T12:56:04.7754671Z Get:153 http://azure.archive.ubuntu.com/ubuntu noble/universe amd64 libmplex2-2.1-0t64 amd64 1:2.1.0+debian-8.1build1 [46.1 kB]
e2e	Install Playwright browsers	2025-09-19T12:56:04.7938592Z Get:154 http://azure.archive.ubuntu.com/ubuntu noble/universe amd64 libneon27t64 amd64 0.33.0-1.1build3 [102 kB]
e2e	Install Playwright browsers	2025-09-19T12:56:04.8126796Z Get:155 http://azure.archive.ubuntu.com/ubuntu noble/universe amd64 libnice10 amd64 0.1.21-2build3 [157 kB]
e2e	Install Playwright browsers	2025-09-19T12:56:04.8322178Z Get:156 http://azure.archive.ubuntu.com/ubuntu noble/universe amd64 libopenal-data all 1:1.23.1-4build1 [161 kB]
e2e	Install Playwright browsers	2025-09-19T12:56:04.8514897Z Get:157 http://azure.archive.ubuntu.com/ubuntu noble/universe amd64 libopenexr-3-1-30 amd64 3.1.5-5.1build3 [1004 kB]
e2e	Install Playwright browsers	2025-09-19T12:56:04.9347707Z Get:158 http://azure.archive.ubuntu.com/ubuntu noble/universe amd64 libopenh264-7 amd64 2.4.1+dfsg-1 [409 kB]
e2e	Install Playwright browsers	2025-09-19T12:56:04.9555358Z Get:159 http://azure.archive.ubuntu.com/ubuntu noble/universe amd64 libopenni2-0 amd64 2.2.0.33+dfsg-18 [370 kB]
e2e	Install Playwright browsers	2025-09-19T12:56:04.9761050Z Get:160 http://azure.archive.ubuntu.com/ubuntu noble/universe amd64 libqrencode4 amd64 4.1.1-1build2 [25.0 kB]
e2e	Install Playwright browsers	2025-09-19T12:56:04.9942839Z Get:161 http://azure.archive.ubuntu.com/ubuntu noble/main amd64 libsecret-common all 0.21.4-1build3 [4962 B]
e2e	Install Playwright browsers	2025-09-19T12:56:05.0125846Z Get:162 http://azure.archive.ubuntu.com/ubuntu noble/main amd64 libsecret-1-0 amd64 0.21.4-1build3 [116 kB]
e2e	Install Playwright browsers	2025-09-19T12:56:05.0326953Z Get:163 http://azure.archive.ubuntu.com/ubuntu noble/universe amd64 libsndio7.0 amd64 1.9.0-0.3build3 [29.6 kB]
e2e	Install Playwright browsers	2025-09-19T12:56:05.0515963Z Get:164 http://azure.archive.ubuntu.com/ubuntu noble/universe amd64 libsoundtouch1 amd64 2.3.2+ds1-1build1 [60.5 kB]
e2e	Install Playwright browsers	2025-09-19T12:56:05.0704280Z Get:165 http://azure.archive.ubuntu.com/ubuntu noble/universe amd64 libspandsp2t64 amd64 0.0.6+dfsg-2.1build1 [311 kB]
e2e	Install Playwright browsers	2025-09-19T12:56:05.0908355Z Get:166 http://azure.archive.ubuntu.com/ubuntu noble/universe amd64 libsrtp2-1 amd64 2.5.0-3build1 [41.9 kB]
e2e	Install Playwright browsers	2025-09-19T12:56:05.1098213Z Get:167 http://azure.archive.ubuntu.com/ubuntu noble/universe amd64 libwildmidi2 amd64 0.4.3-1build3 [68.5 kB]
e2e	Install Playwright browsers	2025-09-19T12:56:05.1289549Z Get:168 http://azure.archive.ubuntu.com/ubuntu noble/main amd64 libwoff1 amd64 1.0.2-2build1 [45.3 kB]
e2e	Install Playwright browsers	2025-09-19T12:56:05.1476330Z Get:169 http://azure.archive.ubuntu.com/ubuntu noble/main amd64 libxcb-xkb1 amd64 1.15-1ubuntu2 [32.3 kB]
e2e	Install Playwright browsers	2025-09-19T12:56:05.1659220Z Get:170 http://azure.archive.ubuntu.com/ubuntu noble/main amd64 libxkbcommon-x11-0 amd64 1.6.0-1build1 [14.5 kB]
e2e	Install Playwright browsers	2025-09-19T12:56:05.1840868Z Get:171 http://azure.archive.ubuntu.com/ubuntu noble/universe amd64 libzbar0t64 amd64 0.23.93-4build3 [123 kB]
e2e	Install Playwright browsers	2025-09-19T12:56:05.2033858Z Get:172 http://azure.archive.ubuntu.com/ubuntu noble/universe amd64 libzxing3 amd64 2.2.1-3 [583 kB]
e2e	Install Playwright browsers	2025-09-19T12:56:05.2387422Z Get:173 http://azure.archive.ubuntu.com/ubuntu noble/main amd64 xfonts-encodings all 1:1.0.5-0ubuntu2 [578 kB]
e2e	Install Playwright browsers	2025-09-19T12:56:05.2735719Z Get:174 http://azure.archive.ubuntu.com/ubuntu noble/main amd64 xfonts-utils amd64 1:7.7+6build3 [94.4 kB]
e2e	Install Playwright browsers	2025-09-19T12:56:05.2922177Z Get:175 http://azure.archive.ubuntu.com/ubuntu noble/universe amd64 xfonts-cyrillic all 1:1.0.5+nmu1 [384 kB]
e2e	Install Playwright browsers	2025-09-19T12:56:05.3543462Z Get:176 http://azure.archive.ubuntu.com/ubuntu noble/main amd64 xfonts-scalable all 1:1.0.3-1.3 [304 kB]
e2e	Install Playwright browsers	2025-09-19T12:56:05.3744925Z Get:177 http://azure.archive.ubuntu.com/ubuntu noble/universe amd64 libgstreamer-plugins-bad1.0-0 amd64 1.24.2-1ubuntu4 [797 kB]
e2e	Install Playwright browsers	2025-09-19T12:56:05.4126215Z Get:178 http://azure.archive.ubuntu.com/ubuntu noble/universe amd64 libdca0 amd64 0.0.7-2build1 [93.8 kB]
e2e	Install Playwright browsers	2025-09-19T12:56:05.4311300Z Get:179 http://azure.archive.ubuntu.com/ubuntu noble/universe amd64 libopenal1 amd64 1:1.23.1-4build1 [540 kB]
e2e	Install Playwright browsers	2025-09-19T12:56:05.4688668Z Get:180 http://azure.archive.ubuntu.com/ubuntu noble/main amd64 libsbc1 amd64 2.0-1build1 [33.9 kB]
e2e	Install Playwright browsers	2025-09-19T12:56:05.4890772Z Get:181 http://azure.archive.ubuntu.com/ubuntu noble/universe amd64 libvo-aacenc0 amd64 0.1.3-2build1 [67.8 kB]
e2e	Install Playwright browsers	2025-09-19T12:56:05.5080504Z Get:182 http://azure.archive.ubuntu.com/ubuntu noble/universe amd64 libvo-amrwbenc0 amd64 0.1.3-2build1 [76.7 kB]
e2e	Install Playwright browsers	2025-09-19T12:56:05.5268566Z Get:183 http://azure.archive.ubuntu.com/ubuntu noble/universe amd64 gstreamer1.0-plugins-bad amd64 1.24.2-1ubuntu4 [3081 kB]
e2e	Install Playwright browsers	2025-09-19T12:56:05.9927609Z Fetched 116 MB in 6s (20.4 MB/s)
e2e	Install Playwright browsers	2025-09-19T12:56:06.0431812Z Selecting previously unselected package fonts-ipafont-gothic.
e2e	Install Playwright browsers	2025-09-19T12:56:06.1150482Z (Reading database ... 
e2e	Install Playwright browsers	2025-09-19T12:56:06.1151168Z (Reading database ... 5%
e2e	Install Playwright browsers	2025-09-19T12:56:06.1151601Z (Reading database ... 10%
e2e	Install Playwright browsers	2025-09-19T12:56:06.1151991Z (Reading database ... 15%
e2e	Install Playwright browsers	2025-09-19T12:56:06.1152270Z (Reading database ... 20%
e2e	Install Playwright browsers	2025-09-19T12:56:06.1152529Z (Reading database ... 25%
e2e	Install Playwright browsers	2025-09-19T12:56:06.1152794Z (Reading database ... 30%
e2e	Install Playwright browsers	2025-09-19T12:56:06.1153060Z (Reading database ... 35%
e2e	Install Playwright browsers	2025-09-19T12:56:06.1153315Z (Reading database ... 40%
e2e	Install Playwright browsers	2025-09-19T12:56:06.1153577Z (Reading database ... 45%
e2e	Install Playwright browsers	2025-09-19T12:56:06.1154043Z (Reading database ... 50%
e2e	Install Playwright browsers	2025-09-19T12:56:06.2575090Z (Reading database ... 55%
e2e	Install Playwright browsers	2025-09-19T12:56:06.6186334Z (Reading database ... 60%
e2e	Install Playwright browsers	2025-09-19T12:56:06.9179345Z (Reading database ... 65%
e2e	Install Playwright browsers	2025-09-19T12:56:07.3418337Z (Reading database ... 70%
e2e	Install Playwright browsers	2025-09-19T12:56:07.6952165Z (Reading database ... 75%
e2e	Install Playwright browsers	2025-09-19T12:56:08.4554356Z (Reading database ... 80%
e2e	Install Playwright browsers	2025-09-19T12:56:09.1275331Z (Reading database ... 85%
e2e	Install Playwright browsers	2025-09-19T12:56:09.8221895Z (Reading database ... 90%
e2e	Install Playwright browsers	2025-09-19T12:56:10.5618265Z (Reading database ... 95%
e2e	Install Playwright browsers	2025-09-19T12:56:10.5618751Z (Reading database ... 100%
e2e	Install Playwright browsers	2025-09-19T12:56:10.5619285Z (Reading database ... 218657 files and directories currently installed.)
e2e	Install Playwright browsers	2025-09-19T12:56:10.5660886Z Preparing to unpack .../000-fonts-ipafont-gothic_00303-21ubuntu1_all.deb ...
e2e	Install Playwright browsers	2025-09-19T12:56:10.5755422Z Unpacking fonts-ipafont-gothic (00303-21ubuntu1) ...
e2e	Install Playwright browsers	2025-09-19T12:56:10.8125235Z Preparing to unpack .../001-libxml2-dev_2.9.14+dfsg-1.3ubuntu3.5_amd64.deb ...
e2e	Install Playwright browsers	2025-09-19T12:56:10.8149575Z Unpacking libxml2-dev:amd64 (2.9.14+dfsg-1.3ubuntu3.5) over (2.9.14+dfsg-1.3ubuntu3.4) ...
e2e	Install Playwright browsers	2025-09-19T12:56:10.9299982Z Preparing to unpack .../002-libxml2_2.9.14+dfsg-1.3ubuntu3.5_amd64.deb ...
e2e	Install Playwright browsers	2025-09-19T12:56:10.9335516Z Unpacking libxml2:amd64 (2.9.14+dfsg-1.3ubuntu3.5) over (2.9.14+dfsg-1.3ubuntu3.4) ...
e2e	Install Playwright browsers	2025-09-19T12:56:10.9646628Z Selecting previously unselected package fonts-freefont-ttf.
e2e	Install Playwright browsers	2025-09-19T12:56:10.9781853Z Preparing to unpack .../003-fonts-freefont-ttf_20211204+svn4273-2_all.deb ...
e2e	Install Playwright browsers	2025-09-19T12:56:10.9790777Z Unpacking fonts-freefont-ttf (20211204+svn4273-2) ...
e2e	Install Playwright browsers	2025-09-19T12:56:11.0669490Z Selecting previously unselected package fonts-tlwg-loma-otf.
e2e	Install Playwright browsers	2025-09-19T12:56:11.0803319Z Preparing to unpack .../004-fonts-tlwg-loma-otf_1%3a0.7.3-1_all.deb ...
e2e	Install Playwright browsers	2025-09-19T12:56:11.0813800Z Unpacking fonts-tlwg-loma-otf (1:0.7.3-1) ...
e2e	Install Playwright browsers	2025-09-19T12:56:11.1019533Z Selecting previously unselected package fonts-unifont.
e2e	Install Playwright browsers	2025-09-19T12:56:11.1152124Z Preparing to unpack .../005-fonts-unifont_1%3a15.1.01-1build1_all.deb ...
e2e	Install Playwright browsers	2025-09-19T12:56:11.1161724Z Unpacking fonts-unifont (1:15.1.01-1build1) ...
e2e	Install Playwright browsers	2025-09-19T12:56:11.2377874Z Selecting previously unselected package fonts-wqy-zenhei.
e2e	Install Playwright browsers	2025-09-19T12:56:11.2511654Z Preparing to unpack .../006-fonts-wqy-zenhei_0.9.45-8_all.deb ...
e2e	Install Playwright browsers	2025-09-19T12:56:11.2645151Z Unpacking fonts-wqy-zenhei (0.9.45-8) ...
e2e	Install Playwright browsers	2025-09-19T12:56:11.7138781Z Selecting previously unselected package libproxy1v5:amd64.
e2e	Install Playwright browsers	2025-09-19T12:56:11.7274113Z Preparing to unpack .../007-libproxy1v5_0.5.4-4build1_amd64.deb ...
e2e	Install Playwright browsers	2025-09-19T12:56:11.7283341Z Unpacking libproxy1v5:amd64 (0.5.4-4build1) ...
e2e	Install Playwright browsers	2025-09-19T12:56:11.7485616Z Selecting previously unselected package glib-networking-common.
e2e	Install Playwright browsers	2025-09-19T12:56:11.7617224Z Preparing to unpack .../008-glib-networking-common_2.80.0-1build1_all.deb ...
e2e	Install Playwright browsers	2025-09-19T12:56:11.7624790Z Unpacking glib-networking-common (2.80.0-1build1) ...
e2e	Install Playwright browsers	2025-09-19T12:56:11.7823592Z Selecting previously unselected package glib-networking-services.
e2e	Install Playwright browsers	2025-09-19T12:56:11.7954539Z Preparing to unpack .../009-glib-networking-services_2.80.0-1build1_amd64.deb ...
e2e	Install Playwright browsers	2025-09-19T12:56:11.7962985Z Unpacking glib-networking-services (2.80.0-1build1) ...
e2e	Install Playwright browsers	2025-09-19T12:56:11.8163056Z Selecting previously unselected package session-migration.
e2e	Install Playwright browsers	2025-09-19T12:56:11.8292740Z Preparing to unpack .../010-session-migration_0.3.9build1_amd64.deb ...
e2e	Install Playwright browsers	2025-09-19T12:56:11.8302035Z Unpacking session-migration (0.3.9build1) ...
e2e	Install Playwright browsers	2025-09-19T12:56:11.8616443Z Selecting previously unselected package gsettings-desktop-schemas.
e2e	Install Playwright browsers	2025-09-19T12:56:11.8743846Z Preparing to unpack .../011-gsettings-desktop-schemas_46.1-0ubuntu1_all.deb ...
e2e	Install Playwright browsers	2025-09-19T12:56:11.8752544Z Unpacking gsettings-desktop-schemas (46.1-0ubuntu1) ...
e2e	Install Playwright browsers	2025-09-19T12:56:11.9022116Z Selecting previously unselected package glib-networking:amd64.
e2e	Install Playwright browsers	2025-09-19T12:56:11.9150371Z Preparing to unpack .../012-glib-networking_2.80.0-1build1_amd64.deb ...
e2e	Install Playwright browsers	2025-09-19T12:56:11.9159607Z Unpacking glib-networking:amd64 (2.80.0-1build1) ...
e2e	Install Playwright browsers	2025-09-19T12:56:11.9376841Z Selecting previously unselected package libva2:amd64.
e2e	Install Playwright browsers	2025-09-19T12:56:11.9499897Z Preparing to unpack .../013-libva2_2.20.0-2build1_amd64.deb ...
e2e	Install Playwright browsers	2025-09-19T12:56:11.9509088Z Unpacking libva2:amd64 (2.20.0-2build1) ...
e2e	Install Playwright browsers	2025-09-19T12:56:11.9717306Z Selecting previously unselected package libva-drm2:amd64.
e2e	Install Playwright browsers	2025-09-19T12:56:11.9840506Z Preparing to unpack .../014-libva-drm2_2.20.0-2build1_amd64.deb ...
e2e	Install Playwright browsers	2025-09-19T12:56:11.9849948Z Unpacking libva-drm2:amd64 (2.20.0-2build1) ...
e2e	Install Playwright browsers	2025-09-19T12:56:12.0048750Z Selecting previously unselected package libva-x11-2:amd64.
e2e	Install Playwright browsers	2025-09-19T12:56:12.0171267Z Preparing to unpack .../015-libva-x11-2_2.20.0-2build1_amd64.deb ...
e2e	Install Playwright browsers	2025-09-19T12:56:12.0180629Z Unpacking libva-x11-2:amd64 (2.20.0-2build1) ...
e2e	Install Playwright browsers	2025-09-19T12:56:12.0387739Z Selecting previously unselected package libvdpau1:amd64.
e2e	Install Playwright browsers	2025-09-19T12:56:12.0509811Z Preparing to unpack .../016-libvdpau1_1.5-2build1_amd64.deb ...
e2e	Install Playwright browsers	2025-09-19T12:56:12.0519531Z Unpacking libvdpau1:amd64 (1.5-2build1) ...
e2e	Install Playwright browsers	2025-09-19T12:56:12.0732021Z Selecting previously unselected package libvpl2.
e2e	Install Playwright browsers	2025-09-19T12:56:12.0854357Z Preparing to unpack .../017-libvpl2_2023.3.0-1build1_amd64.deb ...
e2e	Install Playwright browsers	2025-09-19T12:56:12.0862787Z Unpacking libvpl2 (2023.3.0-1build1) ...
e2e	Install Playwright browsers	2025-09-19T12:56:12.1085172Z Selecting previously unselected package ocl-icd-libopencl1:amd64.
e2e	Install Playwright browsers	2025-09-19T12:56:12.1210921Z Preparing to unpack .../018-ocl-icd-libopencl1_2.3.2-1build1_amd64.deb ...
e2e	Install Playwright browsers	2025-09-19T12:56:12.1219933Z Unpacking ocl-icd-libopencl1:amd64 (2.3.2-1build1) ...
e2e	Install Playwright browsers	2025-09-19T12:56:12.1518043Z Selecting previously unselected package libavutil58:amd64.
e2e	Install Playwright browsers	2025-09-19T12:56:12.1642901Z Preparing to unpack .../019-libavutil58_7%3a6.1.1-3ubuntu5_amd64.deb ...
e2e	Install Playwright browsers	2025-09-19T12:56:12.1652058Z Unpacking libavutil58:amd64 (7:6.1.1-3ubuntu5) ...
e2e	Install Playwright browsers	2025-09-19T12:56:12.1900935Z Selecting previously unselected package libcodec2-1.2:amd64.
e2e	Install Playwright browsers	2025-09-19T12:56:12.2027157Z Preparing to unpack .../020-libcodec2-1.2_1.2.0-2build1_amd64.deb ...
e2e	Install Playwright browsers	2025-09-19T12:56:12.2036098Z Unpacking libcodec2-1.2:amd64 (1.2.0-2build1) ...
e2e	Install Playwright browsers	2025-09-19T12:56:12.2798499Z Selecting previously unselected package libdav1d7:amd64.
e2e	Install Playwright browsers	2025-09-19T12:56:12.2932167Z Preparing to unpack .../021-libdav1d7_1.4.1-1build1_amd64.deb ...
e2e	Install Playwright browsers	2025-09-19T12:56:12.2941581Z Unpacking libdav1d7:amd64 (1.4.1-1build1) ...
e2e	Install Playwright browsers	2025-09-19T12:56:12.3214102Z Selecting previously unselected package libgsm1:amd64.
e2e	Install Playwright browsers	2025-09-19T12:56:12.3345054Z Preparing to unpack .../022-libgsm1_1.0.22-1build1_amd64.deb ...
e2e	Install Playwright browsers	2025-09-19T12:56:12.3354569Z Unpacking libgsm1:amd64 (1.0.22-1build1) ...
e2e	Install Playwright browsers	2025-09-19T12:56:12.3566617Z Selecting previously unselected package libhwy1t64:amd64.
e2e	Install Playwright browsers	2025-09-19T12:56:12.3697457Z Preparing to unpack .../023-libhwy1t64_1.0.7-8.1build1_amd64.deb ...
e2e	Install Playwright browsers	2025-09-19T12:56:12.3708763Z Unpacking libhwy1t64:amd64 (1.0.7-8.1build1) ...
e2e	Install Playwright browsers	2025-09-19T12:56:12.4027749Z Selecting previously unselected package libjxl0.7:amd64.
e2e	Install Playwright browsers	2025-09-19T12:56:12.4158564Z Preparing to unpack .../024-libjxl0.7_0.7.0-10.2ubuntu6.1_amd64.deb ...
e2e	Install Playwright browsers	2025-09-19T12:56:12.4168150Z Unpacking libjxl0.7:amd64 (0.7.0-10.2ubuntu6.1) ...
e2e	Install Playwright browsers	2025-09-19T12:56:12.4508787Z Selecting previously unselected package libmp3lame0:amd64.
e2e	Install Playwright browsers	2025-09-19T12:56:12.4642589Z Preparing to unpack .../025-libmp3lame0_3.100-6build1_amd64.deb ...
e2e	Install Playwright browsers	2025-09-19T12:56:12.4652207Z Unpacking libmp3lame0:amd64 (3.100-6build1) ...
e2e	Install Playwright browsers	2025-09-19T12:56:12.4874613Z Selecting previously unselected package libopus0:amd64.
e2e	Install Playwright browsers	2025-09-19T12:56:12.5004114Z Preparing to unpack .../026-libopus0_1.4-1build1_amd64.deb ...
e2e	Install Playwright browsers	2025-09-19T12:56:12.5013204Z Unpacking libopus0:amd64 (1.4-1build1) ...
e2e	Install Playwright browsers	2025-09-19T12:56:12.5239798Z Selecting previously unselected package librav1e0:amd64.
e2e	Install Playwright browsers	2025-09-19T12:56:12.5364170Z Preparing to unpack .../027-librav1e0_0.7.1-2_amd64.deb ...
e2e	Install Playwright browsers	2025-09-19T12:56:12.5373975Z Unpacking librav1e0:amd64 (0.7.1-2) ...
e2e	Install Playwright browsers	2025-09-19T12:56:12.5718173Z Selecting previously unselected package librsvg2-2:amd64.
e2e	Install Playwright browsers	2025-09-19T12:56:12.5845369Z Preparing to unpack .../028-librsvg2-2_2.58.0+dfsg-1build1_amd64.deb ...
e2e	Install Playwright browsers	2025-09-19T12:56:12.5854433Z Unpacking librsvg2-2:amd64 (2.58.0+dfsg-1build1) ...
e2e	Install Playwright browsers	2025-09-19T12:56:12.6318637Z Selecting previously unselected package libshine3:amd64.
e2e	Install Playwright browsers	2025-09-19T12:56:12.6449927Z Preparing to unpack .../029-libshine3_3.1.1-2build1_amd64.deb ...
e2e	Install Playwright browsers	2025-09-19T12:56:12.6458576Z Unpacking libshine3:amd64 (3.1.1-2build1) ...
e2e	Install Playwright browsers	2025-09-19T12:56:12.6663481Z Selecting previously unselected package libspeex1:amd64.
e2e	Install Playwright browsers	2025-09-19T12:56:12.6793910Z Preparing to unpack .../030-libspeex1_1.2.1-2ubuntu2.24.04.1_amd64.deb ...
e2e	Install Playwright browsers	2025-09-19T12:56:12.6804477Z Unpacking libspeex1:amd64 (1.2.1-2ubuntu2.24.04.1) ...
e2e	Install Playwright browsers	2025-09-19T12:56:12.7012512Z Selecting previously unselected package libsvtav1enc1d1:amd64.
e2e	Install Playwright browsers	2025-09-19T12:56:12.7141405Z Preparing to unpack .../031-libsvtav1enc1d1_1.7.0+dfsg-2build1_amd64.deb ...
e2e	Install Playwright browsers	2025-09-19T12:56:12.7150865Z Unpacking libsvtav1enc1d1:amd64 (1.7.0+dfsg-2build1) ...
e2e	Install Playwright browsers	2025-09-19T12:56:12.7655044Z Selecting previously unselected package libsoxr0:amd64.
e2e	Install Playwright browsers	2025-09-19T12:56:12.7787148Z Preparing to unpack .../032-libsoxr0_0.1.3-4build3_amd64.deb ...
e2e	Install Playwright browsers	2025-09-19T12:56:12.7795549Z Unpacking libsoxr0:amd64 (0.1.3-4build3) ...
e2e	Install Playwright browsers	2025-09-19T12:56:12.8017657Z Selecting previously unselected package libswresample4:amd64.
e2e	Install Playwright browsers	2025-09-19T12:56:12.8146858Z Preparing to unpack .../033-libswresample4_7%3a6.1.1-3ubuntu5_amd64.deb ...
e2e	Install Playwright browsers	2025-09-19T12:56:12.8156440Z Unpacking libswresample4:amd64 (7:6.1.1-3ubuntu5) ...
e2e	Install Playwright browsers	2025-09-19T12:56:12.8365840Z Selecting previously unselected package libtheora0:amd64.
e2e	Install Playwright browsers	2025-09-19T12:56:12.8486549Z Preparing to unpack .../034-libtheora0_1.1.1+dfsg.1-16.1build3_amd64.deb ...
e2e	Install Playwright browsers	2025-09-19T12:56:12.8495422Z Unpacking libtheora0:amd64 (1.1.1+dfsg.1-16.1build3) ...
e2e	Install Playwright browsers	2025-09-19T12:56:12.8733829Z Selecting previously unselected package libtwolame0:amd64.
e2e	Install Playwright browsers	2025-09-19T12:56:12.8854978Z Preparing to unpack .../035-libtwolame0_0.4.0-2build3_amd64.deb ...
e2e	Install Playwright browsers	2025-09-19T12:56:12.8863454Z Unpacking libtwolame0:amd64 (0.4.0-2build3) ...
e2e	Install Playwright browsers	2025-09-19T12:56:12.9077839Z Selecting previously unselected package libvorbisenc2:amd64.
e2e	Install Playwright browsers	2025-09-19T12:56:12.9194966Z Preparing to unpack .../036-libvorbisenc2_1.3.7-1build3_amd64.deb ...
e2e	Install Playwright browsers	2025-09-19T12:56:12.9207616Z Unpacking libvorbisenc2:amd64 (1.3.7-1build3) ...
e2e	Install Playwright browsers	2025-09-19T12:56:12.9437081Z Selecting previously unselected package libvpx9:amd64.
e2e	Install Playwright browsers	2025-09-19T12:56:12.9560288Z Preparing to unpack .../037-libvpx9_1.14.0-1ubuntu2.2_amd64.deb ...
e2e	Install Playwright browsers	2025-09-19T12:56:12.9569040Z Unpacking libvpx9:amd64 (1.14.0-1ubuntu2.2) ...
e2e	Install Playwright browsers	2025-09-19T12:56:12.9914939Z Selecting previously unselected package libx264-164:amd64.
e2e	Install Playwright browsers	2025-09-19T12:56:13.0044493Z Preparing to unpack .../038-libx264-164_2%3a0.164.3108+git31e19f9-1_amd64.deb ...
e2e	Install Playwright browsers	2025-09-19T12:56:13.0053930Z Unpacking libx264-164:amd64 (2:0.164.3108+git31e19f9-1) ...
e2e	Install Playwright browsers	2025-09-19T12:56:13.0339220Z Selecting previously unselected package libx265-199:amd64.
e2e	Install Playwright browsers	2025-09-19T12:56:13.0466929Z Preparing to unpack .../039-libx265-199_3.5-2build1_amd64.deb ...
e2e	Install Playwright browsers	2025-09-19T12:56:13.0475425Z Unpacking libx265-199:amd64 (3.5-2build1) ...
e2e	Install Playwright browsers	2025-09-19T12:56:13.1206008Z Selecting previously unselected package libxvidcore4:amd64.
e2e	Install Playwright browsers	2025-09-19T12:56:13.1340054Z Preparing to unpack .../040-libxvidcore4_2%3a1.3.7-1build1_amd64.deb ...
e2e	Install Playwright browsers	2025-09-19T12:56:13.1349225Z Unpacking libxvidcore4:amd64 (2:1.3.7-1build1) ...
e2e	Install Playwright browsers	2025-09-19T12:56:13.1573277Z Selecting previously unselected package libzvbi-common.
e2e	Install Playwright browsers	2025-09-19T12:56:13.1706492Z Preparing to unpack .../041-libzvbi-common_0.2.42-2_all.deb ...
e2e	Install Playwright browsers	2025-09-19T12:56:13.1715542Z Unpacking libzvbi-common (0.2.42-2) ...
e2e	Install Playwright browsers	2025-09-19T12:56:13.2120443Z Selecting previously unselected package libzvbi0t64:amd64.
e2e	Install Playwright browsers	2025-09-19T12:56:13.2252897Z Preparing to unpack .../042-libzvbi0t64_0.2.42-2_amd64.deb ...
e2e	Install Playwright browsers	2025-09-19T12:56:13.2262117Z Unpacking libzvbi0t64:amd64 (0.2.42-2) ...
e2e	Install Playwright browsers	2025-09-19T12:56:13.2507064Z Selecting previously unselected package libavcodec60:amd64.
e2e	Install Playwright browsers	2025-09-19T12:56:13.2638802Z Preparing to unpack .../043-libavcodec60_7%3a6.1.1-3ubuntu5_amd64.deb ...
e2e	Install Playwright browsers	2025-09-19T12:56:13.2647536Z Unpacking libavcodec60:amd64 (7:6.1.1-3ubuntu5) ...
e2e	Install Playwright browsers	2025-09-19T12:56:13.3470905Z Selecting previously unselected package libunibreak5:amd64.
e2e	Install Playwright browsers	2025-09-19T12:56:13.3603540Z Preparing to unpack .../044-libunibreak5_5.1-2build1_amd64.deb ...
e2e	Install Playwright browsers	2025-09-19T12:56:13.3612826Z Unpacking libunibreak5:amd64 (5.1-2build1) ...
e2e	Install Playwright browsers	2025-09-19T12:56:13.3818836Z Selecting previously unselected package libass9:amd64.
e2e	Install Playwright browsers	2025-09-19T12:56:13.3950067Z Preparing to unpack .../045-libass9_1%3a0.17.1-2build1_amd64.deb ...
e2e	Install Playwright browsers	2025-09-19T12:56:13.3958749Z Unpacking libass9:amd64 (1:0.17.1-2build1) ...
e2e	Install Playwright browsers	2025-09-19T12:56:13.4174321Z Selecting previously unselected package libudfread0:amd64.
e2e	Install Playwright browsers	2025-09-19T12:56:13.4305067Z Preparing to unpack .../046-libudfread0_1.1.2-1build1_amd64.deb ...
e2e	Install Playwright browsers	2025-09-19T12:56:13.4313439Z Unpacking libudfread0:amd64 (1.1.2-1build1) ...
e2e	Install Playwright browsers	2025-09-19T12:56:13.4514055Z Selecting previously unselected package libbluray2:amd64.
e2e	Install Playwright browsers	2025-09-19T12:56:13.4642373Z Preparing to unpack .../047-libbluray2_1%3a1.3.4-1build1_amd64.deb ...
e2e	Install Playwright browsers	2025-09-19T12:56:13.4649773Z Unpacking libbluray2:amd64 (1:1.3.4-1build1) ...
e2e	Install Playwright browsers	2025-09-19T12:56:13.4864789Z Selecting previously unselected package libchromaprint1:amd64.
e2e	Install Playwright browsers	2025-09-19T12:56:13.4989407Z Preparing to unpack .../048-libchromaprint1_1.5.1-5_amd64.deb ...
e2e	Install Playwright browsers	2025-09-19T12:56:13.4997293Z Unpacking libchromaprint1:amd64 (1.5.1-5) ...
e2e	Install Playwright browsers	2025-09-19T12:56:13.5195733Z Selecting previously unselected package libgme0:amd64.
e2e	Install Playwright browsers	2025-09-19T12:56:13.5319651Z Preparing to unpack .../049-libgme0_0.6.3-7build1_amd64.deb ...
e2e	Install Playwright browsers	2025-09-19T12:56:13.5326913Z Unpacking libgme0:amd64 (0.6.3-7build1) ...
e2e	Install Playwright browsers	2025-09-19T12:56:13.5534789Z Selecting previously unselected package libmpg123-0t64:amd64.
e2e	Install Playwright browsers	2025-09-19T12:56:13.5658085Z Preparing to unpack .../050-libmpg123-0t64_1.32.5-1ubuntu1.1_amd64.deb ...
e2e	Install Playwright browsers	2025-09-19T12:56:13.5665367Z Unpacking libmpg123-0t64:amd64 (1.32.5-1ubuntu1.1) ...
e2e	Install Playwright browsers	2025-09-19T12:56:13.5882384Z Selecting previously unselected package libopenmpt0t64:amd64.
e2e	Install Playwright browsers	2025-09-19T12:56:13.6007386Z Preparing to unpack .../051-libopenmpt0t64_0.7.3-1.1build3_amd64.deb ...
e2e	Install Playwright browsers	2025-09-19T12:56:13.6014466Z Unpacking libopenmpt0t64:amd64 (0.7.3-1.1build3) ...
e2e	Install Playwright browsers	2025-09-19T12:56:13.6284989Z Selecting previously unselected package libcjson1:amd64.
e2e	Install Playwright browsers	2025-09-19T12:56:13.6410212Z Preparing to unpack .../052-libcjson1_1.7.17-1_amd64.deb ...
e2e	Install Playwright browsers	2025-09-19T12:56:13.6417997Z Unpacking libcjson1:amd64 (1.7.17-1) ...
e2e	Install Playwright browsers	2025-09-19T12:56:13.6615740Z Selecting previously unselected package libmbedcrypto7t64:amd64.
e2e	Install Playwright browsers	2025-09-19T12:56:13.6737967Z Preparing to unpack .../053-libmbedcrypto7t64_2.28.8-1_amd64.deb ...
e2e	Install Playwright browsers	2025-09-19T12:56:13.6745171Z Unpacking libmbedcrypto7t64:amd64 (2.28.8-1) ...
e2e	Install Playwright browsers	2025-09-19T12:56:13.6963366Z Selecting previously unselected package librist4:amd64.
e2e	Install Playwright browsers	2025-09-19T12:56:13.7087844Z Preparing to unpack .../054-librist4_0.2.10+dfsg-2_amd64.deb ...
e2e	Install Playwright browsers	2025-09-19T12:56:13.7095201Z Unpacking librist4:amd64 (0.2.10+dfsg-2) ...
e2e	Install Playwright browsers	2025-09-19T12:56:13.7295461Z Selecting previously unselected package libsrt1.5-gnutls:amd64.
e2e	Install Playwright browsers	2025-09-19T12:56:13.7418662Z Preparing to unpack .../055-libsrt1.5-gnutls_1.5.3-1build2_amd64.deb ...
e2e	Install Playwright browsers	2025-09-19T12:56:13.7426347Z Unpacking libsrt1.5-gnutls:amd64 (1.5.3-1build2) ...
e2e	Install Playwright browsers	2025-09-19T12:56:13.7655719Z Selecting previously unselected package libssh-gcrypt-4:amd64.
e2e	Install Playwright browsers	2025-09-19T12:56:13.7779753Z Preparing to unpack .../056-libssh-gcrypt-4_0.10.6-2ubuntu0.1_amd64.deb ...
e2e	Install Playwright browsers	2025-09-19T12:56:13.7787455Z Unpacking libssh-gcrypt-4:amd64 (0.10.6-2ubuntu0.1) ...
e2e	Install Playwright browsers	2025-09-19T12:56:13.8010670Z Selecting previously unselected package libavformat60:amd64.
e2e	Install Playwright browsers	2025-09-19T12:56:13.8135703Z Preparing to unpack .../057-libavformat60_7%3a6.1.1-3ubuntu5_amd64.deb ...
e2e	Install Playwright browsers	2025-09-19T12:56:13.8143013Z Unpacking libavformat60:amd64 (7:6.1.1-3ubuntu5) ...
e2e	Install Playwright browsers	2025-09-19T12:56:13.8461088Z Selecting previously unselected package libbs2b0:amd64.
e2e	Install Playwright browsers	2025-09-19T12:56:13.8588838Z Preparing to unpack .../058-libbs2b0_3.1.0+dfsg-7build1_amd64.deb ...
e2e	Install Playwright browsers	2025-09-19T12:56:13.8596132Z Unpacking libbs2b0:amd64 (3.1.0+dfsg-7build1) ...
e2e	Install Playwright browsers	2025-09-19T12:56:13.8812912Z Selecting previously unselected package libflite1:amd64.
e2e	Install Playwright browsers	2025-09-19T12:56:13.8940325Z Preparing to unpack .../059-libflite1_2.2-6build3_amd64.deb ...
e2e	Install Playwright browsers	2025-09-19T12:56:13.8947729Z Unpacking libflite1:amd64 (2.2-6build3) ...
e2e	Install Playwright browsers	2025-09-19T12:56:14.0130342Z Selecting previously unselected package libserd-0-0:amd64.
e2e	Install Playwright browsers	2025-09-19T12:56:14.0263525Z Preparing to unpack .../060-libserd-0-0_0.32.2-1_amd64.deb ...
e2e	Install Playwright browsers	2025-09-19T12:56:14.0270852Z Unpacking libserd-0-0:amd64 (0.32.2-1) ...
e2e	Install Playwright browsers	2025-09-19T12:56:14.0477504Z Selecting previously unselected package libzix-0-0:amd64.
e2e	Install Playwright browsers	2025-09-19T12:56:14.0606734Z Preparing to unpack .../061-libzix-0-0_0.4.2-2build1_amd64.deb ...
e2e	Install Playwright browsers	2025-09-19T12:56:14.0614528Z Unpacking libzix-0-0:amd64 (0.4.2-2build1) ...
e2e	Install Playwright browsers	2025-09-19T12:56:14.0813978Z Selecting previously unselected package libsord-0-0:amd64.
e2e	Install Playwright browsers	2025-09-19T12:56:14.0944946Z Preparing to unpack .../062-libsord-0-0_0.16.16-2build1_amd64.deb ...
e2e	Install Playwright browsers	2025-09-19T12:56:14.0952374Z Unpacking libsord-0-0:amd64 (0.16.16-2build1) ...
e2e	Install Playwright browsers	2025-09-19T12:56:14.1150417Z Selecting previously unselected package libsratom-0-0:amd64.
e2e	Install Playwright browsers	2025-09-19T12:56:14.1279803Z Preparing to unpack .../063-libsratom-0-0_0.6.16-1build1_amd64.deb ...
e2e	Install Playwright browsers	2025-09-19T12:56:14.1288172Z Unpacking libsratom-0-0:amd64 (0.6.16-1build1) ...
e2e	Install Playwright browsers	2025-09-19T12:56:14.1483332Z Selecting previously unselected package liblilv-0-0:amd64.
e2e	Install Playwright browsers	2025-09-19T12:56:14.1612051Z Preparing to unpack .../064-liblilv-0-0_0.24.22-1build1_amd64.deb ...
e2e	Install Playwright browsers	2025-09-19T12:56:14.1619128Z Unpacking liblilv-0-0:amd64 (0.24.22-1build1) ...
e2e	Install Playwright browsers	2025-09-19T12:56:14.1818913Z Selecting previously unselected package libmysofa1:amd64.
e2e	Install Playwright browsers	2025-09-19T12:56:14.1948017Z Preparing to unpack .../065-libmysofa1_1.3.2+dfsg-2ubuntu2_amd64.deb ...
e2e	Install Playwright browsers	2025-09-19T12:56:14.1956042Z Unpacking libmysofa1:amd64 (1.3.2+dfsg-2ubuntu2) ...
e2e	Install Playwright browsers	2025-09-19T12:56:14.2203081Z Selecting previously unselected package libplacebo338:amd64.
e2e	Install Playwright browsers	2025-09-19T12:56:14.2331920Z Preparing to unpack .../066-libplacebo338_6.338.2-2build1_amd64.deb ...
e2e	Install Playwright browsers	2025-09-19T12:56:14.2390646Z Unpacking libplacebo338:amd64 (6.338.2-2build1) ...
e2e	Install Playwright browsers	2025-09-19T12:56:14.2922490Z Selecting previously unselected package libblas3:amd64.
e2e	Install Playwright browsers	2025-09-19T12:56:14.3055813Z Preparing to unpack .../067-libblas3_3.12.0-3build1.1_amd64.deb ...
e2e	Install Playwright browsers	2025-09-19T12:56:14.3084910Z Unpacking libblas3:amd64 (3.12.0-3build1.1) ...
e2e	Install Playwright browsers	2025-09-19T12:56:14.3318798Z Selecting previously unselected package liblapack3:amd64.
e2e	Install Playwright browsers	2025-09-19T12:56:14.3451433Z Preparing to unpack .../068-liblapack3_3.12.0-3build1.1_amd64.deb ...
e2e	Install Playwright browsers	2025-09-19T12:56:14.3480182Z Unpacking liblapack3:amd64 (3.12.0-3build1.1) ...
e2e	Install Playwright browsers	2025-09-19T12:56:14.3990979Z Selecting previously unselected package libasyncns0:amd64.
e2e	Install Playwright browsers	2025-09-19T12:56:14.4124571Z Preparing to unpack .../069-libasyncns0_0.8-6build4_amd64.deb ...
e2e	Install Playwright browsers	2025-09-19T12:56:14.4132013Z Unpacking libasyncns0:amd64 (0.8-6build4) ...
e2e	Install Playwright browsers	2025-09-19T12:56:14.4331589Z Selecting previously unselected package libflac12t64:amd64.
e2e	Install Playwright browsers	2025-09-19T12:56:14.4459514Z Preparing to unpack .../070-libflac12t64_1.4.3+ds-2.1ubuntu2_amd64.deb ...
e2e	Install Playwright browsers	2025-09-19T12:56:14.4467140Z Unpacking libflac12t64:amd64 (1.4.3+ds-2.1ubuntu2) ...
e2e	Install Playwright browsers	2025-09-19T12:56:14.4685315Z Selecting previously unselected package libsndfile1:amd64.
e2e	Install Playwright browsers	2025-09-19T12:56:14.4814620Z Preparing to unpack .../071-libsndfile1_1.2.2-1ubuntu5.24.04.1_amd64.deb ...
e2e	Install Playwright browsers	2025-09-19T12:56:14.4822727Z Unpacking libsndfile1:amd64 (1.2.2-1ubuntu5.24.04.1) ...
e2e	Install Playwright browsers	2025-09-19T12:56:14.5056963Z Selecting previously unselected package libpulse0:amd64.
e2e	Install Playwright browsers	2025-09-19T12:56:14.5185601Z Preparing to unpack .../072-libpulse0_1%3a16.1+dfsg1-2ubuntu10.1_amd64.deb ...
e2e	Install Playwright browsers	2025-09-19T12:56:14.5244933Z Unpacking libpulse0:amd64 (1:16.1+dfsg1-2ubuntu10.1) ...
e2e	Install Playwright browsers	2025-09-19T12:56:14.5478760Z Selecting previously unselected package libsphinxbase3t64:amd64.
e2e	Install Playwright browsers	2025-09-19T12:56:14.5603045Z Preparing to unpack .../073-libsphinxbase3t64_0.8+5prealpha+1-17build2_amd64.deb ...
e2e	Install Playwright browsers	2025-09-19T12:56:14.5610329Z Unpacking libsphinxbase3t64:amd64 (0.8+5prealpha+1-17build2) ...
e2e	Install Playwright browsers	2025-09-19T12:56:14.5848695Z Selecting previously unselected package libpocketsphinx3:amd64.
e2e	Install Playwright browsers	2025-09-19T12:56:14.5979745Z Preparing to unpack .../074-libpocketsphinx3_0.8.0+real5prealpha+1-15ubuntu5_amd64.deb ...
e2e	Install Playwright browsers	2025-09-19T12:56:14.5987893Z Unpacking libpocketsphinx3:amd64 (0.8.0+real5prealpha+1-15ubuntu5) ...
e2e	Install Playwright browsers	2025-09-19T12:56:14.6199467Z Selecting previously unselected package libpostproc57:amd64.
e2e	Install Playwright browsers	2025-09-19T12:56:14.6329294Z Preparing to unpack .../075-libpostproc57_7%3a6.1.1-3ubuntu5_amd64.deb ...
e2e	Install Playwright browsers	2025-09-19T12:56:14.6337654Z Unpacking libpostproc57:amd64 (7:6.1.1-3ubuntu5) ...
e2e	Install Playwright browsers	2025-09-19T12:56:14.6540637Z Selecting previously unselected package libsamplerate0:amd64.
e2e	Install Playwright browsers	2025-09-19T12:56:14.6664804Z Preparing to unpack .../076-libsamplerate0_0.2.2-4build1_amd64.deb ...
e2e	Install Playwright browsers	2025-09-19T12:56:14.6672359Z Unpacking libsamplerate0:amd64 (0.2.2-4build1) ...
e2e	Install Playwright browsers	2025-09-19T12:56:14.6920976Z Selecting previously unselected package librubberband2:amd64.
e2e	Install Playwright browsers	2025-09-19T12:56:14.7046855Z Preparing to unpack .../077-librubberband2_3.3.0+dfsg-2build1_amd64.deb ...
e2e	Install Playwright browsers	2025-09-19T12:56:14.7055949Z Unpacking librubberband2:amd64 (3.3.0+dfsg-2build1) ...
e2e	Install Playwright browsers	2025-09-19T12:56:14.7270732Z Selecting previously unselected package libswscale7:amd64.
e2e	Install Playwright browsers	2025-09-19T12:56:14.7396902Z Preparing to unpack .../078-libswscale7_7%3a6.1.1-3ubuntu5_amd64.deb ...
e2e	Install Playwright browsers	2025-09-19T12:56:14.7403947Z Unpacking libswscale7:amd64 (7:6.1.1-3ubuntu5) ...
e2e	Install Playwright browsers	2025-09-19T12:56:14.7633417Z Selecting previously unselected package libvidstab1.1:amd64.
e2e	Install Playwright browsers	2025-09-19T12:56:14.7759374Z Preparing to unpack .../079-libvidstab1.1_1.1.0-2build1_amd64.deb ...
e2e	Install Playwright browsers	2025-09-19T12:56:14.7766887Z Unpacking libvidstab1.1:amd64 (1.1.0-2build1) ...
e2e	Install Playwright browsers	2025-09-19T12:56:14.8089552Z Selecting previously unselected package libzimg2:amd64.
e2e	Install Playwright browsers	2025-09-19T12:56:14.8214082Z Preparing to unpack .../080-libzimg2_3.0.5+ds1-1build1_amd64.deb ...
e2e	Install Playwright browsers	2025-09-19T12:56:14.8220555Z Unpacking libzimg2:amd64 (3.0.5+ds1-1build1) ...
e2e	Install Playwright browsers	2025-09-19T12:56:14.8455554Z Selecting previously unselected package libavfilter9:amd64.
e2e	Install Playwright browsers	2025-09-19T12:56:14.8579436Z Preparing to unpack .../081-libavfilter9_7%3a6.1.1-3ubuntu5_amd64.deb ...
e2e	Install Playwright browsers	2025-09-19T12:56:14.8586728Z Unpacking libavfilter9:amd64 (7:6.1.1-3ubuntu5) ...
e2e	Install Playwright browsers	2025-09-19T12:56:14.9324882Z Selecting previously unselected package liborc-0.4-0t64:amd64.
e2e	Install Playwright browsers	2025-09-19T12:56:14.9459315Z Preparing to unpack .../082-liborc-0.4-0t64_1%3a0.4.38-1ubuntu0.1_amd64.deb ...
e2e	Install Playwright browsers	2025-09-19T12:56:14.9466047Z Unpacking liborc-0.4-0t64:amd64 (1:0.4.38-1ubuntu0.1) ...
e2e	Install Playwright browsers	2025-09-19T12:56:14.9704074Z Selecting previously unselected package libgstreamer-plugins-base1.0-0:amd64.
e2e	Install Playwright browsers	2025-09-19T12:56:14.9837283Z Preparing to unpack .../083-libgstreamer-plugins-base1.0-0_1.24.2-1ubuntu0.3_amd64.deb ...
e2e	Install Playwright browsers	2025-09-19T12:56:14.9845260Z Unpacking libgstreamer-plugins-base1.0-0:amd64 (1.24.2-1ubuntu0.3) ...
e2e	Install Playwright browsers	2025-09-19T12:56:15.0163268Z Selecting previously unselected package gstreamer1.0-libav:amd64.
e2e	Install Playwright browsers	2025-09-19T12:56:15.0295963Z Preparing to unpack .../084-gstreamer1.0-libav_1.24.1-1build1_amd64.deb ...
e2e	Install Playwright browsers	2025-09-19T12:56:15.0306236Z Unpacking gstreamer1.0-libav:amd64 (1.24.1-1build1) ...
e2e	Install Playwright browsers	2025-09-19T12:56:15.0516092Z Selecting previously unselected package libcdparanoia0:amd64.
e2e	Install Playwright browsers	2025-09-19T12:56:15.0643488Z Preparing to unpack .../085-libcdparanoia0_3.10.2+debian-14build3_amd64.deb ...
e2e	Install Playwright browsers	2025-09-19T12:56:15.0650592Z Unpacking libcdparanoia0:amd64 (3.10.2+debian-14build3) ...
e2e	Install Playwright browsers	2025-09-19T12:56:15.0861472Z Selecting previously unselected package libvisual-0.4-0:amd64.
e2e	Install Playwright browsers	2025-09-19T12:56:15.0984924Z Preparing to unpack .../086-libvisual-0.4-0_0.4.2-2build1_amd64.deb ...
e2e	Install Playwright browsers	2025-09-19T12:56:15.0991487Z Unpacking libvisual-0.4-0:amd64 (0.4.2-2build1) ...
e2e	Install Playwright browsers	2025-09-19T12:56:15.1205370Z Selecting previously unselected package gstreamer1.0-plugins-base:amd64.
e2e	Install Playwright browsers	2025-09-19T12:56:15.1328804Z Preparing to unpack .../087-gstreamer1.0-plugins-base_1.24.2-1ubuntu0.3_amd64.deb ...
e2e	Install Playwright browsers	2025-09-19T12:56:15.1335664Z Unpacking gstreamer1.0-plugins-base:amd64 (1.24.2-1ubuntu0.3) ...
e2e	Install Playwright browsers	2025-09-19T12:56:15.1655575Z Selecting previously unselected package libaa1:amd64.
e2e	Install Playwright browsers	2025-09-19T12:56:15.1782238Z Preparing to unpack .../088-libaa1_1.4p5-51.1_amd64.deb ...
e2e	Install Playwright browsers	2025-09-19T12:56:15.1791435Z Unpacking libaa1:amd64 (1.4p5-51.1) ...
e2e	Install Playwright browsers	2025-09-19T12:56:15.1999391Z Selecting previously unselected package libraw1394-11:amd64.
e2e	Install Playwright browsers	2025-09-19T12:56:15.2124664Z Preparing to unpack .../089-libraw1394-11_2.1.2-2build3_amd64.deb ...
e2e	Install Playwright browsers	2025-09-19T12:56:15.2131819Z Unpacking libraw1394-11:amd64 (2.1.2-2build3) ...
e2e	Install Playwright browsers	2025-09-19T12:56:15.2332741Z Selecting previously unselected package libavc1394-0:amd64.
e2e	Install Playwright browsers	2025-09-19T12:56:15.2458334Z Preparing to unpack .../090-libavc1394-0_0.5.4-5build3_amd64.deb ...
e2e	Install Playwright browsers	2025-09-19T12:56:15.2465780Z Unpacking libavc1394-0:amd64 (0.5.4-5build3) ...
e2e	Install Playwright browsers	2025-09-19T12:56:15.2662193Z Selecting previously unselected package libcaca0:amd64.
e2e	Install Playwright browsers	2025-09-19T12:56:15.2785749Z Preparing to unpack .../091-libcaca0_0.99.beta20-4build2_amd64.deb ...
e2e	Install Playwright browsers	2025-09-19T12:56:15.2792689Z Unpacking libcaca0:amd64 (0.99.beta20-4build2) ...
e2e	Install Playwright browsers	2025-09-19T12:56:15.3031546Z Selecting previously unselected package libdv4t64:amd64.
e2e	Install Playwright browsers	2025-09-19T12:56:15.3156453Z Preparing to unpack .../092-libdv4t64_1.0.0-17.1build1_amd64.deb ...
e2e	Install Playwright browsers	2025-09-19T12:56:15.3165439Z Unpacking libdv4t64:amd64 (1.0.0-17.1build1) ...
e2e	Install Playwright browsers	2025-09-19T12:56:15.3379438Z Selecting previously unselected package libgstreamer-plugins-good1.0-0:amd64.
e2e	Install Playwright browsers	2025-09-19T12:56:15.3503917Z Preparing to unpack .../093-libgstreamer-plugins-good1.0-0_1.24.2-1ubuntu1.2_amd64.deb ...
e2e	Install Playwright browsers	2025-09-19T12:56:15.3511647Z Unpacking libgstreamer-plugins-good1.0-0:amd64 (1.24.2-1ubuntu1.2) ...
e2e	Install Playwright browsers	2025-09-19T12:56:15.3725358Z Selecting previously unselected package libiec61883-0:amd64.
e2e	Install Playwright browsers	2025-09-19T12:56:15.3849164Z Preparing to unpack .../094-libiec61883-0_1.2.0-6build1_amd64.deb ...
e2e	Install Playwright browsers	2025-09-19T12:56:15.3857057Z Unpacking libiec61883-0:amd64 (1.2.0-6build1) ...
e2e	Install Playwright browsers	2025-09-19T12:56:15.4054701Z Selecting previously unselected package libshout3:amd64.
e2e	Install Playwright browsers	2025-09-19T12:56:15.4177334Z Preparing to unpack .../095-libshout3_2.4.6-1build2_amd64.deb ...
e2e	Install Playwright browsers	2025-09-19T12:56:15.4187284Z Unpacking libshout3:amd64 (2.4.6-1build2) ...
e2e	Install Playwright browsers	2025-09-19T12:56:15.4393584Z Selecting previously unselected package libtag1v5-vanilla:amd64.
e2e	Install Playwright browsers	2025-09-19T12:56:15.4517494Z Preparing to unpack .../096-libtag1v5-vanilla_1.13.1-1build1_amd64.deb ...
e2e	Install Playwright browsers	2025-09-19T12:56:15.4524911Z Unpacking libtag1v5-vanilla:amd64 (1.13.1-1build1) ...
e2e	Install Playwright browsers	2025-09-19T12:56:15.4762635Z Selecting previously unselected package libtag1v5:amd64.
e2e	Install Playwright browsers	2025-09-19T12:56:15.4889318Z Preparing to unpack .../097-libtag1v5_1.13.1-1build1_amd64.deb ...
e2e	Install Playwright browsers	2025-09-19T12:56:15.4897707Z Unpacking libtag1v5:amd64 (1.13.1-1build1) ...
e2e	Install Playwright browsers	2025-09-19T12:56:15.5093161Z Selecting previously unselected package libv4lconvert0t64:amd64.
e2e	Install Playwright browsers	2025-09-19T12:56:15.5215730Z Preparing to unpack .../098-libv4lconvert0t64_1.26.1-4build3_amd64.deb ...
e2e	Install Playwright browsers	2025-09-19T12:56:15.5223545Z Unpacking libv4lconvert0t64:amd64 (1.26.1-4build3) ...
e2e	Install Playwright browsers	2025-09-19T12:56:15.5442050Z Selecting previously unselected package libv4l-0t64:amd64.
e2e	Install Playwright browsers	2025-09-19T12:56:15.5565342Z Preparing to unpack .../099-libv4l-0t64_1.26.1-4build3_amd64.deb ...
e2e	Install Playwright browsers	2025-09-19T12:56:15.5572837Z Unpacking libv4l-0t64:amd64 (1.26.1-4build3) ...
e2e	Install Playwright browsers	2025-09-19T12:56:15.5792791Z Selecting previously unselected package libwavpack1:amd64.
e2e	Install Playwright browsers	2025-09-19T12:56:15.5915163Z Preparing to unpack .../100-libwavpack1_5.6.0-1build1_amd64.deb ...
e2e	Install Playwright browsers	2025-09-19T12:56:15.5924916Z Unpacking libwavpack1:amd64 (5.6.0-1build1) ...
e2e	Install Playwright browsers	2025-09-19T12:56:15.6121784Z Selecting previously unselected package libsoup-3.0-common.
e2e	Install Playwright browsers	2025-09-19T12:56:15.6245097Z Preparing to unpack .../101-libsoup-3.0-common_3.4.4-5ubuntu0.5_all.deb ...
e2e	Install Playwright browsers	2025-09-19T12:56:15.6252524Z Unpacking libsoup-3.0-common (3.4.4-5ubuntu0.5) ...
e2e	Install Playwright browsers	2025-09-19T12:56:15.6445112Z Selecting previously unselected package libsoup-3.0-0:amd64.
e2e	Install Playwright browsers	2025-09-19T12:56:15.6565139Z Preparing to unpack .../102-libsoup-3.0-0_3.4.4-5ubuntu0.5_amd64.deb ...
e2e	Install Playwright browsers	2025-09-19T12:56:15.6578178Z Unpacking libsoup-3.0-0:amd64 (3.4.4-5ubuntu0.5) ...
e2e	Install Playwright browsers	2025-09-19T12:56:15.6799123Z Selecting previously unselected package gstreamer1.0-plugins-good:amd64.
e2e	Install Playwright browsers	2025-09-19T12:56:15.6924168Z Preparing to unpack .../103-gstreamer1.0-plugins-good_1.24.2-1ubuntu1.2_amd64.deb ...
e2e	Install Playwright browsers	2025-09-19T12:56:15.6934134Z Unpacking gstreamer1.0-plugins-good:amd64 (1.24.2-1ubuntu1.2) ...
e2e	Install Playwright browsers	2025-09-19T12:56:15.7493070Z Selecting previously unselected package libabsl20220623t64:amd64.
e2e	Install Playwright browsers	2025-09-19T12:56:15.7627337Z Preparing to unpack .../104-libabsl20220623t64_20220623.1-3.1ubuntu3.2_amd64.deb ...
e2e	Install Playwright browsers	2025-09-19T12:56:15.7635894Z Unpacking libabsl20220623t64:amd64 (20220623.1-3.1ubuntu3.2) ...
e2e	Install Playwright browsers	2025-09-19T12:56:15.8054593Z Selecting previously unselected package libgav1-1:amd64.
e2e	Install Playwright browsers	2025-09-19T12:56:15.8187468Z Preparing to unpack .../105-libgav1-1_0.18.0-1build3_amd64.deb ...
e2e	Install Playwright browsers	2025-09-19T12:56:15.8195841Z Unpacking libgav1-1:amd64 (0.18.0-1build3) ...
e2e	Install Playwright browsers	2025-09-19T12:56:15.8435491Z Selecting previously unselected package libyuv0:amd64.
e2e	Install Playwright browsers	2025-09-19T12:56:15.8566944Z Preparing to unpack .../106-libyuv0_0.0~git202401110.af6ac82-1_amd64.deb ...
e2e	Install Playwright browsers	2025-09-19T12:56:15.8577010Z Unpacking libyuv0:amd64 (0.0~git202401110.af6ac82-1) ...
e2e	Install Playwright browsers	2025-09-19T12:56:15.8796650Z Selecting previously unselected package libavif16:amd64.
e2e	Install Playwright browsers	2025-09-19T12:56:15.8921649Z Preparing to unpack .../107-libavif16_1.0.4-1ubuntu3_amd64.deb ...
e2e	Install Playwright browsers	2025-09-19T12:56:15.8930519Z Unpacking libavif16:amd64 (1.0.4-1ubuntu3) ...
e2e	Install Playwright browsers	2025-09-19T12:56:15.9132471Z Selecting previously unselected package libavtp0:amd64.
e2e	Install Playwright browsers	2025-09-19T12:56:15.9257657Z Preparing to unpack .../108-libavtp0_0.2.0-1build1_amd64.deb ...
e2e	Install Playwright browsers	2025-09-19T12:56:15.9266802Z Unpacking libavtp0:amd64 (0.2.0-1build1) ...
e2e	Install Playwright browsers	2025-09-19T12:56:15.9462138Z Selecting previously unselected package libcairo-script-interpreter2:amd64.
e2e	Install Playwright browsers	2025-09-19T12:56:15.9583238Z Preparing to unpack .../109-libcairo-script-interpreter2_1.18.0-3build1_amd64.deb ...
e2e	Install Playwright browsers	2025-09-19T12:56:15.9590758Z Unpacking libcairo-script-interpreter2:amd64 (1.18.0-3build1) ...
e2e	Install Playwright browsers	2025-09-19T12:56:15.9916799Z Preparing to unpack .../110-libcups2t64_2.4.7-1.2ubuntu7.4_amd64.deb ...
e2e	Install Playwright browsers	2025-09-19T12:56:15.9984868Z Unpacking libcups2t64:amd64 (2.4.7-1.2ubuntu7.4) over (2.4.7-1.2ubuntu7.3) ...
e2e	Install Playwright browsers	2025-09-19T12:56:16.0312243Z Selecting previously unselected package libdc1394-25:amd64.
e2e	Install Playwright browsers	2025-09-19T12:56:16.0435846Z Preparing to unpack .../111-libdc1394-25_2.2.6-4build1_amd64.deb ...
e2e	Install Playwright browsers	2025-09-19T12:56:16.0443101Z Unpacking libdc1394-25:amd64 (2.2.6-4build1) ...
e2e	Install Playwright browsers	2025-09-19T12:56:16.0653290Z Selecting previously unselected package libdecor-0-0:amd64.
e2e	Install Playwright browsers	2025-09-19T12:56:16.0776747Z Preparing to unpack .../112-libdecor-0-0_0.2.2-1build2_amd64.deb ...
e2e	Install Playwright browsers	2025-09-19T12:56:16.0784113Z Unpacking libdecor-0-0:amd64 (0.2.2-1build2) ...
e2e	Install Playwright browsers	2025-09-19T12:56:16.0981339Z Selecting previously unselected package libgles2:amd64.
e2e	Install Playwright browsers	2025-09-19T12:56:16.1101997Z Preparing to unpack .../113-libgles2_1.7.0-1build1_amd64.deb ...
e2e	Install Playwright browsers	2025-09-19T12:56:16.1109665Z Unpacking libgles2:amd64 (1.7.0-1build1) ...
e2e	Install Playwright browsers	2025-09-19T12:56:16.1311136Z Selecting previously unselected package libdirectfb-1.7-7t64:amd64.
e2e	Install Playwright browsers	2025-09-19T12:56:16.1432736Z Preparing to unpack .../114-libdirectfb-1.7-7t64_1.7.7-11.1ubuntu2_amd64.deb ...
e2e	Install Playwright browsers	2025-09-19T12:56:16.1440029Z Unpacking libdirectfb-1.7-7t64:amd64 (1.7.7-11.1ubuntu2) ...
e2e	Install Playwright browsers	2025-09-19T12:56:16.1845445Z Selecting previously unselected package libdvdread8t64:amd64.
e2e	Install Playwright browsers	2025-09-19T12:56:16.1976716Z Preparing to unpack .../115-libdvdread8t64_6.1.3-1.1build1_amd64.deb ...
e2e	Install Playwright browsers	2025-09-19T12:56:16.1986196Z Unpacking libdvdread8t64:amd64 (6.1.3-1.1build1) ...
e2e	Install Playwright browsers	2025-09-19T12:56:16.2196308Z Selecting previously unselected package libdvdnav4:amd64.
e2e	Install Playwright browsers	2025-09-19T12:56:16.2322863Z Preparing to unpack .../116-libdvdnav4_6.1.1-3build1_amd64.deb ...
e2e	Install Playwright browsers	2025-09-19T12:56:16.2330121Z Unpacking libdvdnav4:amd64 (6.1.1-3build1) ...
e2e	Install Playwright browsers	2025-09-19T12:56:16.2540413Z Selecting previously unselected package libegl-mesa0:amd64.
e2e	Install Playwright browsers	2025-09-19T12:56:16.2665459Z Preparing to unpack .../117-libegl-mesa0_25.0.7-0ubuntu0.24.04.2_amd64.deb ...
e2e	Install Playwright browsers	2025-09-19T12:56:16.2673400Z Unpacking libegl-mesa0:amd64 (25.0.7-0ubuntu0.24.04.2) ...
e2e	Install Playwright browsers	2025-09-19T12:56:16.2897716Z Selecting previously unselected package libevent-2.1-7t64:amd64.
e2e	Install Playwright browsers	2025-09-19T12:56:16.3024794Z Preparing to unpack .../118-libevent-2.1-7t64_2.1.12-stable-9ubuntu2_amd64.deb ...
e2e	Install Playwright browsers	2025-09-19T12:56:16.3043025Z Unpacking libevent-2.1-7t64:amd64 (2.1.12-stable-9ubuntu2) ...
e2e	Install Playwright browsers	2025-09-19T12:56:16.3262244Z Selecting previously unselected package libfaad2:amd64.
e2e	Install Playwright browsers	2025-09-19T12:56:16.3388558Z Preparing to unpack .../119-libfaad2_2.11.1-1build1_amd64.deb ...
e2e	Install Playwright browsers	2025-09-19T12:56:16.3397517Z Unpacking libfaad2:amd64 (2.11.1-1build1) ...
e2e	Install Playwright browsers	2025-09-19T12:56:16.3622329Z Selecting previously unselected package libinstpatch-1.0-2:amd64.
e2e	Install Playwright browsers	2025-09-19T12:56:16.3749093Z Preparing to unpack .../120-libinstpatch-1.0-2_1.1.6-1build2_amd64.deb ...
e2e	Install Playwright browsers	2025-09-19T12:56:16.3756129Z Unpacking libinstpatch-1.0-2:amd64 (1.1.6-1build2) ...
e2e	Install Playwright browsers	2025-09-19T12:56:16.4011968Z Selecting previously unselected package libjack-jackd2-0:amd64.
e2e	Install Playwright browsers	2025-09-19T12:56:16.4138678Z Preparing to unpack .../121-libjack-jackd2-0_1.9.21~dfsg-3ubuntu3_amd64.deb ...
e2e	Install Playwright browsers	2025-09-19T12:56:16.4146858Z Unpacking libjack-jackd2-0:amd64 (1.9.21~dfsg-3ubuntu3) ...
e2e	Install Playwright browsers	2025-09-19T12:56:16.4388918Z Selecting previously unselected package libwebrtc-audio-processing1:amd64.
e2e	Install Playwright browsers	2025-09-19T12:56:16.4514880Z Preparing to unpack .../122-libwebrtc-audio-processing1_0.3.1-0ubuntu6_amd64.deb ...
e2e	Install Playwright browsers	2025-09-19T12:56:16.4522626Z Unpacking libwebrtc-audio-processing1:amd64 (0.3.1-0ubuntu6) ...
e2e	Install Playwright browsers	2025-09-19T12:56:16.4737592Z Selecting previously unselected package libspa-0.2-modules:amd64.
e2e	Install Playwright browsers	2025-09-19T12:56:16.4864148Z Preparing to unpack .../123-libspa-0.2-modules_1.0.5-1ubuntu3.1_amd64.deb ...
e2e	Install Playwright browsers	2025-09-19T12:56:16.4870550Z Unpacking libspa-0.2-modules:amd64 (1.0.5-1ubuntu3.1) ...
e2e	Install Playwright browsers	2025-09-19T12:56:16.5175376Z Selecting previously unselected package libpipewire-0.3-0t64:amd64.
e2e	Install Playwright browsers	2025-09-19T12:56:16.5302475Z Preparing to unpack .../124-libpipewire-0.3-0t64_1.0.5-1ubuntu3.1_amd64.deb ...
e2e	Install Playwright browsers	2025-09-19T12:56:16.5309918Z Unpacking libpipewire-0.3-0t64:amd64 (1.0.5-1ubuntu3.1) ...
e2e	Install Playwright browsers	2025-09-19T12:56:16.5544805Z Selecting previously unselected package libsdl2-2.0-0:amd64.
e2e	Install Playwright browsers	2025-09-19T12:56:16.5672473Z Preparing to unpack .../125-libsdl2-2.0-0_2.30.0+dfsg-1ubuntu3.1_amd64.deb ...
e2e	Install Playwright browsers	2025-09-19T12:56:16.5679962Z Unpacking libsdl2-2.0-0:amd64 (2.30.0+dfsg-1ubuntu3.1) ...
e2e	Install Playwright browsers	2025-09-19T12:56:16.5960747Z Selecting previously unselected package timgm6mb-soundfont.
e2e	Install Playwright browsers	2025-09-19T12:56:16.6087805Z Preparing to unpack .../126-timgm6mb-soundfont_1.3-5_all.deb ...
e2e	Install Playwright browsers	2025-09-19T12:56:16.6094644Z Unpacking timgm6mb-soundfont (1.3-5) ...
e2e	Install Playwright browsers	2025-09-19T12:56:16.9400636Z Selecting previously unselected package libfluidsynth3:amd64.
e2e	Install Playwright browsers	2025-09-19T12:56:16.9534985Z Preparing to unpack .../127-libfluidsynth3_2.3.4-1build3_amd64.deb ...
e2e	Install Playwright browsers	2025-09-19T12:56:16.9542328Z Unpacking libfluidsynth3:amd64 (2.3.4-1build3) ...
e2e	Install Playwright browsers	2025-09-19T12:56:16.9771340Z Selecting previously unselected package libfreeaptx0:amd64.
e2e	Install Playwright browsers	2025-09-19T12:56:16.9902226Z Preparing to unpack .../128-libfreeaptx0_0.1.1-2build1_amd64.deb ...
e2e	Install Playwright browsers	2025-09-19T12:56:16.9910055Z Unpacking libfreeaptx0:amd64 (0.1.1-2build1) ...
e2e	Install Playwright browsers	2025-09-19T12:56:17.0105531Z Selecting previously unselected package libgraphene-1.0-0:amd64.
e2e	Install Playwright browsers	2025-09-19T12:56:17.0227903Z Preparing to unpack .../129-libgraphene-1.0-0_1.10.8-3build2_amd64.deb ...
e2e	Install Playwright browsers	2025-09-19T12:56:17.0235885Z Unpacking libgraphene-1.0-0:amd64 (1.10.8-3build2) ...
e2e	Install Playwright browsers	2025-09-19T12:56:17.0436355Z Selecting previously unselected package libgssdp-1.6-0:amd64.
e2e	Install Playwright browsers	2025-09-19T12:56:17.0562463Z Preparing to unpack .../130-libgssdp-1.6-0_1.6.3-1build3_amd64.deb ...
e2e	Install Playwright browsers	2025-09-19T12:56:17.0570147Z Unpacking libgssdp-1.6-0:amd64 (1.6.3-1build3) ...
e2e	Install Playwright browsers	2025-09-19T12:56:17.0776307Z Selecting previously unselected package libegl1:amd64.
e2e	Install Playwright browsers	2025-09-19T12:56:17.0902419Z Preparing to unpack .../131-libegl1_1.7.0-1build1_amd64.deb ...
e2e	Install Playwright browsers	2025-09-19T12:56:17.0910158Z Unpacking libegl1:amd64 (1.7.0-1build1) ...
e2e	Install Playwright browsers	2025-09-19T12:56:17.1122181Z Selecting previously unselected package libgstreamer-gl1.0-0:amd64.
e2e	Install Playwright browsers	2025-09-19T12:56:17.1251364Z Preparing to unpack .../132-libgstreamer-gl1.0-0_1.24.2-1ubuntu0.3_amd64.deb ...
e2e	Install Playwright browsers	2025-09-19T12:56:17.1258686Z Unpacking libgstreamer-gl1.0-0:amd64 (1.24.2-1ubuntu0.3) ...
e2e	Install Playwright browsers	2025-09-19T12:56:17.1475975Z Selecting previously unselected package libgtk-4-common.
e2e	Install Playwright browsers	2025-09-19T12:56:17.1603079Z Preparing to unpack .../133-libgtk-4-common_4.14.5+ds-0ubuntu0.5_all.deb ...
e2e	Install Playwright browsers	2025-09-19T12:56:17.1610037Z Unpacking libgtk-4-common (4.14.5+ds-0ubuntu0.5) ...
e2e	Install Playwright browsers	2025-09-19T12:56:17.2081804Z Selecting previously unselected package libgtk-4-1:amd64.
e2e	Install Playwright browsers	2025-09-19T12:56:17.2215711Z Preparing to unpack .../134-libgtk-4-1_4.14.5+ds-0ubuntu0.5_amd64.deb ...
e2e	Install Playwright browsers	2025-09-19T12:56:17.2222812Z Unpacking libgtk-4-1:amd64 (4.14.5+ds-0ubuntu0.5) ...
e2e	Install Playwright browsers	2025-09-19T12:56:17.2920308Z Selecting previously unselected package libgupnp-1.6-0:amd64.
e2e	Install Playwright browsers	2025-09-19T12:56:17.3054748Z Preparing to unpack .../135-libgupnp-1.6-0_1.6.6-1build3_amd64.deb ...
e2e	Install Playwright browsers	2025-09-19T12:56:17.3062258Z Unpacking libgupnp-1.6-0:amd64 (1.6.6-1build3) ...
e2e	Install Playwright browsers	2025-09-19T12:56:17.3279077Z Selecting previously unselected package libgupnp-igd-1.6-0:amd64.
e2e	Install Playwright browsers	2025-09-19T12:56:17.3411204Z Preparing to unpack .../136-libgupnp-igd-1.6-0_1.6.0-3build3_amd64.deb ...
e2e	Install Playwright browsers	2025-09-19T12:56:17.3419010Z Unpacking libgupnp-igd-1.6-0:amd64 (1.6.0-3build3) ...
e2e	Install Playwright browsers	2025-09-19T12:56:17.3613168Z Selecting previously unselected package libharfbuzz-icu0:amd64.
e2e	Install Playwright browsers	2025-09-19T12:56:17.3737943Z Preparing to unpack .../137-libharfbuzz-icu0_8.3.0-2build2_amd64.deb ...
e2e	Install Playwright browsers	2025-09-19T12:56:17.3745541Z Unpacking libharfbuzz-icu0:amd64 (8.3.0-2build2) ...
e2e	Install Playwright browsers	2025-09-19T12:56:17.3946745Z Selecting previously unselected package libhyphen0:amd64.
e2e	Install Playwright browsers	2025-09-19T12:56:17.4070588Z Preparing to unpack .../138-libhyphen0_2.8.8-7build3_amd64.deb ...
e2e	Install Playwright browsers	2025-09-19T12:56:17.4079388Z Unpacking libhyphen0:amd64 (2.8.8-7build3) ...
e2e	Install Playwright browsers	2025-09-19T12:56:17.4292905Z Selecting previously unselected package libimath-3-1-29t64:amd64.
e2e	Install Playwright browsers	2025-09-19T12:56:17.4421304Z Preparing to unpack .../139-libimath-3-1-29t64_3.1.9-3.1ubuntu2_amd64.deb ...
e2e	Install Playwright browsers	2025-09-19T12:56:17.4429361Z Unpacking libimath-3-1-29t64:amd64 (3.1.9-3.1ubuntu2) ...
e2e	Install Playwright browsers	2025-09-19T12:56:17.4649774Z Selecting previously unselected package liblc3-1:amd64.
e2e	Install Playwright browsers	2025-09-19T12:56:17.4778391Z Preparing to unpack .../140-liblc3-1_1.0.4-3build1_amd64.deb ...
e2e	Install Playwright browsers	2025-09-19T12:56:17.4786710Z Unpacking liblc3-1:amd64 (1.0.4-3build1) ...
e2e	Install Playwright browsers	2025-09-19T12:56:17.5015470Z Selecting previously unselected package libldacbt-enc2:amd64.
e2e	Install Playwright browsers	2025-09-19T12:56:17.5141629Z Preparing to unpack .../141-libldacbt-enc2_2.0.2.3+git20200429+ed310a0-4ubuntu2_amd64.deb ...
e2e	Install Playwright browsers	2025-09-19T12:56:17.5149082Z Unpacking libldacbt-enc2:amd64 (2.0.2.3+git20200429+ed310a0-4ubuntu2) ...
e2e	Install Playwright browsers	2025-09-19T12:56:17.5344831Z Selecting previously unselected package libraptor2-0:amd64.
e2e	Install Playwright browsers	2025-09-19T12:56:17.5469240Z Preparing to unpack .../142-libraptor2-0_2.0.16-3ubuntu0.1_amd64.deb ...
e2e	Install Playwright browsers	2025-09-19T12:56:17.5476403Z Unpacking libraptor2-0:amd64 (2.0.16-3ubuntu0.1) ...
e2e	Install Playwright browsers	2025-09-19T12:56:17.5693372Z Selecting previously unselected package liblrdf0:amd64.
e2e	Install Playwright browsers	2025-09-19T12:56:17.5820028Z Preparing to unpack .../143-liblrdf0_0.6.1-4build1_amd64.deb ...
e2e	Install Playwright browsers	2025-09-19T12:56:17.5826942Z Unpacking liblrdf0:amd64 (0.6.1-4build1) ...
e2e	Install Playwright browsers	2025-09-19T12:56:17.6033331Z Selecting previously unselected package libltc11:amd64.
e2e	Install Playwright browsers	2025-09-19T12:56:17.6158177Z Preparing to unpack .../144-libltc11_1.3.2-1build1_amd64.deb ...
e2e	Install Playwright browsers	2025-09-19T12:56:17.6165688Z Unpacking libltc11:amd64 (1.3.2-1build1) ...
e2e	Install Playwright browsers	2025-09-19T12:56:17.6360550Z Selecting previously unselected package libmanette-0.2-0:amd64.
e2e	Install Playwright browsers	2025-09-19T12:56:17.6484898Z Preparing to unpack .../145-libmanette-0.2-0_0.2.7-1build2_amd64.deb ...
e2e	Install Playwright browsers	2025-09-19T12:56:17.6492609Z Unpacking libmanette-0.2-0:amd64 (0.2.7-1build2) ...
e2e	Install Playwright browsers	2025-09-19T12:56:17.6699332Z Selecting previously unselected package libmfx1:amd64.
e2e	Install Playwright browsers	2025-09-19T12:56:17.6822792Z Preparing to unpack .../146-libmfx1_22.5.4-1_amd64.deb ...
e2e	Install Playwright browsers	2025-09-19T12:56:17.6829622Z Unpacking libmfx1:amd64 (22.5.4-1) ...
e2e	Install Playwright browsers	2025-09-19T12:56:17.7794134Z Selecting previously unselected package libmjpegutils-2.1-0t64:amd64.
e2e	Install Playwright browsers	2025-09-19T12:56:17.7928993Z Preparing to unpack .../147-libmjpegutils-2.1-0t64_1%3a2.1.0+debian-8.1build1_amd64.deb ...
e2e	Install Playwright browsers	2025-09-19T12:56:17.7936571Z Unpacking libmjpegutils-2.1-0t64:amd64 (1:2.1.0+debian-8.1build1) ...
e2e	Install Playwright browsers	2025-09-19T12:56:17.8140727Z Selecting previously unselected package libmodplug1:amd64.
e2e	Install Playwright browsers	2025-09-19T12:56:17.8270182Z Preparing to unpack .../148-libmodplug1_1%3a0.8.9.0-3build1_amd64.deb ...
e2e	Install Playwright browsers	2025-09-19T12:56:17.8277545Z Unpacking libmodplug1:amd64 (1:0.8.9.0-3build1) ...
e2e	Install Playwright browsers	2025-09-19T12:56:17.8490923Z Selecting previously unselected package libmpcdec6:amd64.
e2e	Install Playwright browsers	2025-09-19T12:56:17.8620233Z Preparing to unpack .../149-libmpcdec6_2%3a0.1~r495-2build1_amd64.deb ...
e2e	Install Playwright browsers	2025-09-19T12:56:17.8629041Z Unpacking libmpcdec6:amd64 (2:0.1~r495-2build1) ...
e2e	Install Playwright browsers	2025-09-19T12:56:17.8827731Z Selecting previously unselected package libmpeg2encpp-2.1-0t64:amd64.
e2e	Install Playwright browsers	2025-09-19T12:56:17.8955871Z Preparing to unpack .../150-libmpeg2encpp-2.1-0t64_1%3a2.1.0+debian-8.1build1_amd64.deb ...
e2e	Install Playwright browsers	2025-09-19T12:56:17.8964016Z Unpacking libmpeg2encpp-2.1-0t64:amd64 (1:2.1.0+debian-8.1build1) ...
e2e	Install Playwright browsers	2025-09-19T12:56:17.9214894Z Selecting previously unselected package libmplex2-2.1-0t64:amd64.
e2e	Install Playwright browsers	2025-09-19T12:56:17.9341265Z Preparing to unpack .../151-libmplex2-2.1-0t64_1%3a2.1.0+debian-8.1build1_amd64.deb ...
e2e	Install Playwright browsers	2025-09-19T12:56:17.9348767Z Unpacking libmplex2-2.1-0t64:amd64 (1:2.1.0+debian-8.1build1) ...
e2e	Install Playwright browsers	2025-09-19T12:56:17.9546511Z Selecting previously unselected package libneon27t64:amd64.
e2e	Install Playwright browsers	2025-09-19T12:56:17.9667510Z Preparing to unpack .../152-libneon27t64_0.33.0-1.1build3_amd64.deb ...
e2e	Install Playwright browsers	2025-09-19T12:56:17.9675007Z Unpacking libneon27t64:amd64 (0.33.0-1.1build3) ...
e2e	Install Playwright browsers	2025-09-19T12:56:17.9892729Z Selecting previously unselected package libnice10:amd64.
e2e	Install Playwright browsers	2025-09-19T12:56:18.0020445Z Preparing to unpack .../153-libnice10_0.1.21-2build3_amd64.deb ...
e2e	Install Playwright browsers	2025-09-19T12:56:18.0028138Z Unpacking libnice10:amd64 (0.1.21-2build3) ...
e2e	Install Playwright browsers	2025-09-19T12:56:18.0240579Z Selecting previously unselected package libopenal-data.
e2e	Install Playwright browsers	2025-09-19T12:56:18.0364913Z Preparing to unpack .../154-libopenal-data_1%3a1.23.1-4build1_all.deb ...
e2e	Install Playwright browsers	2025-09-19T12:56:18.0372091Z Unpacking libopenal-data (1:1.23.1-4build1) ...
e2e	Install Playwright browsers	2025-09-19T12:56:18.0606440Z Selecting previously unselected package libopenexr-3-1-30:amd64.
e2e	Install Playwright browsers	2025-09-19T12:56:18.0733420Z Preparing to unpack .../155-libopenexr-3-1-30_3.1.5-5.1build3_amd64.deb ...
e2e	Install Playwright browsers	2025-09-19T12:56:18.0741370Z Unpacking libopenexr-3-1-30:amd64 (3.1.5-5.1build3) ...
e2e	Install Playwright browsers	2025-09-19T12:56:18.1098505Z Selecting previously unselected package libopenh264-7:amd64.
e2e	Install Playwright browsers	2025-09-19T12:56:18.1229315Z Preparing to unpack .../156-libopenh264-7_2.4.1+dfsg-1_amd64.deb ...
e2e	Install Playwright browsers	2025-09-19T12:56:18.1237938Z Unpacking libopenh264-7:amd64 (2.4.1+dfsg-1) ...
e2e	Install Playwright browsers	2025-09-19T12:56:18.1488511Z Selecting previously unselected package libopenni2-0:amd64.
e2e	Install Playwright browsers	2025-09-19T12:56:18.1619751Z Preparing to unpack .../157-libopenni2-0_2.2.0.33+dfsg-18_amd64.deb ...
e2e	Install Playwright browsers	2025-09-19T12:56:18.1650097Z Unpacking libopenni2-0:amd64 (2.2.0.33+dfsg-18) ...
e2e	Install Playwright browsers	2025-09-19T12:56:18.1911471Z Selecting previously unselected package libqrencode4:amd64.
e2e	Install Playwright browsers	2025-09-19T12:56:18.2040097Z Preparing to unpack .../158-libqrencode4_4.1.1-1build2_amd64.deb ...
e2e	Install Playwright browsers	2025-09-19T12:56:18.2048129Z Unpacking libqrencode4:amd64 (4.1.1-1build2) ...
e2e	Install Playwright browsers	2025-09-19T12:56:18.2239016Z Selecting previously unselected package libsecret-common.
e2e	Install Playwright browsers	2025-09-19T12:56:18.2366764Z Preparing to unpack .../159-libsecret-common_0.21.4-1build3_all.deb ...
e2e	Install Playwright browsers	2025-09-19T12:56:18.2373397Z Unpacking libsecret-common (0.21.4-1build3) ...
e2e	Install Playwright browsers	2025-09-19T12:56:18.2566470Z Selecting previously unselected package libsecret-1-0:amd64.
e2e	Install Playwright browsers	2025-09-19T12:56:18.2692668Z Preparing to unpack .../160-libsecret-1-0_0.21.4-1build3_amd64.deb ...
e2e	Install Playwright browsers	2025-09-19T12:56:18.2700596Z Unpacking libsecret-1-0:amd64 (0.21.4-1build3) ...
e2e	Install Playwright browsers	2025-09-19T12:56:18.2916786Z Selecting previously unselected package libsndio7.0:amd64.
e2e	Install Playwright browsers	2025-09-19T12:56:18.3042949Z Preparing to unpack .../161-libsndio7.0_1.9.0-0.3build3_amd64.deb ...
e2e	Install Playwright browsers	2025-09-19T12:56:18.3050350Z Unpacking libsndio7.0:amd64 (1.9.0-0.3build3) ...
e2e	Install Playwright browsers	2025-09-19T12:56:18.3374315Z Selecting previously unselected package libsoundtouch1:amd64.
e2e	Install Playwright browsers	2025-09-19T12:56:18.3500889Z Preparing to unpack .../162-libsoundtouch1_2.3.2+ds1-1build1_amd64.deb ...
e2e	Install Playwright browsers	2025-09-19T12:56:18.3508782Z Unpacking libsoundtouch1:amd64 (2.3.2+ds1-1build1) ...
e2e	Install Playwright browsers	2025-09-19T12:56:18.3717541Z Selecting previously unselected package libspandsp2t64:amd64.
e2e	Install Playwright browsers	2025-09-19T12:56:18.3844582Z Preparing to unpack .../163-libspandsp2t64_0.0.6+dfsg-2.1build1_amd64.deb ...
e2e	Install Playwright browsers	2025-09-19T12:56:18.3852118Z Unpacking libspandsp2t64:amd64 (0.0.6+dfsg-2.1build1) ...
e2e	Install Playwright browsers	2025-09-19T12:56:18.4092083Z Selecting previously unselected package libsrtp2-1:amd64.
e2e	Install Playwright browsers	2025-09-19T12:56:18.4219325Z Preparing to unpack .../164-libsrtp2-1_2.5.0-3build1_amd64.deb ...
e2e	Install Playwright browsers	2025-09-19T12:56:18.4226213Z Unpacking libsrtp2-1:amd64 (2.5.0-3build1) ...
e2e	Install Playwright browsers	2025-09-19T12:56:18.4435030Z Selecting previously unselected package libwildmidi2:amd64.
e2e	Install Playwright browsers	2025-09-19T12:56:18.4560916Z Preparing to unpack .../165-libwildmidi2_0.4.3-1build3_amd64.deb ...
e2e	Install Playwright browsers	2025-09-19T12:56:18.4568220Z Unpacking libwildmidi2:amd64 (0.4.3-1build3) ...
e2e	Install Playwright browsers	2025-09-19T12:56:18.4770791Z Selecting previously unselected package libwoff1:amd64.
e2e	Install Playwright browsers	2025-09-19T12:56:18.4895906Z Preparing to unpack .../166-libwoff1_1.0.2-2build1_amd64.deb ...
e2e	Install Playwright browsers	2025-09-19T12:56:18.4903260Z Unpacking libwoff1:amd64 (1.0.2-2build1) ...
e2e	Install Playwright browsers	2025-09-19T12:56:18.5112780Z Selecting previously unselected package libxcb-xkb1:amd64.
e2e	Install Playwright browsers	2025-09-19T12:56:18.5235320Z Preparing to unpack .../167-libxcb-xkb1_1.15-1ubuntu2_amd64.deb ...
e2e	Install Playwright browsers	2025-09-19T12:56:18.5260267Z Unpacking libxcb-xkb1:amd64 (1.15-1ubuntu2) ...
e2e	Install Playwright browsers	2025-09-19T12:56:18.5463608Z Selecting previously unselected package libxkbcommon-x11-0:amd64.
e2e	Install Playwright browsers	2025-09-19T12:56:18.5586428Z Preparing to unpack .../168-libxkbcommon-x11-0_1.6.0-1build1_amd64.deb ...
e2e	Install Playwright browsers	2025-09-19T12:56:18.5593088Z Unpacking libxkbcommon-x11-0:amd64 (1.6.0-1build1) ...
e2e	Install Playwright browsers	2025-09-19T12:56:18.5791349Z Selecting previously unselected package libzbar0t64:amd64.
e2e	Install Playwright browsers	2025-09-19T12:56:18.5913954Z Preparing to unpack .../169-libzbar0t64_0.23.93-4build3_amd64.deb ...
e2e	Install Playwright browsers	2025-09-19T12:56:18.5921940Z Unpacking libzbar0t64:amd64 (0.23.93-4build3) ...
e2e	Install Playwright browsers	2025-09-19T12:56:18.6132833Z Selecting previously unselected package libzxing3:amd64.
e2e	Install Playwright browsers	2025-09-19T12:56:18.6256426Z Preparing to unpack .../170-libzxing3_2.2.1-3_amd64.deb ...
e2e	Install Playwright browsers	2025-09-19T12:56:18.6264347Z Unpacking libzxing3:amd64 (2.2.1-3) ...
e2e	Install Playwright browsers	2025-09-19T12:56:18.6507066Z Selecting previously unselected package xfonts-encodings.
e2e	Install Playwright browsers	2025-09-19T12:56:18.6632881Z Preparing to unpack .../171-xfonts-encodings_1%3a1.0.5-0ubuntu2_all.deb ...
e2e	Install Playwright browsers	2025-09-19T12:56:18.6639836Z Unpacking xfonts-encodings (1:1.0.5-0ubuntu2) ...
e2e	Install Playwright browsers	2025-09-19T12:56:18.6926309Z Selecting previously unselected package xfonts-utils.
e2e	Install Playwright browsers	2025-09-19T12:56:18.7052929Z Preparing to unpack .../172-xfonts-utils_1%3a7.7+6build3_amd64.deb ...
e2e	Install Playwright browsers	2025-09-19T12:56:18.7059989Z Unpacking xfonts-utils (1:7.7+6build3) ...
e2e	Install Playwright browsers	2025-09-19T12:56:18.8472409Z Selecting previously unselected package xfonts-cyrillic.
e2e	Install Playwright browsers	2025-09-19T12:56:18.8600071Z Preparing to unpack .../173-xfonts-cyrillic_1%3a1.0.5+nmu1_all.deb ...
e2e	Install Playwright browsers	2025-09-19T12:56:18.8610137Z Unpacking xfonts-cyrillic (1:1.0.5+nmu1) ...
e2e	Install Playwright browsers	2025-09-19T12:56:18.8939090Z Selecting previously unselected package xfonts-scalable.
e2e	Install Playwright browsers	2025-09-19T12:56:18.9065204Z Preparing to unpack .../174-xfonts-scalable_1%3a1.0.3-1.3_all.deb ...
e2e	Install Playwright browsers	2025-09-19T12:56:18.9072549Z Unpacking xfonts-scalable (1:1.0.3-1.3) ...
e2e	Install Playwright browsers	2025-09-19T12:56:18.9306609Z Selecting previously unselected package libgstreamer-plugins-bad1.0-0:amd64.
e2e	Install Playwright browsers	2025-09-19T12:56:18.9432298Z Preparing to unpack .../175-libgstreamer-plugins-bad1.0-0_1.24.2-1ubuntu4_amd64.deb ...
e2e	Install Playwright browsers	2025-09-19T12:56:18.9439412Z Unpacking libgstreamer-plugins-bad1.0-0:amd64 (1.24.2-1ubuntu4) ...
e2e	Install Playwright browsers	2025-09-19T12:56:18.9814485Z Selecting previously unselected package libdca0:amd64.
e2e	Install Playwright browsers	2025-09-19T12:56:18.9942101Z Preparing to unpack .../176-libdca0_0.0.7-2build1_amd64.deb ...
e2e	Install Playwright browsers	2025-09-19T12:56:18.9949667Z Unpacking libdca0:amd64 (0.0.7-2build1) ...
e2e	Install Playwright browsers	2025-09-19T12:56:19.0154533Z Selecting previously unselected package libopenal1:amd64.
e2e	Install Playwright browsers	2025-09-19T12:56:19.0278181Z Preparing to unpack .../177-libopenal1_1%3a1.23.1-4build1_amd64.deb ...
e2e	Install Playwright browsers	2025-09-19T12:56:19.0284935Z Unpacking libopenal1:amd64 (1:1.23.1-4build1) ...
e2e	Install Playwright browsers	2025-09-19T12:56:19.0536820Z Selecting previously unselected package libsbc1:amd64.
e2e	Install Playwright browsers	2025-09-19T12:56:19.0660641Z Preparing to unpack .../178-libsbc1_2.0-1build1_amd64.deb ...
e2e	Install Playwright browsers	2025-09-19T12:56:19.0668343Z Unpacking libsbc1:amd64 (2.0-1build1) ...
e2e	Install Playwright browsers	2025-09-19T12:56:19.0867516Z Selecting previously unselected package libvo-aacenc0:amd64.
e2e	Install Playwright browsers	2025-09-19T12:56:19.0992047Z Preparing to unpack .../179-libvo-aacenc0_0.1.3-2build1_amd64.deb ...
e2e	Install Playwright browsers	2025-09-19T12:56:19.0999347Z Unpacking libvo-aacenc0:amd64 (0.1.3-2build1) ...
e2e	Install Playwright browsers	2025-09-19T12:56:19.1255067Z Selecting previously unselected package libvo-amrwbenc0:amd64.
e2e	Install Playwright browsers	2025-09-19T12:56:19.1379150Z Preparing to unpack .../180-libvo-amrwbenc0_0.1.3-2build1_amd64.deb ...
e2e	Install Playwright browsers	2025-09-19T12:56:19.1386569Z Unpacking libvo-amrwbenc0:amd64 (0.1.3-2build1) ...
e2e	Install Playwright browsers	2025-09-19T12:56:19.1588393Z Selecting previously unselected package gstreamer1.0-plugins-bad:amd64.
e2e	Install Playwright browsers	2025-09-19T12:56:19.1711142Z Preparing to unpack .../181-gstreamer1.0-plugins-bad_1.24.2-1ubuntu4_amd64.deb ...
e2e	Install Playwright browsers	2025-09-19T12:56:19.1719446Z Unpacking gstreamer1.0-plugins-bad:amd64 (1.24.2-1ubuntu4) ...
e2e	Install Playwright browsers	2025-09-19T12:56:19.3290863Z Setting up libgme0:amd64 (0.6.3-7build1) ...
e2e	Install Playwright browsers	2025-09-19T12:56:19.3311526Z Setting up libchromaprint1:amd64 (1.5.1-5) ...
e2e	Install Playwright browsers	2025-09-19T12:56:19.3329004Z Setting up libssh-gcrypt-4:amd64 (0.10.6-2ubuntu0.1) ...
e2e	Install Playwright browsers	2025-09-19T12:56:19.3346951Z Setting up libhwy1t64:amd64 (1.0.7-8.1build1) ...
e2e	Install Playwright browsers	2025-09-19T12:56:19.3365764Z Setting up libcairo-script-interpreter2:amd64 (1.18.0-3build1) ...
e2e	Install Playwright browsers	2025-09-19T12:56:19.3383451Z Setting up libfreeaptx0:amd64 (0.1.1-2build1) ...
e2e	Install Playwright browsers	2025-09-19T12:56:19.3401511Z Setting up libdvdread8t64:amd64 (6.1.3-1.1build1) ...
e2e	Install Playwright browsers	2025-09-19T12:56:19.3419200Z Setting up libudfread0:amd64 (1.1.2-1build1) ...
e2e	Install Playwright browsers	2025-09-19T12:56:19.3436432Z Setting up libmodplug1:amd64 (1:0.8.9.0-3build1) ...
e2e	Install Playwright browsers	2025-09-19T12:56:19.3454343Z Setting up libcdparanoia0:amd64 (3.10.2+debian-14build3) ...
e2e	Install Playwright browsers	2025-09-19T12:56:19.3472169Z Setting up libvo-amrwbenc0:amd64 (0.1.3-2build1) ...
e2e	Install Playwright browsers	2025-09-19T12:56:19.3489807Z Setting up session-migration (0.3.9build1) ...
e2e	Install Playwright browsers	2025-09-19T12:56:19.4570864Z Created symlink /etc/systemd/user/graphical-session-pre.target.wants/session-migration.service → /usr/lib/systemd/user/session-migration.service.
e2e	Install Playwright browsers	2025-09-19T12:56:19.4571812Z 
e2e	Install Playwright browsers	2025-09-19T12:56:19.4596663Z Setting up libraw1394-11:amd64 (2.1.2-2build3) ...
e2e	Install Playwright browsers	2025-09-19T12:56:19.4613900Z Setting up libsbc1:amd64 (2.0-1build1) ...
e2e	Install Playwright browsers	2025-09-19T12:56:19.4631842Z Setting up libproxy1v5:amd64 (0.5.4-4build1) ...
e2e	Install Playwright browsers	2025-09-19T12:56:19.4649045Z Setting up libtag1v5-vanilla:amd64 (1.13.1-1build1) ...
e2e	Install Playwright browsers	2025-09-19T12:56:19.4665837Z Setting up libharfbuzz-icu0:amd64 (8.3.0-2build2) ...
e2e	Install Playwright browsers	2025-09-19T12:56:19.4682802Z Setting up libopenni2-0:amd64 (2.2.0.33+dfsg-18) ...
e2e	Install Playwright browsers	2025-09-19T12:56:19.4837256Z Setting up libspeex1:amd64 (1.2.1-2ubuntu2.24.04.1) ...
e2e	Install Playwright browsers	2025-09-19T12:56:19.4859220Z Setting up libshine3:amd64 (3.1.1-2build1) ...
e2e	Install Playwright browsers	2025-09-19T12:56:19.4877497Z Setting up libcaca0:amd64 (0.99.beta20-4build2) ...
e2e	Install Playwright browsers	2025-09-19T12:56:19.4895465Z Setting up libvpl2 (2023.3.0-1build1) ...
e2e	Install Playwright browsers	2025-09-19T12:56:19.4913537Z Setting up libv4lconvert0t64:amd64 (1.26.1-4build3) ...
e2e	Install Playwright browsers	2025-09-19T12:56:19.4931889Z Setting up libx264-164:amd64 (2:0.164.3108+git31e19f9-1) ...
e2e	Install Playwright browsers	2025-09-19T12:56:19.4950933Z Setting up libtwolame0:amd64 (0.4.0-2build3) ...
e2e	Install Playwright browsers	2025-09-19T12:56:19.4968867Z Setting up libmbedcrypto7t64:amd64 (2.28.8-1) ...
e2e	Install Playwright browsers	2025-09-19T12:56:19.4987233Z Setting up libwoff1:amd64 (1.0.2-2build1) ...
e2e	Install Playwright browsers	2025-09-19T12:56:19.5005880Z Setting up liblc3-1:amd64 (1.0.4-3build1) ...
e2e	Install Playwright browsers	2025-09-19T12:56:19.5030588Z Setting up libqrencode4:amd64 (4.1.1-1build2) ...
e2e	Install Playwright browsers	2025-09-19T12:56:19.5049837Z Setting up libhyphen0:amd64 (2.8.8-7build3) ...
e2e	Install Playwright browsers	2025-09-19T12:56:19.5068599Z Setting up libgsm1:amd64 (1.0.22-1build1) ...
e2e	Install Playwright browsers	2025-09-19T12:56:19.5087510Z Setting up libvisual-0.4-0:amd64 (0.4.2-2build1) ...
e2e	Install Playwright browsers	2025-09-19T12:56:19.5106934Z Setting up libsoxr0:amd64 (0.1.3-4build3) ...
e2e	Install Playwright browsers	2025-09-19T12:56:19.5125567Z Setting up libzix-0-0:amd64 (0.4.2-2build1) ...
e2e	Install Playwright browsers	2025-09-19T12:56:19.5144419Z Setting up libcodec2-1.2:amd64 (1.2.0-2build1) ...
e2e	Install Playwright browsers	2025-09-19T12:56:19.5164632Z Setting up libmanette-0.2-0:amd64 (0.2.7-1build2) ...
e2e	Install Playwright browsers	2025-09-19T12:56:19.5184312Z Setting up libsrtp2-1:amd64 (2.5.0-3build1) ...
e2e	Install Playwright browsers	2025-09-19T12:56:19.5203195Z Setting up libmysofa1:amd64 (1.3.2+dfsg-2ubuntu2) ...
e2e	Install Playwright browsers	2025-09-19T12:56:19.5222816Z Setting up libldacbt-enc2:amd64 (2.0.2.3+git20200429+ed310a0-4ubuntu2) ...
e2e	Install Playwright browsers	2025-09-19T12:56:19.5242172Z Setting up fonts-wqy-zenhei (0.9.45-8) ...
e2e	Install Playwright browsers	2025-09-19T12:56:19.5356656Z Setting up libwebrtc-audio-processing1:amd64 (0.3.1-0ubuntu6) ...
e2e	Install Playwright browsers	2025-09-19T12:56:19.5374784Z Setting up fonts-freefont-ttf (20211204+svn4273-2) ...
e2e	Install Playwright browsers	2025-09-19T12:56:19.5393298Z Setting up libevent-2.1-7t64:amd64 (2.1.12-stable-9ubuntu2) ...
e2e	Install Playwright browsers	2025-09-19T12:56:19.5414487Z Setting up libsvtav1enc1d1:amd64 (1.7.0+dfsg-2build1) ...
e2e	Install Playwright browsers	2025-09-19T12:56:19.5432618Z Setting up libsoup-3.0-common (3.4.4-5ubuntu0.5) ...
e2e	Install Playwright browsers	2025-09-19T12:56:19.5453298Z Setting up libmpg123-0t64:amd64 (1.32.5-1ubuntu1.1) ...
e2e	Install Playwright browsers	2025-09-19T12:56:19.5474249Z Setting up libcjson1:amd64 (1.7.17-1) ...
e2e	Install Playwright browsers	2025-09-19T12:56:19.5494315Z Setting up libxvidcore4:amd64 (2:1.3.7-1build1) ...
e2e	Install Playwright browsers	2025-09-19T12:56:19.5525729Z Setting up libmpcdec6:amd64 (2:0.1~r495-2build1) ...
e2e	Install Playwright browsers	2025-09-19T12:56:19.5545951Z Setting up libmjpegutils-2.1-0t64:amd64 (1:2.1.0+debian-8.1build1) ...
e2e	Install Playwright browsers	2025-09-19T12:56:19.5565122Z Setting up librav1e0:amd64 (0.7.1-2) ...
e2e	Install Playwright browsers	2025-09-19T12:56:19.5583486Z Setting up liborc-0.4-0t64:amd64 (1:0.4.38-1ubuntu0.1) ...
e2e	Install Playwright browsers	2025-09-19T12:56:19.5604325Z Setting up libxcb-xkb1:amd64 (1.15-1ubuntu2) ...
e2e	Install Playwright browsers	2025-09-19T12:56:19.5625279Z Setting up libvo-aacenc0:amd64 (0.1.3-2build1) ...
e2e	Install Playwright browsers	2025-09-19T12:56:19.5643246Z Setting up librist4:amd64 (0.2.10+dfsg-2) ...
e2e	Install Playwright browsers	2025-09-19T12:56:19.5672447Z Setting up libblas3:amd64 (3.12.0-3build1.1) ...
e2e	Install Playwright browsers	2025-09-19T12:56:19.5729169Z update-alternatives: using /usr/lib/x86_64-linux-gnu/blas/libblas.so.3 to provide /usr/lib/x86_64-linux-gnu/libblas.so.3 (libblas.so.3-x86_64-linux-gnu) in auto mode
e2e	Install Playwright browsers	2025-09-19T12:56:19.5746676Z Setting up libegl-mesa0:amd64 (25.0.7-0ubuntu0.24.04.2) ...
e2e	Install Playwright browsers	2025-09-19T12:56:19.5766732Z Setting up libsoundtouch1:amd64 (2.3.2+ds1-1build1) ...
e2e	Install Playwright browsers	2025-09-19T12:56:19.5787470Z Setting up libplacebo338:amd64 (6.338.2-2build1) ...
e2e	Install Playwright browsers	2025-09-19T12:56:19.5806894Z Setting up libgles2:amd64 (1.7.0-1build1) ...
e2e	Install Playwright browsers	2025-09-19T12:56:19.5827396Z Setting up fonts-tlwg-loma-otf (1:0.7.3-1) ...
e2e	Install Playwright browsers	2025-09-19T12:56:19.5846081Z Setting up libva2:amd64 (2.20.0-2build1) ...
e2e	Install Playwright browsers	2025-09-19T12:56:19.5865461Z Setting up libspa-0.2-modules:amd64 (1.0.5-1ubuntu3.1) ...
e2e	Install Playwright browsers	2025-09-19T12:56:19.5885726Z Setting up libzxing3:amd64 (2.2.1-3) ...
e2e	Install Playwright browsers	2025-09-19T12:56:19.5905058Z Setting up xfonts-encodings (1:1.0.5-0ubuntu2) ...
e2e	Install Playwright browsers	2025-09-19T12:56:19.5924130Z Setting up libopus0:amd64 (1.4-1build1) ...
e2e	Install Playwright browsers	2025-09-19T12:56:19.5944186Z Setting up libfaad2:amd64 (2.11.1-1build1) ...
e2e	Install Playwright browsers	2025-09-19T12:56:19.5962538Z Setting up libxkbcommon-x11-0:amd64 (1.6.0-1build1) ...
e2e	Install Playwright browsers	2025-09-19T12:56:19.5987776Z Setting up libdc1394-25:amd64 (2.2.6-4build1) ...
e2e	Install Playwright browsers	2025-09-19T12:56:19.6011310Z Setting up libimath-3-1-29t64:amd64 (3.1.9-3.1ubuntu2) ...
e2e	Install Playwright browsers	2025-09-19T12:56:19.6031404Z Setting up libunibreak5:amd64 (5.1-2build1) ...
e2e	Install Playwright browsers	2025-09-19T12:56:19.6049629Z Setting up libdv4t64:amd64 (1.0.0-17.1build1) ...
e2e	Install Playwright browsers	2025-09-19T12:56:19.6069650Z Setting up libjxl0.7:amd64 (0.7.0-10.2ubuntu6.1) ...
e2e	Install Playwright browsers	2025-09-19T12:56:19.6088317Z Setting up libopenh264-7:amd64 (2.4.1+dfsg-1) ...
e2e	Install Playwright browsers	2025-09-19T12:56:19.6110030Z Setting up libltc11:amd64 (1.3.2-1build1) ...
e2e	Install Playwright browsers	2025-09-19T12:56:19.6132649Z Setting up libx265-199:amd64 (3.5-2build1) ...
e2e	Install Playwright browsers	2025-09-19T12:56:19.6152272Z Setting up libv4l-0t64:amd64 (1.26.1-4build3) ...
e2e	Install Playwright browsers	2025-09-19T12:56:19.6173069Z Setting up libavtp0:amd64 (0.2.0-1build1) ...
e2e	Install Playwright browsers	2025-09-19T12:56:19.6196547Z Setting up libsndio7.0:amd64 (1.9.0-0.3build3) ...
e2e	Install Playwright browsers	2025-09-19T12:56:19.6218038Z Setting up libdirectfb-1.7-7t64:amd64 (1.7.7-11.1ubuntu2) ...
e2e	Install Playwright browsers	2025-09-19T12:56:19.6238122Z Setting up libspandsp2t64:amd64 (0.0.6+dfsg-2.1build1) ...
e2e	Install Playwright browsers	2025-09-19T12:56:19.6259564Z Setting up libvidstab1.1:amd64 (1.1.0-2build1) ...
e2e	Install Playwright browsers	2025-09-19T12:56:19.6280982Z Setting up libvpx9:amd64 (1.14.0-1ubuntu2.2) ...
e2e	Install Playwright browsers	2025-09-19T12:56:19.6412732Z Setting up libsrt1.5-gnutls:amd64 (1.5.3-1build2) ...
e2e	Install Playwright browsers	2025-09-19T12:56:19.6432614Z Setting up libtag1v5:amd64 (1.13.1-1build1) ...
e2e	Install Playwright browsers	2025-09-19T12:56:19.6454170Z Setting up libflite1:amd64 (2.2-6build3) ...
e2e	Install Playwright browsers	2025-09-19T12:56:19.6473366Z Setting up libdav1d7:amd64 (1.4.1-1build1) ...
e2e	Install Playwright browsers	2025-09-19T12:56:19.6491639Z Setting up libva-drm2:amd64 (2.20.0-2build1) ...
e2e	Install Playwright browsers	2025-09-19T12:56:19.6512769Z Setting up fonts-ipafont-gothic (00303-21ubuntu1) ...
e2e	Install Playwright browsers	2025-09-19T12:56:19.6577511Z update-alternatives: using /usr/share/fonts/opentype/ipafont-gothic/ipag.ttf to provide /usr/share/fonts/truetype/fonts-japanese-gothic.ttf (fonts-japanese-gothic.ttf) in auto mode
e2e	Install Playwright browsers	2025-09-19T12:56:19.6592367Z Setting up ocl-icd-libopencl1:amd64 (2.3.2-1build1) ...
e2e	Install Playwright browsers	2025-09-19T12:56:19.6612940Z Setting up libasyncns0:amd64 (0.8-6build4) ...
e2e	Install Playwright browsers	2025-09-19T12:56:19.6631580Z Setting up libwildmidi2:amd64 (0.4.3-1build3) ...
e2e	Install Playwright browsers	2025-09-19T12:56:19.6649238Z Setting up libvdpau1:amd64 (1.5-2build1) ...
e2e	Install Playwright browsers	2025-09-19T12:56:19.6676278Z Setting up libwavpack1:amd64 (5.6.0-1build1) ...
e2e	Install Playwright browsers	2025-09-19T12:56:19.6694679Z Setting up libbs2b0:amd64 (3.1.0+dfsg-7build1) ...
e2e	Install Playwright browsers	2025-09-19T12:56:19.6715961Z Setting up libtheora0:amd64 (1.1.1+dfsg.1-16.1build3) ...
e2e	Install Playwright browsers	2025-09-19T12:56:19.6735319Z Setting up libegl1:amd64 (1.7.0-1build1) ...
e2e	Install Playwright browsers	2025-09-19T12:56:19.6753325Z Setting up libdecor-0-0:amd64 (0.2.2-1build2) ...
e2e	Install Playwright browsers	2025-09-19T12:56:19.6773059Z Setting up libdca0:amd64 (0.0.7-2build1) ...
e2e	Install Playwright browsers	2025-09-19T12:56:19.6791925Z Setting up libzimg2:amd64 (3.0.5+ds1-1build1) ...
e2e	Install Playwright browsers	2025-09-19T12:56:19.6810205Z Setting up libopenal-data (1:1.23.1-4build1) ...
e2e	Install Playwright browsers	2025-09-19T12:56:19.6840883Z Setting up libabsl20220623t64:amd64 (20220623.1-3.1ubuntu3.2) ...
e2e	Install Playwright browsers	2025-09-19T12:56:19.6858410Z Setting up libflac12t64:amd64 (1.4.3+ds-2.1ubuntu2) ...
e2e	Install Playwright browsers	2025-09-19T12:56:19.6877584Z Setting up libgtk-4-common (4.14.5+ds-0ubuntu0.5) ...
e2e	Install Playwright browsers	2025-09-19T12:56:19.6896607Z Setting up libmpeg2encpp-2.1-0t64:amd64 (1:2.1.0+debian-8.1build1) ...
e2e	Install Playwright browsers	2025-09-19T12:56:19.6914238Z Setting up glib-networking-common (2.80.0-1build1) ...
e2e	Install Playwright browsers	2025-09-19T12:56:19.6931882Z Setting up libmfx1:amd64 (22.5.4-1) ...
e2e	Install Playwright browsers	2025-09-19T12:56:19.6952222Z Setting up libsamplerate0:amd64 (0.2.2-4build1) ...
e2e	Install Playwright browsers	2025-09-19T12:56:19.6970575Z Setting up timgm6mb-soundfont (1.3-5) ...
e2e	Install Playwright browsers	2025-09-19T12:56:19.7047242Z update-alternatives: using /usr/share/sounds/sf2/TimGM6mb.sf2 to provide /usr/share/sounds/sf2/default-GM.sf2 (default-GM.sf2) in auto mode
e2e	Install Playwright browsers	2025-09-19T12:56:19.7089449Z update-alternatives: using /usr/share/sounds/sf2/TimGM6mb.sf2 to provide /usr/share/sounds/sf3/default-GM.sf3 (default-GM.sf3) in auto mode
e2e	Install Playwright browsers	2025-09-19T12:56:19.7105226Z Setting up libva-x11-2:amd64 (2.20.0-2build1) ...
e2e	Install Playwright browsers	2025-09-19T12:56:19.7124362Z Setting up libyuv0:amd64 (0.0~git202401110.af6ac82-1) ...
e2e	Install Playwright browsers	2025-09-19T12:56:19.7144361Z Setting up libmplex2-2.1-0t64:amd64 (1:2.1.0+debian-8.1build1) ...
e2e	Install Playwright browsers	2025-09-19T12:56:19.7166152Z Setting up libpipewire-0.3-0t64:amd64 (1.0.5-1ubuntu3.1) ...
e2e	Install Playwright browsers	2025-09-19T12:56:19.7186364Z Setting up libcups2t64:amd64 (2.4.7-1.2ubuntu7.4) ...
e2e	Install Playwright browsers	2025-09-19T12:56:19.7207077Z Setting up libxml2:amd64 (2.9.14+dfsg-1.3ubuntu3.5) ...
e2e	Install Playwright browsers	2025-09-19T12:56:19.7226173Z Setting up libopenmpt0t64:amd64 (0.7.3-1.1build3) ...
e2e	Install Playwright browsers	2025-09-19T12:56:19.7245183Z Setting up libzvbi-common (0.2.42-2) ...
e2e	Install Playwright browsers	2025-09-19T12:56:19.7267125Z Setting up libsecret-common (0.21.4-1build3) ...
e2e	Install Playwright browsers	2025-09-19T12:56:19.7285752Z Setting up libmp3lame0:amd64 (3.100-6build1) ...
e2e	Install Playwright browsers	2025-09-19T12:56:19.7303419Z Setting up libgraphene-1.0-0:amd64 (1.10.8-3build2) ...
e2e	Install Playwright browsers	2025-09-19T12:56:19.7323106Z Setting up libvorbisenc2:amd64 (1.3.7-1build3) ...
e2e	Install Playwright browsers	2025-09-19T12:56:19.7341289Z Setting up libdvdnav4:amd64 (6.1.1-3build1) ...
e2e	Install Playwright browsers	2025-09-19T12:56:19.7359196Z Setting up fonts-unifont (1:15.1.01-1build1) ...
e2e	Install Playwright browsers	2025-09-19T12:56:19.7378754Z Setting up libaa1:amd64 (1.4p5-51.1) ...
e2e	Install Playwright browsers	2025-09-19T12:56:19.7397782Z Setting up libiec61883-0:amd64 (1.2.0-6build1) ...
e2e	Install Playwright browsers	2025-09-19T12:56:19.7418194Z Setting up libserd-0-0:amd64 (0.32.2-1) ...
e2e	Install Playwright browsers	2025-09-19T12:56:19.7438462Z Setting up libavc1394-0:amd64 (0.5.4-5build3) ...
e2e	Install Playwright browsers	2025-09-19T12:56:19.7457304Z Setting up gsettings-desktop-schemas (46.1-0ubuntu1) ...
e2e	Install Playwright browsers	2025-09-19T12:56:19.7475427Z Setting up glib-networking-services (2.80.0-1build1) ...
e2e	Install Playwright browsers	2025-09-19T12:56:19.7496229Z Setting up liblapack3:amd64 (3.12.0-3build1.1) ...
e2e	Install Playwright browsers	2025-09-19T12:56:19.7550996Z update-alternatives: using /usr/lib/x86_64-linux-gnu/lapack/liblapack.so.3 to provide /usr/lib/x86_64-linux-gnu/liblapack.so.3 (liblapack.so.3-x86_64-linux-gnu) in auto mode
e2e	Install Playwright browsers	2025-09-19T12:56:19.7565698Z Setting up libneon27t64:amd64 (0.33.0-1.1build3) ...
e2e	Install Playwright browsers	2025-09-19T12:56:19.7586929Z Setting up libzvbi0t64:amd64 (0.2.42-2) ...
e2e	Install Playwright browsers	2025-09-19T12:56:19.7609370Z Setting up libraptor2-0:amd64 (2.0.16-3ubuntu0.1) ...
e2e	Install Playwright browsers	2025-09-19T12:56:19.7627599Z Setting up libzbar0t64:amd64 (0.23.93-4build3) ...
e2e	Install Playwright browsers	2025-09-19T12:56:19.7646472Z Setting up libgstreamer-plugins-base1.0-0:amd64 (1.24.2-1ubuntu0.3) ...
e2e	Install Playwright browsers	2025-09-19T12:56:19.7673921Z Setting up libavutil58:amd64 (7:6.1.1-3ubuntu5) ...
e2e	Install Playwright browsers	2025-09-19T12:56:19.7691975Z Setting up libopenal1:amd64 (1:1.23.1-4build1) ...
e2e	Install Playwright browsers	2025-09-19T12:56:19.7710752Z Setting up xfonts-utils (1:7.7+6build3) ...
e2e	Install Playwright browsers	2025-09-19T12:56:19.7750554Z Setting up librsvg2-2:amd64 (2.58.0+dfsg-1build1) ...
e2e	Install Playwright browsers	2025-09-19T12:56:19.7769673Z Setting up libxml2-dev:amd64 (2.9.14+dfsg-1.3ubuntu3.5) ...
e2e	Install Playwright browsers	2025-09-19T12:56:19.7788924Z Setting up libsecret-1-0:amd64 (0.21.4-1build3) ...
e2e	Install Playwright browsers	2025-09-19T12:56:19.7809263Z Setting up libgstreamer-plugins-good1.0-0:amd64 (1.24.2-1ubuntu1.2) ...
e2e	Install Playwright browsers	2025-09-19T12:56:19.7830652Z Setting up libgstreamer-gl1.0-0:amd64 (1.24.2-1ubuntu0.3) ...
e2e	Install Playwright browsers	2025-09-19T12:56:19.7849696Z Setting up gstreamer1.0-plugins-base:amd64 (1.24.2-1ubuntu0.3) ...
e2e	Install Playwright browsers	2025-09-19T12:56:19.7870267Z Setting up libass9:amd64 (1:0.17.1-2build1) ...
e2e	Install Playwright browsers	2025-09-19T12:56:19.7890643Z Setting up libswresample4:amd64 (7:6.1.1-3ubuntu5) ...
e2e	Install Playwright browsers	2025-09-19T12:56:19.7910519Z Setting up libopenexr-3-1-30:amd64 (3.1.5-5.1build3) ...
e2e	Install Playwright browsers	2025-09-19T12:56:19.7930718Z Setting up libshout3:amd64 (2.4.6-1build2) ...
e2e	Install Playwright browsers	2025-09-19T12:56:19.7949686Z Setting up libgav1-1:amd64 (0.18.0-1build3) ...
e2e	Install Playwright browsers	2025-09-19T12:56:19.7970842Z Setting up libavcodec60:amd64 (7:6.1.1-3ubuntu5) ...
e2e	Install Playwright browsers	2025-09-19T12:56:19.7991256Z Setting up librubberband2:amd64 (3.3.0+dfsg-2build1) ...
e2e	Install Playwright browsers	2025-09-19T12:56:19.8009711Z Setting up libjack-jackd2-0:amd64 (1.9.21~dfsg-3ubuntu3) ...
e2e	Install Playwright browsers	2025-09-19T12:56:19.8032242Z Setting up libsord-0-0:amd64 (0.16.16-2build1) ...
e2e	Install Playwright browsers	2025-09-19T12:56:19.8052787Z Setting up xfonts-cyrillic (1:1.0.5+nmu1) ...
e2e	Install Playwright browsers	2025-09-19T12:56:19.8501787Z Setting up libpostproc57:amd64 (7:6.1.1-3ubuntu5) ...
e2e	Install Playwright browsers	2025-09-19T12:56:19.8520608Z Setting up libsratom-0-0:amd64 (0.6.16-1build1) ...
e2e	Install Playwright browsers	2025-09-19T12:56:19.8541473Z Setting up libsndfile1:amd64 (1.2.2-1ubuntu5.24.04.1) ...
e2e	Install Playwright browsers	2025-09-19T12:56:19.8561506Z Setting up libbluray2:amd64 (1:1.3.4-1build1) ...
e2e	Install Playwright browsers	2025-09-19T12:56:19.8581216Z Setting up liblilv-0-0:amd64 (0.24.22-1build1) ...
e2e	Install Playwright browsers	2025-09-19T12:56:19.8602446Z Setting up libinstpatch-1.0-2:amd64 (1.1.6-1build2) ...
e2e	Install Playwright browsers	2025-09-19T12:56:19.8623155Z Setting up xfonts-scalable (1:1.0.3-1.3) ...
e2e	Install Playwright browsers	2025-09-19T12:56:19.8949740Z Setting up libswscale7:amd64 (7:6.1.1-3ubuntu5) ...
e2e	Install Playwright browsers	2025-09-19T12:56:19.8970494Z Setting up libavif16:amd64 (1.0.4-1ubuntu3) ...
e2e	Install Playwright browsers	2025-09-19T12:56:19.8989838Z Setting up libpulse0:amd64 (1:16.1+dfsg1-2ubuntu10.1) ...
e2e	Install Playwright browsers	2025-09-19T12:56:19.9164842Z Setting up liblrdf0:amd64 (0.6.1-4build1) ...
e2e	Install Playwright browsers	2025-09-19T12:56:19.9189854Z Setting up libavformat60:amd64 (7:6.1.1-3ubuntu5) ...
e2e	Install Playwright browsers	2025-09-19T12:56:19.9208654Z Setting up libsphinxbase3t64:amd64 (0.8+5prealpha+1-17build2) ...
e2e	Install Playwright browsers	2025-09-19T12:56:19.9228025Z Setting up libsdl2-2.0-0:amd64 (2.30.0+dfsg-1ubuntu3.1) ...
e2e	Install Playwright browsers	2025-09-19T12:56:19.9248599Z Setting up libfluidsynth3:amd64 (2.3.4-1build3) ...
e2e	Install Playwright browsers	2025-09-19T12:56:19.9267346Z Setting up libpocketsphinx3:amd64 (0.8.0+real5prealpha+1-15ubuntu5) ...
e2e	Install Playwright browsers	2025-09-19T12:56:19.9286509Z Setting up libavfilter9:amd64 (7:6.1.1-3ubuntu5) ...
e2e	Install Playwright browsers	2025-09-19T12:56:19.9309189Z Setting up gstreamer1.0-libav:amd64 (1.24.1-1build1) ...
e2e	Install Playwright browsers	2025-09-19T12:56:19.9581796Z Processing triggers for fontconfig (2.15.0-1.1ubuntu2) ...
e2e	Install Playwright browsers	2025-09-19T12:56:20.1141819Z Processing triggers for libc-bin (2.39-0ubuntu8.5) ...
e2e	Install Playwright browsers	2025-09-19T12:56:21.6788068Z Processing triggers for man-db (2.12.0-4build2) ...
e2e	Install Playwright browsers	2025-09-19T12:57:09.8248629Z Processing triggers for libglib2.0-0t64:amd64 (2.80.0-6ubuntu3.4) ...
e2e	Install Playwright browsers	2025-09-19T12:57:09.8647675Z Setting up libgtk-4-1:amd64 (4.14.5+ds-0ubuntu0.5) ...
e2e	Install Playwright browsers	2025-09-19T12:57:09.9684787Z Setting up glib-networking:amd64 (2.80.0-1build1) ...
e2e	Install Playwright browsers	2025-09-19T12:57:09.9717701Z Setting up libsoup-3.0-0:amd64 (3.4.4-5ubuntu0.5) ...
e2e	Install Playwright browsers	2025-09-19T12:57:09.9748070Z Setting up libgssdp-1.6-0:amd64 (1.6.3-1build3) ...
e2e	Install Playwright browsers	2025-09-19T12:57:09.9817243Z Setting up gstreamer1.0-plugins-good:amd64 (1.24.2-1ubuntu1.2) ...
e2e	Install Playwright browsers	2025-09-19T12:57:09.9840028Z Setting up libgupnp-1.6-0:amd64 (1.6.6-1build3) ...
e2e	Install Playwright browsers	2025-09-19T12:57:09.9896636Z Setting up libgupnp-igd-1.6-0:amd64 (1.6.0-3build3) ...
e2e	Install Playwright browsers	2025-09-19T12:57:09.9931834Z Setting up libnice10:amd64 (0.1.21-2build3) ...
e2e	Install Playwright browsers	2025-09-19T12:57:09.9978748Z Setting up libgstreamer-plugins-bad1.0-0:amd64 (1.24.2-1ubuntu4) ...
e2e	Install Playwright browsers	2025-09-19T12:57:10.0017566Z Setting up gstreamer1.0-plugins-bad:amd64 (1.24.2-1ubuntu4) ...
e2e	Install Playwright browsers	2025-09-19T12:57:10.0039680Z Processing triggers for libc-bin (2.39-0ubuntu8.5) ...
e2e	Install Playwright browsers	2025-09-19T12:57:11.1343532Z 
e2e	Install Playwright browsers	2025-09-19T12:57:11.1344376Z Running kernel seems to be up-to-date.
e2e	Install Playwright browsers	2025-09-19T12:57:11.1346000Z 
e2e	Install Playwright browsers	2025-09-19T12:57:11.1346247Z Restarting services...
e2e	Install Playwright browsers	2025-09-19T12:57:11.1559448Z  systemctl restart packagekit.service php8.3-fpm.service
e2e	Install Playwright browsers	2025-09-19T12:57:11.2558561Z 
e2e	Install Playwright browsers	2025-09-19T12:57:11.2564208Z Service restarts being deferred:
e2e	Install Playwright browsers	2025-09-19T12:57:11.2564616Z  systemctl restart hosted-compute-agent.service
e2e	Install Playwright browsers	2025-09-19T12:57:11.2564830Z 
e2e	Install Playwright browsers	2025-09-19T12:57:11.2564970Z No containers need to be restarted.
e2e	Install Playwright browsers	2025-09-19T12:57:11.2565146Z 
e2e	Install Playwright browsers	2025-09-19T12:57:11.2565322Z No user sessions are running outdated binaries.
e2e	Install Playwright browsers	2025-09-19T12:57:11.2565513Z 
e2e	Install Playwright browsers	2025-09-19T12:57:11.2565786Z No VM guests are running outdated hypervisor (qemu) binaries on this host.
e2e	Install Playwright browsers	2025-09-19T12:57:12.0560563Z Downloading Chromium 140.0.7339.16 (playwright build v1187) from https://cdn.playwright.dev/dbazure/download/playwright/builds/chromium/1187/chromium-linux.zip
e2e	Install Playwright browsers	2025-09-19T12:57:12.2516484Z |                                                                                |   0% of 173.7 MiB
e2e	Install Playwright browsers	2025-09-19T12:57:12.4182609Z |■■■■■■■■                                                                        |  10% of 173.7 MiB
e2e	Install Playwright browsers	2025-09-19T12:57:12.5254402Z |■■■■■■■■■■■■■■■■                                                                |  20% of 173.7 MiB
e2e	Install Playwright browsers	2025-09-19T12:57:12.6321403Z |■■■■■■■■■■■■■■■■■■■■■■■■                                                        |  30% of 173.7 MiB
e2e	Install Playwright browsers	2025-09-19T12:57:12.7207448Z |■■■■■■■■■■■■■■■■■■■■■■■■■■■■■■■■                                                |  40% of 173.7 MiB
e2e	Install Playwright browsers	2025-09-19T12:57:12.7998582Z |■■■■■■■■■■■■■■■■■■■■■■■■■■■■■■■■■■■■■■■■                                        |  50% of 173.7 MiB
e2e	Install Playwright browsers	2025-09-19T12:57:12.8898223Z |■■■■■■■■■■■■■■■■■■■■■■■■■■■■■■■■■■■■■■■■■■■■■■■■                                |  60% of 173.7 MiB
e2e	Install Playwright browsers	2025-09-19T12:57:12.9701456Z |■■■■■■■■■■■■■■■■■■■■■■■■■■■■■■■■■■■■■■■■■■■■■■■■■■■■■■■■                        |  70% of 173.7 MiB
e2e	Install Playwright browsers	2025-09-19T12:57:13.0579674Z |■■■■■■■■■■■■■■■■■■■■■■■■■■■■■■■■■■■■■■■■■■■■■■■■■■■■■■■■■■■■■■■■                |  80% of 173.7 MiB
e2e	Install Playwright browsers	2025-09-19T12:57:13.1378321Z |■■■■■■■■■■■■■■■■■■■■■■■■■■■■■■■■■■■■■■■■■■■■■■■■■■■■■■■■■■■■■■■■■■■■■■■■        |  90% of 173.7 MiB
e2e	Install Playwright browsers	2025-09-19T12:57:13.2074598Z |■■■■■■■■■■■■■■■■■■■■■■■■■■■■■■■■■■■■■■■■■■■■■■■■■■■■■■■■■■■■■■■■■■■■■■■■■■■■■■■■| 100% of 173.7 MiB
e2e	Install Playwright browsers	2025-09-19T12:57:16.9182466Z Chromium 140.0.7339.16 (playwright build v1187) downloaded to /home/runner/.cache/ms-playwright/chromium-1187
e2e	Install Playwright browsers	2025-09-19T12:57:16.9186157Z Downloading Chromium Headless Shell 140.0.7339.16 (playwright build v1187) from https://cdn.playwright.dev/dbazure/download/playwright/builds/chromium/1187/chromium-headless-shell-linux.zip
e2e	Install Playwright browsers	2025-09-19T12:57:17.1150290Z |                                                                                |   0% of 104.3 MiB
e2e	Install Playwright browsers	2025-09-19T12:57:17.2297651Z |■■■■■■■■                                                                        |  10% of 104.3 MiB
e2e	Install Playwright browsers	2025-09-19T12:57:17.3110947Z |■■■■■■■■■■■■■■■■                                                                |  20% of 104.3 MiB
e2e	Install Playwright browsers	2025-09-19T12:57:17.3923103Z |■■■■■■■■■■■■■■■■■■■■■■■■                                                        |  30% of 104.3 MiB
e2e	Install Playwright browsers	2025-09-19T12:57:17.4672773Z |■■■■■■■■■■■■■■■■■■■■■■■■■■■■■■■■                                                |  40% of 104.3 MiB
e2e	Install Playwright browsers	2025-09-19T12:57:17.5329069Z |■■■■■■■■■■■■■■■■■■■■■■■■■■■■■■■■■■■■■■■■                                        |  50% of 104.3 MiB
e2e	Install Playwright browsers	2025-09-19T12:57:17.5944932Z |■■■■■■■■■■■■■■■■■■■■■■■■■■■■■■■■■■■■■■■■■■■■■■■■                                |  60% of 104.3 MiB
e2e	Install Playwright browsers	2025-09-19T12:57:17.6605918Z |■■■■■■■■■■■■■■■■■■■■■■■■■■■■■■■■■■■■■■■■■■■■■■■■■■■■■■■■                        |  70% of 104.3 MiB
e2e	Install Playwright browsers	2025-09-19T12:57:17.7179460Z |■■■■■■■■■■■■■■■■■■■■■■■■■■■■■■■■■■■■■■■■■■■■■■■■■■■■■■■■■■■■■■■■                |  80% of 104.3 MiB
e2e	Install Playwright browsers	2025-09-19T12:57:17.7723617Z |■■■■■■■■■■■■■■■■■■■■■■■■■■■■■■■■■■■■■■■■■■■■■■■■■■■■■■■■■■■■■■■■■■■■■■■■        |  90% of 104.3 MiB
e2e	Install Playwright browsers	2025-09-19T12:57:17.8219812Z |■■■■■■■■■■■■■■■■■■■■■■■■■■■■■■■■■■■■■■■■■■■■■■■■■■■■■■■■■■■■■■■■■■■■■■■■■■■■■■■■| 100% of 104.3 MiB
e2e	Install Playwright browsers	2025-09-19T12:57:19.8079235Z Chromium Headless Shell 140.0.7339.16 (playwright build v1187) downloaded to /home/runner/.cache/ms-playwright/chromium_headless_shell-1187
e2e	Install Playwright browsers	2025-09-19T12:57:19.8081214Z Downloading Firefox 141.0 (playwright build v1490) from https://cdn.playwright.dev/dbazure/download/playwright/builds/firefox/1490/firefox-ubuntu-24.04.zip
e2e	Install Playwright browsers	2025-09-19T12:57:20.0065740Z |                                                                                |   0% of 96 MiB
e2e	Install Playwright browsers	2025-09-19T12:57:20.1146286Z |■■■■■■■■                                                                        |  10% of 96 MiB
e2e	Install Playwright browsers	2025-09-19T12:57:20.1887190Z |■■■■■■■■■■■■■■■■                                                                |  20% of 96 MiB
e2e	Install Playwright browsers	2025-09-19T12:57:20.2685082Z |■■■■■■■■■■■■■■■■■■■■■■■■                                                        |  30% of 96 MiB
e2e	Install Playwright browsers	2025-09-19T12:57:20.3335306Z |■■■■■■■■■■■■■■■■■■■■■■■■■■■■■■■■                                                |  40% of 96 MiB
e2e	Install Playwright browsers	2025-09-19T12:57:20.3892686Z |■■■■■■■■■■■■■■■■■■■■■■■■■■■■■■■■■■■■■■■■                                        |  50% of 96 MiB
e2e	Install Playwright browsers	2025-09-19T12:57:20.4445147Z |■■■■■■■■■■■■■■■■■■■■■■■■■■■■■■■■■■■■■■■■■■■■■■■■                                |  60% of 96 MiB
e2e	Install Playwright browsers	2025-09-19T12:57:20.5029977Z |■■■■■■■■■■■■■■■■■■■■■■■■■■■■■■■■■■■■■■■■■■■■■■■■■■■■■■■■                        |  70% of 96 MiB
e2e	Install Playwright browsers	2025-09-19T12:57:20.5561705Z |■■■■■■■■■■■■■■■■■■■■■■■■■■■■■■■■■■■■■■■■■■■■■■■■■■■■■■■■■■■■■■■■                |  80% of 96 MiB
e2e	Install Playwright browsers	2025-09-19T12:57:20.6077764Z |■■■■■■■■■■■■■■■■■■■■■■■■■■■■■■■■■■■■■■■■■■■■■■■■■■■■■■■■■■■■■■■■■■■■■■■■        |  90% of 96 MiB
e2e	Install Playwright browsers	2025-09-19T12:57:20.6601106Z |■■■■■■■■■■■■■■■■■■■■■■■■■■■■■■■■■■■■■■■■■■■■■■■■■■■■■■■■■■■■■■■■■■■■■■■■■■■■■■■■| 100% of 96 MiB
e2e	Install Playwright browsers	2025-09-19T12:57:22.5372773Z Firefox 141.0 (playwright build v1490) downloaded to /home/runner/.cache/ms-playwright/firefox-1490
e2e	Install Playwright browsers	2025-09-19T12:57:22.5375167Z Downloading Webkit 26.0 (playwright build v2203) from https://cdn.playwright.dev/dbazure/download/playwright/builds/webkit/2203/webkit-ubuntu-24.04.zip
e2e	Install Playwright browsers	2025-09-19T12:57:22.7500222Z |                                                                                |   0% of 94.2 MiB
e2e	Install Playwright browsers	2025-09-19T12:57:22.8917089Z |■■■■■■■■                                                                        |  10% of 94.2 MiB
e2e	Install Playwright browsers	2025-09-19T12:57:22.9821934Z |■■■■■■■■■■■■■■■■                                                                |  20% of 94.2 MiB
e2e	Install Playwright browsers	2025-09-19T12:57:23.0646514Z |■■■■■■■■■■■■■■■■■■■■■■■■                                                        |  30% of 94.2 MiB
e2e	Install Playwright browsers	2025-09-19T12:57:23.1327540Z |■■■■■■■■■■■■■■■■■■■■■■■■■■■■■■■■                                                |  40% of 94.2 MiB
e2e	Install Playwright browsers	2025-09-19T12:57:23.1896498Z |■■■■■■■■■■■■■■■■■■■■■■■■■■■■■■■■■■■■■■■■                                        |  50% of 94.2 MiB
e2e	Install Playwright browsers	2025-09-19T12:57:23.2422956Z |■■■■■■■■■■■■■■■■■■■■■■■■■■■■■■■■■■■■■■■■■■■■■■■■                                |  60% of 94.2 MiB
e2e	Install Playwright browsers	2025-09-19T12:57:23.3001616Z |■■■■■■■■■■■■■■■■■■■■■■■■■■■■■■■■■■■■■■■■■■■■■■■■■■■■■■■■                        |  70% of 94.2 MiB
e2e	Install Playwright browsers	2025-09-19T12:57:23.3517842Z |■■■■■■■■■■■■■■■■■■■■■■■■■■■■■■■■■■■■■■■■■■■■■■■■■■■■■■■■■■■■■■■■                |  80% of 94.2 MiB
e2e	Install Playwright browsers	2025-09-19T12:57:23.4076468Z |■■■■■■■■■■■■■■■■■■■■■■■■■■■■■■■■■■■■■■■■■■■■■■■■■■■■■■■■■■■■■■■■■■■■■■■■        |  90% of 94.2 MiB
e2e	Install Playwright browsers	2025-09-19T12:57:23.4583886Z |■■■■■■■■■■■■■■■■■■■■■■■■■■■■■■■■■■■■■■■■■■■■■■■■■■■■■■■■■■■■■■■■■■■■■■■■■■■■■■■■| 100% of 94.2 MiB
e2e	Install Playwright browsers	2025-09-19T12:57:25.4970872Z Webkit 26.0 (playwright build v2203) downloaded to /home/runner/.cache/ms-playwright/webkit-2203
e2e	Install Playwright browsers	2025-09-19T12:57:25.4972980Z Downloading FFMPEG playwright build v1011 from https://cdn.playwright.dev/dbazure/download/playwright/builds/ffmpeg/1011/ffmpeg-linux.zip
e2e	Install Playwright browsers	2025-09-19T12:57:25.7138254Z |                                                                                |   0% of 2.3 MiB
e2e	Install Playwright browsers	2025-09-19T12:57:25.7263035Z |■■■■■■■■                                                                        |  10% of 2.3 MiB
e2e	Install Playwright browsers	2025-09-19T12:57:25.7325900Z |■■■■■■■■■■■■■■■■                                                                |  20% of 2.3 MiB
e2e	Install Playwright browsers	2025-09-19T12:57:25.7362708Z |■■■■■■■■■■■■■■■■■■■■■■■■                                                        |  30% of 2.3 MiB
e2e	Install Playwright browsers	2025-09-19T12:57:25.7392149Z |■■■■■■■■■■■■■■■■■■■■■■■■■■■■■■■■                                                |  40% of 2.3 MiB
e2e	Install Playwright browsers	2025-09-19T12:57:25.7421051Z |■■■■■■■■■■■■■■■■■■■■■■■■■■■■■■■■■■■■■■■■                                        |  50% of 2.3 MiB
e2e	Install Playwright browsers	2025-09-19T12:57:25.7444256Z |■■■■■■■■■■■■■■■■■■■■■■■■■■■■■■■■■■■■■■■■■■■■■■■■                                |  60% of 2.3 MiB
e2e	Install Playwright browsers	2025-09-19T12:57:25.7491896Z |■■■■■■■■■■■■■■■■■■■■■■■■■■■■■■■■■■■■■■■■■■■■■■■■■■■■■■■■                        |  70% of 2.3 MiB
e2e	Install Playwright browsers	2025-09-19T12:57:25.7545094Z |■■■■■■■■■■■■■■■■■■■■■■■■■■■■■■■■■■■■■■■■■■■■■■■■■■■■■■■■■■■■■■■■                |  80% of 2.3 MiB
e2e	Install Playwright browsers	2025-09-19T12:57:25.7570069Z |■■■■■■■■■■■■■■■■■■■■■■■■■■■■■■■■■■■■■■■■■■■■■■■■■■■■■■■■■■■■■■■■■■■■■■■■        |  90% of 2.3 MiB
e2e	Install Playwright browsers	2025-09-19T12:57:25.7594465Z |■■■■■■■■■■■■■■■■■■■■■■■■■■■■■■■■■■■■■■■■■■■■■■■■■■■■■■■■■■■■■■■■■■■■■■■■■■■■■■■■| 100% of 2.3 MiB
e2e	Install Playwright browsers	2025-09-19T12:57:25.8226955Z FFMPEG playwright build v1011 downloaded to /home/runner/.cache/ms-playwright/ffmpeg-1011
e2e	Start backend and static server (background)	﻿2025-09-19T12:57:26.2035252Z ##[group]Run set -euo pipefail
e2e	Start backend and static server (background)	2025-09-19T12:57:26.2035583Z [36;1mset -euo pipefail[0m
e2e	Start backend and static server (background)	2025-09-19T12:57:26.2035834Z [36;1m# Start backend and log to /tmp/backend.log[0m
e2e	Start backend and static server (background)	2025-09-19T12:57:26.2036171Z [36;1mnode ./server/index.js > /tmp/backend.log 2>&1 &[0m
e2e	Start backend and static server (background)	2025-09-19T12:57:26.2036468Z [36;1mecho "$!" > /tmp/backend.pid[0m
e2e	Start backend and static server (background)	2025-09-19T12:57:26.2036815Z [36;1m# Start static server on the agreed port (8001) and log to /tmp/static.log[0m
e2e	Start backend and static server (background)	2025-09-19T12:57:26.2037245Z [36;1mpython3 -m http.server 8001 > /tmp/static.log 2>&1 &[0m
e2e	Start backend and static server (background)	2025-09-19T12:57:26.2037551Z [36;1mecho "$!" > /tmp/static.pid[0m
e2e	Start backend and static server (background)	2025-09-19T12:57:26.2037872Z [36;1m# Wait for services to respond (increase retries for flaky runners)[0m
e2e	Start backend and static server (background)	2025-09-19T12:57:26.2038195Z [36;1mfor i in {1..60}; do[0m
e2e	Start backend and static server (background)	2025-09-19T12:57:26.2038772Z [36;1m  if curl -sSf http://localhost:4000/api/leaderboard >/dev/null 2>&1 && curl -sSf http://localhost:8001/standalone.html >/dev/null 2>&1; then[0m
e2e	Start backend and static server (background)	2025-09-19T12:57:26.2039318Z [36;1m    echo "services are up"; break[0m
e2e	Start backend and static server (background)	2025-09-19T12:57:26.2039577Z [36;1m  fi[0m
e2e	Start backend and static server (background)	2025-09-19T12:57:26.2039749Z [36;1m  sleep 2[0m
e2e	Start backend and static server (background)	2025-09-19T12:57:26.2039923Z [36;1mdone[0m
e2e	Start backend and static server (background)	2025-09-19T12:57:26.2069751Z shell: /usr/bin/bash -e {0}
e2e	Start backend and static server (background)	2025-09-19T12:57:26.2069984Z env:
e2e	Start backend and static server (background)	2025-09-19T12:57:26.2070181Z   NODE_OPTIONS: --experimental-vm-modules
e2e	Start backend and static server (background)	2025-09-19T12:57:26.2070438Z ##[endgroup]
e2e	Start backend and static server (background)	2025-09-19T12:57:28.2559349Z services are up
e2e	Run Playwright via runner script	﻿2025-09-19T12:57:28.2583888Z ##[group]Run node ./scripts/run-playwright-with-backend.js
e2e	Run Playwright via runner script	2025-09-19T12:57:28.2584354Z [36;1mnode ./scripts/run-playwright-with-backend.js[0m
e2e	Run Playwright via runner script	2025-09-19T12:57:28.2614276Z shell: /usr/bin/bash -e {0}
e2e	Run Playwright via runner script	2025-09-19T12:57:28.2614518Z env:
e2e	Run Playwright via runner script	2025-09-19T12:57:28.2614715Z   NODE_OPTIONS: --experimental-vm-modules
e2e	Run Playwright via runner script	2025-09-19T12:57:28.2614972Z ##[endgroup]
e2e	Run Playwright via runner script	2025-09-19T12:57:28.2948987Z Checking backend and static servers...
e2e	Run Playwright via runner script	2025-09-19T12:57:28.3055096Z Backend already running; reusing existing instance.
e2e	Run Playwright via runner script	2025-09-19T12:57:28.3072323Z Starting static file server on port 8001...
e2e	Run Playwright via runner script	2025-09-19T12:57:28.3115016Z Backend responsive. Waiting for static server...
e2e	Run Playwright via runner script	2025-09-19T12:57:28.4005519Z Traceback (most recent call last):
e2e	Run Playwright via runner script	2025-09-19T12:57:28.4005927Z   File "<frozen runpy>", line 198, in _run_module_as_main
e2e	Run Playwright via runner script	2025-09-19T12:57:28.4006261Z   File "<frozen runpy>", line 88, in _run_code
e2e	Run Playwright via runner script	2025-09-19T12:57:28.4006615Z   File "/usr/lib/python3.12/http/server.py", line 1314, in <module>
e2e	Run Playwright via runner script	2025-09-19T12:57:28.4007324Z     test(
e2e	Run Playwright via runner script	2025-09-19T12:57:28.4007963Z   File "/usr/lib/python3.12/http/server.py", line 1261, in test
e2e	Run Playwright via runner script	2025-09-19T12:57:28.4009602Z     with ServerClass(addr, HandlerClass) as httpd:
e2e	Run Playwright via runner script	2025-09-19T12:57:28.4009920Z          ^^^^^^^^^^^^^^^^^^^^^^^^^^^^^^^
e2e	Run Playwright via runner script	2025-09-19T12:57:28.4010254Z   File "/usr/lib/python3.12/socketserver.py", line 457, in __init__
e2e	Run Playwright via runner script	2025-09-19T12:57:28.4011130Z     self.server_bind()
e2e	Run Playwright via runner script	2025-09-19T12:57:28.4011497Z   File "/usr/lib/python3.12/http/server.py", line 1308, in server_bind
e2e	Run Playwright via runner script	2025-09-19T12:57:28.4013347Z     return super().server_bind()
e2e	Run Playwright via runner script	2025-09-19T12:57:28.4013813Z            ^^^^^^^^^^^^^^^^^^^^^
e2e	Run Playwright via runner script	2025-09-19T12:57:28.4014299Z   File "/usr/lib/python3.12/http/server.py", line 136, in server_bind
e2e	Run Playwright via runner script	2025-09-19T12:57:28.4014748Z     socketserver.TCPServer.server_bind(self)
e2e	Run Playwright via runner script	2025-09-19T12:57:28.4015117Z   File "/usr/lib/python3.12/socketserver.py", line 473, in server_bind
e2e	Run Playwright via runner script	2025-09-19T12:57:28.4016086Z     self.socket.bind(self.server_address)
e2e	Run Playwright via runner script	2025-09-19T12:57:28.4016449Z OSError: [Errno 98] Address already in use
e2e	Run Playwright via runner script	2025-09-19T12:57:40.3629856Z Error waiting for servers: timeout waiting for http://localhost:8001/standalone.html
e2e	Run Playwright via runner script	2025-09-19T12:57:40.3671499Z ##[error]Process completed with exit code 3.
e2e	Upload Playwright artifacts (on failure)	﻿2025-09-19T12:57:40.3725949Z ##[group]Run actions/upload-artifact@v4
e2e	Upload Playwright artifacts (on failure)	2025-09-19T12:57:40.3726226Z with:
e2e	Upload Playwright artifacts (on failure)	2025-09-19T12:57:40.3726426Z   name: playwright-artifacts
e2e	Upload Playwright artifacts (on failure)	2025-09-19T12:57:40.3726958Z   path: test-results/**
e2e	Upload Playwright artifacts (on failure)	playwright-report/**
e2e	Upload Playwright artifacts (on failure)	trace.zip
e2e	Upload Playwright artifacts (on failure)	./playwright-traces/**
e2e	Upload Playwright artifacts (on failure)	./playwright-screenshots/**
e2e	Upload Playwright artifacts (on failure)	/tmp/backend.log
e2e	Upload Playwright artifacts (on failure)	/tmp/static.log
e2e	Upload Playwright artifacts (on failure)	
e2e	Upload Playwright artifacts (on failure)	2025-09-19T12:57:40.3727515Z   retention-days: 7
e2e	Upload Playwright artifacts (on failure)	2025-09-19T12:57:40.3727716Z   if-no-files-found: warn
e2e	Upload Playwright artifacts (on failure)	2025-09-19T12:57:40.3727928Z   compression-level: 6
e2e	Upload Playwright artifacts (on failure)	2025-09-19T12:57:40.3728117Z   overwrite: false
e2e	Upload Playwright artifacts (on failure)	2025-09-19T12:57:40.3728308Z   include-hidden-files: false
e2e	Upload Playwright artifacts (on failure)	2025-09-19T12:57:40.3728511Z env:
e2e	Upload Playwright artifacts (on failure)	2025-09-19T12:57:40.3728701Z   NODE_OPTIONS: --experimental-vm-modules
e2e	Upload Playwright artifacts (on failure)	2025-09-19T12:57:40.3728951Z ##[endgroup]
e2e	Upload Playwright artifacts (on failure)	2025-09-19T12:57:40.5804421Z Multiple search paths detected. Calculating the least common ancestor of all paths
e2e	Upload Playwright artifacts (on failure)	2025-09-19T12:57:40.5809584Z The least common ancestor is /. This will be the root directory of the artifact
e2e	Upload Playwright artifacts (on failure)	2025-09-19T12:57:40.5810496Z With the provided path, there will be 2 files uploaded
e2e	Upload Playwright artifacts (on failure)	2025-09-19T12:57:40.5815409Z Artifact name is valid!
e2e	Upload Playwright artifacts (on failure)	2025-09-19T12:57:40.5816447Z Root directory input is valid!
e2e	Upload Playwright artifacts (on failure)	2025-09-19T12:57:40.7078715Z Beginning upload of artifact content to blob storage
e2e	Upload Playwright artifacts (on failure)	2025-09-19T12:57:40.7825305Z Uploaded bytes 368
e2e	Upload Playwright artifacts (on failure)	2025-09-19T12:57:40.8022982Z Finished uploading artifact content to blob storage!
e2e	Upload Playwright artifacts (on failure)	2025-09-19T12:57:40.8026873Z SHA256 digest of uploaded artifact zip is 546374e650a86b0a8d311c9abfefe793954521e3ed565157f0de808838672f2a
e2e	Upload Playwright artifacts (on failure)	2025-09-19T12:57:40.8028580Z Finalizing artifact upload
e2e	Upload Playwright artifacts (on failure)	2025-09-19T12:57:40.8906838Z Artifact playwright-artifacts.zip successfully finalized. Artifact ID 4056106554
e2e	Upload Playwright artifacts (on failure)	2025-09-19T12:57:40.8908259Z Artifact playwright-artifacts has been successfully uploaded! Final size is 368 bytes. Artifact ID is 4056106554
e2e	Upload Playwright artifacts (on failure)	2025-09-19T12:57:40.8914678Z Artifact download URL: https://github.com/Picsbyeli/Picsbyeli.github.io/actions/runs/17858913505/artifacts/4056106554
e2e	Cleanup	﻿2025-09-19T12:57:40.9008935Z ##[group]Run if [ -f /tmp/backend.pid ]; then kill "$(cat /tmp/backend.pid)" || true; fi
e2e	Cleanup	2025-09-19T12:57:40.9009479Z [36;1mif [ -f /tmp/backend.pid ]; then kill "$(cat /tmp/backend.pid)" || true; fi[0m
e2e	Cleanup	2025-09-19T12:57:40.9009928Z [36;1mif [ -f /tmp/static.pid ]; then kill "$(cat /tmp/static.pid)" || true; fi[0m
e2e	Cleanup	2025-09-19T12:57:40.9039460Z shell: /usr/bin/bash -e {0}
e2e	Cleanup	2025-09-19T12:57:40.9039693Z env:
e2e	Cleanup	2025-09-19T12:57:40.9039899Z   NODE_OPTIONS: --experimental-vm-modules
e2e	Cleanup	2025-09-19T12:57:40.9040158Z ##[endgroup]
e2e	Post Checkout	﻿2025-09-19T12:57:40.9174206Z Post job cleanup.
e2e	Post Checkout	2025-09-19T12:57:41.0091620Z [command]/usr/bin/git version
e2e	Post Checkout	2025-09-19T12:57:41.0124352Z git version 2.51.0
e2e	Post Checkout	2025-09-19T12:57:41.0165902Z Temporarily overriding HOME='/home/runner/work/_temp/e2f263a1-caf9-4e5b-96f8-f1b09136af09' before making global git config changes
e2e	Post Checkout	2025-09-19T12:57:41.0167249Z Adding repository directory to the temporary git global config as a safe directory
e2e	Post Checkout	2025-09-19T12:57:41.0178124Z [command]/usr/bin/git config --global --add safe.directory /home/runner/work/Picsbyeli.github.io/Picsbyeli.github.io
e2e	Post Checkout	2025-09-19T12:57:41.0208665Z [command]/usr/bin/git config --local --name-only --get-regexp core\.sshCommand
e2e	Post Checkout	2025-09-19T12:57:41.0238798Z [command]/usr/bin/git submodule foreach --recursive sh -c "git config --local --name-only --get-regexp 'core\.sshCommand' && git config --local --unset-all 'core.sshCommand' || :"
e2e	Post Checkout	2025-09-19T12:57:41.0459885Z [command]/usr/bin/git config --local --name-only --get-regexp http\.https\:\/\/github\.com\/\.extraheader
e2e	Post Checkout	2025-09-19T12:57:41.0480413Z http.https://github.com/.extraheader
e2e	Post Checkout	2025-09-19T12:57:41.0495969Z [command]/usr/bin/git config --local --unset-all http.https://github.com/.extraheader
e2e	Post Checkout	2025-09-19T12:57:41.0526027Z [command]/usr/bin/git submodule foreach --recursive sh -c "git config --local --name-only --get-regexp 'http\.https\:\/\/github\.com\/\.extraheader' && git config --local --unset-all 'http.https://github.com/.extraheader' || :"
e2e	Complete job	﻿2025-09-19T12:57:41.0838706Z Cleaning up orphan processes
