e2e	Set up job	﻿2025-09-19T13:45:36.2598376Z Current runner version: '2.328.0'
e2e	Set up job	2025-09-19T13:45:36.2629413Z ##[group]Runner Image Provisioner
e2e	Set up job	2025-09-19T13:45:36.2630616Z Hosted Compute Agent
e2e	Set up job	2025-09-19T13:45:36.2631448Z Version: 20250829.383
e2e	Set up job	2025-09-19T13:45:36.2632442Z Commit: 27cb235aab5b0e52e153a26cd86b4742e89dac5d
e2e	Set up job	2025-09-19T13:45:36.2633617Z Build Date: 2025-08-29T13:48:48Z
e2e	Set up job	2025-09-19T13:45:36.2634532Z ##[endgroup]
e2e	Set up job	2025-09-19T13:45:36.2635400Z ##[group]Operating System
e2e	Set up job	2025-09-19T13:45:36.2636239Z Ubuntu
e2e	Set up job	2025-09-19T13:45:36.2637012Z 24.04.3
e2e	Set up job	2025-09-19T13:45:36.2637774Z LTS
e2e	Set up job	2025-09-19T13:45:36.2638764Z ##[endgroup]
e2e	Set up job	2025-09-19T13:45:36.2639472Z ##[group]Runner Image
e2e	Set up job	2025-09-19T13:45:36.2640417Z Image: ubuntu-24.04
e2e	Set up job	2025-09-19T13:45:36.2641230Z Version: 20250907.24.1
e2e	Set up job	2025-09-19T13:45:36.2642899Z Included Software: https://github.com/actions/runner-images/blob/ubuntu24/20250907.24/images/ubuntu/Ubuntu2404-Readme.md
e2e	Set up job	2025-09-19T13:45:36.2645339Z Image Release: https://github.com/actions/runner-images/releases/tag/ubuntu24%2F20250907.24
e2e	Set up job	2025-09-19T13:45:36.2647159Z ##[endgroup]
e2e	Set up job	2025-09-19T13:45:36.2649261Z ##[group]GITHUB_TOKEN Permissions
e2e	Set up job	2025-09-19T13:45:36.2651661Z Contents: read
e2e	Set up job	2025-09-19T13:45:36.2653070Z Metadata: read
e2e	Set up job	2025-09-19T13:45:36.2653941Z Packages: read
e2e	Set up job	2025-09-19T13:45:36.2654699Z ##[endgroup]
e2e	Set up job	2025-09-19T13:45:36.2657911Z Secret source: Actions
e2e	Set up job	2025-09-19T13:45:36.2659543Z Prepare workflow directory
e2e	Set up job	2025-09-19T13:45:36.3187504Z Prepare all required actions
e2e	Set up job	2025-09-19T13:45:36.3242090Z Getting action download info
e2e	Set up job	2025-09-19T13:45:36.6380608Z Download action repository 'actions/checkout@v4' (SHA:08eba0b27e820071cde6df949e0beb9ba4906955)
e2e	Set up job	2025-09-19T13:45:36.8172777Z Download action repository 'actions/cache@v4' (SHA:0400d5f644dc74513175e3cd8d07132dd4860809)
e2e	Set up job	2025-09-19T13:45:36.9750508Z Download action repository 'actions/setup-node@v4' (SHA:49933ea5288caeca8642d1e84afbd3f7d6820020)
e2e	Set up job	2025-09-19T13:45:37.1031227Z Download action repository 'actions/upload-artifact@v4' (SHA:ea165f8d65b6e75b540449e92b4886f43607fa02)
e2e	Set up job	2025-09-19T13:45:37.3866435Z Complete job name: e2e
e2e	Checkout	﻿2025-09-19T13:45:37.4632282Z ##[group]Run actions/checkout@v4
e2e	Checkout	2025-09-19T13:45:37.4633258Z with:
e2e	Checkout	2025-09-19T13:45:37.4633831Z   repository: Picsbyeli/Picsbyeli.github.io
e2e	Checkout	2025-09-19T13:45:37.4634815Z   token: ***
e2e	Checkout	2025-09-19T13:45:37.4635243Z   ssh-strict: true
e2e	Checkout	2025-09-19T13:45:37.4635688Z   ssh-user: git
e2e	Checkout	2025-09-19T13:45:37.4636158Z   persist-credentials: true
e2e	Checkout	2025-09-19T13:45:37.4636708Z   clean: true
e2e	Checkout	2025-09-19T13:45:37.4637170Z   sparse-checkout-cone-mode: true
e2e	Checkout	2025-09-19T13:45:37.4637796Z   fetch-depth: 1
e2e	Checkout	2025-09-19T13:45:37.4638409Z   fetch-tags: false
e2e	Checkout	2025-09-19T13:45:37.4638882Z   show-progress: true
e2e	Checkout	2025-09-19T13:45:37.4639353Z   lfs: false
e2e	Checkout	2025-09-19T13:45:37.4639759Z   submodules: false
e2e	Checkout	2025-09-19T13:45:37.4640259Z   set-safe-directory: true
e2e	Checkout	2025-09-19T13:45:37.4641043Z env:
e2e	Checkout	2025-09-19T13:45:37.4641519Z   NODE_OPTIONS: --experimental-vm-modules
e2e	Checkout	2025-09-19T13:45:37.4642222Z ##[endgroup]
e2e	Checkout	2025-09-19T13:45:37.5698908Z Syncing repository: Picsbyeli/Picsbyeli.github.io
e2e	Checkout	2025-09-19T13:45:37.5701236Z ##[group]Getting Git version info
e2e	Checkout	2025-09-19T13:45:37.5702540Z Working directory is '/home/runner/work/Picsbyeli.github.io/Picsbyeli.github.io'
e2e	Checkout	2025-09-19T13:45:37.5704149Z [command]/usr/bin/git version
e2e	Checkout	2025-09-19T13:45:37.5793522Z git version 2.51.0
e2e	Checkout	2025-09-19T13:45:37.5819790Z ##[endgroup]
e2e	Checkout	2025-09-19T13:45:37.5840204Z Temporarily overriding HOME='/home/runner/work/_temp/a253a6ee-965c-4dd0-89ec-1cd693076110' before making global git config changes
e2e	Checkout	2025-09-19T13:45:37.5842581Z Adding repository directory to the temporary git global config as a safe directory
e2e	Checkout	2025-09-19T13:45:37.5845028Z [command]/usr/bin/git config --global --add safe.directory /home/runner/work/Picsbyeli.github.io/Picsbyeli.github.io
e2e	Checkout	2025-09-19T13:45:37.5882858Z Deleting the contents of '/home/runner/work/Picsbyeli.github.io/Picsbyeli.github.io'
e2e	Checkout	2025-09-19T13:45:37.5885954Z ##[group]Initializing the repository
e2e	Checkout	2025-09-19T13:45:37.5890163Z [command]/usr/bin/git init /home/runner/work/Picsbyeli.github.io/Picsbyeli.github.io
e2e	Checkout	2025-09-19T13:45:37.6014919Z hint: Using 'master' as the name for the initial branch. This default branch name
e2e	Checkout	2025-09-19T13:45:37.6016897Z hint: is subject to change. To configure the initial branch name to use in all
e2e	Checkout	2025-09-19T13:45:37.6019596Z hint: of your new repositories, which will suppress this warning, call:
e2e	Checkout	2025-09-19T13:45:37.6021316Z hint:
e2e	Checkout	2025-09-19T13:45:37.6022159Z hint: 	git config --global init.defaultBranch <name>
e2e	Checkout	2025-09-19T13:45:37.6022974Z hint:
e2e	Checkout	2025-09-19T13:45:37.6023746Z hint: Names commonly chosen instead of 'master' are 'main', 'trunk' and
e2e	Checkout	2025-09-19T13:45:37.6025146Z hint: 'development'. The just-created branch can be renamed via this command:
e2e	Checkout	2025-09-19T13:45:37.6026646Z hint:
e2e	Checkout	2025-09-19T13:45:37.6027117Z hint: 	git branch -m <name>
e2e	Checkout	2025-09-19T13:45:37.6027651Z hint:
e2e	Checkout	2025-09-19T13:45:37.6028672Z hint: Disable this message with "git config set advice.defaultBranchName false"
e2e	Checkout	2025-09-19T13:45:37.6030542Z Initialized empty Git repository in /home/runner/work/Picsbyeli.github.io/Picsbyeli.github.io/.git/
e2e	Checkout	2025-09-19T13:45:37.6033717Z [command]/usr/bin/git remote add origin https://github.com/Picsbyeli/Picsbyeli.github.io
e2e	Checkout	2025-09-19T13:45:37.6070016Z ##[endgroup]
e2e	Checkout	2025-09-19T13:45:37.6070900Z ##[group]Disabling automatic garbage collection
e2e	Checkout	2025-09-19T13:45:37.6073578Z [command]/usr/bin/git config --local gc.auto 0
e2e	Checkout	2025-09-19T13:45:37.6100937Z ##[endgroup]
e2e	Checkout	2025-09-19T13:45:37.6107179Z ##[group]Setting up auth
e2e	Checkout	2025-09-19T13:45:37.6108401Z [command]/usr/bin/git config --local --name-only --get-regexp core\.sshCommand
e2e	Checkout	2025-09-19T13:45:37.6137163Z [command]/usr/bin/git submodule foreach --recursive sh -c "git config --local --name-only --get-regexp 'core\.sshCommand' && git config --local --unset-all 'core.sshCommand' || :"
e2e	Checkout	2025-09-19T13:45:37.6473121Z [command]/usr/bin/git config --local --name-only --get-regexp http\.https\:\/\/github\.com\/\.extraheader
e2e	Checkout	2025-09-19T13:45:37.6501168Z [command]/usr/bin/git submodule foreach --recursive sh -c "git config --local --name-only --get-regexp 'http\.https\:\/\/github\.com\/\.extraheader' && git config --local --unset-all 'http.https://github.com/.extraheader' || :"
e2e	Checkout	2025-09-19T13:45:37.6716038Z [command]/usr/bin/git config --local http.https://github.com/.extraheader AUTHORIZATION: basic ***
e2e	Checkout	2025-09-19T13:45:37.6751735Z ##[endgroup]
e2e	Checkout	2025-09-19T13:45:37.6753287Z ##[group]Fetching the repository
e2e	Checkout	2025-09-19T13:45:37.6762662Z [command]/usr/bin/git -c protocol.version=2 fetch --no-tags --prune --no-recurse-submodules --depth=1 origin +41dbfd776e59a2b6bbadc2dbe800680a51b9d465:refs/remotes/origin/main
e2e	Checkout	2025-09-19T13:45:38.6894834Z From https://github.com/Picsbyeli/Picsbyeli.github.io
e2e	Checkout	2025-09-19T13:45:38.6895752Z  * [new ref]         41dbfd776e59a2b6bbadc2dbe800680a51b9d465 -> origin/main
e2e	Checkout	2025-09-19T13:45:38.6924356Z ##[endgroup]
e2e	Checkout	2025-09-19T13:45:38.6924807Z ##[group]Determining the checkout info
e2e	Checkout	2025-09-19T13:45:38.6927212Z ##[endgroup]
e2e	Checkout	2025-09-19T13:45:38.6933097Z [command]/usr/bin/git sparse-checkout disable
e2e	Checkout	2025-09-19T13:45:38.6975517Z [command]/usr/bin/git config --local --unset-all extensions.worktreeConfig
e2e	Checkout	2025-09-19T13:45:38.7002733Z ##[group]Checking out the ref
e2e	Checkout	2025-09-19T13:45:38.7006789Z [command]/usr/bin/git checkout --progress --force -B main refs/remotes/origin/main
e2e	Checkout	2025-09-19T13:45:38.7880641Z Switched to a new branch 'main'
e2e	Checkout	2025-09-19T13:45:38.7881701Z branch 'main' set up to track 'origin/main'.
e2e	Checkout	2025-09-19T13:45:38.7889744Z ##[endgroup]
e2e	Checkout	2025-09-19T13:45:38.7927331Z [command]/usr/bin/git log -1 --format=%H
e2e	Checkout	2025-09-19T13:45:38.7948928Z 41dbfd776e59a2b6bbadc2dbe800680a51b9d465
e2e	Cache root node modules	﻿2025-09-19T13:45:38.8683169Z ##[group]Run actions/cache@v4
e2e	Cache root node modules	2025-09-19T13:45:38.8683529Z with:
e2e	Cache root node modules	2025-09-19T13:45:38.8683749Z   path: ~/.npm
e2e	Cache root node modules	node_modules
e2e	Cache root node modules	
e2e	Cache root node modules	2025-09-19T13:45:38.8684199Z   key: Linux-root-node-c0e02a21023114227bf5467e460a268a9901d357ed5e5a7bc7e9c5b94703267f
e2e	Cache root node modules	2025-09-19T13:45:38.8684683Z   restore-keys: Linux-root-node-
e2e	Cache root node modules	
e2e	Cache root node modules	2025-09-19T13:45:38.8684994Z   enableCrossOsArchive: false
e2e	Cache root node modules	2025-09-19T13:45:38.8685276Z   fail-on-cache-miss: false
e2e	Cache root node modules	2025-09-19T13:45:38.8685534Z   lookup-only: false
e2e	Cache root node modules	2025-09-19T13:45:38.8686015Z   save-always: false
e2e	Cache root node modules	2025-09-19T13:45:38.8686230Z env:
e2e	Cache root node modules	2025-09-19T13:45:38.8686463Z   NODE_OPTIONS: --experimental-vm-modules
e2e	Cache root node modules	2025-09-19T13:45:38.8686762Z ##[endgroup]
e2e	Cache root node modules	2025-09-19T13:45:39.0856166Z Cache not found for input keys: Linux-root-node-c0e02a21023114227bf5467e460a268a9901d357ed5e5a7bc7e9c5b94703267f, Linux-root-node-
e2e	Cache Playwright browsers	﻿2025-09-19T13:45:39.1498920Z ##[group]Run actions/cache@v4
e2e	Cache Playwright browsers	2025-09-19T13:45:39.1499291Z with:
e2e	Cache Playwright browsers	2025-09-19T13:45:39.1499527Z   path: ~/.cache/ms-playwright
e2e	Cache Playwright browsers	2025-09-19T13:45:39.1499984Z   key: Linux-playwright-22941a22530ab80707140b28eb0c3ffbfa7741eab03cef362ab1ce050ed2c1d8
e2e	Cache Playwright browsers	2025-09-19T13:45:39.1500473Z   restore-keys: Linux-playwright-
e2e	Cache Playwright browsers	
e2e	Cache Playwright browsers	2025-09-19T13:45:39.1500767Z   enableCrossOsArchive: false
e2e	Cache Playwright browsers	2025-09-19T13:45:39.1501036Z   fail-on-cache-miss: false
e2e	Cache Playwright browsers	2025-09-19T13:45:39.1501277Z   lookup-only: false
e2e	Cache Playwright browsers	2025-09-19T13:45:39.1501509Z   save-always: false
e2e	Cache Playwright browsers	2025-09-19T13:45:39.1501717Z env:
e2e	Cache Playwright browsers	2025-09-19T13:45:39.1501947Z   NODE_OPTIONS: --experimental-vm-modules
e2e	Cache Playwright browsers	2025-09-19T13:45:39.1502247Z ##[endgroup]
e2e	Cache Playwright browsers	2025-09-19T13:45:39.3490182Z Cache not found for input keys: Linux-playwright-22941a22530ab80707140b28eb0c3ffbfa7741eab03cef362ab1ce050ed2c1d8, Linux-playwright-
e2e	Use Node.js 18	﻿2025-09-19T13:45:39.3608975Z ##[group]Run actions/setup-node@v4
e2e	Use Node.js 18	2025-09-19T13:45:39.3609311Z with:
e2e	Use Node.js 18	2025-09-19T13:45:39.3609519Z   node-version: 18
e2e	Use Node.js 18	2025-09-19T13:45:39.3609751Z   always-auth: false
e2e	Use Node.js 18	2025-09-19T13:45:39.3609975Z   check-latest: false
e2e	Use Node.js 18	2025-09-19T13:45:39.3610339Z   token: ***
e2e	Use Node.js 18	2025-09-19T13:45:39.3610538Z env:
e2e	Use Node.js 18	2025-09-19T13:45:39.3610764Z   NODE_OPTIONS: --experimental-vm-modules
e2e	Use Node.js 18	2025-09-19T13:45:39.3611052Z ##[endgroup]
e2e	Use Node.js 18	2025-09-19T13:45:39.5560507Z Found in cache @ /opt/hostedtoolcache/node/18.20.8/x64
e2e	Use Node.js 18	2025-09-19T13:45:39.5566506Z ##[group]Environment details
e2e	Use Node.js 18	2025-09-19T13:45:42.0593976Z node: v18.20.8
e2e	Use Node.js 18	2025-09-19T13:45:42.0594601Z npm: 10.8.2
e2e	Use Node.js 18	2025-09-19T13:45:42.0595112Z yarn: 1.22.22
e2e	Use Node.js 18	2025-09-19T13:45:42.0596115Z ##[endgroup]
e2e	Install root dependencies	﻿2025-09-19T13:45:42.0702537Z ##[group]Run npm ci --prefer-offline --no-audit --no-fund
e2e	Install root dependencies	2025-09-19T13:45:42.0703055Z [36;1mnpm ci --prefer-offline --no-audit --no-fund[0m
e2e	Install root dependencies	2025-09-19T13:45:42.0844770Z shell: /usr/bin/bash -e {0}
e2e	Install root dependencies	2025-09-19T13:45:42.0845040Z env:
e2e	Install root dependencies	2025-09-19T13:45:42.0845241Z   NODE_OPTIONS: --experimental-vm-modules
e2e	Install root dependencies	2025-09-19T13:45:42.0845501Z ##[endgroup]
e2e	Install root dependencies	2025-09-19T13:45:47.1950649Z 
e2e	Install root dependencies	2025-09-19T13:45:47.1956503Z added 3 packages in 5s
e2e	Cache server node modules	﻿2025-09-19T13:45:47.2604165Z ##[group]Run actions/cache@v4
e2e	Cache server node modules	2025-09-19T13:45:47.2604423Z with:
e2e	Cache server node modules	2025-09-19T13:45:47.2604595Z   path: server/node_modules
e2e	Cache server node modules	2025-09-19T13:45:47.2604990Z   key: Linux-server-node-8e74b6c3567e86803f9447d57da90e5898c662643fa3b4d09d97c2859ece3afa
e2e	Cache server node modules	2025-09-19T13:45:47.2605431Z   restore-keys: Linux-server-node-
e2e	Cache server node modules	
e2e	Cache server node modules	2025-09-19T13:45:47.2605686Z   enableCrossOsArchive: false
e2e	Cache server node modules	2025-09-19T13:45:47.2605910Z   fail-on-cache-miss: false
e2e	Cache server node modules	2025-09-19T13:45:47.2606120Z   lookup-only: false
e2e	Cache server node modules	2025-09-19T13:45:47.2606306Z   save-always: false
e2e	Cache server node modules	2025-09-19T13:45:47.2606473Z env:
e2e	Cache server node modules	2025-09-19T13:45:47.2606658Z   NODE_OPTIONS: --experimental-vm-modules
e2e	Cache server node modules	2025-09-19T13:45:47.2606916Z ##[endgroup]
e2e	Cache server node modules	2025-09-19T13:45:47.4475127Z Cache not found for input keys: Linux-server-node-8e74b6c3567e86803f9447d57da90e5898c662643fa3b4d09d97c2859ece3afa, Linux-server-node-
e2e	Install server dependencies	﻿2025-09-19T13:45:47.4537453Z ##[group]Run npm ci --prefer-offline --no-audit --no-fund
e2e	Install server dependencies	2025-09-19T13:45:47.4537852Z [36;1mnpm ci --prefer-offline --no-audit --no-fund[0m
e2e	Install server dependencies	2025-09-19T13:45:47.4567665Z shell: /usr/bin/bash -e {0}
e2e	Install server dependencies	2025-09-19T13:45:47.4567898Z env:
e2e	Install server dependencies	2025-09-19T13:45:47.4568089Z   NODE_OPTIONS: --experimental-vm-modules
e2e	Install server dependencies	2025-09-19T13:45:47.4568465Z ##[endgroup]
e2e	Install server dependencies	2025-09-19T13:45:48.7974953Z npm warn deprecated supertest@6.3.4: Please upgrade to supertest v7.1.3+, see release notes at https://github.com/forwardemail/supertest/releases/tag/v7.1.3 - maintenance is supported by Forward Email @ https://forwardemail.net
e2e	Install server dependencies	2025-09-19T13:45:49.0449594Z npm warn deprecated inflight@1.0.6: This module is not supported, and leaks memory. Do not use it. Check out lru-cache if you want a good and tested way to coalesce async requests by a key value, which is much more comprehensive and powerful.
e2e	Install server dependencies	2025-09-19T13:45:49.0712365Z npm warn deprecated glob@8.1.0: Glob versions prior to v9 are no longer supported
e2e	Install server dependencies	2025-09-19T13:45:49.1532462Z npm warn deprecated multer@1.4.5-lts.2: Multer 1.x is impacted by a number of vulnerabilities, which have been patched in 2.x. You should upgrade to the latest 2.x version.
e2e	Install server dependencies	2025-09-19T13:45:49.3327591Z npm warn deprecated superagent@8.1.2: Please upgrade to superagent v10.2.2+, see release notes at https://github.com/forwardemail/superagent/releases/tag/v10.2.2 - maintenance is supported by Forward Email @ https://forwardemail.net
e2e	Install server dependencies	2025-09-19T13:45:49.4759862Z npm warn deprecated sinon@15.2.0: 16.1.1
e2e	Install server dependencies	2025-09-19T13:45:49.6772247Z 
e2e	Install server dependencies	2025-09-19T13:45:49.6772897Z added 210 packages in 2s
e2e	Run server unit tests	﻿2025-09-19T13:45:49.6961811Z ##[group]Run # Run server unit tests with Node experimental VM modules enabled so Mocha
e2e	Run server unit tests	2025-09-19T13:45:49.6962789Z [36;1m# Run server unit tests with Node experimental VM modules enabled so Mocha[0m
e2e	Run server unit tests	2025-09-19T13:45:49.6963683Z [36;1m# can load ESM-only dependencies without ERR_REQUIRE_ESM on the runner.[0m
e2e	Run server unit tests	2025-09-19T13:45:49.6964358Z [36;1m# This is a minimal, low-risk change to the CI environment.[0m
e2e	Run server unit tests	2025-09-19T13:45:49.6964697Z [36;1mset -euo pipefail[0m
e2e	Run server unit tests	2025-09-19T13:45:49.6964961Z [36;1mecho "Running server unit tests (mocha)"[0m
e2e	Run server unit tests	2025-09-19T13:45:49.6965273Z [36;1mNODE_OPTIONS="--experimental-vm-modules" \[0m
e2e	Run server unit tests	2025-09-19T13:45:49.6965642Z [36;1m  node ./node_modules/.bin/mocha --recursive --reporter spec[0m
e2e	Run server unit tests	2025-09-19T13:45:49.6996185Z shell: /usr/bin/bash -e {0}
e2e	Run server unit tests	2025-09-19T13:45:49.6996413Z env:
e2e	Run server unit tests	2025-09-19T13:45:49.6996610Z   NODE_OPTIONS: --experimental-vm-modules
e2e	Run server unit tests	2025-09-19T13:45:49.6996870Z ##[endgroup]
e2e	Run server unit tests	2025-09-19T13:45:49.7054237Z Running server unit tests (mocha)
e2e	Run server unit tests	2025-09-19T13:45:50.2237179Z 
e2e	Run server unit tests	2025-09-19T13:45:50.2243089Z 
e2e	Run server unit tests	2025-09-19T13:45:50.2250679Z   API endpoints with moderation
e2e	Run server unit tests	2025-09-19T13:45:50.3095129Z     ✔ rejects register when remote flags (84ms)
e2e	Run server unit tests	2025-09-19T13:45:50.3321970Z     ✔ allows register when remote approves
e2e	Run server unit tests	2025-09-19T13:45:50.3427125Z     ✔ check-username returns taken for existing
e2e	Run server unit tests	2025-09-19T13:45:50.3430010Z 
e2e	Run server unit tests	2025-09-19T13:45:50.3431952Z   fuzz tests for username edge cases
e2e	Run server unit tests	2025-09-19T13:45:50.3454442Z     ✔ rejects empty username
e2e	Run server unit tests	2025-09-19T13:45:50.3499263Z     ✔ truncates long usernames and allows reasonable part
e2e	Run server unit tests	2025-09-19T13:45:50.3535839Z     ✔ handles unicode control and zero-width chars
e2e	Run server unit tests	2025-09-19T13:45:50.3570766Z     ✔ normalizes confusable characters
e2e	Run server unit tests	2025-09-19T13:45:50.3572324Z 
e2e	Run server unit tests	2025-09-19T13:45:50.3572930Z   moderation helpers
e2e	Run server unit tests	2025-09-19T13:45:50.3573741Z     scrubConfusables
e2e	Run server unit tests	2025-09-19T13:45:50.3584252Z       ✔ removes confusable characters and diacritics (returns ascii-ish output)
e2e	Run server unit tests	2025-09-19T13:45:50.3585040Z     remoteModerationCheck
e2e	Run server unit tests	2025-09-19T13:45:50.3622702Z       ✔ returns ok:false when remote flags
e2e	Run server unit tests	2025-09-19T13:45:50.3661532Z       ✔ returns ok:true when remote approves
e2e	Run server unit tests	2025-09-19T13:45:50.3716587Z       ✔ treats network errors as failure (fail-closed)
e2e	Run server unit tests	2025-09-19T13:45:50.3718457Z 
e2e	Run server unit tests	2025-09-19T13:45:50.3719263Z   property-based tests
e2e	Run server unit tests	2025-09-19T13:45:50.3937974Z     ✔ scrubConfusables should return ascii-only and length <= 30
e2e	Run server unit tests	2025-09-19T13:45:50.6807303Z     ✔ check-username should not crash for random unicode input (287ms)
e2e	Run server unit tests	2025-09-19T13:45:50.6884541Z     ✔ scrubConfusables is idempotent
e2e	Run server unit tests	2025-09-19T13:45:50.6954755Z     ✔ confusable-equivalence: similar chars normalize to same string
e2e	Run server unit tests	2025-09-19T13:45:50.6955550Z 
e2e	Run server unit tests	2025-09-19T13:45:50.6957427Z 
e2e	Run server unit tests	2025-09-19T13:45:50.6957995Z   15 passing (472ms)
e2e	Run server unit tests	2025-09-19T13:45:50.6958587Z 
e2e	Install Playwright browsers	﻿2025-09-19T13:45:50.7109334Z ##[group]Run npx playwright install --with-deps
e2e	Install Playwright browsers	2025-09-19T13:45:50.7109681Z [36;1mnpx playwright install --with-deps[0m
e2e	Install Playwright browsers	2025-09-19T13:45:50.7139362Z shell: /usr/bin/bash -e {0}
e2e	Install Playwright browsers	2025-09-19T13:45:50.7139590Z env:
e2e	Install Playwright browsers	2025-09-19T13:45:50.7139783Z   NODE_OPTIONS: --experimental-vm-modules
e2e	Install Playwright browsers	2025-09-19T13:45:50.7140042Z ##[endgroup]
e2e	Install Playwright browsers	2025-09-19T13:45:51.7045382Z Installing dependencies...
e2e	Install Playwright browsers	2025-09-19T13:45:51.7114108Z Switching to root user to install dependencies...
e2e	Install Playwright browsers	2025-09-19T13:45:51.7822622Z Get:1 file:/etc/apt/apt-mirrors.txt Mirrorlist [144 B]
e2e	Install Playwright browsers	2025-09-19T13:45:51.8107607Z Hit:2 http://azure.archive.ubuntu.com/ubuntu noble InRelease
e2e	Install Playwright browsers	2025-09-19T13:45:51.8122950Z Get:3 http://azure.archive.ubuntu.com/ubuntu noble-updates InRelease [126 kB]
e2e	Install Playwright browsers	2025-09-19T13:45:51.8169513Z Get:4 http://azure.archive.ubuntu.com/ubuntu noble-backports InRelease [126 kB]
e2e	Install Playwright browsers	2025-09-19T13:45:51.8361786Z Get:5 http://azure.archive.ubuntu.com/ubuntu noble-security InRelease [126 kB]
e2e	Install Playwright browsers	2025-09-19T13:45:51.8409029Z Hit:6 https://packages.microsoft.com/repos/azure-cli noble InRelease
e2e	Install Playwright browsers	2025-09-19T13:45:51.8469007Z Get:7 https://packages.microsoft.com/ubuntu/24.04/prod noble InRelease [3600 B]
e2e	Install Playwright browsers	2025-09-19T13:45:51.9274925Z Get:8 http://azure.archive.ubuntu.com/ubuntu noble-updates/main amd64 Packages [1415 kB]
e2e	Install Playwright browsers	2025-09-19T13:45:51.9443920Z Get:9 http://azure.archive.ubuntu.com/ubuntu noble-updates/main Translation-en [278 kB]
e2e	Install Playwright browsers	2025-09-19T13:45:51.9475970Z Get:10 http://azure.archive.ubuntu.com/ubuntu noble-updates/main amd64 Components [175 kB]
e2e	Install Playwright browsers	2025-09-19T13:45:51.9496891Z Get:11 http://azure.archive.ubuntu.com/ubuntu noble-updates/main amd64 c-n-f Metadata [15.3 kB]
e2e	Install Playwright browsers	2025-09-19T13:45:51.9518596Z Get:12 http://azure.archive.ubuntu.com/ubuntu noble-updates/universe amd64 Packages [1485 kB]
e2e	Install Playwright browsers	2025-09-19T13:45:51.9621146Z Get:13 http://azure.archive.ubuntu.com/ubuntu noble-updates/universe Translation-en [299 kB]
e2e	Install Playwright browsers	2025-09-19T13:45:51.9683051Z Get:14 http://azure.archive.ubuntu.com/ubuntu noble-updates/universe amd64 Components [377 kB]
e2e	Install Playwright browsers	2025-09-19T13:45:51.9697225Z Get:15 http://azure.archive.ubuntu.com/ubuntu noble-updates/universe amd64 c-n-f Metadata [31.1 kB]
e2e	Install Playwright browsers	2025-09-19T13:45:51.9708812Z Get:16 http://azure.archive.ubuntu.com/ubuntu noble-updates/restricted amd64 Packages [1901 kB]
e2e	Install Playwright browsers	2025-09-19T13:45:51.9820215Z Get:17 http://azure.archive.ubuntu.com/ubuntu noble-updates/restricted Translation-en [426 kB]
e2e	Install Playwright browsers	2025-09-19T13:45:52.0317321Z Get:18 http://azure.archive.ubuntu.com/ubuntu noble-updates/restricted amd64 Components [212 B]
e2e	Install Playwright browsers	2025-09-19T13:45:52.0329515Z Get:19 http://azure.archive.ubuntu.com/ubuntu noble-updates/restricted amd64 c-n-f Metadata [544 B]
e2e	Install Playwright browsers	2025-09-19T13:45:52.0353631Z Get:20 http://azure.archive.ubuntu.com/ubuntu noble-updates/multiverse amd64 Packages [32.0 kB]
e2e	Install Playwright browsers	2025-09-19T13:45:52.0364741Z Get:21 http://azure.archive.ubuntu.com/ubuntu noble-updates/multiverse Translation-en [5500 B]
e2e	Install Playwright browsers	2025-09-19T13:45:52.0372961Z Get:22 http://azure.archive.ubuntu.com/ubuntu noble-updates/multiverse amd64 Components [940 B]
e2e	Install Playwright browsers	2025-09-19T13:45:52.0381790Z Get:23 http://azure.archive.ubuntu.com/ubuntu noble-updates/multiverse amd64 c-n-f Metadata [488 B]
e2e	Install Playwright browsers	2025-09-19T13:45:52.0401527Z Get:24 http://azure.archive.ubuntu.com/ubuntu noble-backports/main amd64 Components [7056 B]
e2e	Install Playwright browsers	2025-09-19T13:45:52.0409764Z Get:25 http://azure.archive.ubuntu.com/ubuntu noble-backports/universe amd64 Components [19.2 kB]
e2e	Install Playwright browsers	2025-09-19T13:45:52.0452888Z Get:26 http://azure.archive.ubuntu.com/ubuntu noble-backports/restricted amd64 Components [216 B]
e2e	Install Playwright browsers	2025-09-19T13:45:52.0496063Z Get:27 http://azure.archive.ubuntu.com/ubuntu noble-backports/multiverse amd64 Components [212 B]
e2e	Install Playwright browsers	2025-09-19T13:45:52.0586177Z Get:28 http://azure.archive.ubuntu.com/ubuntu noble-security/main amd64 Packages [1143 kB]
e2e	Install Playwright browsers	2025-09-19T13:45:52.0698107Z Get:29 http://azure.archive.ubuntu.com/ubuntu noble-security/main Translation-en [195 kB]
e2e	Install Playwright browsers	2025-09-19T13:45:52.0711443Z Get:30 http://azure.archive.ubuntu.com/ubuntu noble-security/main amd64 Components [21.5 kB]
e2e	Install Playwright browsers	2025-09-19T13:45:52.0728789Z Get:31 http://azure.archive.ubuntu.com/ubuntu noble-security/main amd64 c-n-f Metadata [8744 B]
e2e	Install Playwright browsers	2025-09-19T13:45:52.1171785Z Get:32 http://azure.archive.ubuntu.com/ubuntu noble-security/universe amd64 Packages [880 kB]
e2e	Install Playwright browsers	2025-09-19T13:45:52.1225734Z Get:33 http://azure.archive.ubuntu.com/ubuntu noble-security/universe Translation-en [195 kB]
e2e	Install Playwright browsers	2025-09-19T13:45:52.1248446Z Get:34 http://azure.archive.ubuntu.com/ubuntu noble-security/universe amd64 Components [52.3 kB]
e2e	Install Playwright browsers	2025-09-19T13:45:52.1261268Z Get:35 http://azure.archive.ubuntu.com/ubuntu noble-security/universe amd64 c-n-f Metadata [18.0 kB]
e2e	Install Playwright browsers	2025-09-19T13:45:52.1280171Z Get:36 http://azure.archive.ubuntu.com/ubuntu noble-security/restricted amd64 Packages [1815 kB]
e2e	Install Playwright browsers	2025-09-19T13:45:52.1422224Z Get:37 http://azure.archive.ubuntu.com/ubuntu noble-security/restricted Translation-en [408 kB]
e2e	Install Playwright browsers	2025-09-19T13:45:52.1429190Z Get:38 http://azure.archive.ubuntu.com/ubuntu noble-security/restricted amd64 Components [212 B]
e2e	Install Playwright browsers	2025-09-19T13:45:52.1446814Z Get:39 http://azure.archive.ubuntu.com/ubuntu noble-security/restricted amd64 c-n-f Metadata [520 B]
e2e	Install Playwright browsers	2025-09-19T13:45:52.1467272Z Get:40 http://azure.archive.ubuntu.com/ubuntu noble-security/multiverse amd64 Packages [28.0 kB]
e2e	Install Playwright browsers	2025-09-19T13:45:52.1479366Z Get:41 http://azure.archive.ubuntu.com/ubuntu noble-security/multiverse Translation-en [5228 B]
e2e	Install Playwright browsers	2025-09-19T13:45:52.1489384Z Get:42 http://azure.archive.ubuntu.com/ubuntu noble-security/multiverse amd64 Components [212 B]
e2e	Install Playwright browsers	2025-09-19T13:45:52.1496374Z Get:43 http://azure.archive.ubuntu.com/ubuntu noble-security/multiverse amd64 c-n-f Metadata [384 B]
e2e	Install Playwright browsers	2025-09-19T13:45:52.1873430Z Get:44 https://packages.microsoft.com/ubuntu/24.04/prod noble/main armhf Packages [10.2 kB]
e2e	Install Playwright browsers	2025-09-19T13:45:52.1943606Z Get:45 https://packages.microsoft.com/ubuntu/24.04/prod noble/main amd64 Packages [53.6 kB]
e2e	Install Playwright browsers	2025-09-19T13:45:52.2075894Z Get:46 https://packages.microsoft.com/ubuntu/24.04/prod noble/main arm64 Packages [36.1 kB]
e2e	Install Playwright browsers	2025-09-19T13:45:57.4158684Z Fetched 11.7 MB in 1s (8684 kB/s)
e2e	Install Playwright browsers	2025-09-19T13:45:58.1124252Z Reading package lists...
e2e	Install Playwright browsers	2025-09-19T13:45:58.1424223Z Reading package lists...
e2e	Install Playwright browsers	2025-09-19T13:45:58.2981045Z Building dependency tree...
e2e	Install Playwright browsers	2025-09-19T13:45:58.2988893Z Reading state information...
e2e	Install Playwright browsers	2025-09-19T13:45:58.3125734Z libasound2t64 is already the newest version (1.2.11-1ubuntu0.1).
e2e	Install Playwright browsers	2025-09-19T13:45:58.3126419Z libasound2t64 set to manually installed.
e2e	Install Playwright browsers	2025-09-19T13:45:58.3127127Z libatk-bridge2.0-0t64 is already the newest version (2.52.0-1build1).
e2e	Install Playwright browsers	2025-09-19T13:45:58.3127843Z libatk-bridge2.0-0t64 set to manually installed.
e2e	Install Playwright browsers	2025-09-19T13:45:58.3128737Z libatk1.0-0t64 is already the newest version (2.52.0-1build1).
e2e	Install Playwright browsers	2025-09-19T13:45:58.3129331Z libatk1.0-0t64 set to manually installed.
e2e	Install Playwright browsers	2025-09-19T13:45:58.3130002Z libatspi2.0-0t64 is already the newest version (2.52.0-1build1).
e2e	Install Playwright browsers	2025-09-19T13:45:58.3130603Z libatspi2.0-0t64 set to manually installed.
e2e	Install Playwright browsers	2025-09-19T13:45:58.3131205Z libcairo2 is already the newest version (1.18.0-3build1).
e2e	Install Playwright browsers	2025-09-19T13:45:58.3131754Z libcairo2 set to manually installed.
e2e	Install Playwright browsers	2025-09-19T13:45:58.3132393Z libdbus-1-3 is already the newest version (1.14.10-4ubuntu4.1).
e2e	Install Playwright browsers	2025-09-19T13:45:58.3132998Z libdbus-1-3 set to manually installed.
e2e	Install Playwright browsers	2025-09-19T13:45:58.3133637Z libdrm2 is already the newest version (2.4.122-1~ubuntu0.24.04.1).
e2e	Install Playwright browsers	2025-09-19T13:45:58.3134219Z libdrm2 set to manually installed.
e2e	Install Playwright browsers	2025-09-19T13:45:58.3134858Z libgbm1 is already the newest version (25.0.7-0ubuntu0.24.04.2).
e2e	Install Playwright browsers	2025-09-19T13:45:58.3135444Z libgbm1 set to manually installed.
e2e	Install Playwright browsers	2025-09-19T13:45:58.3136054Z libglib2.0-0t64 is already the newest version (2.80.0-6ubuntu3.4).
e2e	Install Playwright browsers	2025-09-19T13:45:58.3136692Z libglib2.0-0t64 set to manually installed.
e2e	Install Playwright browsers	2025-09-19T13:45:58.3137326Z libnspr4 is already the newest version (2:4.35-1.1build1).
e2e	Install Playwright browsers	2025-09-19T13:45:58.3137902Z libnspr4 set to manually installed.
e2e	Install Playwright browsers	2025-09-19T13:45:58.3138680Z libnss3 is already the newest version (2:3.98-1build1).
e2e	Install Playwright browsers	2025-09-19T13:45:58.3139227Z libnss3 set to manually installed.
e2e	Install Playwright browsers	2025-09-19T13:45:58.3139886Z libpango-1.0-0 is already the newest version (1.52.1+ds-1build1).
e2e	Install Playwright browsers	2025-09-19T13:45:58.3140951Z libpango-1.0-0 set to manually installed.
e2e	Install Playwright browsers	2025-09-19T13:45:58.3141560Z libx11-6 is already the newest version (2:1.8.7-1build1).
e2e	Install Playwright browsers	2025-09-19T13:45:58.3142116Z libx11-6 set to manually installed.
e2e	Install Playwright browsers	2025-09-19T13:45:58.3142675Z libxcb1 is already the newest version (1.15-1ubuntu2).
e2e	Install Playwright browsers	2025-09-19T13:45:58.3143228Z libxcb1 set to manually installed.
e2e	Install Playwright browsers	2025-09-19T13:45:58.3144067Z libxcomposite1 is already the newest version (1:0.4.5-1build3).
e2e	Install Playwright browsers	2025-09-19T13:45:58.3144751Z libxcomposite1 set to manually installed.
e2e	Install Playwright browsers	2025-09-19T13:45:58.3145398Z libxdamage1 is already the newest version (1:1.1.6-1build1).
e2e	Install Playwright browsers	2025-09-19T13:45:58.3145996Z libxdamage1 set to manually installed.
e2e	Install Playwright browsers	2025-09-19T13:45:58.3146596Z libxext6 is already the newest version (2:1.3.4-1build2).
e2e	Install Playwright browsers	2025-09-19T13:45:58.3147171Z libxext6 set to manually installed.
e2e	Install Playwright browsers	2025-09-19T13:45:58.3147775Z libxfixes3 is already the newest version (1:6.0.0-2build1).
e2e	Install Playwright browsers	2025-09-19T13:45:58.3148531Z libxfixes3 set to manually installed.
e2e	Install Playwright browsers	2025-09-19T13:45:58.3149180Z libxkbcommon0 is already the newest version (1.6.0-1build1).
e2e	Install Playwright browsers	2025-09-19T13:45:58.3149797Z libxkbcommon0 set to manually installed.
e2e	Install Playwright browsers	2025-09-19T13:45:58.3150433Z libxrandr2 is already the newest version (2:1.5.2-2build1).
e2e	Install Playwright browsers	2025-09-19T13:45:58.3151027Z libxrandr2 set to manually installed.
e2e	Install Playwright browsers	2025-09-19T13:45:58.3151689Z libcairo-gobject2 is already the newest version (1.18.0-3build1).
e2e	Install Playwright browsers	2025-09-19T13:45:58.3152371Z libcairo-gobject2 set to manually installed.
e2e	Install Playwright browsers	2025-09-19T13:45:58.3153065Z libfontconfig1 is already the newest version (2.15.0-1.1ubuntu2).
e2e	Install Playwright browsers	2025-09-19T13:45:58.3153714Z libfontconfig1 set to manually installed.
e2e	Install Playwright browsers	2025-09-19T13:45:58.3154402Z libfreetype6 is already the newest version (2.13.2+dfsg-1build3).
e2e	Install Playwright browsers	2025-09-19T13:45:58.3155034Z libfreetype6 set to manually installed.
e2e	Install Playwright browsers	2025-09-19T13:45:58.3155783Z libgdk-pixbuf-2.0-0 is already the newest version (2.42.10+dfsg-3ubuntu3.2).
e2e	Install Playwright browsers	2025-09-19T13:45:58.3156518Z libgdk-pixbuf-2.0-0 set to manually installed.
e2e	Install Playwright browsers	2025-09-19T13:45:58.3157214Z libgtk-3-0t64 is already the newest version (3.24.41-4ubuntu1.3).
e2e	Install Playwright browsers	2025-09-19T13:45:58.3157854Z libgtk-3-0t64 set to manually installed.
e2e	Install Playwright browsers	2025-09-19T13:45:58.3158703Z libpangocairo-1.0-0 is already the newest version (1.52.1+ds-1build1).
e2e	Install Playwright browsers	2025-09-19T13:45:58.3159395Z libpangocairo-1.0-0 set to manually installed.
e2e	Install Playwright browsers	2025-09-19T13:45:58.3160066Z libx11-xcb1 is already the newest version (2:1.8.7-1build1).
e2e	Install Playwright browsers	2025-09-19T13:45:58.3160670Z libx11-xcb1 set to manually installed.
e2e	Install Playwright browsers	2025-09-19T13:45:58.3161286Z libxcb-shm0 is already the newest version (1.15-1ubuntu2).
e2e	Install Playwright browsers	2025-09-19T13:45:58.3161870Z libxcb-shm0 set to manually installed.
e2e	Install Playwright browsers	2025-09-19T13:45:58.3162499Z libxcursor1 is already the newest version (1:1.2.1-1build1).
e2e	Install Playwright browsers	2025-09-19T13:45:58.3163104Z libxcursor1 set to manually installed.
e2e	Install Playwright browsers	2025-09-19T13:45:58.3163706Z libxi6 is already the newest version (2:1.8.1-1build1).
e2e	Install Playwright browsers	2025-09-19T13:45:58.3164252Z libxi6 set to manually installed.
e2e	Install Playwright browsers	2025-09-19T13:45:58.3164885Z libxrender1 is already the newest version (1:0.9.10-1.1build1).
e2e	Install Playwright browsers	2025-09-19T13:45:58.3165497Z libxrender1 set to manually installed.
e2e	Install Playwright browsers	2025-09-19T13:45:58.3166114Z libicu74 is already the newest version (74.2-1ubuntu3.1).
e2e	Install Playwright browsers	2025-09-19T13:45:58.3166778Z libicu74 set to manually installed.
e2e	Install Playwright browsers	2025-09-19T13:45:58.3167470Z libatomic1 is already the newest version (14.2.0-4ubuntu2~24.04).
e2e	Install Playwright browsers	2025-09-19T13:45:58.3168087Z libatomic1 set to manually installed.
e2e	Install Playwright browsers	2025-09-19T13:45:58.3168947Z libenchant-2-2 is already the newest version (2.3.3-2build2).
e2e	Install Playwright browsers	2025-09-19T13:45:58.3169595Z libenchant-2-2 set to manually installed.
e2e	Install Playwright browsers	2025-09-19T13:45:58.3170227Z libepoxy0 is already the newest version (1.5.10-1build1).
e2e	Install Playwright browsers	2025-09-19T13:45:58.3170812Z libepoxy0 set to manually installed.
e2e	Install Playwright browsers	2025-09-19T13:45:58.3171490Z libgstreamer1.0-0 is already the newest version (1.24.2-1ubuntu0.1).
e2e	Install Playwright browsers	2025-09-19T13:45:58.3172174Z libgstreamer1.0-0 set to manually installed.
e2e	Install Playwright browsers	2025-09-19T13:45:58.3172840Z libharfbuzz0b is already the newest version (8.3.0-2build2).
e2e	Install Playwright browsers	2025-09-19T13:45:58.3173457Z libharfbuzz0b set to manually installed.
e2e	Install Playwright browsers	2025-09-19T13:45:58.3174127Z libjpeg-turbo8 is already the newest version (2.1.5-2ubuntu2).
e2e	Install Playwright browsers	2025-09-19T13:45:58.3174955Z libjpeg-turbo8 set to manually installed.
e2e	Install Playwright browsers	2025-09-19T13:45:58.3175580Z liblcms2-2 is already the newest version (2.14-2build1).
e2e	Install Playwright browsers	2025-09-19T13:45:58.3176124Z liblcms2-2 set to manually installed.
e2e	Install Playwright browsers	2025-09-19T13:45:58.3176810Z libpng16-16t64 is already the newest version (1.6.43-5build1).
e2e	Install Playwright browsers	2025-09-19T13:45:58.4573789Z libpng16-16t64 set to manually installed.
e2e	Install Playwright browsers	2025-09-19T13:45:58.4574758Z libwayland-client0 is already the newest version (1.22.0-2.1build1).
e2e	Install Playwright browsers	2025-09-19T13:45:58.4575729Z libwayland-client0 set to manually installed.
e2e	Install Playwright browsers	2025-09-19T13:45:58.4576440Z libwayland-egl1 is already the newest version (1.22.0-2.1build1).
e2e	Install Playwright browsers	2025-09-19T13:45:58.4576863Z libwayland-egl1 set to manually installed.
e2e	Install Playwright browsers	2025-09-19T13:45:58.4577300Z libwayland-server0 is already the newest version (1.22.0-2.1build1).
e2e	Install Playwright browsers	2025-09-19T13:45:58.4577786Z libwayland-server0 set to manually installed.
e2e	Install Playwright browsers	2025-09-19T13:45:58.4578677Z libwebp7 is already the newest version (1.3.2-0.4build3).
e2e	Install Playwright browsers	2025-09-19T13:45:58.4579179Z libwebp7 set to manually installed.
e2e	Install Playwright browsers	2025-09-19T13:45:58.4579594Z libwebpdemux2 is already the newest version (1.3.2-0.4build3).
e2e	Install Playwright browsers	2025-09-19T13:45:58.4579993Z libwebpdemux2 set to manually installed.
e2e	Install Playwright browsers	2025-09-19T13:45:58.4580486Z libxslt1.1 is already the newest version (1.1.39-0exp1ubuntu0.24.04.2).
e2e	Install Playwright browsers	2025-09-19T13:45:58.4581002Z libxslt1.1 set to manually installed.
e2e	Install Playwright browsers	2025-09-19T13:45:58.4581408Z xvfb is already the newest version (2:21.1.12-1ubuntu1.4).
e2e	Install Playwright browsers	2025-09-19T13:45:58.4581947Z fonts-noto-color-emoji is already the newest version (2.047-0ubuntu0.24.04.1).
e2e	Install Playwright browsers	2025-09-19T13:45:58.4582570Z fonts-liberation is already the newest version (1:2.1.5-3).
e2e	Install Playwright browsers	2025-09-19T13:45:58.4583037Z fonts-liberation set to manually installed.
e2e	Install Playwright browsers	2025-09-19T13:45:58.4583429Z The following additional packages will be installed:
e2e	Install Playwright browsers	2025-09-19T13:45:58.4583888Z   glib-networking glib-networking-common glib-networking-services
e2e	Install Playwright browsers	2025-09-19T13:45:58.4584411Z   gsettings-desktop-schemas libaa1 libabsl20220623t64 libass9 libasyncns0
e2e	Install Playwright browsers	2025-09-19T13:45:58.4584976Z   libavc1394-0 libavcodec60 libavfilter9 libavformat60 libavtp0 libavutil58
e2e	Install Playwright browsers	2025-09-19T13:45:58.4585508Z   libblas3 libbluray2 libbs2b0 libcaca0 libcairo-script-interpreter2
e2e	Install Playwright browsers	2025-09-19T13:45:58.4586005Z   libcdparanoia0 libchromaprint1 libcjson1 libcodec2-1.2 libdav1d7
e2e	Install Playwright browsers	2025-09-19T13:45:58.4586522Z   libdc1394-25 libdca0 libdecor-0-0 libdirectfb-1.7-7t64 libdv4t64 libdvdnav4
e2e	Install Playwright browsers	2025-09-19T13:45:58.4587069Z   libdvdread8t64 libegl-mesa0 libegl1 libfaad2 libflac12t64 libfluidsynth3
e2e	Install Playwright browsers	2025-09-19T13:45:58.4587594Z   libfreeaptx0 libgav1-1 libgme0 libgraphene-1.0-0 libgsm1 libgssdp-1.6-0
e2e	Install Playwright browsers	2025-09-19T13:45:58.4588084Z   libgstreamer-plugins-good1.0-0 libgtk-4-common libgupnp-1.6-0
e2e	Install Playwright browsers	2025-09-19T13:45:58.4588692Z   libgupnp-igd-1.6-0 libhwy1t64 libiec61883-0 libimath-3-1-29t64
e2e	Install Playwright browsers	2025-09-19T13:45:58.4589139Z   libinstpatch-1.0-2 libjack-jackd2-0 libjxl0.7 liblapack3 liblc3-1
e2e	Install Playwright browsers	2025-09-19T13:45:58.4589656Z   libldacbt-enc2 liblilv-0-0 liblrdf0 libltc11 libmbedcrypto7t64 libmfx1
e2e	Install Playwright browsers	2025-09-19T13:45:58.4590111Z   libmjpegutils-2.1-0t64 libmodplug1 libmp3lame0 libmpcdec6
e2e	Install Playwright browsers	2025-09-19T13:45:58.4590556Z   libmpeg2encpp-2.1-0t64 libmpg123-0t64 libmplex2-2.1-0t64 libmysofa1
e2e	Install Playwright browsers	2025-09-19T13:45:58.4591050Z   libneon27t64 libnice10 libopenal-data libopenal1 libopenexr-3-1-30
e2e	Install Playwright browsers	2025-09-19T13:45:58.4591717Z   libopenh264-7 libopenmpt0t64 libopenni2-0 liborc-0.4-0t64
e2e	Install Playwright browsers	2025-09-19T13:45:58.4592162Z   libpipewire-0.3-0t64 libplacebo338 libpocketsphinx3 libpostproc57
e2e	Install Playwright browsers	2025-09-19T13:45:58.4592642Z   libproxy1v5 libpulse0 libqrencode4 libraptor2-0 librav1e0 libraw1394-11
e2e	Install Playwright browsers	2025-09-19T13:45:58.4593128Z   librist4 librsvg2-2 librubberband2 libsamplerate0 libsbc1 libsdl2-2.0-0
e2e	Install Playwright browsers	2025-09-19T13:45:58.4593624Z   libsecret-common libserd-0-0 libshine3 libshout3 libsndfile1 libsndio7.0
e2e	Install Playwright browsers	2025-09-19T13:45:58.4594117Z   libsord-0-0 libsoundtouch1 libsoup-3.0-0 libsoup-3.0-common libsoxr0
e2e	Install Playwright browsers	2025-09-19T13:45:58.4594623Z   libspa-0.2-modules libspandsp2t64 libspeex1 libsphinxbase3t64 libsratom-0-0
e2e	Install Playwright browsers	2025-09-19T13:45:58.4595154Z   libsrt1.5-gnutls libsrtp2-1 libssh-gcrypt-4 libsvtav1enc1d1 libswresample4
e2e	Install Playwright browsers	2025-09-19T13:45:58.4595993Z   libswscale7 libtag1v5 libtag1v5-vanilla libtheora0 libtwolame0 libudfread0
e2e	Install Playwright browsers	2025-09-19T13:45:58.4596494Z   libunibreak5 libv4l-0t64 libv4lconvert0t64 libva-drm2 libva-x11-2 libva2
e2e	Install Playwright browsers	2025-09-19T13:45:58.4596991Z   libvdpau1 libvidstab1.1 libvisual-0.4-0 libvo-aacenc0 libvo-amrwbenc0
e2e	Install Playwright browsers	2025-09-19T13:45:58.4597639Z   libvorbisenc2 libvpl2 libwavpack1 libwebrtc-audio-processing1 libwildmidi2
e2e	Install Playwright browsers	2025-09-19T13:45:58.4598288Z   libx265-199 libxcb-xkb1 libxkbcommon-x11-0 libxml2-dev libxvidcore4 libyuv0
e2e	Install Playwright browsers	2025-09-19T13:45:58.4598791Z   libzbar0t64 libzimg2 libzix-0-0 libzvbi-common libzvbi0t64 libzxing3
e2e	Install Playwright browsers	2025-09-19T13:45:58.4599294Z   ocl-icd-libopencl1 session-migration timgm6mb-soundfont xfonts-encodings
e2e	Install Playwright browsers	2025-09-19T13:45:58.4599638Z   xfonts-utils
e2e	Install Playwright browsers	2025-09-19T13:45:58.4599849Z Suggested packages:
e2e	Install Playwright browsers	2025-09-19T13:45:58.4600205Z   frei0r-plugins gvfs libcuda1 libnvcuvid1 libnvidia-encode1 libbluray-bdj
e2e	Install Playwright browsers	2025-09-19T13:45:58.4600679Z   cups-common libdirectfb-extra libdv-bin oss-compat libdvdcss2
e2e	Install Playwright browsers	2025-09-19T13:45:58.4601175Z   libvisual-0.4-plugins jackd2 liblrdf0-dev libportaudio2 opus-tools pipewire
e2e	Install Playwright browsers	2025-09-19T13:45:58.4601690Z   pulseaudio raptor2-utils libraw1394-doc librsvg2-bin serdi sndiod sordi
e2e	Install Playwright browsers	2025-09-19T13:45:58.4602132Z   speex libwildmidi-config opencl-icd fluid-soundfont-gm
e2e	Install Playwright browsers	2025-09-19T13:45:58.4602442Z Recommended packages:
e2e	Install Playwright browsers	2025-09-19T13:45:58.4602760Z   fonts-ipafont-mincho fonts-tlwg-loma gstreamer1.0-x libaacs0
e2e	Install Playwright browsers	2025-09-19T13:45:58.4603216Z   default-libdecor-0-plugin-1 | libdecor-0-plugin-1 gstreamer1.0-gl
e2e	Install Playwright browsers	2025-09-19T13:45:58.4603732Z   libgtk-4-bin librsvg2-common libgtk-4-media-gstreamer libpipewire-0.3-common
e2e	Install Playwright browsers	2025-09-19T13:45:58.4604274Z   pocketsphinx-en-us va-driver-all | va-driver vdpau-driver-all | vdpau-driver
e2e	Install Playwright browsers	2025-09-19T13:45:58.4604638Z   libmagickcore-6.q16-7-extra
e2e	Install Playwright browsers	2025-09-19T13:45:58.5465036Z The following NEW packages will be installed:
e2e	Install Playwright browsers	2025-09-19T13:45:58.5466018Z   fonts-freefont-ttf fonts-ipafont-gothic fonts-tlwg-loma-otf fonts-unifont
e2e	Install Playwright browsers	2025-09-19T13:45:58.5466894Z   fonts-wqy-zenhei glib-networking glib-networking-common
e2e	Install Playwright browsers	2025-09-19T13:45:58.5467938Z   glib-networking-services gsettings-desktop-schemas gstreamer1.0-libav
e2e	Install Playwright browsers	2025-09-19T13:45:58.5469035Z   gstreamer1.0-plugins-bad gstreamer1.0-plugins-base gstreamer1.0-plugins-good
e2e	Install Playwright browsers	2025-09-19T13:45:58.5469617Z   libaa1 libabsl20220623t64 libass9 libasyncns0 libavc1394-0 libavcodec60
e2e	Install Playwright browsers	2025-09-19T13:45:58.5470149Z   libavfilter9 libavformat60 libavif16 libavtp0 libavutil58 libblas3
e2e	Install Playwright browsers	2025-09-19T13:45:58.5470694Z   libbluray2 libbs2b0 libcaca0 libcairo-script-interpreter2 libcdparanoia0
e2e	Install Playwright browsers	2025-09-19T13:45:58.5471526Z   libchromaprint1 libcjson1 libcodec2-1.2 libdav1d7 libdc1394-25 libdca0
e2e	Install Playwright browsers	2025-09-19T13:45:58.5472288Z   libdecor-0-0 libdirectfb-1.7-7t64 libdv4t64 libdvdnav4 libdvdread8t64
e2e	Install Playwright browsers	2025-09-19T13:45:58.5472810Z   libegl-mesa0 libegl1 libevent-2.1-7t64 libfaad2 libflac12t64 libflite1
e2e	Install Playwright browsers	2025-09-19T13:45:58.5473344Z   libfluidsynth3 libfreeaptx0 libgav1-1 libgles2 libgme0 libgraphene-1.0-0
e2e	Install Playwright browsers	2025-09-19T13:45:58.5473904Z   libgsm1 libgssdp-1.6-0 libgstreamer-gl1.0-0 libgstreamer-plugins-bad1.0-0
e2e	Install Playwright browsers	2025-09-19T13:45:58.5474465Z   libgstreamer-plugins-base1.0-0 libgstreamer-plugins-good1.0-0 libgtk-4-1
e2e	Install Playwright browsers	2025-09-19T13:45:58.5475012Z   libgtk-4-common libgupnp-1.6-0 libgupnp-igd-1.6-0 libharfbuzz-icu0
e2e	Install Playwright browsers	2025-09-19T13:45:58.5475672Z   libhwy1t64 libhyphen0 libiec61883-0 libimath-3-1-29t64 libinstpatch-1.0-2
e2e	Install Playwright browsers	2025-09-19T13:45:58.5476383Z   libjack-jackd2-0 libjxl0.7 liblapack3 liblc3-1 libldacbt-enc2 liblilv-0-0
e2e	Install Playwright browsers	2025-09-19T13:45:58.5476937Z   liblrdf0 libltc11 libmanette-0.2-0 libmbedcrypto7t64 libmfx1
e2e	Install Playwright browsers	2025-09-19T13:45:58.5477379Z   libmjpegutils-2.1-0t64 libmodplug1 libmp3lame0 libmpcdec6
e2e	Install Playwright browsers	2025-09-19T13:45:58.5477848Z   libmpeg2encpp-2.1-0t64 libmpg123-0t64 libmplex2-2.1-0t64 libmysofa1
e2e	Install Playwright browsers	2025-09-19T13:45:58.5478473Z   libneon27t64 libnice10 libopenal-data libopenal1 libopenexr-3-1-30
e2e	Install Playwright browsers	2025-09-19T13:45:58.5478954Z   libopenh264-7 libopenmpt0t64 libopenni2-0 libopus0 liborc-0.4-0t64
e2e	Install Playwright browsers	2025-09-19T13:45:58.5479653Z   libpipewire-0.3-0t64 libplacebo338 libpocketsphinx3 libpostproc57
e2e	Install Playwright browsers	2025-09-19T13:45:58.5480141Z   libproxy1v5 libpulse0 libqrencode4 libraptor2-0 librav1e0 libraw1394-11
e2e	Install Playwright browsers	2025-09-19T13:45:58.5480637Z   librist4 librsvg2-2 librubberband2 libsamplerate0 libsbc1 libsdl2-2.0-0
e2e	Install Playwright browsers	2025-09-19T13:45:58.5481145Z   libsecret-1-0 libsecret-common libserd-0-0 libshine3 libshout3 libsndfile1
e2e	Install Playwright browsers	2025-09-19T13:45:58.5481763Z   libsndio7.0 libsord-0-0 libsoundtouch1 libsoup-3.0-0 libsoup-3.0-common
e2e	Install Playwright browsers	2025-09-19T13:45:58.5482238Z   libsoxr0 libspa-0.2-modules libspandsp2t64 libspeex1 libsphinxbase3t64
e2e	Install Playwright browsers	2025-09-19T13:45:58.5482736Z   libsratom-0-0 libsrt1.5-gnutls libsrtp2-1 libssh-gcrypt-4 libsvtav1enc1d1
e2e	Install Playwright browsers	2025-09-19T13:45:58.5483330Z   libswresample4 libswscale7 libtag1v5 libtag1v5-vanilla libtheora0
e2e	Install Playwright browsers	2025-09-19T13:45:58.5483856Z   libtwolame0 libudfread0 libunibreak5 libv4l-0t64 libv4lconvert0t64
e2e	Install Playwright browsers	2025-09-19T13:45:58.5484322Z   libva-drm2 libva-x11-2 libva2 libvdpau1 libvidstab1.1 libvisual-0.4-0
e2e	Install Playwright browsers	2025-09-19T13:45:58.5484824Z   libvo-aacenc0 libvo-amrwbenc0 libvorbisenc2 libvpl2 libvpx9 libwavpack1
e2e	Install Playwright browsers	2025-09-19T13:45:58.5485337Z   libwebrtc-audio-processing1 libwildmidi2 libwoff1 libx264-164 libx265-199
e2e	Install Playwright browsers	2025-09-19T13:45:58.5485854Z   libxcb-xkb1 libxkbcommon-x11-0 libxvidcore4 libyuv0 libzbar0t64 libzimg2
e2e	Install Playwright browsers	2025-09-19T13:45:58.5486328Z   libzix-0-0 libzvbi-common libzvbi0t64 libzxing3 ocl-icd-libopencl1
e2e	Install Playwright browsers	2025-09-19T13:45:58.5486810Z   session-migration timgm6mb-soundfont xfonts-cyrillic xfonts-encodings
e2e	Install Playwright browsers	2025-09-19T13:45:58.5487195Z   xfonts-scalable xfonts-utils
e2e	Install Playwright browsers	2025-09-19T13:45:58.5487502Z The following packages will be upgraded:
e2e	Install Playwright browsers	2025-09-19T13:45:58.5491000Z   libcups2t64 libxml2 libxml2-dev
e2e	Install Playwright browsers	2025-09-19T13:45:58.5705603Z 3 upgraded, 179 newly installed, 0 to remove and 44 not upgraded.
e2e	Install Playwright browsers	2025-09-19T13:45:58.5706297Z Need to get 116 MB of archives.
e2e	Install Playwright browsers	2025-09-19T13:45:58.5706987Z After this operation, 363 MB of additional disk space will be used.
e2e	Install Playwright browsers	2025-09-19T13:45:58.5707760Z Get:1 file:/etc/apt/apt-mirrors.txt Mirrorlist [144 B]
e2e	Install Playwright browsers	2025-09-19T13:45:58.6136823Z Get:2 http://azure.archive.ubuntu.com/ubuntu noble/universe amd64 fonts-ipafont-gothic all 00303-21ubuntu1 [3513 kB]
e2e	Install Playwright browsers	2025-09-19T13:45:59.4272582Z Get:3 http://azure.archive.ubuntu.com/ubuntu noble-updates/main amd64 libxml2-dev amd64 2.9.14+dfsg-1.3ubuntu3.5 [781 kB]
e2e	Install Playwright browsers	2025-09-19T13:45:59.4707208Z Get:4 http://azure.archive.ubuntu.com/ubuntu noble-updates/main amd64 libxml2 amd64 2.9.14+dfsg-1.3ubuntu3.5 [763 kB]
e2e	Install Playwright browsers	2025-09-19T13:45:59.5114534Z Get:5 http://azure.archive.ubuntu.com/ubuntu noble/main amd64 fonts-freefont-ttf all 20211204+svn4273-2 [5641 kB]
e2e	Install Playwright browsers	2025-09-19T13:45:59.6373753Z Get:6 http://azure.archive.ubuntu.com/ubuntu noble/universe amd64 fonts-tlwg-loma-otf all 1:0.7.3-1 [107 kB]
e2e	Install Playwright browsers	2025-09-19T13:45:59.6540404Z Get:7 http://azure.archive.ubuntu.com/ubuntu noble/universe amd64 fonts-unifont all 1:15.1.01-1build1 [2993 kB]
e2e	Install Playwright browsers	2025-09-19T13:45:59.7351331Z Get:8 http://azure.archive.ubuntu.com/ubuntu noble/universe amd64 fonts-wqy-zenhei all 0.9.45-8 [7472 kB]
e2e	Install Playwright browsers	2025-09-19T13:45:59.8906314Z Get:9 http://azure.archive.ubuntu.com/ubuntu noble/main amd64 libproxy1v5 amd64 0.5.4-4build1 [26.5 kB]
e2e	Install Playwright browsers	2025-09-19T13:45:59.9067250Z Get:10 http://azure.archive.ubuntu.com/ubuntu noble/main amd64 glib-networking-common all 2.80.0-1build1 [6702 B]
e2e	Install Playwright browsers	2025-09-19T13:45:59.9229744Z Get:11 http://azure.archive.ubuntu.com/ubuntu noble/main amd64 glib-networking-services amd64 2.80.0-1build1 [12.8 kB]
e2e	Install Playwright browsers	2025-09-19T13:45:59.9385281Z Get:12 http://azure.archive.ubuntu.com/ubuntu noble/main amd64 session-migration amd64 0.3.9build1 [9034 B]
e2e	Install Playwright browsers	2025-09-19T13:45:59.9545266Z Get:13 http://azure.archive.ubuntu.com/ubuntu noble-updates/main amd64 gsettings-desktop-schemas all 46.1-0ubuntu1 [35.6 kB]
e2e	Install Playwright browsers	2025-09-19T13:45:59.9701376Z Get:14 http://azure.archive.ubuntu.com/ubuntu noble/main amd64 glib-networking amd64 2.80.0-1build1 [64.1 kB]
e2e	Install Playwright browsers	2025-09-19T13:45:59.9866414Z Get:15 http://azure.archive.ubuntu.com/ubuntu noble/universe amd64 libva2 amd64 2.20.0-2build1 [66.2 kB]
e2e	Install Playwright browsers	2025-09-19T13:46:00.0026690Z Get:16 http://azure.archive.ubuntu.com/ubuntu noble/universe amd64 libva-drm2 amd64 2.20.0-2build1 [7124 B]
e2e	Install Playwright browsers	2025-09-19T13:46:00.0198478Z Get:17 http://azure.archive.ubuntu.com/ubuntu noble/universe amd64 libva-x11-2 amd64 2.20.0-2build1 [12.0 kB]
e2e	Install Playwright browsers	2025-09-19T13:46:00.0361521Z Get:18 http://azure.archive.ubuntu.com/ubuntu noble/main amd64 libvdpau1 amd64 1.5-2build1 [27.8 kB]
e2e	Install Playwright browsers	2025-09-19T13:46:00.0521028Z Get:19 http://azure.archive.ubuntu.com/ubuntu noble/universe amd64 libvpl2 amd64 2023.3.0-1build1 [99.8 kB]
e2e	Install Playwright browsers	2025-09-19T13:46:00.1129411Z Get:20 http://azure.archive.ubuntu.com/ubuntu noble/universe amd64 ocl-icd-libopencl1 amd64 2.3.2-1build1 [38.5 kB]
e2e	Install Playwright browsers	2025-09-19T13:46:00.1315776Z Get:21 http://azure.archive.ubuntu.com/ubuntu noble/universe amd64 libavutil58 amd64 7:6.1.1-3ubuntu5 [401 kB]
e2e	Install Playwright browsers	2025-09-19T13:46:00.1563636Z Get:22 http://azure.archive.ubuntu.com/ubuntu noble/universe amd64 libcodec2-1.2 amd64 1.2.0-2build1 [8998 kB]
e2e	Install Playwright browsers	2025-09-19T13:46:00.3062499Z Get:23 http://azure.archive.ubuntu.com/ubuntu noble/universe amd64 libdav1d7 amd64 1.4.1-1build1 [604 kB]
e2e	Install Playwright browsers	2025-09-19T13:46:00.3391588Z Get:24 http://azure.archive.ubuntu.com/ubuntu noble/universe amd64 libgsm1 amd64 1.0.22-1build1 [27.8 kB]
e2e	Install Playwright browsers	2025-09-19T13:46:00.3549145Z Get:25 http://azure.archive.ubuntu.com/ubuntu noble/universe amd64 libhwy1t64 amd64 1.0.7-8.1build1 [584 kB]
e2e	Install Playwright browsers	2025-09-19T13:46:00.3805290Z Get:26 http://azure.archive.ubuntu.com/ubuntu noble-updates/universe amd64 libjxl0.7 amd64 0.7.0-10.2ubuntu6.1 [1001 kB]
e2e	Install Playwright browsers	2025-09-19T13:46:00.4124201Z Get:27 http://azure.archive.ubuntu.com/ubuntu noble/main amd64 libmp3lame0 amd64 3.100-6build1 [142 kB]
e2e	Install Playwright browsers	2025-09-19T13:46:00.4390966Z Get:28 http://azure.archive.ubuntu.com/ubuntu noble/main amd64 libopus0 amd64 1.4-1build1 [208 kB]
e2e	Install Playwright browsers	2025-09-19T13:46:00.4538518Z Get:29 http://azure.archive.ubuntu.com/ubuntu noble/universe amd64 librav1e0 amd64 0.7.1-2 [1022 kB]
e2e	Install Playwright browsers	2025-09-19T13:46:00.4940840Z Get:30 http://azure.archive.ubuntu.com/ubuntu noble/main amd64 librsvg2-2 amd64 2.58.0+dfsg-1build1 [2135 kB]
e2e	Install Playwright browsers	2025-09-19T13:46:00.5698895Z Get:31 http://azure.archive.ubuntu.com/ubuntu noble/universe amd64 libshine3 amd64 3.1.1-2build1 [23.2 kB]
e2e	Install Playwright browsers	2025-09-19T13:46:00.5919646Z Get:32 http://azure.archive.ubuntu.com/ubuntu noble-updates/main amd64 libspeex1 amd64 1.2.1-2ubuntu2.24.04.1 [59.6 kB]
e2e	Install Playwright browsers	2025-09-19T13:46:00.6107909Z Get:33 http://azure.archive.ubuntu.com/ubuntu noble/universe amd64 libsvtav1enc1d1 amd64 1.7.0+dfsg-2build1 [2425 kB]
e2e	Install Playwright browsers	2025-09-19T13:46:00.6734067Z Get:34 http://azure.archive.ubuntu.com/ubuntu noble/universe amd64 libsoxr0 amd64 0.1.3-4build3 [80.0 kB]
e2e	Install Playwright browsers	2025-09-19T13:46:00.6947546Z Get:35 http://azure.archive.ubuntu.com/ubuntu noble/universe amd64 libswresample4 amd64 7:6.1.1-3ubuntu5 [63.8 kB]
e2e	Install Playwright browsers	2025-09-19T13:46:00.7110981Z Get:36 http://azure.archive.ubuntu.com/ubuntu noble/main amd64 libtheora0 amd64 1.1.1+dfsg.1-16.1build3 [211 kB]
e2e	Install Playwright browsers	2025-09-19T13:46:00.7290721Z Get:37 http://azure.archive.ubuntu.com/ubuntu noble/main amd64 libtwolame0 amd64 0.4.0-2build3 [52.3 kB]
e2e	Install Playwright browsers	2025-09-19T13:46:00.7459021Z Get:38 http://azure.archive.ubuntu.com/ubuntu noble/main amd64 libvorbisenc2 amd64 1.3.7-1build3 [80.8 kB]
e2e	Install Playwright browsers	2025-09-19T13:46:00.8488705Z Get:39 http://azure.archive.ubuntu.com/ubuntu noble-updates/main amd64 libvpx9 amd64 1.14.0-1ubuntu2.2 [1143 kB]
e2e	Install Playwright browsers	2025-09-19T13:46:00.8774735Z Get:40 http://azure.archive.ubuntu.com/ubuntu noble/universe amd64 libx264-164 amd64 2:0.164.3108+git31e19f9-1 [604 kB]
e2e	Install Playwright browsers	2025-09-19T13:46:00.8991094Z Get:41 http://azure.archive.ubuntu.com/ubuntu noble/universe amd64 libx265-199 amd64 3.5-2build1 [1226 kB]
e2e	Install Playwright browsers	2025-09-19T13:46:00.9288727Z Get:42 http://azure.archive.ubuntu.com/ubuntu noble/universe amd64 libxvidcore4 amd64 2:1.3.7-1build1 [219 kB]
e2e	Install Playwright browsers	2025-09-19T13:46:00.9472302Z Get:43 http://azure.archive.ubuntu.com/ubuntu noble/universe amd64 libzvbi-common all 0.2.42-2 [42.4 kB]
e2e	Install Playwright browsers	2025-09-19T13:46:00.9631940Z Get:44 http://azure.archive.ubuntu.com/ubuntu noble/universe amd64 libzvbi0t64 amd64 0.2.42-2 [261 kB]
e2e	Install Playwright browsers	2025-09-19T13:46:00.9830662Z Get:45 http://azure.archive.ubuntu.com/ubuntu noble/universe amd64 libavcodec60 amd64 7:6.1.1-3ubuntu5 [5851 kB]
e2e	Install Playwright browsers	2025-09-19T13:46:01.0539275Z Get:46 http://azure.archive.ubuntu.com/ubuntu noble/universe amd64 libunibreak5 amd64 5.1-2build1 [25.0 kB]
e2e	Install Playwright browsers	2025-09-19T13:46:01.0699382Z Get:47 http://azure.archive.ubuntu.com/ubuntu noble/universe amd64 libass9 amd64 1:0.17.1-2build1 [104 kB]
e2e	Install Playwright browsers	2025-09-19T13:46:01.0869299Z Get:48 http://azure.archive.ubuntu.com/ubuntu noble/universe amd64 libudfread0 amd64 1.1.2-1build1 [19.0 kB]
e2e	Install Playwright browsers	2025-09-19T13:46:01.1027464Z Get:49 http://azure.archive.ubuntu.com/ubuntu noble/universe amd64 libbluray2 amd64 1:1.3.4-1build1 [159 kB]
e2e	Install Playwright browsers	2025-09-19T13:46:01.1209447Z Get:50 http://azure.archive.ubuntu.com/ubuntu noble/universe amd64 libchromaprint1 amd64 1.5.1-5 [30.5 kB]
e2e	Install Playwright browsers	2025-09-19T13:46:01.1371583Z Get:51 http://azure.archive.ubuntu.com/ubuntu noble/universe amd64 libgme0 amd64 0.6.3-7build1 [134 kB]
e2e	Install Playwright browsers	2025-09-19T13:46:01.1539372Z Get:52 http://azure.archive.ubuntu.com/ubuntu noble-updates/main amd64 libmpg123-0t64 amd64 1.32.5-1ubuntu1.1 [169 kB]
e2e	Install Playwright browsers	2025-09-19T13:46:01.1721601Z Get:53 http://azure.archive.ubuntu.com/ubuntu noble/universe amd64 libopenmpt0t64 amd64 0.7.3-1.1build3 [647 kB]
e2e	Install Playwright browsers	2025-09-19T13:46:01.1940192Z Get:54 http://azure.archive.ubuntu.com/ubuntu noble/universe amd64 libcjson1 amd64 1.7.17-1 [24.8 kB]
e2e	Install Playwright browsers	2025-09-19T13:46:01.2100390Z Get:55 http://azure.archive.ubuntu.com/ubuntu noble/universe amd64 libmbedcrypto7t64 amd64 2.28.8-1 [209 kB]
e2e	Install Playwright browsers	2025-09-19T13:46:01.2277508Z Get:56 http://azure.archive.ubuntu.com/ubuntu noble/universe amd64 librist4 amd64 0.2.10+dfsg-2 [74.9 kB]
e2e	Install Playwright browsers	2025-09-19T13:46:01.2445777Z Get:57 http://azure.archive.ubuntu.com/ubuntu noble/universe amd64 libsrt1.5-gnutls amd64 1.5.3-1build2 [316 kB]
e2e	Install Playwright browsers	2025-09-19T13:46:01.3092734Z Get:58 http://azure.archive.ubuntu.com/ubuntu noble-updates/main amd64 libssh-gcrypt-4 amd64 0.10.6-2ubuntu0.1 [224 kB]
e2e	Install Playwright browsers	2025-09-19T13:46:01.3269418Z Get:59 http://azure.archive.ubuntu.com/ubuntu noble/universe amd64 libavformat60 amd64 7:6.1.1-3ubuntu5 [1153 kB]
e2e	Install Playwright browsers	2025-09-19T13:46:01.3564672Z Get:60 http://azure.archive.ubuntu.com/ubuntu noble/universe amd64 libbs2b0 amd64 3.1.0+dfsg-7build1 [10.6 kB]
e2e	Install Playwright browsers	2025-09-19T13:46:01.3730708Z Get:61 http://azure.archive.ubuntu.com/ubuntu noble/universe amd64 libflite1 amd64 2.2-6build3 [13.6 MB]
e2e	Install Playwright browsers	2025-09-19T13:46:01.5241676Z Get:62 http://azure.archive.ubuntu.com/ubuntu noble/universe amd64 libserd-0-0 amd64 0.32.2-1 [43.6 kB]
e2e	Install Playwright browsers	2025-09-19T13:46:01.5402567Z Get:63 http://azure.archive.ubuntu.com/ubuntu noble/universe amd64 libzix-0-0 amd64 0.4.2-2build1 [23.6 kB]
e2e	Install Playwright browsers	2025-09-19T13:46:01.5553441Z Get:64 http://azure.archive.ubuntu.com/ubuntu noble/universe amd64 libsord-0-0 amd64 0.16.16-2build1 [15.8 kB]
e2e	Install Playwright browsers	2025-09-19T13:46:01.5721240Z Get:65 http://azure.archive.ubuntu.com/ubuntu noble/universe amd64 libsratom-0-0 amd64 0.6.16-1build1 [17.3 kB]
e2e	Install Playwright browsers	2025-09-19T13:46:01.5881364Z Get:66 http://azure.archive.ubuntu.com/ubuntu noble/universe amd64 liblilv-0-0 amd64 0.24.22-1build1 [41.0 kB]
e2e	Install Playwright browsers	2025-09-19T13:46:01.6038825Z Get:67 http://azure.archive.ubuntu.com/ubuntu noble/universe amd64 libmysofa1 amd64 1.3.2+dfsg-2ubuntu2 [1158 kB]
e2e	Install Playwright browsers	2025-09-19T13:46:01.6332953Z Get:68 http://azure.archive.ubuntu.com/ubuntu noble/universe amd64 libplacebo338 amd64 6.338.2-2build1 [2654 kB]
e2e	Install Playwright browsers	2025-09-19T13:46:01.6773904Z Get:69 http://azure.archive.ubuntu.com/ubuntu noble-updates/main amd64 libblas3 amd64 3.12.0-3build1.1 [238 kB]
e2e	Install Playwright browsers	2025-09-19T13:46:01.6945778Z Get:70 http://azure.archive.ubuntu.com/ubuntu noble-updates/main amd64 liblapack3 amd64 3.12.0-3build1.1 [2646 kB]
e2e	Install Playwright browsers	2025-09-19T13:46:01.7333233Z Get:71 http://azure.archive.ubuntu.com/ubuntu noble/main amd64 libasyncns0 amd64 0.8-6build4 [11.3 kB]
e2e	Install Playwright browsers	2025-09-19T13:46:01.7487649Z Get:72 http://azure.archive.ubuntu.com/ubuntu noble/main amd64 libflac12t64 amd64 1.4.3+ds-2.1ubuntu2 [197 kB]
e2e	Install Playwright browsers	2025-09-19T13:46:01.7671572Z Get:73 http://azure.archive.ubuntu.com/ubuntu noble-updates/main amd64 libsndfile1 amd64 1.2.2-1ubuntu5.24.04.1 [209 kB]
e2e	Install Playwright browsers	2025-09-19T13:46:01.7851745Z Get:74 http://azure.archive.ubuntu.com/ubuntu noble-updates/main amd64 libpulse0 amd64 1:16.1+dfsg1-2ubuntu10.1 [292 kB]
e2e	Install Playwright browsers	2025-09-19T13:46:01.8051583Z Get:75 http://azure.archive.ubuntu.com/ubuntu noble/universe amd64 libsphinxbase3t64 amd64 0.8+5prealpha+1-17build2 [126 kB]
e2e	Install Playwright browsers	2025-09-19T13:46:01.9092437Z Get:76 http://azure.archive.ubuntu.com/ubuntu noble/universe amd64 libpocketsphinx3 amd64 0.8.0+real5prealpha+1-15ubuntu5 [133 kB]
e2e	Install Playwright browsers	2025-09-19T13:46:01.9271484Z Get:77 http://azure.archive.ubuntu.com/ubuntu noble/universe amd64 libpostproc57 amd64 7:6.1.1-3ubuntu5 [49.9 kB]
e2e	Install Playwright browsers	2025-09-19T13:46:01.9445084Z Get:78 http://azure.archive.ubuntu.com/ubuntu noble/main amd64 libsamplerate0 amd64 0.2.2-4build1 [1344 kB]
e2e	Install Playwright browsers	2025-09-19T13:46:01.9703952Z Get:79 http://azure.archive.ubuntu.com/ubuntu noble/universe amd64 librubberband2 amd64 3.3.0+dfsg-2build1 [130 kB]
e2e	Install Playwright browsers	2025-09-19T13:46:01.9921557Z Get:80 http://azure.archive.ubuntu.com/ubuntu noble/universe amd64 libswscale7 amd64 7:6.1.1-3ubuntu5 [193 kB]
e2e	Install Playwright browsers	2025-09-19T13:46:02.0105588Z Get:81 http://azure.archive.ubuntu.com/ubuntu noble/universe amd64 libvidstab1.1 amd64 1.1.0-2build1 [38.5 kB]
e2e	Install Playwright browsers	2025-09-19T13:46:02.0261968Z Get:82 http://azure.archive.ubuntu.com/ubuntu noble/universe amd64 libzimg2 amd64 3.0.5+ds1-1build1 [254 kB]
e2e	Install Playwright browsers	2025-09-19T13:46:02.0459394Z Get:83 http://azure.archive.ubuntu.com/ubuntu noble/universe amd64 libavfilter9 amd64 7:6.1.1-3ubuntu5 [4235 kB]
e2e	Install Playwright browsers	2025-09-19T13:46:02.1070382Z Get:84 http://azure.archive.ubuntu.com/ubuntu noble-updates/main amd64 liborc-0.4-0t64 amd64 1:0.4.38-1ubuntu0.1 [207 kB]
e2e	Install Playwright browsers	2025-09-19T13:46:02.1235923Z Get:85 http://azure.archive.ubuntu.com/ubuntu noble-updates/main amd64 libgstreamer-plugins-base1.0-0 amd64 1.24.2-1ubuntu0.3 [862 kB]
e2e	Install Playwright browsers	2025-09-19T13:46:02.1493380Z Get:86 http://azure.archive.ubuntu.com/ubuntu noble/universe amd64 gstreamer1.0-libav amd64 1.24.1-1build1 [103 kB]
e2e	Install Playwright browsers	2025-09-19T13:46:02.1668387Z Get:87 http://azure.archive.ubuntu.com/ubuntu noble/main amd64 libcdparanoia0 amd64 3.10.2+debian-14build3 [48.5 kB]
e2e	Install Playwright browsers	2025-09-19T13:46:02.1856611Z Get:88 http://azure.archive.ubuntu.com/ubuntu noble/main amd64 libvisual-0.4-0 amd64 0.4.2-2build1 [115 kB]
e2e	Install Playwright browsers	2025-09-19T13:46:02.2036303Z Get:89 http://azure.archive.ubuntu.com/ubuntu noble-updates/main amd64 gstreamer1.0-plugins-base amd64 1.24.2-1ubuntu0.3 [721 kB]
e2e	Install Playwright browsers	2025-09-19T13:46:02.2281261Z Get:90 http://azure.archive.ubuntu.com/ubuntu noble/main amd64 libaa1 amd64 1.4p5-51.1 [49.9 kB]
e2e	Install Playwright browsers	2025-09-19T13:46:02.2444857Z Get:91 http://azure.archive.ubuntu.com/ubuntu noble/main amd64 libraw1394-11 amd64 2.1.2-2build3 [26.2 kB]
e2e	Install Playwright browsers	2025-09-19T13:46:02.2601003Z Get:92 http://azure.archive.ubuntu.com/ubuntu noble/main amd64 libavc1394-0 amd64 0.5.4-5build3 [15.4 kB]
e2e	Install Playwright browsers	2025-09-19T13:46:02.2757064Z Get:93 http://azure.archive.ubuntu.com/ubuntu noble/main amd64 libcaca0 amd64 0.99.beta20-4build2 [208 kB]
e2e	Install Playwright browsers	2025-09-19T13:46:02.2931729Z Get:94 http://azure.archive.ubuntu.com/ubuntu noble/main amd64 libdv4t64 amd64 1.0.0-17.1build1 [63.2 kB]
e2e	Install Playwright browsers	2025-09-19T13:46:02.3523899Z Get:95 http://azure.archive.ubuntu.com/ubuntu noble-updates/main amd64 libgstreamer-plugins-good1.0-0 amd64 1.24.2-1ubuntu1.2 [33.0 kB]
e2e	Install Playwright browsers	2025-09-19T13:46:02.3693052Z Get:96 http://azure.archive.ubuntu.com/ubuntu noble/main amd64 libiec61883-0 amd64 1.2.0-6build1 [24.5 kB]
e2e	Install Playwright browsers	2025-09-19T13:46:02.3848517Z Get:97 http://azure.archive.ubuntu.com/ubuntu noble/main amd64 libshout3 amd64 2.4.6-1build2 [50.3 kB]
e2e	Install Playwright browsers	2025-09-19T13:46:02.4017270Z Get:98 http://azure.archive.ubuntu.com/ubuntu noble/main amd64 libtag1v5-vanilla amd64 1.13.1-1build1 [326 kB]
e2e	Install Playwright browsers	2025-09-19T13:46:02.4243451Z Get:99 http://azure.archive.ubuntu.com/ubuntu noble/main amd64 libtag1v5 amd64 1.13.1-1build1 [11.7 kB]
e2e	Install Playwright browsers	2025-09-19T13:46:02.4424881Z Get:100 http://azure.archive.ubuntu.com/ubuntu noble/main amd64 libv4lconvert0t64 amd64 1.26.1-4build3 [87.6 kB]
e2e	Install Playwright browsers	2025-09-19T13:46:02.4588391Z Get:101 http://azure.archive.ubuntu.com/ubuntu noble/main amd64 libv4l-0t64 amd64 1.26.1-4build3 [46.9 kB]
e2e	Install Playwright browsers	2025-09-19T13:46:02.4850918Z Get:102 http://azure.archive.ubuntu.com/ubuntu noble/main amd64 libwavpack1 amd64 5.6.0-1build1 [84.6 kB]
e2e	Install Playwright browsers	2025-09-19T13:46:02.5064307Z Get:103 http://azure.archive.ubuntu.com/ubuntu noble-updates/main amd64 libsoup-3.0-common all 3.4.4-5ubuntu0.5 [11.3 kB]
e2e	Install Playwright browsers	2025-09-19T13:46:02.5232361Z Get:104 http://azure.archive.ubuntu.com/ubuntu noble-updates/main amd64 libsoup-3.0-0 amd64 3.4.4-5ubuntu0.5 [291 kB]
e2e	Install Playwright browsers	2025-09-19T13:46:02.5520840Z Get:105 http://azure.archive.ubuntu.com/ubuntu noble-updates/main amd64 gstreamer1.0-plugins-good amd64 1.24.2-1ubuntu1.2 [2238 kB]
e2e	Install Playwright browsers	2025-09-19T13:46:02.7531925Z Get:106 http://azure.archive.ubuntu.com/ubuntu noble-updates/main amd64 libabsl20220623t64 amd64 20220623.1-3.1ubuntu3.2 [423 kB]
e2e	Install Playwright browsers	2025-09-19T13:46:02.7851513Z Get:107 http://azure.archive.ubuntu.com/ubuntu noble/universe amd64 libgav1-1 amd64 0.18.0-1build3 [357 kB]
e2e	Install Playwright browsers	2025-09-19T13:46:02.8149791Z Get:108 http://azure.archive.ubuntu.com/ubuntu noble/universe amd64 libyuv0 amd64 0.0~git202401110.af6ac82-1 [178 kB]
e2e	Install Playwright browsers	2025-09-19T13:46:02.8374629Z Get:109 http://azure.archive.ubuntu.com/ubuntu noble/universe amd64 libavif16 amd64 1.0.4-1ubuntu3 [91.2 kB]
e2e	Install Playwright browsers	2025-09-19T13:46:02.8560729Z Get:110 http://azure.archive.ubuntu.com/ubuntu noble/universe amd64 libavtp0 amd64 0.2.0-1build1 [6414 B]
e2e	Install Playwright browsers	2025-09-19T13:46:02.8725207Z Get:111 http://azure.archive.ubuntu.com/ubuntu noble/main amd64 libcairo-script-interpreter2 amd64 1.18.0-3build1 [60.3 kB]
e2e	Install Playwright browsers	2025-09-19T13:46:02.8913647Z Get:112 http://azure.archive.ubuntu.com/ubuntu noble-updates/main amd64 libcups2t64 amd64 2.4.7-1.2ubuntu7.4 [272 kB]
e2e	Install Playwright browsers	2025-09-19T13:46:02.9183155Z Get:113 http://azure.archive.ubuntu.com/ubuntu noble/universe amd64 libdc1394-25 amd64 2.2.6-4build1 [90.1 kB]
e2e	Install Playwright browsers	2025-09-19T13:46:02.9405847Z Get:114 http://azure.archive.ubuntu.com/ubuntu noble/main amd64 libdecor-0-0 amd64 0.2.2-1build2 [16.5 kB]
e2e	Install Playwright browsers	2025-09-19T13:46:02.9570242Z Get:115 http://azure.archive.ubuntu.com/ubuntu noble/main amd64 libgles2 amd64 1.7.0-1build1 [17.1 kB]
e2e	Install Playwright browsers	2025-09-19T13:46:02.9750871Z Get:116 http://azure.archive.ubuntu.com/ubuntu noble/universe amd64 libdirectfb-1.7-7t64 amd64 1.7.7-11.1ubuntu2 [1035 kB]
e2e	Install Playwright browsers	2025-09-19T13:46:03.0406883Z Get:117 http://azure.archive.ubuntu.com/ubuntu noble/universe amd64 libdvdread8t64 amd64 6.1.3-1.1build1 [54.7 kB]
e2e	Install Playwright browsers	2025-09-19T13:46:03.0590470Z Get:118 http://azure.archive.ubuntu.com/ubuntu noble/universe amd64 libdvdnav4 amd64 6.1.1-3build1 [39.5 kB]
e2e	Install Playwright browsers	2025-09-19T13:46:03.0783846Z Get:119 http://azure.archive.ubuntu.com/ubuntu noble-updates/main amd64 libegl-mesa0 amd64 25.0.7-0ubuntu0.24.04.2 [124 kB]
e2e	Install Playwright browsers	2025-09-19T13:46:03.1069828Z Get:120 http://azure.archive.ubuntu.com/ubuntu noble/main amd64 libevent-2.1-7t64 amd64 2.1.12-stable-9ubuntu2 [145 kB]
e2e	Install Playwright browsers	2025-09-19T13:46:03.1793138Z Get:121 http://azure.archive.ubuntu.com/ubuntu noble/universe amd64 libfaad2 amd64 2.11.1-1build1 [207 kB]
e2e	Install Playwright browsers	2025-09-19T13:46:03.1992489Z Get:122 http://azure.archive.ubuntu.com/ubuntu noble/universe amd64 libinstpatch-1.0-2 amd64 1.1.6-1build2 [251 kB]
e2e	Install Playwright browsers	2025-09-19T13:46:03.2237212Z Get:123 http://azure.archive.ubuntu.com/ubuntu noble/main amd64 libjack-jackd2-0 amd64 1.9.21~dfsg-3ubuntu3 [289 kB]
e2e	Install Playwright browsers	2025-09-19T13:46:03.2480847Z Get:124 http://azure.archive.ubuntu.com/ubuntu noble/main amd64 libwebrtc-audio-processing1 amd64 0.3.1-0ubuntu6 [290 kB]
e2e	Install Playwright browsers	2025-09-19T13:46:03.2829436Z Get:125 http://azure.archive.ubuntu.com/ubuntu noble-updates/main amd64 libspa-0.2-modules amd64 1.0.5-1ubuntu3.1 [626 kB]
e2e	Install Playwright browsers	2025-09-19T13:46:03.3220506Z Get:126 http://azure.archive.ubuntu.com/ubuntu noble-updates/main amd64 libpipewire-0.3-0t64 amd64 1.0.5-1ubuntu3.1 [252 kB]
e2e	Install Playwright browsers	2025-09-19T13:46:03.3424161Z Get:127 http://azure.archive.ubuntu.com/ubuntu noble-updates/main amd64 libsdl2-2.0-0 amd64 2.30.0+dfsg-1ubuntu3.1 [686 kB]
e2e	Install Playwright browsers	2025-09-19T13:46:03.3874103Z Get:128 http://azure.archive.ubuntu.com/ubuntu noble/universe amd64 timgm6mb-soundfont all 1.3-5 [5427 kB]
e2e	Install Playwright browsers	2025-09-19T13:46:03.5751788Z Get:129 http://azure.archive.ubuntu.com/ubuntu noble/universe amd64 libfluidsynth3 amd64 2.3.4-1build3 [249 kB]
e2e	Install Playwright browsers	2025-09-19T13:46:03.5992470Z Get:130 http://azure.archive.ubuntu.com/ubuntu noble/main amd64 libfreeaptx0 amd64 0.1.1-2build1 [13.5 kB]
e2e	Install Playwright browsers	2025-09-19T13:46:03.6187052Z Get:131 http://azure.archive.ubuntu.com/ubuntu noble/main amd64 libgraphene-1.0-0 amd64 1.10.8-3build2 [46.2 kB]
e2e	Install Playwright browsers	2025-09-19T13:46:03.6385965Z Get:132 http://azure.archive.ubuntu.com/ubuntu noble/main amd64 libgssdp-1.6-0 amd64 1.6.3-1build3 [40.4 kB]
e2e	Install Playwright browsers	2025-09-19T13:46:03.6592776Z Get:133 http://azure.archive.ubuntu.com/ubuntu noble/main amd64 libegl1 amd64 1.7.0-1build1 [28.7 kB]
e2e	Install Playwright browsers	2025-09-19T13:46:03.6819015Z Get:134 http://azure.archive.ubuntu.com/ubuntu noble-updates/main amd64 libgstreamer-gl1.0-0 amd64 1.24.2-1ubuntu0.3 [214 kB]
e2e	Install Playwright browsers	2025-09-19T13:46:03.7064710Z Get:135 http://azure.archive.ubuntu.com/ubuntu noble-updates/main amd64 libgtk-4-common all 4.14.5+ds-0ubuntu0.5 [1497 kB]
e2e	Install Playwright browsers	2025-09-19T13:46:03.7751750Z Get:136 http://azure.archive.ubuntu.com/ubuntu noble-updates/main amd64 libgtk-4-1 amd64 4.14.5+ds-0ubuntu0.5 [3293 kB]
e2e	Install Playwright browsers	2025-09-19T13:46:03.8865160Z Get:137 http://azure.archive.ubuntu.com/ubuntu noble/main amd64 libgupnp-1.6-0 amd64 1.6.6-1build3 [92.7 kB]
e2e	Install Playwright browsers	2025-09-19T13:46:03.9084569Z Get:138 http://azure.archive.ubuntu.com/ubuntu noble/universe amd64 libgupnp-igd-1.6-0 amd64 1.6.0-3build3 [16.5 kB]
e2e	Install Playwright browsers	2025-09-19T13:46:03.9711299Z Get:139 http://azure.archive.ubuntu.com/ubuntu noble/main amd64 libharfbuzz-icu0 amd64 8.3.0-2build2 [13.3 kB]
e2e	Install Playwright browsers	2025-09-19T13:46:03.9873829Z Get:140 http://azure.archive.ubuntu.com/ubuntu noble/main amd64 libhyphen0 amd64 2.8.8-7build3 [26.5 kB]
e2e	Install Playwright browsers	2025-09-19T13:46:04.0052660Z Get:141 http://azure.archive.ubuntu.com/ubuntu noble/universe amd64 libimath-3-1-29t64 amd64 3.1.9-3.1ubuntu2 [72.2 kB]
e2e	Install Playwright browsers	2025-09-19T13:46:04.0323754Z Get:142 http://azure.archive.ubuntu.com/ubuntu noble/main amd64 liblc3-1 amd64 1.0.4-3build1 [69.7 kB]
e2e	Install Playwright browsers	2025-09-19T13:46:04.0505523Z Get:143 http://azure.archive.ubuntu.com/ubuntu noble/main amd64 libldacbt-enc2 amd64 2.0.2.3+git20200429+ed310a0-4ubuntu2 [27.1 kB]
e2e	Install Playwright browsers	2025-09-19T13:46:04.0659741Z Get:144 http://azure.archive.ubuntu.com/ubuntu noble-updates/main amd64 libraptor2-0 amd64 2.0.16-3ubuntu0.1 [165 kB]
e2e	Install Playwright browsers	2025-09-19T13:46:04.0867035Z Get:145 http://azure.archive.ubuntu.com/ubuntu noble/universe amd64 liblrdf0 amd64 0.6.1-4build1 [18.5 kB]
e2e	Install Playwright browsers	2025-09-19T13:46:04.1022933Z Get:146 http://azure.archive.ubuntu.com/ubuntu noble/universe amd64 libltc11 amd64 1.3.2-1build1 [13.0 kB]
e2e	Install Playwright browsers	2025-09-19T13:46:04.1196611Z Get:147 http://azure.archive.ubuntu.com/ubuntu noble/main amd64 libmanette-0.2-0 amd64 0.2.7-1build2 [30.6 kB]
e2e	Install Playwright browsers	2025-09-19T13:46:04.1403694Z Get:148 http://azure.archive.ubuntu.com/ubuntu noble/universe amd64 libmfx1 amd64 22.5.4-1 [3124 kB]
e2e	Install Playwright browsers	2025-09-19T13:46:04.2456075Z Get:149 http://azure.archive.ubuntu.com/ubuntu noble/universe amd64 libmjpegutils-2.1-0t64 amd64 1:2.1.0+debian-8.1build1 [25.5 kB]
e2e	Install Playwright browsers	2025-09-19T13:46:04.2750334Z Get:150 http://azure.archive.ubuntu.com/ubuntu noble/universe amd64 libmodplug1 amd64 1:0.8.9.0-3build1 [166 kB]
e2e	Install Playwright browsers	2025-09-19T13:46:04.2947987Z Get:151 http://azure.archive.ubuntu.com/ubuntu noble/universe amd64 libmpcdec6 amd64 2:0.1~r495-2build1 [32.7 kB]
e2e	Install Playwright browsers	2025-09-19T13:46:04.3120144Z Get:152 http://azure.archive.ubuntu.com/ubuntu noble/universe amd64 libmpeg2encpp-2.1-0t64 amd64 1:2.1.0+debian-8.1build1 [75.6 kB]
e2e	Install Playwright browsers	2025-09-19T13:46:04.3331531Z Get:153 http://azure.archive.ubuntu.com/ubuntu noble/universe amd64 libmplex2-2.1-0t64 amd64 1:2.1.0+debian-8.1build1 [46.1 kB]
e2e	Install Playwright browsers	2025-09-19T13:46:04.3502502Z Get:154 http://azure.archive.ubuntu.com/ubuntu noble/universe amd64 libneon27t64 amd64 0.33.0-1.1build3 [102 kB]
e2e	Install Playwright browsers	2025-09-19T13:46:04.3693968Z Get:155 http://azure.archive.ubuntu.com/ubuntu noble/universe amd64 libnice10 amd64 0.1.21-2build3 [157 kB]
e2e	Install Playwright browsers	2025-09-19T13:46:04.3975873Z Get:156 http://azure.archive.ubuntu.com/ubuntu noble/universe amd64 libopenal-data all 1:1.23.1-4build1 [161 kB]
e2e	Install Playwright browsers	2025-09-19T13:46:04.4146265Z Get:157 http://azure.archive.ubuntu.com/ubuntu noble/universe amd64 libopenexr-3-1-30 amd64 3.1.5-5.1build3 [1004 kB]
e2e	Install Playwright browsers	2025-09-19T13:46:04.5015451Z Get:158 http://azure.archive.ubuntu.com/ubuntu noble/universe amd64 libopenh264-7 amd64 2.4.1+dfsg-1 [409 kB]
e2e	Install Playwright browsers	2025-09-19T13:46:04.5311787Z Get:159 http://azure.archive.ubuntu.com/ubuntu noble/universe amd64 libopenni2-0 amd64 2.2.0.33+dfsg-18 [370 kB]
e2e	Install Playwright browsers	2025-09-19T13:46:04.5599767Z Get:160 http://azure.archive.ubuntu.com/ubuntu noble/universe amd64 libqrencode4 amd64 4.1.1-1build2 [25.0 kB]
e2e	Install Playwright browsers	2025-09-19T13:46:04.5755218Z Get:161 http://azure.archive.ubuntu.com/ubuntu noble/main amd64 libsecret-common all 0.21.4-1build3 [4962 B]
e2e	Install Playwright browsers	2025-09-19T13:46:04.5909992Z Get:162 http://azure.archive.ubuntu.com/ubuntu noble/main amd64 libsecret-1-0 amd64 0.21.4-1build3 [116 kB]
e2e	Install Playwright browsers	2025-09-19T13:46:04.6146700Z Get:163 http://azure.archive.ubuntu.com/ubuntu noble/universe amd64 libsndio7.0 amd64 1.9.0-0.3build3 [29.6 kB]
e2e	Install Playwright browsers	2025-09-19T13:46:04.6342033Z Get:164 http://azure.archive.ubuntu.com/ubuntu noble/universe amd64 libsoundtouch1 amd64 2.3.2+ds1-1build1 [60.5 kB]
e2e	Install Playwright browsers	2025-09-19T13:46:04.6512220Z Get:165 http://azure.archive.ubuntu.com/ubuntu noble/universe amd64 libspandsp2t64 amd64 0.0.6+dfsg-2.1build1 [311 kB]
e2e	Install Playwright browsers	2025-09-19T13:46:04.6806189Z Get:166 http://azure.archive.ubuntu.com/ubuntu noble/universe amd64 libsrtp2-1 amd64 2.5.0-3build1 [41.9 kB]
e2e	Install Playwright browsers	2025-09-19T13:46:04.6983957Z Get:167 http://azure.archive.ubuntu.com/ubuntu noble/universe amd64 libwildmidi2 amd64 0.4.3-1build3 [68.5 kB]
e2e	Install Playwright browsers	2025-09-19T13:46:04.7167636Z Get:168 http://azure.archive.ubuntu.com/ubuntu noble/main amd64 libwoff1 amd64 1.0.2-2build1 [45.3 kB]
e2e	Install Playwright browsers	2025-09-19T13:46:04.7340643Z Get:169 http://azure.archive.ubuntu.com/ubuntu noble/main amd64 libxcb-xkb1 amd64 1.15-1ubuntu2 [32.3 kB]
e2e	Install Playwright browsers	2025-09-19T13:46:04.7510290Z Get:170 http://azure.archive.ubuntu.com/ubuntu noble/main amd64 libxkbcommon-x11-0 amd64 1.6.0-1build1 [14.5 kB]
e2e	Install Playwright browsers	2025-09-19T13:46:04.7662074Z Get:171 http://azure.archive.ubuntu.com/ubuntu noble/universe amd64 libzbar0t64 amd64 0.23.93-4build3 [123 kB]
e2e	Install Playwright browsers	2025-09-19T13:46:04.7863722Z Get:172 http://azure.archive.ubuntu.com/ubuntu noble/universe amd64 libzxing3 amd64 2.2.1-3 [583 kB]
e2e	Install Playwright browsers	2025-09-19T13:46:04.8274569Z Get:173 http://azure.archive.ubuntu.com/ubuntu noble/main amd64 xfonts-encodings all 1:1.0.5-0ubuntu2 [578 kB]
e2e	Install Playwright browsers	2025-09-19T13:46:04.8680528Z Get:174 http://azure.archive.ubuntu.com/ubuntu noble/main amd64 xfonts-utils amd64 1:7.7+6build3 [94.4 kB]
e2e	Install Playwright browsers	2025-09-19T13:46:04.8961350Z Get:175 http://azure.archive.ubuntu.com/ubuntu noble/universe amd64 xfonts-cyrillic all 1:1.0.5+nmu1 [384 kB]
e2e	Install Playwright browsers	2025-09-19T13:46:04.9303566Z Get:176 http://azure.archive.ubuntu.com/ubuntu noble/main amd64 xfonts-scalable all 1:1.0.3-1.3 [304 kB]
e2e	Install Playwright browsers	2025-09-19T13:46:04.9737796Z Get:177 http://azure.archive.ubuntu.com/ubuntu noble/universe amd64 libgstreamer-plugins-bad1.0-0 amd64 1.24.2-1ubuntu4 [797 kB]
e2e	Install Playwright browsers	2025-09-19T13:46:05.0238803Z Get:178 http://azure.archive.ubuntu.com/ubuntu noble/universe amd64 libdca0 amd64 0.0.7-2build1 [93.8 kB]
e2e	Install Playwright browsers	2025-09-19T13:46:05.0488964Z Get:179 http://azure.archive.ubuntu.com/ubuntu noble/universe amd64 libopenal1 amd64 1:1.23.1-4build1 [540 kB]
e2e	Install Playwright browsers	2025-09-19T13:46:05.0853882Z Get:180 http://azure.archive.ubuntu.com/ubuntu noble/main amd64 libsbc1 amd64 2.0-1build1 [33.9 kB]
e2e	Install Playwright browsers	2025-09-19T13:46:05.1065637Z Get:181 http://azure.archive.ubuntu.com/ubuntu noble/universe amd64 libvo-aacenc0 amd64 0.1.3-2build1 [67.8 kB]
e2e	Install Playwright browsers	2025-09-19T13:46:05.1234282Z Get:182 http://azure.archive.ubuntu.com/ubuntu noble/universe amd64 libvo-amrwbenc0 amd64 0.1.3-2build1 [76.7 kB]
e2e	Install Playwright browsers	2025-09-19T13:46:05.1405219Z Get:183 http://azure.archive.ubuntu.com/ubuntu noble/universe amd64 gstreamer1.0-plugins-bad amd64 1.24.2-1ubuntu4 [3081 kB]
e2e	Install Playwright browsers	2025-09-19T13:46:05.6382577Z Fetched 116 MB in 7s (17.4 MB/s)
e2e	Install Playwright browsers	2025-09-19T13:46:05.6664403Z Selecting previously unselected package fonts-ipafont-gothic.
e2e	Install Playwright browsers	2025-09-19T13:46:05.6967246Z (Reading database ... 
e2e	Install Playwright browsers	2025-09-19T13:46:05.6967716Z (Reading database ... 5%
e2e	Install Playwright browsers	2025-09-19T13:46:05.6968089Z (Reading database ... 10%
e2e	Install Playwright browsers	2025-09-19T13:46:05.6968941Z (Reading database ... 15%
e2e	Install Playwright browsers	2025-09-19T13:46:05.6969192Z (Reading database ... 20%
e2e	Install Playwright browsers	2025-09-19T13:46:05.6969407Z (Reading database ... 25%
e2e	Install Playwright browsers	2025-09-19T13:46:05.6969623Z (Reading database ... 30%
e2e	Install Playwright browsers	2025-09-19T13:46:05.6969842Z (Reading database ... 35%
e2e	Install Playwright browsers	2025-09-19T13:46:05.6970050Z (Reading database ... 40%
e2e	Install Playwright browsers	2025-09-19T13:46:05.6970260Z (Reading database ... 45%
e2e	Install Playwright browsers	2025-09-19T13:46:05.6970461Z (Reading database ... 50%
e2e	Install Playwright browsers	2025-09-19T13:46:05.7329753Z (Reading database ... 55%
e2e	Install Playwright browsers	2025-09-19T13:46:05.9779671Z (Reading database ... 60%
e2e	Install Playwright browsers	2025-09-19T13:46:06.1834479Z (Reading database ... 65%
e2e	Install Playwright browsers	2025-09-19T13:46:06.4221555Z (Reading database ... 70%
e2e	Install Playwright browsers	2025-09-19T13:46:06.7277941Z (Reading database ... 75%
e2e	Install Playwright browsers	2025-09-19T13:46:06.9705013Z (Reading database ... 80%
e2e	Install Playwright browsers	2025-09-19T13:46:07.2270103Z (Reading database ... 85%
e2e	Install Playwright browsers	2025-09-19T13:46:07.4503052Z (Reading database ... 90%
e2e	Install Playwright browsers	2025-09-19T13:46:07.7201376Z (Reading database ... 95%
e2e	Install Playwright browsers	2025-09-19T13:46:07.7201833Z (Reading database ... 100%
e2e	Install Playwright browsers	2025-09-19T13:46:07.7202504Z (Reading database ... 218657 files and directories currently installed.)
e2e	Install Playwright browsers	2025-09-19T13:46:07.7245798Z Preparing to unpack .../000-fonts-ipafont-gothic_00303-21ubuntu1_all.deb ...
e2e	Install Playwright browsers	2025-09-19T13:46:07.7339730Z Unpacking fonts-ipafont-gothic (00303-21ubuntu1) ...
e2e	Install Playwright browsers	2025-09-19T13:46:07.9803753Z Preparing to unpack .../001-libxml2-dev_2.9.14+dfsg-1.3ubuntu3.5_amd64.deb ...
e2e	Install Playwright browsers	2025-09-19T13:46:07.9844962Z Unpacking libxml2-dev:amd64 (2.9.14+dfsg-1.3ubuntu3.5) over (2.9.14+dfsg-1.3ubuntu3.4) ...
e2e	Install Playwright browsers	2025-09-19T13:46:08.1460536Z Preparing to unpack .../002-libxml2_2.9.14+dfsg-1.3ubuntu3.5_amd64.deb ...
e2e	Install Playwright browsers	2025-09-19T13:46:08.1569019Z Unpacking libxml2:amd64 (2.9.14+dfsg-1.3ubuntu3.5) over (2.9.14+dfsg-1.3ubuntu3.4) ...
e2e	Install Playwright browsers	2025-09-19T13:46:08.1932937Z Selecting previously unselected package fonts-freefont-ttf.
e2e	Install Playwright browsers	2025-09-19T13:46:08.2067823Z Preparing to unpack .../003-fonts-freefont-ttf_20211204+svn4273-2_all.deb ...
e2e	Install Playwright browsers	2025-09-19T13:46:08.2079190Z Unpacking fonts-freefont-ttf (20211204+svn4273-2) ...
e2e	Install Playwright browsers	2025-09-19T13:46:08.2995191Z Selecting previously unselected package fonts-tlwg-loma-otf.
e2e	Install Playwright browsers	2025-09-19T13:46:08.3127958Z Preparing to unpack .../004-fonts-tlwg-loma-otf_1%3a0.7.3-1_all.deb ...
e2e	Install Playwright browsers	2025-09-19T13:46:08.3140503Z Unpacking fonts-tlwg-loma-otf (1:0.7.3-1) ...
e2e	Install Playwright browsers	2025-09-19T13:46:08.3407047Z Selecting previously unselected package fonts-unifont.
e2e	Install Playwright browsers	2025-09-19T13:46:08.3538929Z Preparing to unpack .../005-fonts-unifont_1%3a15.1.01-1build1_all.deb ...
e2e	Install Playwright browsers	2025-09-19T13:46:08.3552219Z Unpacking fonts-unifont (1:15.1.01-1build1) ...
e2e	Install Playwright browsers	2025-09-19T13:46:08.4782873Z Selecting previously unselected package fonts-wqy-zenhei.
e2e	Install Playwright browsers	2025-09-19T13:46:08.4914570Z Preparing to unpack .../006-fonts-wqy-zenhei_0.9.45-8_all.deb ...
e2e	Install Playwright browsers	2025-09-19T13:46:08.5036066Z Unpacking fonts-wqy-zenhei (0.9.45-8) ...
e2e	Install Playwright browsers	2025-09-19T13:46:08.9613070Z Selecting previously unselected package libproxy1v5:amd64.
e2e	Install Playwright browsers	2025-09-19T13:46:08.9745306Z Preparing to unpack .../007-libproxy1v5_0.5.4-4build1_amd64.deb ...
e2e	Install Playwright browsers	2025-09-19T13:46:08.9756865Z Unpacking libproxy1v5:amd64 (0.5.4-4build1) ...
e2e	Install Playwright browsers	2025-09-19T13:46:08.9982939Z Selecting previously unselected package glib-networking-common.
e2e	Install Playwright browsers	2025-09-19T13:46:09.0113167Z Preparing to unpack .../008-glib-networking-common_2.80.0-1build1_all.deb ...
e2e	Install Playwright browsers	2025-09-19T13:46:09.0126033Z Unpacking glib-networking-common (2.80.0-1build1) ...
e2e	Install Playwright browsers	2025-09-19T13:46:09.0383440Z Selecting previously unselected package glib-networking-services.
e2e	Install Playwright browsers	2025-09-19T13:46:09.0511040Z Preparing to unpack .../009-glib-networking-services_2.80.0-1build1_amd64.deb ...
e2e	Install Playwright browsers	2025-09-19T13:46:09.0523147Z Unpacking glib-networking-services (2.80.0-1build1) ...
e2e	Install Playwright browsers	2025-09-19T13:46:09.0749165Z Selecting previously unselected package session-migration.
e2e	Install Playwright browsers	2025-09-19T13:46:09.0880938Z Preparing to unpack .../010-session-migration_0.3.9build1_amd64.deb ...
e2e	Install Playwright browsers	2025-09-19T13:46:09.0892689Z Unpacking session-migration (0.3.9build1) ...
e2e	Install Playwright browsers	2025-09-19T13:46:09.1136964Z Selecting previously unselected package gsettings-desktop-schemas.
e2e	Install Playwright browsers	2025-09-19T13:46:09.1268314Z Preparing to unpack .../011-gsettings-desktop-schemas_46.1-0ubuntu1_all.deb ...
e2e	Install Playwright browsers	2025-09-19T13:46:09.1279399Z Unpacking gsettings-desktop-schemas (46.1-0ubuntu1) ...
e2e	Install Playwright browsers	2025-09-19T13:46:09.1573727Z Selecting previously unselected package glib-networking:amd64.
e2e	Install Playwright browsers	2025-09-19T13:46:09.1704170Z Preparing to unpack .../012-glib-networking_2.80.0-1build1_amd64.deb ...
e2e	Install Playwright browsers	2025-09-19T13:46:09.1715144Z Unpacking glib-networking:amd64 (2.80.0-1build1) ...
e2e	Install Playwright browsers	2025-09-19T13:46:09.1951942Z Selecting previously unselected package libva2:amd64.
e2e	Install Playwright browsers	2025-09-19T13:46:09.2081732Z Preparing to unpack .../013-libva2_2.20.0-2build1_amd64.deb ...
e2e	Install Playwright browsers	2025-09-19T13:46:09.2093762Z Unpacking libva2:amd64 (2.20.0-2build1) ...
e2e	Install Playwright browsers	2025-09-19T13:46:09.2317698Z Selecting previously unselected package libva-drm2:amd64.
e2e	Install Playwright browsers	2025-09-19T13:46:09.2447003Z Preparing to unpack .../014-libva-drm2_2.20.0-2build1_amd64.deb ...
e2e	Install Playwright browsers	2025-09-19T13:46:09.2464279Z Unpacking libva-drm2:amd64 (2.20.0-2build1) ...
e2e	Install Playwright browsers	2025-09-19T13:46:09.2704813Z Selecting previously unselected package libva-x11-2:amd64.
e2e	Install Playwright browsers	2025-09-19T13:46:09.2833193Z Preparing to unpack .../015-libva-x11-2_2.20.0-2build1_amd64.deb ...
e2e	Install Playwright browsers	2025-09-19T13:46:09.2853162Z Unpacking libva-x11-2:amd64 (2.20.0-2build1) ...
e2e	Install Playwright browsers	2025-09-19T13:46:09.3094306Z Selecting previously unselected package libvdpau1:amd64.
e2e	Install Playwright browsers	2025-09-19T13:46:09.3222621Z Preparing to unpack .../016-libvdpau1_1.5-2build1_amd64.deb ...
e2e	Install Playwright browsers	2025-09-19T13:46:09.3234794Z Unpacking libvdpau1:amd64 (1.5-2build1) ...
e2e	Install Playwright browsers	2025-09-19T13:46:09.3465728Z Selecting previously unselected package libvpl2.
e2e	Install Playwright browsers	2025-09-19T13:46:09.3593940Z Preparing to unpack .../017-libvpl2_2023.3.0-1build1_amd64.deb ...
e2e	Install Playwright browsers	2025-09-19T13:46:09.3606861Z Unpacking libvpl2 (2023.3.0-1build1) ...
e2e	Install Playwright browsers	2025-09-19T13:46:09.3845906Z Selecting previously unselected package ocl-icd-libopencl1:amd64.
e2e	Install Playwright browsers	2025-09-19T13:46:09.3973956Z Preparing to unpack .../018-ocl-icd-libopencl1_2.3.2-1build1_amd64.deb ...
e2e	Install Playwright browsers	2025-09-19T13:46:09.3984994Z Unpacking ocl-icd-libopencl1:amd64 (2.3.2-1build1) ...
e2e	Install Playwright browsers	2025-09-19T13:46:09.4240910Z Selecting previously unselected package libavutil58:amd64.
e2e	Install Playwright browsers	2025-09-19T13:46:09.4369434Z Preparing to unpack .../019-libavutil58_7%3a6.1.1-3ubuntu5_amd64.deb ...
e2e	Install Playwright browsers	2025-09-19T13:46:09.4386254Z Unpacking libavutil58:amd64 (7:6.1.1-3ubuntu5) ...
e2e	Install Playwright browsers	2025-09-19T13:46:09.4690795Z Selecting previously unselected package libcodec2-1.2:amd64.
e2e	Install Playwright browsers	2025-09-19T13:46:09.4820342Z Preparing to unpack .../020-libcodec2-1.2_1.2.0-2build1_amd64.deb ...
e2e	Install Playwright browsers	2025-09-19T13:46:09.4832467Z Unpacking libcodec2-1.2:amd64 (1.2.0-2build1) ...
e2e	Install Playwright browsers	2025-09-19T13:46:09.5690350Z Selecting previously unselected package libdav1d7:amd64.
e2e	Install Playwright browsers	2025-09-19T13:46:09.5823661Z Preparing to unpack .../021-libdav1d7_1.4.1-1build1_amd64.deb ...
e2e	Install Playwright browsers	2025-09-19T13:46:09.5840330Z Unpacking libdav1d7:amd64 (1.4.1-1build1) ...
e2e	Install Playwright browsers	2025-09-19T13:46:09.6156065Z Selecting previously unselected package libgsm1:amd64.
e2e	Install Playwright browsers	2025-09-19T13:46:09.6289078Z Preparing to unpack .../022-libgsm1_1.0.22-1build1_amd64.deb ...
e2e	Install Playwright browsers	2025-09-19T13:46:09.6301011Z Unpacking libgsm1:amd64 (1.0.22-1build1) ...
e2e	Install Playwright browsers	2025-09-19T13:46:09.6548020Z Selecting previously unselected package libhwy1t64:amd64.
e2e	Install Playwright browsers	2025-09-19T13:46:09.6679148Z Preparing to unpack .../023-libhwy1t64_1.0.7-8.1build1_amd64.deb ...
e2e	Install Playwright browsers	2025-09-19T13:46:09.6691655Z Unpacking libhwy1t64:amd64 (1.0.7-8.1build1) ...
e2e	Install Playwright browsers	2025-09-19T13:46:09.7056391Z Selecting previously unselected package libjxl0.7:amd64.
e2e	Install Playwright browsers	2025-09-19T13:46:09.7188903Z Preparing to unpack .../024-libjxl0.7_0.7.0-10.2ubuntu6.1_amd64.deb ...
e2e	Install Playwright browsers	2025-09-19T13:46:09.7203442Z Unpacking libjxl0.7:amd64 (0.7.0-10.2ubuntu6.1) ...
e2e	Install Playwright browsers	2025-09-19T13:46:09.7610227Z Selecting previously unselected package libmp3lame0:amd64.
e2e	Install Playwright browsers	2025-09-19T13:46:09.7743255Z Preparing to unpack .../025-libmp3lame0_3.100-6build1_amd64.deb ...
e2e	Install Playwright browsers	2025-09-19T13:46:09.7760330Z Unpacking libmp3lame0:amd64 (3.100-6build1) ...
e2e	Install Playwright browsers	2025-09-19T13:46:09.8044834Z Selecting previously unselected package libopus0:amd64.
e2e	Install Playwright browsers	2025-09-19T13:46:09.8174247Z Preparing to unpack .../026-libopus0_1.4-1build1_amd64.deb ...
e2e	Install Playwright browsers	2025-09-19T13:46:09.8187509Z Unpacking libopus0:amd64 (1.4-1build1) ...
e2e	Install Playwright browsers	2025-09-19T13:46:09.8444563Z Selecting previously unselected package librav1e0:amd64.
e2e	Install Playwright browsers	2025-09-19T13:46:09.8574846Z Preparing to unpack .../027-librav1e0_0.7.1-2_amd64.deb ...
e2e	Install Playwright browsers	2025-09-19T13:46:09.8585838Z Unpacking librav1e0:amd64 (0.7.1-2) ...
e2e	Install Playwright browsers	2025-09-19T13:46:09.8948911Z Selecting previously unselected package librsvg2-2:amd64.
e2e	Install Playwright browsers	2025-09-19T13:46:09.9080155Z Preparing to unpack .../028-librsvg2-2_2.58.0+dfsg-1build1_amd64.deb ...
e2e	Install Playwright browsers	2025-09-19T13:46:09.9091835Z Unpacking librsvg2-2:amd64 (2.58.0+dfsg-1build1) ...
e2e	Install Playwright browsers	2025-09-19T13:46:09.9623963Z Selecting previously unselected package libshine3:amd64.
e2e	Install Playwright browsers	2025-09-19T13:46:09.9755328Z Preparing to unpack .../029-libshine3_3.1.1-2build1_amd64.deb ...
e2e	Install Playwright browsers	2025-09-19T13:46:09.9772436Z Unpacking libshine3:amd64 (3.1.1-2build1) ...
e2e	Install Playwright browsers	2025-09-19T13:46:10.0006838Z Selecting previously unselected package libspeex1:amd64.
e2e	Install Playwright browsers	2025-09-19T13:46:10.0135761Z Preparing to unpack .../030-libspeex1_1.2.1-2ubuntu2.24.04.1_amd64.deb ...
e2e	Install Playwright browsers	2025-09-19T13:46:10.0149522Z Unpacking libspeex1:amd64 (1.2.1-2ubuntu2.24.04.1) ...
e2e	Install Playwright browsers	2025-09-19T13:46:10.0448406Z Selecting previously unselected package libsvtav1enc1d1:amd64.
e2e	Install Playwright browsers	2025-09-19T13:46:10.0579538Z Preparing to unpack .../031-libsvtav1enc1d1_1.7.0+dfsg-2build1_amd64.deb ...
e2e	Install Playwright browsers	2025-09-19T13:46:10.0600388Z Unpacking libsvtav1enc1d1:amd64 (1.7.0+dfsg-2build1) ...
e2e	Install Playwright browsers	2025-09-19T13:46:10.1159054Z Selecting previously unselected package libsoxr0:amd64.
e2e	Install Playwright browsers	2025-09-19T13:46:10.1292771Z Preparing to unpack .../032-libsoxr0_0.1.3-4build3_amd64.deb ...
e2e	Install Playwright browsers	2025-09-19T13:46:10.1308007Z Unpacking libsoxr0:amd64 (0.1.3-4build3) ...
e2e	Install Playwright browsers	2025-09-19T13:46:10.1634867Z Selecting previously unselected package libswresample4:amd64.
e2e	Install Playwright browsers	2025-09-19T13:46:10.1768540Z Preparing to unpack .../033-libswresample4_7%3a6.1.1-3ubuntu5_amd64.deb ...
e2e	Install Playwright browsers	2025-09-19T13:46:10.1783130Z Unpacking libswresample4:amd64 (7:6.1.1-3ubuntu5) ...
e2e	Install Playwright browsers	2025-09-19T13:46:10.2040310Z Selecting previously unselected package libtheora0:amd64.
e2e	Install Playwright browsers	2025-09-19T13:46:10.2171934Z Preparing to unpack .../034-libtheora0_1.1.1+dfsg.1-16.1build3_amd64.deb ...
e2e	Install Playwright browsers	2025-09-19T13:46:10.2185976Z Unpacking libtheora0:amd64 (1.1.1+dfsg.1-16.1build3) ...
e2e	Install Playwright browsers	2025-09-19T13:46:10.2462589Z Selecting previously unselected package libtwolame0:amd64.
e2e	Install Playwright browsers	2025-09-19T13:46:10.2599708Z Preparing to unpack .../035-libtwolame0_0.4.0-2build3_amd64.deb ...
e2e	Install Playwright browsers	2025-09-19T13:46:10.2612573Z Unpacking libtwolame0:amd64 (0.4.0-2build3) ...
e2e	Install Playwright browsers	2025-09-19T13:46:10.2861047Z Selecting previously unselected package libvorbisenc2:amd64.
e2e	Install Playwright browsers	2025-09-19T13:46:10.2995564Z Preparing to unpack .../036-libvorbisenc2_1.3.7-1build3_amd64.deb ...
e2e	Install Playwright browsers	2025-09-19T13:46:10.3011423Z Unpacking libvorbisenc2:amd64 (1.3.7-1build3) ...
e2e	Install Playwright browsers	2025-09-19T13:46:10.3293861Z Selecting previously unselected package libvpx9:amd64.
e2e	Install Playwright browsers	2025-09-19T13:46:10.3427579Z Preparing to unpack .../037-libvpx9_1.14.0-1ubuntu2.2_amd64.deb ...
e2e	Install Playwright browsers	2025-09-19T13:46:10.3440481Z Unpacking libvpx9:amd64 (1.14.0-1ubuntu2.2) ...
e2e	Install Playwright browsers	2025-09-19T13:46:10.3815359Z Selecting previously unselected package libx264-164:amd64.
e2e	Install Playwright browsers	2025-09-19T13:46:10.3948494Z Preparing to unpack .../038-libx264-164_2%3a0.164.3108+git31e19f9-1_amd64.deb ...
e2e	Install Playwright browsers	2025-09-19T13:46:10.3960360Z Unpacking libx264-164:amd64 (2:0.164.3108+git31e19f9-1) ...
e2e	Install Playwright browsers	2025-09-19T13:46:10.4275807Z Selecting previously unselected package libx265-199:amd64.
e2e	Install Playwright browsers	2025-09-19T13:46:10.4409525Z Preparing to unpack .../039-libx265-199_3.5-2build1_amd64.deb ...
e2e	Install Playwright browsers	2025-09-19T13:46:10.4420050Z Unpacking libx265-199:amd64 (3.5-2build1) ...
e2e	Install Playwright browsers	2025-09-19T13:46:10.5223016Z Selecting previously unselected package libxvidcore4:amd64.
e2e	Install Playwright browsers	2025-09-19T13:46:10.5357427Z Preparing to unpack .../040-libxvidcore4_2%3a1.3.7-1build1_amd64.deb ...
e2e	Install Playwright browsers	2025-09-19T13:46:10.5371564Z Unpacking libxvidcore4:amd64 (2:1.3.7-1build1) ...
e2e	Install Playwright browsers	2025-09-19T13:46:10.5615617Z Selecting previously unselected package libzvbi-common.
e2e	Install Playwright browsers	2025-09-19T13:46:10.5749386Z Preparing to unpack .../041-libzvbi-common_0.2.42-2_all.deb ...
e2e	Install Playwright browsers	2025-09-19T13:46:10.5761533Z Unpacking libzvbi-common (0.2.42-2) ...
e2e	Install Playwright browsers	2025-09-19T13:46:10.6583669Z Selecting previously unselected package libzvbi0t64:amd64.
e2e	Install Playwright browsers	2025-09-19T13:46:10.6717110Z Preparing to unpack .../042-libzvbi0t64_0.2.42-2_amd64.deb ...
e2e	Install Playwright browsers	2025-09-19T13:46:10.6730118Z Unpacking libzvbi0t64:amd64 (0.2.42-2) ...
e2e	Install Playwright browsers	2025-09-19T13:46:10.7005266Z Selecting previously unselected package libavcodec60:amd64.
e2e	Install Playwright browsers	2025-09-19T13:46:10.7136963Z Preparing to unpack .../043-libavcodec60_7%3a6.1.1-3ubuntu5_amd64.deb ...
e2e	Install Playwright browsers	2025-09-19T13:46:10.7148727Z Unpacking libavcodec60:amd64 (7:6.1.1-3ubuntu5) ...
e2e	Install Playwright browsers	2025-09-19T13:46:10.8099831Z Selecting previously unselected package libunibreak5:amd64.
e2e	Install Playwright browsers	2025-09-19T13:46:10.8234102Z Preparing to unpack .../044-libunibreak5_5.1-2build1_amd64.deb ...
e2e	Install Playwright browsers	2025-09-19T13:46:10.8247788Z Unpacking libunibreak5:amd64 (5.1-2build1) ...
e2e	Install Playwright browsers	2025-09-19T13:46:10.8497300Z Selecting previously unselected package libass9:amd64.
e2e	Install Playwright browsers	2025-09-19T13:46:10.8630563Z Preparing to unpack .../045-libass9_1%3a0.17.1-2build1_amd64.deb ...
e2e	Install Playwright browsers	2025-09-19T13:46:10.8645858Z Unpacking libass9:amd64 (1:0.17.1-2build1) ...
e2e	Install Playwright browsers	2025-09-19T13:46:10.8899421Z Selecting previously unselected package libudfread0:amd64.
e2e	Install Playwright browsers	2025-09-19T13:46:10.9031698Z Preparing to unpack .../046-libudfread0_1.1.2-1build1_amd64.deb ...
e2e	Install Playwright browsers	2025-09-19T13:46:10.9047635Z Unpacking libudfread0:amd64 (1.1.2-1build1) ...
e2e	Install Playwright browsers	2025-09-19T13:46:10.9289116Z Selecting previously unselected package libbluray2:amd64.
e2e	Install Playwright browsers	2025-09-19T13:46:10.9420347Z Preparing to unpack .../047-libbluray2_1%3a1.3.4-1build1_amd64.deb ...
e2e	Install Playwright browsers	2025-09-19T13:46:10.9432090Z Unpacking libbluray2:amd64 (1:1.3.4-1build1) ...
e2e	Install Playwright browsers	2025-09-19T13:46:10.9683409Z Selecting previously unselected package libchromaprint1:amd64.
e2e	Install Playwright browsers	2025-09-19T13:46:10.9813708Z Preparing to unpack .../048-libchromaprint1_1.5.1-5_amd64.deb ...
e2e	Install Playwright browsers	2025-09-19T13:46:10.9826117Z Unpacking libchromaprint1:amd64 (1.5.1-5) ...
e2e	Install Playwright browsers	2025-09-19T13:46:11.0044824Z Selecting previously unselected package libgme0:amd64.
e2e	Install Playwright browsers	2025-09-19T13:46:11.0174537Z Preparing to unpack .../049-libgme0_0.6.3-7build1_amd64.deb ...
e2e	Install Playwright browsers	2025-09-19T13:46:11.0182890Z Unpacking libgme0:amd64 (0.6.3-7build1) ...
e2e	Install Playwright browsers	2025-09-19T13:46:11.0416444Z Selecting previously unselected package libmpg123-0t64:amd64.
e2e	Install Playwright browsers	2025-09-19T13:46:11.0546587Z Preparing to unpack .../050-libmpg123-0t64_1.32.5-1ubuntu1.1_amd64.deb ...
e2e	Install Playwright browsers	2025-09-19T13:46:11.0560347Z Unpacking libmpg123-0t64:amd64 (1.32.5-1ubuntu1.1) ...
e2e	Install Playwright browsers	2025-09-19T13:46:11.0832660Z Selecting previously unselected package libopenmpt0t64:amd64.
e2e	Install Playwright browsers	2025-09-19T13:46:11.0964983Z Preparing to unpack .../051-libopenmpt0t64_0.7.3-1.1build3_amd64.deb ...
e2e	Install Playwright browsers	2025-09-19T13:46:11.1043678Z Unpacking libopenmpt0t64:amd64 (0.7.3-1.1build3) ...
e2e	Install Playwright browsers	2025-09-19T13:46:11.1341080Z Selecting previously unselected package libcjson1:amd64.
e2e	Install Playwright browsers	2025-09-19T13:46:11.1473513Z Preparing to unpack .../052-libcjson1_1.7.17-1_amd64.deb ...
e2e	Install Playwright browsers	2025-09-19T13:46:11.1486417Z Unpacking libcjson1:amd64 (1.7.17-1) ...
e2e	Install Playwright browsers	2025-09-19T13:46:11.1721099Z Selecting previously unselected package libmbedcrypto7t64:amd64.
e2e	Install Playwright browsers	2025-09-19T13:46:11.1852047Z Preparing to unpack .../053-libmbedcrypto7t64_2.28.8-1_amd64.deb ...
e2e	Install Playwright browsers	2025-09-19T13:46:11.1861084Z Unpacking libmbedcrypto7t64:amd64 (2.28.8-1) ...
e2e	Install Playwright browsers	2025-09-19T13:46:11.2134829Z Selecting previously unselected package librist4:amd64.
e2e	Install Playwright browsers	2025-09-19T13:46:11.2265449Z Preparing to unpack .../054-librist4_0.2.10+dfsg-2_amd64.deb ...
e2e	Install Playwright browsers	2025-09-19T13:46:11.2276483Z Unpacking librist4:amd64 (0.2.10+dfsg-2) ...
e2e	Install Playwright browsers	2025-09-19T13:46:11.2509562Z Selecting previously unselected package libsrt1.5-gnutls:amd64.
e2e	Install Playwright browsers	2025-09-19T13:46:11.2639923Z Preparing to unpack .../055-libsrt1.5-gnutls_1.5.3-1build2_amd64.deb ...
e2e	Install Playwright browsers	2025-09-19T13:46:11.2649998Z Unpacking libsrt1.5-gnutls:amd64 (1.5.3-1build2) ...
e2e	Install Playwright browsers	2025-09-19T13:46:11.2959160Z Selecting previously unselected package libssh-gcrypt-4:amd64.
e2e	Install Playwright browsers	2025-09-19T13:46:11.3089346Z Preparing to unpack .../056-libssh-gcrypt-4_0.10.6-2ubuntu0.1_amd64.deb ...
e2e	Install Playwright browsers	2025-09-19T13:46:11.3099616Z Unpacking libssh-gcrypt-4:amd64 (0.10.6-2ubuntu0.1) ...
e2e	Install Playwright browsers	2025-09-19T13:46:11.3346608Z Selecting previously unselected package libavformat60:amd64.
e2e	Install Playwright browsers	2025-09-19T13:46:11.3476019Z Preparing to unpack .../057-libavformat60_7%3a6.1.1-3ubuntu5_amd64.deb ...
e2e	Install Playwright browsers	2025-09-19T13:46:11.3486523Z Unpacking libavformat60:amd64 (7:6.1.1-3ubuntu5) ...
e2e	Install Playwright browsers	2025-09-19T13:46:11.3827564Z Selecting previously unselected package libbs2b0:amd64.
e2e	Install Playwright browsers	2025-09-19T13:46:11.3957965Z Preparing to unpack .../058-libbs2b0_3.1.0+dfsg-7build1_amd64.deb ...
e2e	Install Playwright browsers	2025-09-19T13:46:11.3966746Z Unpacking libbs2b0:amd64 (3.1.0+dfsg-7build1) ...
e2e	Install Playwright browsers	2025-09-19T13:46:11.4201205Z Selecting previously unselected package libflite1:amd64.
e2e	Install Playwright browsers	2025-09-19T13:46:11.4331673Z Preparing to unpack .../059-libflite1_2.2-6build3_amd64.deb ...
e2e	Install Playwright browsers	2025-09-19T13:46:11.4341176Z Unpacking libflite1:amd64 (2.2-6build3) ...
e2e	Install Playwright browsers	2025-09-19T13:46:11.5566263Z Selecting previously unselected package libserd-0-0:amd64.
e2e	Install Playwright browsers	2025-09-19T13:46:11.5699945Z Preparing to unpack .../060-libserd-0-0_0.32.2-1_amd64.deb ...
e2e	Install Playwright browsers	2025-09-19T13:46:11.5713008Z Unpacking libserd-0-0:amd64 (0.32.2-1) ...
e2e	Install Playwright browsers	2025-09-19T13:46:11.5945252Z Selecting previously unselected package libzix-0-0:amd64.
e2e	Install Playwright browsers	2025-09-19T13:46:11.6078950Z Preparing to unpack .../061-libzix-0-0_0.4.2-2build1_amd64.deb ...
e2e	Install Playwright browsers	2025-09-19T13:46:11.6091663Z Unpacking libzix-0-0:amd64 (0.4.2-2build1) ...
e2e	Install Playwright browsers	2025-09-19T13:46:11.6334080Z Selecting previously unselected package libsord-0-0:amd64.
e2e	Install Playwright browsers	2025-09-19T13:46:11.6463197Z Preparing to unpack .../062-libsord-0-0_0.16.16-2build1_amd64.deb ...
e2e	Install Playwright browsers	2025-09-19T13:46:11.6474193Z Unpacking libsord-0-0:amd64 (0.16.16-2build1) ...
e2e	Install Playwright browsers	2025-09-19T13:46:11.6702733Z Selecting previously unselected package libsratom-0-0:amd64.
e2e	Install Playwright browsers	2025-09-19T13:46:11.6832465Z Preparing to unpack .../063-libsratom-0-0_0.6.16-1build1_amd64.deb ...
e2e	Install Playwright browsers	2025-09-19T13:46:11.6851156Z Unpacking libsratom-0-0:amd64 (0.6.16-1build1) ...
e2e	Install Playwright browsers	2025-09-19T13:46:11.7117521Z Selecting previously unselected package liblilv-0-0:amd64.
e2e	Install Playwright browsers	2025-09-19T13:46:11.7247341Z Preparing to unpack .../064-liblilv-0-0_0.24.22-1build1_amd64.deb ...
e2e	Install Playwright browsers	2025-09-19T13:46:11.7258519Z Unpacking liblilv-0-0:amd64 (0.24.22-1build1) ...
e2e	Install Playwright browsers	2025-09-19T13:46:11.7491365Z Selecting previously unselected package libmysofa1:amd64.
e2e	Install Playwright browsers	2025-09-19T13:46:11.7620579Z Preparing to unpack .../065-libmysofa1_1.3.2+dfsg-2ubuntu2_amd64.deb ...
e2e	Install Playwright browsers	2025-09-19T13:46:11.7637224Z Unpacking libmysofa1:amd64 (1.3.2+dfsg-2ubuntu2) ...
e2e	Install Playwright browsers	2025-09-19T13:46:11.7953298Z Selecting previously unselected package libplacebo338:amd64.
e2e	Install Playwright browsers	2025-09-19T13:46:11.8082982Z Preparing to unpack .../066-libplacebo338_6.338.2-2build1_amd64.deb ...
e2e	Install Playwright browsers	2025-09-19T13:46:11.8098586Z Unpacking libplacebo338:amd64 (6.338.2-2build1) ...
e2e	Install Playwright browsers	2025-09-19T13:46:11.8731118Z Selecting previously unselected package libblas3:amd64.
e2e	Install Playwright browsers	2025-09-19T13:46:11.8863679Z Preparing to unpack .../067-libblas3_3.12.0-3build1.1_amd64.deb ...
e2e	Install Playwright browsers	2025-09-19T13:46:11.8900226Z Unpacking libblas3:amd64 (3.12.0-3build1.1) ...
e2e	Install Playwright browsers	2025-09-19T13:46:11.9221267Z Selecting previously unselected package liblapack3:amd64.
e2e	Install Playwright browsers	2025-09-19T13:46:11.9352843Z Preparing to unpack .../068-liblapack3_3.12.0-3build1.1_amd64.deb ...
e2e	Install Playwright browsers	2025-09-19T13:46:11.9389384Z Unpacking liblapack3:amd64 (3.12.0-3build1.1) ...
e2e	Install Playwright browsers	2025-09-19T13:46:11.9941066Z Selecting previously unselected package libasyncns0:amd64.
e2e	Install Playwright browsers	2025-09-19T13:46:12.0073598Z Preparing to unpack .../069-libasyncns0_0.8-6build4_amd64.deb ...
e2e	Install Playwright browsers	2025-09-19T13:46:12.0095226Z Unpacking libasyncns0:amd64 (0.8-6build4) ...
e2e	Install Playwright browsers	2025-09-19T13:46:12.0338677Z Selecting previously unselected package libflac12t64:amd64.
e2e	Install Playwright browsers	2025-09-19T13:46:12.0470308Z Preparing to unpack .../070-libflac12t64_1.4.3+ds-2.1ubuntu2_amd64.deb ...
e2e	Install Playwright browsers	2025-09-19T13:46:12.0481330Z Unpacking libflac12t64:amd64 (1.4.3+ds-2.1ubuntu2) ...
e2e	Install Playwright browsers	2025-09-19T13:46:12.0803872Z Selecting previously unselected package libsndfile1:amd64.
e2e	Install Playwright browsers	2025-09-19T13:46:12.0935348Z Preparing to unpack .../071-libsndfile1_1.2.2-1ubuntu5.24.04.1_amd64.deb ...
e2e	Install Playwright browsers	2025-09-19T13:46:12.0958619Z Unpacking libsndfile1:amd64 (1.2.2-1ubuntu5.24.04.1) ...
e2e	Install Playwright browsers	2025-09-19T13:46:12.1260286Z Selecting previously unselected package libpulse0:amd64.
e2e	Install Playwright browsers	2025-09-19T13:46:12.1392369Z Preparing to unpack .../072-libpulse0_1%3a16.1+dfsg1-2ubuntu10.1_amd64.deb ...
e2e	Install Playwright browsers	2025-09-19T13:46:12.1472061Z Unpacking libpulse0:amd64 (1:16.1+dfsg1-2ubuntu10.1) ...
e2e	Install Playwright browsers	2025-09-19T13:46:12.1770239Z Selecting previously unselected package libsphinxbase3t64:amd64.
e2e	Install Playwright browsers	2025-09-19T13:46:12.1903202Z Preparing to unpack .../073-libsphinxbase3t64_0.8+5prealpha+1-17build2_amd64.deb ...
e2e	Install Playwright browsers	2025-09-19T13:46:12.1913888Z Unpacking libsphinxbase3t64:amd64 (0.8+5prealpha+1-17build2) ...
e2e	Install Playwright browsers	2025-09-19T13:46:12.2138630Z Selecting previously unselected package libpocketsphinx3:amd64.
e2e	Install Playwright browsers	2025-09-19T13:46:12.2270734Z Preparing to unpack .../074-libpocketsphinx3_0.8.0+real5prealpha+1-15ubuntu5_amd64.deb ...
e2e	Install Playwright browsers	2025-09-19T13:46:12.2290318Z Unpacking libpocketsphinx3:amd64 (0.8.0+real5prealpha+1-15ubuntu5) ...
e2e	Install Playwright browsers	2025-09-19T13:46:12.2543563Z Selecting previously unselected package libpostproc57:amd64.
e2e	Install Playwright browsers	2025-09-19T13:46:12.2675524Z Preparing to unpack .../075-libpostproc57_7%3a6.1.1-3ubuntu5_amd64.deb ...
e2e	Install Playwright browsers	2025-09-19T13:46:12.2702986Z Unpacking libpostproc57:amd64 (7:6.1.1-3ubuntu5) ...
e2e	Install Playwright browsers	2025-09-19T13:46:12.2950899Z Selecting previously unselected package libsamplerate0:amd64.
e2e	Install Playwright browsers	2025-09-19T13:46:12.3081740Z Preparing to unpack .../076-libsamplerate0_0.2.2-4build1_amd64.deb ...
e2e	Install Playwright browsers	2025-09-19T13:46:12.3095476Z Unpacking libsamplerate0:amd64 (0.2.2-4build1) ...
e2e	Install Playwright browsers	2025-09-19T13:46:12.3396990Z Selecting previously unselected package librubberband2:amd64.
e2e	Install Playwright browsers	2025-09-19T13:46:12.3527489Z Preparing to unpack .../077-librubberband2_3.3.0+dfsg-2build1_amd64.deb ...
e2e	Install Playwright browsers	2025-09-19T13:46:12.3545805Z Unpacking librubberband2:amd64 (3.3.0+dfsg-2build1) ...
e2e	Install Playwright browsers	2025-09-19T13:46:12.3818286Z Selecting previously unselected package libswscale7:amd64.
e2e	Install Playwright browsers	2025-09-19T13:46:12.3949189Z Preparing to unpack .../078-libswscale7_7%3a6.1.1-3ubuntu5_amd64.deb ...
e2e	Install Playwright browsers	2025-09-19T13:46:12.3969064Z Unpacking libswscale7:amd64 (7:6.1.1-3ubuntu5) ...
e2e	Install Playwright browsers	2025-09-19T13:46:12.4244732Z Selecting previously unselected package libvidstab1.1:amd64.
e2e	Install Playwright browsers	2025-09-19T13:46:12.4377057Z Preparing to unpack .../079-libvidstab1.1_1.1.0-2build1_amd64.deb ...
e2e	Install Playwright browsers	2025-09-19T13:46:12.4387744Z Unpacking libvidstab1.1:amd64 (1.1.0-2build1) ...
e2e	Install Playwright browsers	2025-09-19T13:46:12.4755637Z Selecting previously unselected package libzimg2:amd64.
e2e	Install Playwright browsers	2025-09-19T13:46:12.4887800Z Preparing to unpack .../080-libzimg2_3.0.5+ds1-1build1_amd64.deb ...
e2e	Install Playwright browsers	2025-09-19T13:46:12.4900125Z Unpacking libzimg2:amd64 (3.0.5+ds1-1build1) ...
e2e	Install Playwright browsers	2025-09-19T13:46:12.5172582Z Selecting previously unselected package libavfilter9:amd64.
e2e	Install Playwright browsers	2025-09-19T13:46:12.5305263Z Preparing to unpack .../081-libavfilter9_7%3a6.1.1-3ubuntu5_amd64.deb ...
e2e	Install Playwright browsers	2025-09-19T13:46:12.5315029Z Unpacking libavfilter9:amd64 (7:6.1.1-3ubuntu5) ...
e2e	Install Playwright browsers	2025-09-19T13:46:12.6052247Z Selecting previously unselected package liborc-0.4-0t64:amd64.
e2e	Install Playwright browsers	2025-09-19T13:46:12.6186716Z Preparing to unpack .../082-liborc-0.4-0t64_1%3a0.4.38-1ubuntu0.1_amd64.deb ...
e2e	Install Playwright browsers	2025-09-19T13:46:12.6200118Z Unpacking liborc-0.4-0t64:amd64 (1:0.4.38-1ubuntu0.1) ...
e2e	Install Playwright browsers	2025-09-19T13:46:12.6474826Z Selecting previously unselected package libgstreamer-plugins-base1.0-0:amd64.
e2e	Install Playwright browsers	2025-09-19T13:46:12.6607086Z Preparing to unpack .../083-libgstreamer-plugins-base1.0-0_1.24.2-1ubuntu0.3_amd64.deb ...
e2e	Install Playwright browsers	2025-09-19T13:46:12.6620646Z Unpacking libgstreamer-plugins-base1.0-0:amd64 (1.24.2-1ubuntu0.3) ...
e2e	Install Playwright browsers	2025-09-19T13:46:12.6958542Z Selecting previously unselected package gstreamer1.0-libav:amd64.
e2e	Install Playwright browsers	2025-09-19T13:46:12.7089828Z Preparing to unpack .../084-gstreamer1.0-libav_1.24.1-1build1_amd64.deb ...
e2e	Install Playwright browsers	2025-09-19T13:46:12.7099859Z Unpacking gstreamer1.0-libav:amd64 (1.24.1-1build1) ...
e2e	Install Playwright browsers	2025-09-19T13:46:12.7356155Z Selecting previously unselected package libcdparanoia0:amd64.
e2e	Install Playwright browsers	2025-09-19T13:46:12.7486805Z Preparing to unpack .../085-libcdparanoia0_3.10.2+debian-14build3_amd64.deb ...
e2e	Install Playwright browsers	2025-09-19T13:46:12.7517283Z Unpacking libcdparanoia0:amd64 (3.10.2+debian-14build3) ...
e2e	Install Playwright browsers	2025-09-19T13:46:12.7770687Z Selecting previously unselected package libvisual-0.4-0:amd64.
e2e	Install Playwright browsers	2025-09-19T13:46:12.7902006Z Preparing to unpack .../086-libvisual-0.4-0_0.4.2-2build1_amd64.deb ...
e2e	Install Playwright browsers	2025-09-19T13:46:12.7912892Z Unpacking libvisual-0.4-0:amd64 (0.4.2-2build1) ...
e2e	Install Playwright browsers	2025-09-19T13:46:12.8172691Z Selecting previously unselected package gstreamer1.0-plugins-base:amd64.
e2e	Install Playwright browsers	2025-09-19T13:46:12.8304540Z Preparing to unpack .../087-gstreamer1.0-plugins-base_1.24.2-1ubuntu0.3_amd64.deb ...
e2e	Install Playwright browsers	2025-09-19T13:46:12.8319098Z Unpacking gstreamer1.0-plugins-base:amd64 (1.24.2-1ubuntu0.3) ...
e2e	Install Playwright browsers	2025-09-19T13:46:12.8690143Z Selecting previously unselected package libaa1:amd64.
e2e	Install Playwright browsers	2025-09-19T13:46:12.8821960Z Preparing to unpack .../088-libaa1_1.4p5-51.1_amd64.deb ...
e2e	Install Playwright browsers	2025-09-19T13:46:12.8840814Z Unpacking libaa1:amd64 (1.4p5-51.1) ...
e2e	Install Playwright browsers	2025-09-19T13:46:12.9094951Z Selecting previously unselected package libraw1394-11:amd64.
e2e	Install Playwright browsers	2025-09-19T13:46:12.9225031Z Preparing to unpack .../089-libraw1394-11_2.1.2-2build3_amd64.deb ...
e2e	Install Playwright browsers	2025-09-19T13:46:12.9240253Z Unpacking libraw1394-11:amd64 (2.1.2-2build3) ...
e2e	Install Playwright browsers	2025-09-19T13:46:12.9462239Z Selecting previously unselected package libavc1394-0:amd64.
e2e	Install Playwright browsers	2025-09-19T13:46:12.9591703Z Preparing to unpack .../090-libavc1394-0_0.5.4-5build3_amd64.deb ...
e2e	Install Playwright browsers	2025-09-19T13:46:12.9601544Z Unpacking libavc1394-0:amd64 (0.5.4-5build3) ...
e2e	Install Playwright browsers	2025-09-19T13:46:12.9836278Z Selecting previously unselected package libcaca0:amd64.
e2e	Install Playwright browsers	2025-09-19T13:46:12.9965199Z Preparing to unpack .../091-libcaca0_0.99.beta20-4build2_amd64.deb ...
e2e	Install Playwright browsers	2025-09-19T13:46:12.9984265Z Unpacking libcaca0:amd64 (0.99.beta20-4build2) ...
e2e	Install Playwright browsers	2025-09-19T13:46:13.0253280Z Selecting previously unselected package libdv4t64:amd64.
e2e	Install Playwright browsers	2025-09-19T13:46:13.0381952Z Preparing to unpack .../092-libdv4t64_1.0.0-17.1build1_amd64.deb ...
e2e	Install Playwright browsers	2025-09-19T13:46:13.0395872Z Unpacking libdv4t64:amd64 (1.0.0-17.1build1) ...
e2e	Install Playwright browsers	2025-09-19T13:46:13.0645755Z Selecting previously unselected package libgstreamer-plugins-good1.0-0:amd64.
e2e	Install Playwright browsers	2025-09-19T13:46:13.0779918Z Preparing to unpack .../093-libgstreamer-plugins-good1.0-0_1.24.2-1ubuntu1.2_amd64.deb ...
e2e	Install Playwright browsers	2025-09-19T13:46:13.0791685Z Unpacking libgstreamer-plugins-good1.0-0:amd64 (1.24.2-1ubuntu1.2) ...
e2e	Install Playwright browsers	2025-09-19T13:46:13.1060202Z Selecting previously unselected package libiec61883-0:amd64.
e2e	Install Playwright browsers	2025-09-19T13:46:13.1193616Z Preparing to unpack .../094-libiec61883-0_1.2.0-6build1_amd64.deb ...
e2e	Install Playwright browsers	2025-09-19T13:46:13.1205511Z Unpacking libiec61883-0:amd64 (1.2.0-6build1) ...
e2e	Install Playwright browsers	2025-09-19T13:46:13.1440916Z Selecting previously unselected package libshout3:amd64.
e2e	Install Playwright browsers	2025-09-19T13:46:13.1572170Z Preparing to unpack .../095-libshout3_2.4.6-1build2_amd64.deb ...
e2e	Install Playwright browsers	2025-09-19T13:46:13.1590913Z Unpacking libshout3:amd64 (2.4.6-1build2) ...
e2e	Install Playwright browsers	2025-09-19T13:46:13.1837085Z Selecting previously unselected package libtag1v5-vanilla:amd64.
e2e	Install Playwright browsers	2025-09-19T13:46:13.1966980Z Preparing to unpack .../096-libtag1v5-vanilla_1.13.1-1build1_amd64.deb ...
e2e	Install Playwright browsers	2025-09-19T13:46:13.1985124Z Unpacking libtag1v5-vanilla:amd64 (1.13.1-1build1) ...
e2e	Install Playwright browsers	2025-09-19T13:46:13.2237593Z Selecting previously unselected package libtag1v5:amd64.
e2e	Install Playwright browsers	2025-09-19T13:46:13.2368412Z Preparing to unpack .../097-libtag1v5_1.13.1-1build1_amd64.deb ...
e2e	Install Playwright browsers	2025-09-19T13:46:13.2387552Z Unpacking libtag1v5:amd64 (1.13.1-1build1) ...
e2e	Install Playwright browsers	2025-09-19T13:46:13.2614513Z Selecting previously unselected package libv4lconvert0t64:amd64.
e2e	Install Playwright browsers	2025-09-19T13:46:13.2742867Z Preparing to unpack .../098-libv4lconvert0t64_1.26.1-4build3_amd64.deb ...
e2e	Install Playwright browsers	2025-09-19T13:46:13.2753032Z Unpacking libv4lconvert0t64:amd64 (1.26.1-4build3) ...
e2e	Install Playwright browsers	2025-09-19T13:46:13.3009294Z Selecting previously unselected package libv4l-0t64:amd64.
e2e	Install Playwright browsers	2025-09-19T13:46:13.3135984Z Preparing to unpack .../099-libv4l-0t64_1.26.1-4build3_amd64.deb ...
e2e	Install Playwright browsers	2025-09-19T13:46:13.3148635Z Unpacking libv4l-0t64:amd64 (1.26.1-4build3) ...
e2e	Install Playwright browsers	2025-09-19T13:46:13.3403636Z Selecting previously unselected package libwavpack1:amd64.
e2e	Install Playwright browsers	2025-09-19T13:46:13.3530716Z Preparing to unpack .../100-libwavpack1_5.6.0-1build1_amd64.deb ...
e2e	Install Playwright browsers	2025-09-19T13:46:13.3549005Z Unpacking libwavpack1:amd64 (5.6.0-1build1) ...
e2e	Install Playwright browsers	2025-09-19T13:46:13.3775149Z Selecting previously unselected package libsoup-3.0-common.
e2e	Install Playwright browsers	2025-09-19T13:46:13.3902949Z Preparing to unpack .../101-libsoup-3.0-common_3.4.4-5ubuntu0.5_all.deb ...
e2e	Install Playwright browsers	2025-09-19T13:46:13.3917435Z Unpacking libsoup-3.0-common (3.4.4-5ubuntu0.5) ...
e2e	Install Playwright browsers	2025-09-19T13:46:13.4144694Z Selecting previously unselected package libsoup-3.0-0:amd64.
e2e	Install Playwright browsers	2025-09-19T13:46:13.4271902Z Preparing to unpack .../102-libsoup-3.0-0_3.4.4-5ubuntu0.5_amd64.deb ...
e2e	Install Playwright browsers	2025-09-19T13:46:13.4283401Z Unpacking libsoup-3.0-0:amd64 (3.4.4-5ubuntu0.5) ...
e2e	Install Playwright browsers	2025-09-19T13:46:13.4668431Z Selecting previously unselected package gstreamer1.0-plugins-good:amd64.
e2e	Install Playwright browsers	2025-09-19T13:46:13.4796005Z Preparing to unpack .../103-gstreamer1.0-plugins-good_1.24.2-1ubuntu1.2_amd64.deb ...
e2e	Install Playwright browsers	2025-09-19T13:46:13.4812469Z Unpacking gstreamer1.0-plugins-good:amd64 (1.24.2-1ubuntu1.2) ...
e2e	Install Playwright browsers	2025-09-19T13:46:13.5401751Z Selecting previously unselected package libabsl20220623t64:amd64.
e2e	Install Playwright browsers	2025-09-19T13:46:13.5535730Z Preparing to unpack .../104-libabsl20220623t64_20220623.1-3.1ubuntu3.2_amd64.deb ...
e2e	Install Playwright browsers	2025-09-19T13:46:13.5546050Z Unpacking libabsl20220623t64:amd64 (20220623.1-3.1ubuntu3.2) ...
e2e	Install Playwright browsers	2025-09-19T13:46:13.6012631Z Selecting previously unselected package libgav1-1:amd64.
e2e	Install Playwright browsers	2025-09-19T13:46:13.6145572Z Preparing to unpack .../105-libgav1-1_0.18.0-1build3_amd64.deb ...
e2e	Install Playwright browsers	2025-09-19T13:46:13.6157502Z Unpacking libgav1-1:amd64 (0.18.0-1build3) ...
e2e	Install Playwright browsers	2025-09-19T13:46:13.6442415Z Selecting previously unselected package libyuv0:amd64.
e2e	Install Playwright browsers	2025-09-19T13:46:13.6574323Z Preparing to unpack .../106-libyuv0_0.0~git202401110.af6ac82-1_amd64.deb ...
e2e	Install Playwright browsers	2025-09-19T13:46:13.6586127Z Unpacking libyuv0:amd64 (0.0~git202401110.af6ac82-1) ...
e2e	Install Playwright browsers	2025-09-19T13:46:13.6853966Z Selecting previously unselected package libavif16:amd64.
e2e	Install Playwright browsers	2025-09-19T13:46:13.6985597Z Preparing to unpack .../107-libavif16_1.0.4-1ubuntu3_amd64.deb ...
e2e	Install Playwright browsers	2025-09-19T13:46:13.6999824Z Unpacking libavif16:amd64 (1.0.4-1ubuntu3) ...
e2e	Install Playwright browsers	2025-09-19T13:46:13.7229476Z Selecting previously unselected package libavtp0:amd64.
e2e	Install Playwright browsers	2025-09-19T13:46:13.7358939Z Preparing to unpack .../108-libavtp0_0.2.0-1build1_amd64.deb ...
e2e	Install Playwright browsers	2025-09-19T13:46:13.7370853Z Unpacking libavtp0:amd64 (0.2.0-1build1) ...
e2e	Install Playwright browsers	2025-09-19T13:46:13.7620062Z Selecting previously unselected package libcairo-script-interpreter2:amd64.
e2e	Install Playwright browsers	2025-09-19T13:46:13.7751666Z Preparing to unpack .../109-libcairo-script-interpreter2_1.18.0-3build1_amd64.deb ...
e2e	Install Playwright browsers	2025-09-19T13:46:13.7764727Z Unpacking libcairo-script-interpreter2:amd64 (1.18.0-3build1) ...
e2e	Install Playwright browsers	2025-09-19T13:46:13.8142602Z Preparing to unpack .../110-libcups2t64_2.4.7-1.2ubuntu7.4_amd64.deb ...
e2e	Install Playwright browsers	2025-09-19T13:46:13.8492171Z Unpacking libcups2t64:amd64 (2.4.7-1.2ubuntu7.4) over (2.4.7-1.2ubuntu7.3) ...
e2e	Install Playwright browsers	2025-09-19T13:46:13.8905259Z Selecting previously unselected package libdc1394-25:amd64.
e2e	Install Playwright browsers	2025-09-19T13:46:13.9036800Z Preparing to unpack .../111-libdc1394-25_2.2.6-4build1_amd64.deb ...
e2e	Install Playwright browsers	2025-09-19T13:46:13.9049177Z Unpacking libdc1394-25:amd64 (2.2.6-4build1) ...
e2e	Install Playwright browsers	2025-09-19T13:46:13.9302642Z Selecting previously unselected package libdecor-0-0:amd64.
e2e	Install Playwright browsers	2025-09-19T13:46:13.9431897Z Preparing to unpack .../112-libdecor-0-0_0.2.2-1build2_amd64.deb ...
e2e	Install Playwright browsers	2025-09-19T13:46:13.9444033Z Unpacking libdecor-0-0:amd64 (0.2.2-1build2) ...
e2e	Install Playwright browsers	2025-09-19T13:46:13.9678484Z Selecting previously unselected package libgles2:amd64.
e2e	Install Playwright browsers	2025-09-19T13:46:13.9806362Z Preparing to unpack .../113-libgles2_1.7.0-1build1_amd64.deb ...
e2e	Install Playwright browsers	2025-09-19T13:46:13.9815182Z Unpacking libgles2:amd64 (1.7.0-1build1) ...
e2e	Install Playwright browsers	2025-09-19T13:46:14.0051672Z Selecting previously unselected package libdirectfb-1.7-7t64:amd64.
e2e	Install Playwright browsers	2025-09-19T13:46:14.0178847Z Preparing to unpack .../114-libdirectfb-1.7-7t64_1.7.7-11.1ubuntu2_amd64.deb ...
e2e	Install Playwright browsers	2025-09-19T13:46:14.0197637Z Unpacking libdirectfb-1.7-7t64:amd64 (1.7.7-11.1ubuntu2) ...
e2e	Install Playwright browsers	2025-09-19T13:46:14.0666570Z Selecting previously unselected package libdvdread8t64:amd64.
e2e	Install Playwright browsers	2025-09-19T13:46:14.0800044Z Preparing to unpack .../115-libdvdread8t64_6.1.3-1.1build1_amd64.deb ...
e2e	Install Playwright browsers	2025-09-19T13:46:14.0812453Z Unpacking libdvdread8t64:amd64 (6.1.3-1.1build1) ...
e2e	Install Playwright browsers	2025-09-19T13:46:14.1064531Z Selecting previously unselected package libdvdnav4:amd64.
e2e	Install Playwright browsers	2025-09-19T13:46:14.1195071Z Preparing to unpack .../116-libdvdnav4_6.1.1-3build1_amd64.deb ...
e2e	Install Playwright browsers	2025-09-19T13:46:14.1206073Z Unpacking libdvdnav4:amd64 (6.1.1-3build1) ...
e2e	Install Playwright browsers	2025-09-19T13:46:14.1484925Z Selecting previously unselected package libegl-mesa0:amd64.
e2e	Install Playwright browsers	2025-09-19T13:46:14.1616962Z Preparing to unpack .../117-libegl-mesa0_25.0.7-0ubuntu0.24.04.2_amd64.deb ...
e2e	Install Playwright browsers	2025-09-19T13:46:14.1627758Z Unpacking libegl-mesa0:amd64 (25.0.7-0ubuntu0.24.04.2) ...
e2e	Install Playwright browsers	2025-09-19T13:46:14.1916050Z Selecting previously unselected package libevent-2.1-7t64:amd64.
e2e	Install Playwright browsers	2025-09-19T13:46:14.2047166Z Preparing to unpack .../118-libevent-2.1-7t64_2.1.12-stable-9ubuntu2_amd64.deb ...
e2e	Install Playwright browsers	2025-09-19T13:46:14.2056651Z Unpacking libevent-2.1-7t64:amd64 (2.1.12-stable-9ubuntu2) ...
e2e	Install Playwright browsers	2025-09-19T13:46:14.2295935Z Selecting previously unselected package libfaad2:amd64.
e2e	Install Playwright browsers	2025-09-19T13:46:14.2426508Z Preparing to unpack .../119-libfaad2_2.11.1-1build1_amd64.deb ...
e2e	Install Playwright browsers	2025-09-19T13:46:14.2436342Z Unpacking libfaad2:amd64 (2.11.1-1build1) ...
e2e	Install Playwright browsers	2025-09-19T13:46:14.2743651Z Selecting previously unselected package libinstpatch-1.0-2:amd64.
e2e	Install Playwright browsers	2025-09-19T13:46:14.2874611Z Preparing to unpack .../120-libinstpatch-1.0-2_1.1.6-1build2_amd64.deb ...
e2e	Install Playwright browsers	2025-09-19T13:46:14.2885813Z Unpacking libinstpatch-1.0-2:amd64 (1.1.6-1build2) ...
e2e	Install Playwright browsers	2025-09-19T13:46:14.3143461Z Selecting previously unselected package libjack-jackd2-0:amd64.
e2e	Install Playwright browsers	2025-09-19T13:46:14.3273760Z Preparing to unpack .../121-libjack-jackd2-0_1.9.21~dfsg-3ubuntu3_amd64.deb ...
e2e	Install Playwright browsers	2025-09-19T13:46:14.3285192Z Unpacking libjack-jackd2-0:amd64 (1.9.21~dfsg-3ubuntu3) ...
e2e	Install Playwright browsers	2025-09-19T13:46:14.3562005Z Selecting previously unselected package libwebrtc-audio-processing1:amd64.
e2e	Install Playwright browsers	2025-09-19T13:46:14.3692610Z Preparing to unpack .../122-libwebrtc-audio-processing1_0.3.1-0ubuntu6_amd64.deb ...
e2e	Install Playwright browsers	2025-09-19T13:46:14.3710980Z Unpacking libwebrtc-audio-processing1:amd64 (0.3.1-0ubuntu6) ...
e2e	Install Playwright browsers	2025-09-19T13:46:14.3978936Z Selecting previously unselected package libspa-0.2-modules:amd64.
e2e	Install Playwright browsers	2025-09-19T13:46:14.4109709Z Preparing to unpack .../123-libspa-0.2-modules_1.0.5-1ubuntu3.1_amd64.deb ...
e2e	Install Playwright browsers	2025-09-19T13:46:14.4122132Z Unpacking libspa-0.2-modules:amd64 (1.0.5-1ubuntu3.1) ...
e2e	Install Playwright browsers	2025-09-19T13:46:14.4500648Z Selecting previously unselected package libpipewire-0.3-0t64:amd64.
e2e	Install Playwright browsers	2025-09-19T13:46:14.4633590Z Preparing to unpack .../124-libpipewire-0.3-0t64_1.0.5-1ubuntu3.1_amd64.deb ...
e2e	Install Playwright browsers	2025-09-19T13:46:14.4648756Z Unpacking libpipewire-0.3-0t64:amd64 (1.0.5-1ubuntu3.1) ...
e2e	Install Playwright browsers	2025-09-19T13:46:14.4913201Z Selecting previously unselected package libsdl2-2.0-0:amd64.
e2e	Install Playwright browsers	2025-09-19T13:46:14.5044544Z Preparing to unpack .../125-libsdl2-2.0-0_2.30.0+dfsg-1ubuntu3.1_amd64.deb ...
e2e	Install Playwright browsers	2025-09-19T13:46:14.5064920Z Unpacking libsdl2-2.0-0:amd64 (2.30.0+dfsg-1ubuntu3.1) ...
e2e	Install Playwright browsers	2025-09-19T13:46:14.5411977Z Selecting previously unselected package timgm6mb-soundfont.
e2e	Install Playwright browsers	2025-09-19T13:46:14.5543647Z Preparing to unpack .../126-timgm6mb-soundfont_1.3-5_all.deb ...
e2e	Install Playwright browsers	2025-09-19T13:46:14.5560765Z Unpacking timgm6mb-soundfont (1.3-5) ...
e2e	Install Playwright browsers	2025-09-19T13:46:14.8947797Z Selecting previously unselected package libfluidsynth3:amd64.
e2e	Install Playwright browsers	2025-09-19T13:46:14.9081670Z Preparing to unpack .../127-libfluidsynth3_2.3.4-1build3_amd64.deb ...
e2e	Install Playwright browsers	2025-09-19T13:46:14.9093330Z Unpacking libfluidsynth3:amd64 (2.3.4-1build3) ...
e2e	Install Playwright browsers	2025-09-19T13:46:14.9361616Z Selecting previously unselected package libfreeaptx0:amd64.
e2e	Install Playwright browsers	2025-09-19T13:46:14.9494484Z Preparing to unpack .../128-libfreeaptx0_0.1.1-2build1_amd64.deb ...
e2e	Install Playwright browsers	2025-09-19T13:46:14.9503790Z Unpacking libfreeaptx0:amd64 (0.1.1-2build1) ...
e2e	Install Playwright browsers	2025-09-19T13:46:14.9739634Z Selecting previously unselected package libgraphene-1.0-0:amd64.
e2e	Install Playwright browsers	2025-09-19T13:46:14.9869920Z Preparing to unpack .../129-libgraphene-1.0-0_1.10.8-3build2_amd64.deb ...
e2e	Install Playwright browsers	2025-09-19T13:46:14.9881217Z Unpacking libgraphene-1.0-0:amd64 (1.10.8-3build2) ...
e2e	Install Playwright browsers	2025-09-19T13:46:15.0130016Z Selecting previously unselected package libgssdp-1.6-0:amd64.
e2e	Install Playwright browsers	2025-09-19T13:46:15.0261310Z Preparing to unpack .../130-libgssdp-1.6-0_1.6.3-1build3_amd64.deb ...
e2e	Install Playwright browsers	2025-09-19T13:46:15.0277082Z Unpacking libgssdp-1.6-0:amd64 (1.6.3-1build3) ...
e2e	Install Playwright browsers	2025-09-19T13:46:15.0519440Z Selecting previously unselected package libegl1:amd64.
e2e	Install Playwright browsers	2025-09-19T13:46:15.0653463Z Preparing to unpack .../131-libegl1_1.7.0-1build1_amd64.deb ...
e2e	Install Playwright browsers	2025-09-19T13:46:15.0665690Z Unpacking libegl1:amd64 (1.7.0-1build1) ...
e2e	Install Playwright browsers	2025-09-19T13:46:15.0921802Z Selecting previously unselected package libgstreamer-gl1.0-0:amd64.
e2e	Install Playwright browsers	2025-09-19T13:46:15.1055983Z Preparing to unpack .../132-libgstreamer-gl1.0-0_1.24.2-1ubuntu0.3_amd64.deb ...
e2e	Install Playwright browsers	2025-09-19T13:46:15.1071132Z Unpacking libgstreamer-gl1.0-0:amd64 (1.24.2-1ubuntu0.3) ...
e2e	Install Playwright browsers	2025-09-19T13:46:15.1315726Z Selecting previously unselected package libgtk-4-common.
e2e	Install Playwright browsers	2025-09-19T13:46:15.1448856Z Preparing to unpack .../133-libgtk-4-common_4.14.5+ds-0ubuntu0.5_all.deb ...
e2e	Install Playwright browsers	2025-09-19T13:46:15.1460373Z Unpacking libgtk-4-common (4.14.5+ds-0ubuntu0.5) ...
e2e	Install Playwright browsers	2025-09-19T13:46:15.2031533Z Selecting previously unselected package libgtk-4-1:amd64.
e2e	Install Playwright browsers	2025-09-19T13:46:15.2166140Z Preparing to unpack .../134-libgtk-4-1_4.14.5+ds-0ubuntu0.5_amd64.deb ...
e2e	Install Playwright browsers	2025-09-19T13:46:15.2181277Z Unpacking libgtk-4-1:amd64 (4.14.5+ds-0ubuntu0.5) ...
e2e	Install Playwright browsers	2025-09-19T13:46:15.2898945Z Selecting previously unselected package libgupnp-1.6-0:amd64.
e2e	Install Playwright browsers	2025-09-19T13:46:15.3035395Z Preparing to unpack .../135-libgupnp-1.6-0_1.6.6-1build3_amd64.deb ...
e2e	Install Playwright browsers	2025-09-19T13:46:15.3044665Z Unpacking libgupnp-1.6-0:amd64 (1.6.6-1build3) ...
e2e	Install Playwright browsers	2025-09-19T13:46:15.3332431Z Selecting previously unselected package libgupnp-igd-1.6-0:amd64.
e2e	Install Playwright browsers	2025-09-19T13:46:15.3466640Z Preparing to unpack .../136-libgupnp-igd-1.6-0_1.6.0-3build3_amd64.deb ...
e2e	Install Playwright browsers	2025-09-19T13:46:15.3476283Z Unpacking libgupnp-igd-1.6-0:amd64 (1.6.0-3build3) ...
e2e	Install Playwright browsers	2025-09-19T13:46:15.3690085Z Selecting previously unselected package libharfbuzz-icu0:amd64.
e2e	Install Playwright browsers	2025-09-19T13:46:15.3824709Z Preparing to unpack .../137-libharfbuzz-icu0_8.3.0-2build2_amd64.deb ...
e2e	Install Playwright browsers	2025-09-19T13:46:15.3834587Z Unpacking libharfbuzz-icu0:amd64 (8.3.0-2build2) ...
e2e	Install Playwright browsers	2025-09-19T13:46:15.4056493Z Selecting previously unselected package libhyphen0:amd64.
e2e	Install Playwright browsers	2025-09-19T13:46:15.4189881Z Preparing to unpack .../138-libhyphen0_2.8.8-7build3_amd64.deb ...
e2e	Install Playwright browsers	2025-09-19T13:46:15.4201468Z Unpacking libhyphen0:amd64 (2.8.8-7build3) ...
e2e	Install Playwright browsers	2025-09-19T13:46:15.4448725Z Selecting previously unselected package libimath-3-1-29t64:amd64.
e2e	Install Playwright browsers	2025-09-19T13:46:15.4579641Z Preparing to unpack .../139-libimath-3-1-29t64_3.1.9-3.1ubuntu2_amd64.deb ...
e2e	Install Playwright browsers	2025-09-19T13:46:15.4593081Z Unpacking libimath-3-1-29t64:amd64 (3.1.9-3.1ubuntu2) ...
e2e	Install Playwright browsers	2025-09-19T13:46:15.4860905Z Selecting previously unselected package liblc3-1:amd64.
e2e	Install Playwright browsers	2025-09-19T13:46:15.4990870Z Preparing to unpack .../140-liblc3-1_1.0.4-3build1_amd64.deb ...
e2e	Install Playwright browsers	2025-09-19T13:46:15.5000257Z Unpacking liblc3-1:amd64 (1.0.4-3build1) ...
e2e	Install Playwright browsers	2025-09-19T13:46:15.5232173Z Selecting previously unselected package libldacbt-enc2:amd64.
e2e	Install Playwright browsers	2025-09-19T13:46:15.5361362Z Preparing to unpack .../141-libldacbt-enc2_2.0.2.3+git20200429+ed310a0-4ubuntu2_amd64.deb ...
e2e	Install Playwright browsers	2025-09-19T13:46:15.5378000Z Unpacking libldacbt-enc2:amd64 (2.0.2.3+git20200429+ed310a0-4ubuntu2) ...
e2e	Install Playwright browsers	2025-09-19T13:46:15.5632919Z Selecting previously unselected package libraptor2-0:amd64.
e2e	Install Playwright browsers	2025-09-19T13:46:15.5760863Z Preparing to unpack .../142-libraptor2-0_2.0.16-3ubuntu0.1_amd64.deb ...
e2e	Install Playwright browsers	2025-09-19T13:46:15.5778801Z Unpacking libraptor2-0:amd64 (2.0.16-3ubuntu0.1) ...
e2e	Install Playwright browsers	2025-09-19T13:46:15.6070614Z Selecting previously unselected package liblrdf0:amd64.
e2e	Install Playwright browsers	2025-09-19T13:46:15.6199603Z Preparing to unpack .../143-liblrdf0_0.6.1-4build1_amd64.deb ...
e2e	Install Playwright browsers	2025-09-19T13:46:15.6212707Z Unpacking liblrdf0:amd64 (0.6.1-4build1) ...
e2e	Install Playwright browsers	2025-09-19T13:46:15.6459780Z Selecting previously unselected package libltc11:amd64.
e2e	Install Playwright browsers	2025-09-19T13:46:15.6588100Z Preparing to unpack .../144-libltc11_1.3.2-1build1_amd64.deb ...
e2e	Install Playwright browsers	2025-09-19T13:46:15.6602052Z Unpacking libltc11:amd64 (1.3.2-1build1) ...
e2e	Install Playwright browsers	2025-09-19T13:46:15.6863038Z Selecting previously unselected package libmanette-0.2-0:amd64.
e2e	Install Playwright browsers	2025-09-19T13:46:15.6989706Z Preparing to unpack .../145-libmanette-0.2-0_0.2.7-1build2_amd64.deb ...
e2e	Install Playwright browsers	2025-09-19T13:46:15.7000413Z Unpacking libmanette-0.2-0:amd64 (0.2.7-1build2) ...
e2e	Install Playwright browsers	2025-09-19T13:46:15.7242706Z Selecting previously unselected package libmfx1:amd64.
e2e	Install Playwright browsers	2025-09-19T13:46:15.7369919Z Preparing to unpack .../146-libmfx1_22.5.4-1_amd64.deb ...
e2e	Install Playwright browsers	2025-09-19T13:46:15.7380099Z Unpacking libmfx1:amd64 (22.5.4-1) ...
e2e	Install Playwright browsers	2025-09-19T13:46:15.8413177Z Selecting previously unselected package libmjpegutils-2.1-0t64:amd64.
e2e	Install Playwright browsers	2025-09-19T13:46:15.8546982Z Preparing to unpack .../147-libmjpegutils-2.1-0t64_1%3a2.1.0+debian-8.1build1_amd64.deb ...
e2e	Install Playwright browsers	2025-09-19T13:46:15.8560447Z Unpacking libmjpegutils-2.1-0t64:amd64 (1:2.1.0+debian-8.1build1) ...
e2e	Install Playwright browsers	2025-09-19T13:46:15.8803111Z Selecting previously unselected package libmodplug1:amd64.
e2e	Install Playwright browsers	2025-09-19T13:46:15.8956515Z Preparing to unpack .../148-libmodplug1_1%3a0.8.9.0-3build1_amd64.deb ...
e2e	Install Playwright browsers	2025-09-19T13:46:15.8971850Z Unpacking libmodplug1:amd64 (1:0.8.9.0-3build1) ...
e2e	Install Playwright browsers	2025-09-19T13:46:15.9244014Z Selecting previously unselected package libmpcdec6:amd64.
e2e	Install Playwright browsers	2025-09-19T13:46:15.9376547Z Preparing to unpack .../149-libmpcdec6_2%3a0.1~r495-2build1_amd64.deb ...
e2e	Install Playwright browsers	2025-09-19T13:46:15.9390895Z Unpacking libmpcdec6:amd64 (2:0.1~r495-2build1) ...
e2e	Install Playwright browsers	2025-09-19T13:46:15.9630453Z Selecting previously unselected package libmpeg2encpp-2.1-0t64:amd64.
e2e	Install Playwright browsers	2025-09-19T13:46:15.9759605Z Preparing to unpack .../150-libmpeg2encpp-2.1-0t64_1%3a2.1.0+debian-8.1build1_amd64.deb ...
e2e	Install Playwright browsers	2025-09-19T13:46:15.9782041Z Unpacking libmpeg2encpp-2.1-0t64:amd64 (1:2.1.0+debian-8.1build1) ...
e2e	Install Playwright browsers	2025-09-19T13:46:16.0020840Z Selecting previously unselected package libmplex2-2.1-0t64:amd64.
e2e	Install Playwright browsers	2025-09-19T13:46:16.0149622Z Preparing to unpack .../151-libmplex2-2.1-0t64_1%3a2.1.0+debian-8.1build1_amd64.deb ...
e2e	Install Playwright browsers	2025-09-19T13:46:16.0163827Z Unpacking libmplex2-2.1-0t64:amd64 (1:2.1.0+debian-8.1build1) ...
e2e	Install Playwright browsers	2025-09-19T13:46:16.0395098Z Selecting previously unselected package libneon27t64:amd64.
e2e	Install Playwright browsers	2025-09-19T13:46:16.0526375Z Preparing to unpack .../152-libneon27t64_0.33.0-1.1build3_amd64.deb ...
e2e	Install Playwright browsers	2025-09-19T13:46:16.0538619Z Unpacking libneon27t64:amd64 (0.33.0-1.1build3) ...
e2e	Install Playwright browsers	2025-09-19T13:46:16.0801391Z Selecting previously unselected package libnice10:amd64.
e2e	Install Playwright browsers	2025-09-19T13:46:16.0933961Z Preparing to unpack .../153-libnice10_0.1.21-2build3_amd64.deb ...
e2e	Install Playwright browsers	2025-09-19T13:46:16.0947608Z Unpacking libnice10:amd64 (0.1.21-2build3) ...
e2e	Install Playwright browsers	2025-09-19T13:46:16.1213697Z Selecting previously unselected package libopenal-data.
e2e	Install Playwright browsers	2025-09-19T13:46:16.1345256Z Preparing to unpack .../154-libopenal-data_1%3a1.23.1-4build1_all.deb ...
e2e	Install Playwright browsers	2025-09-19T13:46:16.1359307Z Unpacking libopenal-data (1:1.23.1-4build1) ...
e2e	Install Playwright browsers	2025-09-19T13:46:16.1622954Z Selecting previously unselected package libopenexr-3-1-30:amd64.
e2e	Install Playwright browsers	2025-09-19T13:46:16.1753748Z Preparing to unpack .../155-libopenexr-3-1-30_3.1.5-5.1build3_amd64.deb ...
e2e	Install Playwright browsers	2025-09-19T13:46:16.1767386Z Unpacking libopenexr-3-1-30:amd64 (3.1.5-5.1build3) ...
e2e	Install Playwright browsers	2025-09-19T13:46:16.2184301Z Selecting previously unselected package libopenh264-7:amd64.
e2e	Install Playwright browsers	2025-09-19T13:46:16.2317286Z Preparing to unpack .../156-libopenh264-7_2.4.1+dfsg-1_amd64.deb ...
e2e	Install Playwright browsers	2025-09-19T13:46:16.2333074Z Unpacking libopenh264-7:amd64 (2.4.1+dfsg-1) ...
e2e	Install Playwright browsers	2025-09-19T13:46:16.2654896Z Selecting previously unselected package libopenni2-0:amd64.
e2e	Install Playwright browsers	2025-09-19T13:46:16.2787464Z Preparing to unpack .../157-libopenni2-0_2.2.0.33+dfsg-18_amd64.deb ...
e2e	Install Playwright browsers	2025-09-19T13:46:16.2822608Z Unpacking libopenni2-0:amd64 (2.2.0.33+dfsg-18) ...
e2e	Install Playwright browsers	2025-09-19T13:46:16.3111961Z Selecting previously unselected package libqrencode4:amd64.
e2e	Install Playwright browsers	2025-09-19T13:46:16.3243734Z Preparing to unpack .../158-libqrencode4_4.1.1-1build2_amd64.deb ...
e2e	Install Playwright browsers	2025-09-19T13:46:16.3255959Z Unpacking libqrencode4:amd64 (4.1.1-1build2) ...
e2e	Install Playwright browsers	2025-09-19T13:46:16.3470254Z Selecting previously unselected package libsecret-common.
e2e	Install Playwright browsers	2025-09-19T13:46:16.3600402Z Preparing to unpack .../159-libsecret-common_0.21.4-1build3_all.deb ...
e2e	Install Playwright browsers	2025-09-19T13:46:16.3619519Z Unpacking libsecret-common (0.21.4-1build3) ...
e2e	Install Playwright browsers	2025-09-19T13:46:16.3852423Z Selecting previously unselected package libsecret-1-0:amd64.
e2e	Install Playwright browsers	2025-09-19T13:46:16.3982277Z Preparing to unpack .../160-libsecret-1-0_0.21.4-1build3_amd64.deb ...
e2e	Install Playwright browsers	2025-09-19T13:46:16.3992359Z Unpacking libsecret-1-0:amd64 (0.21.4-1build3) ...
e2e	Install Playwright browsers	2025-09-19T13:46:16.4251229Z Selecting previously unselected package libsndio7.0:amd64.
e2e	Install Playwright browsers	2025-09-19T13:46:16.4381820Z Preparing to unpack .../161-libsndio7.0_1.9.0-0.3build3_amd64.deb ...
e2e	Install Playwright browsers	2025-09-19T13:46:16.4395529Z Unpacking libsndio7.0:amd64 (1.9.0-0.3build3) ...
e2e	Install Playwright browsers	2025-09-19T13:46:16.4749255Z Selecting previously unselected package libsoundtouch1:amd64.
e2e	Install Playwright browsers	2025-09-19T13:46:16.4881674Z Preparing to unpack .../162-libsoundtouch1_2.3.2+ds1-1build1_amd64.deb ...
e2e	Install Playwright browsers	2025-09-19T13:46:16.4895872Z Unpacking libsoundtouch1:amd64 (2.3.2+ds1-1build1) ...
e2e	Install Playwright browsers	2025-09-19T13:46:16.5143680Z Selecting previously unselected package libspandsp2t64:amd64.
e2e	Install Playwright browsers	2025-09-19T13:46:16.5275959Z Preparing to unpack .../163-libspandsp2t64_0.0.6+dfsg-2.1build1_amd64.deb ...
e2e	Install Playwright browsers	2025-09-19T13:46:16.5285891Z Unpacking libspandsp2t64:amd64 (0.0.6+dfsg-2.1build1) ...
e2e	Install Playwright browsers	2025-09-19T13:46:16.5578370Z Selecting previously unselected package libsrtp2-1:amd64.
e2e	Install Playwright browsers	2025-09-19T13:46:16.5710279Z Preparing to unpack .../164-libsrtp2-1_2.5.0-3build1_amd64.deb ...
e2e	Install Playwright browsers	2025-09-19T13:46:16.5721645Z Unpacking libsrtp2-1:amd64 (2.5.0-3build1) ...
e2e	Install Playwright browsers	2025-09-19T13:46:16.5972860Z Selecting previously unselected package libwildmidi2:amd64.
e2e	Install Playwright browsers	2025-09-19T13:46:16.6102074Z Preparing to unpack .../165-libwildmidi2_0.4.3-1build3_amd64.deb ...
e2e	Install Playwright browsers	2025-09-19T13:46:16.6114206Z Unpacking libwildmidi2:amd64 (0.4.3-1build3) ...
e2e	Install Playwright browsers	2025-09-19T13:46:16.6353475Z Selecting previously unselected package libwoff1:amd64.
e2e	Install Playwright browsers	2025-09-19T13:46:16.6481527Z Preparing to unpack .../166-libwoff1_1.0.2-2build1_amd64.deb ...
e2e	Install Playwright browsers	2025-09-19T13:46:16.6497005Z Unpacking libwoff1:amd64 (1.0.2-2build1) ...
e2e	Install Playwright browsers	2025-09-19T13:46:16.6742343Z Selecting previously unselected package libxcb-xkb1:amd64.
e2e	Install Playwright browsers	2025-09-19T13:46:16.6870533Z Preparing to unpack .../167-libxcb-xkb1_1.15-1ubuntu2_amd64.deb ...
e2e	Install Playwright browsers	2025-09-19T13:46:16.6882326Z Unpacking libxcb-xkb1:amd64 (1.15-1ubuntu2) ...
e2e	Install Playwright browsers	2025-09-19T13:46:16.7115135Z Selecting previously unselected package libxkbcommon-x11-0:amd64.
e2e	Install Playwright browsers	2025-09-19T13:46:16.7244256Z Preparing to unpack .../168-libxkbcommon-x11-0_1.6.0-1build1_amd64.deb ...
e2e	Install Playwright browsers	2025-09-19T13:46:16.7259638Z Unpacking libxkbcommon-x11-0:amd64 (1.6.0-1build1) ...
e2e	Install Playwright browsers	2025-09-19T13:46:16.7492395Z Selecting previously unselected package libzbar0t64:amd64.
e2e	Install Playwright browsers	2025-09-19T13:46:16.7620039Z Preparing to unpack .../169-libzbar0t64_0.23.93-4build3_amd64.deb ...
e2e	Install Playwright browsers	2025-09-19T13:46:16.7635226Z Unpacking libzbar0t64:amd64 (0.23.93-4build3) ...
e2e	Install Playwright browsers	2025-09-19T13:46:16.7895701Z Selecting previously unselected package libzxing3:amd64.
e2e	Install Playwright browsers	2025-09-19T13:46:16.8023897Z Preparing to unpack .../170-libzxing3_2.2.1-3_amd64.deb ...
e2e	Install Playwright browsers	2025-09-19T13:46:16.8039540Z Unpacking libzxing3:amd64 (2.2.1-3) ...
e2e	Install Playwright browsers	2025-09-19T13:46:16.8322981Z Selecting previously unselected package xfonts-encodings.
e2e	Install Playwright browsers	2025-09-19T13:46:16.8451885Z Preparing to unpack .../171-xfonts-encodings_1%3a1.0.5-0ubuntu2_all.deb ...
e2e	Install Playwright browsers	2025-09-19T13:46:16.8464787Z Unpacking xfonts-encodings (1:1.0.5-0ubuntu2) ...
e2e	Install Playwright browsers	2025-09-19T13:46:16.8800202Z Selecting previously unselected package xfonts-utils.
e2e	Install Playwright browsers	2025-09-19T13:46:16.8932168Z Preparing to unpack .../172-xfonts-utils_1%3a7.7+6build3_amd64.deb ...
e2e	Install Playwright browsers	2025-09-19T13:46:16.8940893Z Unpacking xfonts-utils (1:7.7+6build3) ...
e2e	Install Playwright browsers	2025-09-19T13:46:16.9791083Z Selecting previously unselected package xfonts-cyrillic.
e2e	Install Playwright browsers	2025-09-19T13:46:16.9922965Z Preparing to unpack .../173-xfonts-cyrillic_1%3a1.0.5+nmu1_all.deb ...
e2e	Install Playwright browsers	2025-09-19T13:46:16.9938923Z Unpacking xfonts-cyrillic (1:1.0.5+nmu1) ...
e2e	Install Playwright browsers	2025-09-19T13:46:17.0313725Z Selecting previously unselected package xfonts-scalable.
e2e	Install Playwright browsers	2025-09-19T13:46:17.0443767Z Preparing to unpack .../174-xfonts-scalable_1%3a1.0.3-1.3_all.deb ...
e2e	Install Playwright browsers	2025-09-19T13:46:17.0459821Z Unpacking xfonts-scalable (1:1.0.3-1.3) ...
e2e	Install Playwright browsers	2025-09-19T13:46:17.0737811Z Selecting previously unselected package libgstreamer-plugins-bad1.0-0:amd64.
e2e	Install Playwright browsers	2025-09-19T13:46:17.0867471Z Preparing to unpack .../175-libgstreamer-plugins-bad1.0-0_1.24.2-1ubuntu4_amd64.deb ...
e2e	Install Playwright browsers	2025-09-19T13:46:17.0883365Z Unpacking libgstreamer-plugins-bad1.0-0:amd64 (1.24.2-1ubuntu4) ...
e2e	Install Playwright browsers	2025-09-19T13:46:17.1276197Z Selecting previously unselected package libdca0:amd64.
e2e	Install Playwright browsers	2025-09-19T13:46:17.1408400Z Preparing to unpack .../176-libdca0_0.0.7-2build1_amd64.deb ...
e2e	Install Playwright browsers	2025-09-19T13:46:17.1423387Z Unpacking libdca0:amd64 (0.0.7-2build1) ...
e2e	Install Playwright browsers	2025-09-19T13:46:17.1662769Z Selecting previously unselected package libopenal1:amd64.
e2e	Install Playwright browsers	2025-09-19T13:46:17.1792851Z Preparing to unpack .../177-libopenal1_1%3a1.23.1-4build1_amd64.deb ...
e2e	Install Playwright browsers	2025-09-19T13:46:17.1808721Z Unpacking libopenal1:amd64 (1:1.23.1-4build1) ...
e2e	Install Playwright browsers	2025-09-19T13:46:17.2114195Z Selecting previously unselected package libsbc1:amd64.
e2e	Install Playwright browsers	2025-09-19T13:46:17.2244922Z Preparing to unpack .../178-libsbc1_2.0-1build1_amd64.deb ...
e2e	Install Playwright browsers	2025-09-19T13:46:17.2256197Z Unpacking libsbc1:amd64 (2.0-1build1) ...
e2e	Install Playwright browsers	2025-09-19T13:46:17.2806495Z Selecting previously unselected package libvo-aacenc0:amd64.
e2e	Install Playwright browsers	2025-09-19T13:46:17.2938612Z Preparing to unpack .../179-libvo-aacenc0_0.1.3-2build1_amd64.deb ...
e2e	Install Playwright browsers	2025-09-19T13:46:17.2949188Z Unpacking libvo-aacenc0:amd64 (0.1.3-2build1) ...
e2e	Install Playwright browsers	2025-09-19T13:46:17.3192404Z Selecting previously unselected package libvo-amrwbenc0:amd64.
e2e	Install Playwright browsers	2025-09-19T13:46:17.3322590Z Preparing to unpack .../180-libvo-amrwbenc0_0.1.3-2build1_amd64.deb ...
e2e	Install Playwright browsers	2025-09-19T13:46:17.3331945Z Unpacking libvo-amrwbenc0:amd64 (0.1.3-2build1) ...
e2e	Install Playwright browsers	2025-09-19T13:46:17.3545260Z Selecting previously unselected package gstreamer1.0-plugins-bad:amd64.
e2e	Install Playwright browsers	2025-09-19T13:46:17.3675228Z Preparing to unpack .../181-gstreamer1.0-plugins-bad_1.24.2-1ubuntu4_amd64.deb ...
e2e	Install Playwright browsers	2025-09-19T13:46:17.3685008Z Unpacking gstreamer1.0-plugins-bad:amd64 (1.24.2-1ubuntu4) ...
e2e	Install Playwright browsers	2025-09-19T13:46:17.7170834Z Setting up libgme0:amd64 (0.6.3-7build1) ...
e2e	Install Playwright browsers	2025-09-19T13:46:17.7205085Z Setting up libchromaprint1:amd64 (1.5.1-5) ...
e2e	Install Playwright browsers	2025-09-19T13:46:17.7235931Z Setting up libssh-gcrypt-4:amd64 (0.10.6-2ubuntu0.1) ...
e2e	Install Playwright browsers	2025-09-19T13:46:17.7268297Z Setting up libhwy1t64:amd64 (1.0.7-8.1build1) ...
e2e	Install Playwright browsers	2025-09-19T13:46:17.7300369Z Setting up libcairo-script-interpreter2:amd64 (1.18.0-3build1) ...
e2e	Install Playwright browsers	2025-09-19T13:46:17.7331250Z Setting up libfreeaptx0:amd64 (0.1.1-2build1) ...
e2e	Install Playwright browsers	2025-09-19T13:46:17.7357012Z Setting up libdvdread8t64:amd64 (6.1.3-1.1build1) ...
e2e	Install Playwright browsers	2025-09-19T13:46:17.7384056Z Setting up libudfread0:amd64 (1.1.2-1build1) ...
e2e	Install Playwright browsers	2025-09-19T13:46:17.7411656Z Setting up libmodplug1:amd64 (1:0.8.9.0-3build1) ...
e2e	Install Playwright browsers	2025-09-19T13:46:17.7442005Z Setting up libcdparanoia0:amd64 (3.10.2+debian-14build3) ...
e2e	Install Playwright browsers	2025-09-19T13:46:17.7469003Z Setting up libvo-amrwbenc0:amd64 (0.1.3-2build1) ...
e2e	Install Playwright browsers	2025-09-19T13:46:17.7496859Z Setting up session-migration (0.3.9build1) ...
e2e	Install Playwright browsers	2025-09-19T13:46:17.8637792Z Created symlink /etc/systemd/user/graphical-session-pre.target.wants/session-migration.service → /usr/lib/systemd/user/session-migration.service.
e2e	Install Playwright browsers	2025-09-19T13:46:17.8638592Z 
e2e	Install Playwright browsers	2025-09-19T13:46:17.8669106Z Setting up libraw1394-11:amd64 (2.1.2-2build3) ...
e2e	Install Playwright browsers	2025-09-19T13:46:17.8697476Z Setting up libsbc1:amd64 (2.0-1build1) ...
e2e	Install Playwright browsers	2025-09-19T13:46:17.8728711Z Setting up libproxy1v5:amd64 (0.5.4-4build1) ...
e2e	Install Playwright browsers	2025-09-19T13:46:17.8754198Z Setting up libtag1v5-vanilla:amd64 (1.13.1-1build1) ...
e2e	Install Playwright browsers	2025-09-19T13:46:17.8782622Z Setting up libharfbuzz-icu0:amd64 (8.3.0-2build2) ...
e2e	Install Playwright browsers	2025-09-19T13:46:17.8807265Z Setting up libopenni2-0:amd64 (2.2.0.33+dfsg-18) ...
e2e	Install Playwright browsers	2025-09-19T13:46:17.8977159Z Setting up libspeex1:amd64 (1.2.1-2ubuntu2.24.04.1) ...
e2e	Install Playwright browsers	2025-09-19T13:46:17.9003178Z Setting up libshine3:amd64 (3.1.1-2build1) ...
e2e	Install Playwright browsers	2025-09-19T13:46:17.9029277Z Setting up libcaca0:amd64 (0.99.beta20-4build2) ...
e2e	Install Playwright browsers	2025-09-19T13:46:17.9055113Z Setting up libvpl2 (2023.3.0-1build1) ...
e2e	Install Playwright browsers	2025-09-19T13:46:17.9089848Z Setting up libv4lconvert0t64:amd64 (1.26.1-4build3) ...
e2e	Install Playwright browsers	2025-09-19T13:46:17.9126374Z Setting up libx264-164:amd64 (2:0.164.3108+git31e19f9-1) ...
e2e	Install Playwright browsers	2025-09-19T13:46:17.9151540Z Setting up libtwolame0:amd64 (0.4.0-2build3) ...
e2e	Install Playwright browsers	2025-09-19T13:46:17.9174668Z Setting up libmbedcrypto7t64:amd64 (2.28.8-1) ...
e2e	Install Playwright browsers	2025-09-19T13:46:17.9196824Z Setting up libwoff1:amd64 (1.0.2-2build1) ...
e2e	Install Playwright browsers	2025-09-19T13:46:17.9218812Z Setting up liblc3-1:amd64 (1.0.4-3build1) ...
e2e	Install Playwright browsers	2025-09-19T13:46:17.9243783Z Setting up libqrencode4:amd64 (4.1.1-1build2) ...
e2e	Install Playwright browsers	2025-09-19T13:46:17.9273554Z Setting up libhyphen0:amd64 (2.8.8-7build3) ...
e2e	Install Playwright browsers	2025-09-19T13:46:17.9301228Z Setting up libgsm1:amd64 (1.0.22-1build1) ...
e2e	Install Playwright browsers	2025-09-19T13:46:17.9337205Z Setting up libvisual-0.4-0:amd64 (0.4.2-2build1) ...
e2e	Install Playwright browsers	2025-09-19T13:46:17.9369929Z Setting up libsoxr0:amd64 (0.1.3-4build3) ...
e2e	Install Playwright browsers	2025-09-19T13:46:17.9398563Z Setting up libzix-0-0:amd64 (0.4.2-2build1) ...
e2e	Install Playwright browsers	2025-09-19T13:46:17.9426719Z Setting up libcodec2-1.2:amd64 (1.2.0-2build1) ...
e2e	Install Playwright browsers	2025-09-19T13:46:17.9457607Z Setting up libmanette-0.2-0:amd64 (0.2.7-1build2) ...
e2e	Install Playwright browsers	2025-09-19T13:46:17.9480800Z Setting up libsrtp2-1:amd64 (2.5.0-3build1) ...
e2e	Install Playwright browsers	2025-09-19T13:46:17.9513375Z Setting up libmysofa1:amd64 (1.3.2+dfsg-2ubuntu2) ...
e2e	Install Playwright browsers	2025-09-19T13:46:17.9540568Z Setting up libldacbt-enc2:amd64 (2.0.2.3+git20200429+ed310a0-4ubuntu2) ...
e2e	Install Playwright browsers	2025-09-19T13:46:17.9571810Z Setting up fonts-wqy-zenhei (0.9.45-8) ...
e2e	Install Playwright browsers	2025-09-19T13:46:17.9699089Z Setting up libwebrtc-audio-processing1:amd64 (0.3.1-0ubuntu6) ...
e2e	Install Playwright browsers	2025-09-19T13:46:17.9730006Z Setting up fonts-freefont-ttf (20211204+svn4273-2) ...
e2e	Install Playwright browsers	2025-09-19T13:46:17.9764683Z Setting up libevent-2.1-7t64:amd64 (2.1.12-stable-9ubuntu2) ...
e2e	Install Playwright browsers	2025-09-19T13:46:17.9795951Z Setting up libsvtav1enc1d1:amd64 (1.7.0+dfsg-2build1) ...
e2e	Install Playwright browsers	2025-09-19T13:46:17.9823333Z Setting up libsoup-3.0-common (3.4.4-5ubuntu0.5) ...
e2e	Install Playwright browsers	2025-09-19T13:46:17.9851929Z Setting up libmpg123-0t64:amd64 (1.32.5-1ubuntu1.1) ...
e2e	Install Playwright browsers	2025-09-19T13:46:17.9876716Z Setting up libcjson1:amd64 (1.7.17-1) ...
e2e	Install Playwright browsers	2025-09-19T13:46:17.9905225Z Setting up libxvidcore4:amd64 (2:1.3.7-1build1) ...
e2e	Install Playwright browsers	2025-09-19T13:46:17.9937273Z Setting up libmpcdec6:amd64 (2:0.1~r495-2build1) ...
e2e	Install Playwright browsers	2025-09-19T13:46:17.9971745Z Setting up libmjpegutils-2.1-0t64:amd64 (1:2.1.0+debian-8.1build1) ...
e2e	Install Playwright browsers	2025-09-19T13:46:17.9995874Z Setting up librav1e0:amd64 (0.7.1-2) ...
e2e	Install Playwright browsers	2025-09-19T13:46:18.0020980Z Setting up liborc-0.4-0t64:amd64 (1:0.4.38-1ubuntu0.1) ...
e2e	Install Playwright browsers	2025-09-19T13:46:18.0045859Z Setting up libxcb-xkb1:amd64 (1.15-1ubuntu2) ...
e2e	Install Playwright browsers	2025-09-19T13:46:18.0086448Z Setting up libvo-aacenc0:amd64 (0.1.3-2build1) ...
e2e	Install Playwright browsers	2025-09-19T13:46:18.0110989Z Setting up librist4:amd64 (0.2.10+dfsg-2) ...
e2e	Install Playwright browsers	2025-09-19T13:46:18.0136847Z Setting up libblas3:amd64 (3.12.0-3build1.1) ...
e2e	Install Playwright browsers	2025-09-19T13:46:18.0197204Z update-alternatives: using /usr/lib/x86_64-linux-gnu/blas/libblas.so.3 to provide /usr/lib/x86_64-linux-gnu/libblas.so.3 (libblas.so.3-x86_64-linux-gnu) in auto mode
e2e	Install Playwright browsers	2025-09-19T13:46:18.0218063Z Setting up libegl-mesa0:amd64 (25.0.7-0ubuntu0.24.04.2) ...
e2e	Install Playwright browsers	2025-09-19T13:46:18.0247536Z Setting up libsoundtouch1:amd64 (2.3.2+ds1-1build1) ...
e2e	Install Playwright browsers	2025-09-19T13:46:18.0275925Z Setting up libplacebo338:amd64 (6.338.2-2build1) ...
e2e	Install Playwright browsers	2025-09-19T13:46:18.0307701Z Setting up libgles2:amd64 (1.7.0-1build1) ...
e2e	Install Playwright browsers	2025-09-19T13:46:18.0340407Z Setting up fonts-tlwg-loma-otf (1:0.7.3-1) ...
e2e	Install Playwright browsers	2025-09-19T13:46:18.0366602Z Setting up libva2:amd64 (2.20.0-2build1) ...
e2e	Install Playwright browsers	2025-09-19T13:46:18.0410555Z Setting up libspa-0.2-modules:amd64 (1.0.5-1ubuntu3.1) ...
e2e	Install Playwright browsers	2025-09-19T13:46:18.0439995Z Setting up libzxing3:amd64 (2.2.1-3) ...
e2e	Install Playwright browsers	2025-09-19T13:46:18.0473947Z Setting up xfonts-encodings (1:1.0.5-0ubuntu2) ...
e2e	Install Playwright browsers	2025-09-19T13:46:18.0513259Z Setting up libopus0:amd64 (1.4-1build1) ...
e2e	Install Playwright browsers	2025-09-19T13:46:18.0547645Z Setting up libfaad2:amd64 (2.11.1-1build1) ...
e2e	Install Playwright browsers	2025-09-19T13:46:18.0577172Z Setting up libxkbcommon-x11-0:amd64 (1.6.0-1build1) ...
e2e	Install Playwright browsers	2025-09-19T13:46:18.0613938Z Setting up libdc1394-25:amd64 (2.2.6-4build1) ...
e2e	Install Playwright browsers	2025-09-19T13:46:18.0646012Z Setting up libimath-3-1-29t64:amd64 (3.1.9-3.1ubuntu2) ...
e2e	Install Playwright browsers	2025-09-19T13:46:18.0678495Z Setting up libunibreak5:amd64 (5.1-2build1) ...
e2e	Install Playwright browsers	2025-09-19T13:46:18.0720581Z Setting up libdv4t64:amd64 (1.0.0-17.1build1) ...
e2e	Install Playwright browsers	2025-09-19T13:46:18.0746263Z Setting up libjxl0.7:amd64 (0.7.0-10.2ubuntu6.1) ...
e2e	Install Playwright browsers	2025-09-19T13:46:18.0782410Z Setting up libopenh264-7:amd64 (2.4.1+dfsg-1) ...
e2e	Install Playwright browsers	2025-09-19T13:46:18.0811335Z Setting up libltc11:amd64 (1.3.2-1build1) ...
e2e	Install Playwright browsers	2025-09-19T13:46:18.0849870Z Setting up libx265-199:amd64 (3.5-2build1) ...
e2e	Install Playwright browsers	2025-09-19T13:46:18.0900421Z Setting up libv4l-0t64:amd64 (1.26.1-4build3) ...
e2e	Install Playwright browsers	2025-09-19T13:46:18.0935021Z Setting up libavtp0:amd64 (0.2.0-1build1) ...
e2e	Install Playwright browsers	2025-09-19T13:46:18.0962003Z Setting up libsndio7.0:amd64 (1.9.0-0.3build3) ...
e2e	Install Playwright browsers	2025-09-19T13:46:18.0989428Z Setting up libdirectfb-1.7-7t64:amd64 (1.7.7-11.1ubuntu2) ...
e2e	Install Playwright browsers	2025-09-19T13:46:18.1012172Z Setting up libspandsp2t64:amd64 (0.0.6+dfsg-2.1build1) ...
e2e	Install Playwright browsers	2025-09-19T13:46:18.1038806Z Setting up libvidstab1.1:amd64 (1.1.0-2build1) ...
e2e	Install Playwright browsers	2025-09-19T13:46:18.1063167Z Setting up libvpx9:amd64 (1.14.0-1ubuntu2.2) ...
e2e	Install Playwright browsers	2025-09-19T13:46:18.1229987Z Setting up libsrt1.5-gnutls:amd64 (1.5.3-1build2) ...
e2e	Install Playwright browsers	2025-09-19T13:46:18.1259698Z Setting up libtag1v5:amd64 (1.13.1-1build1) ...
e2e	Install Playwright browsers	2025-09-19T13:46:18.1295868Z Setting up libflite1:amd64 (2.2-6build3) ...
e2e	Install Playwright browsers	2025-09-19T13:46:18.1323835Z Setting up libdav1d7:amd64 (1.4.1-1build1) ...
e2e	Install Playwright browsers	2025-09-19T13:46:18.1351448Z Setting up libva-drm2:amd64 (2.20.0-2build1) ...
e2e	Install Playwright browsers	2025-09-19T13:46:18.1390077Z Setting up fonts-ipafont-gothic (00303-21ubuntu1) ...
e2e	Install Playwright browsers	2025-09-19T13:46:18.1472420Z update-alternatives: using /usr/share/fonts/opentype/ipafont-gothic/ipag.ttf to provide /usr/share/fonts/truetype/fonts-japanese-gothic.ttf (fonts-japanese-gothic.ttf) in auto mode
e2e	Install Playwright browsers	2025-09-19T13:46:18.1494365Z Setting up ocl-icd-libopencl1:amd64 (2.3.2-1build1) ...
e2e	Install Playwright browsers	2025-09-19T13:46:18.1526241Z Setting up libasyncns0:amd64 (0.8-6build4) ...
e2e	Install Playwright browsers	2025-09-19T13:46:18.1576937Z Setting up libwildmidi2:amd64 (0.4.3-1build3) ...
e2e	Install Playwright browsers	2025-09-19T13:46:18.1607842Z Setting up libvdpau1:amd64 (1.5-2build1) ...
e2e	Install Playwright browsers	2025-09-19T13:46:18.1643703Z Setting up libwavpack1:amd64 (5.6.0-1build1) ...
e2e	Install Playwright browsers	2025-09-19T13:46:18.1684203Z Setting up libbs2b0:amd64 (3.1.0+dfsg-7build1) ...
e2e	Install Playwright browsers	2025-09-19T13:46:18.1713469Z Setting up libtheora0:amd64 (1.1.1+dfsg.1-16.1build3) ...
e2e	Install Playwright browsers	2025-09-19T13:46:18.1747553Z Setting up libegl1:amd64 (1.7.0-1build1) ...
e2e	Install Playwright browsers	2025-09-19T13:46:18.1790728Z Setting up libdecor-0-0:amd64 (0.2.2-1build2) ...
e2e	Install Playwright browsers	2025-09-19T13:46:18.1830798Z Setting up libdca0:amd64 (0.0.7-2build1) ...
e2e	Install Playwright browsers	2025-09-19T13:46:18.1868689Z Setting up libzimg2:amd64 (3.0.5+ds1-1build1) ...
e2e	Install Playwright browsers	2025-09-19T13:46:18.1898788Z Setting up libopenal-data (1:1.23.1-4build1) ...
e2e	Install Playwright browsers	2025-09-19T13:46:18.1956321Z Setting up libabsl20220623t64:amd64 (20220623.1-3.1ubuntu3.2) ...
e2e	Install Playwright browsers	2025-09-19T13:46:18.1984006Z Setting up libflac12t64:amd64 (1.4.3+ds-2.1ubuntu2) ...
e2e	Install Playwright browsers	2025-09-19T13:46:18.2009191Z Setting up libgtk-4-common (4.14.5+ds-0ubuntu0.5) ...
e2e	Install Playwright browsers	2025-09-19T13:46:18.2031545Z Setting up libmpeg2encpp-2.1-0t64:amd64 (1:2.1.0+debian-8.1build1) ...
e2e	Install Playwright browsers	2025-09-19T13:46:18.2054812Z Setting up glib-networking-common (2.80.0-1build1) ...
e2e	Install Playwright browsers	2025-09-19T13:46:18.2077599Z Setting up libmfx1:amd64 (22.5.4-1) ...
e2e	Install Playwright browsers	2025-09-19T13:46:18.2099892Z Setting up libsamplerate0:amd64 (0.2.2-4build1) ...
e2e	Install Playwright browsers	2025-09-19T13:46:18.2125219Z Setting up timgm6mb-soundfont (1.3-5) ...
e2e	Install Playwright browsers	2025-09-19T13:46:18.2223211Z update-alternatives: using /usr/share/sounds/sf2/TimGM6mb.sf2 to provide /usr/share/sounds/sf2/default-GM.sf2 (default-GM.sf2) in auto mode
e2e	Install Playwright browsers	2025-09-19T13:46:18.2265430Z update-alternatives: using /usr/share/sounds/sf2/TimGM6mb.sf2 to provide /usr/share/sounds/sf3/default-GM.sf3 (default-GM.sf3) in auto mode
e2e	Install Playwright browsers	2025-09-19T13:46:18.2291853Z Setting up libva-x11-2:amd64 (2.20.0-2build1) ...
e2e	Install Playwright browsers	2025-09-19T13:46:18.2376457Z Setting up libyuv0:amd64 (0.0~git202401110.af6ac82-1) ...
e2e	Install Playwright browsers	2025-09-19T13:46:18.2407501Z Setting up libmplex2-2.1-0t64:amd64 (1:2.1.0+debian-8.1build1) ...
e2e	Install Playwright browsers	2025-09-19T13:46:18.2438047Z Setting up libpipewire-0.3-0t64:amd64 (1.0.5-1ubuntu3.1) ...
e2e	Install Playwright browsers	2025-09-19T13:46:18.2471776Z Setting up libcups2t64:amd64 (2.4.7-1.2ubuntu7.4) ...
e2e	Install Playwright browsers	2025-09-19T13:46:18.2497226Z Setting up libxml2:amd64 (2.9.14+dfsg-1.3ubuntu3.5) ...
e2e	Install Playwright browsers	2025-09-19T13:46:18.2523476Z Setting up libopenmpt0t64:amd64 (0.7.3-1.1build3) ...
e2e	Install Playwright browsers	2025-09-19T13:46:18.2551957Z Setting up libzvbi-common (0.2.42-2) ...
e2e	Install Playwright browsers	2025-09-19T13:46:18.2580676Z Setting up libsecret-common (0.21.4-1build3) ...
e2e	Install Playwright browsers	2025-09-19T13:46:18.2612071Z Setting up libmp3lame0:amd64 (3.100-6build1) ...
e2e	Install Playwright browsers	2025-09-19T13:46:18.2649964Z Setting up libgraphene-1.0-0:amd64 (1.10.8-3build2) ...
e2e	Install Playwright browsers	2025-09-19T13:46:18.2679849Z Setting up libvorbisenc2:amd64 (1.3.7-1build3) ...
e2e	Install Playwright browsers	2025-09-19T13:46:18.2711807Z Setting up libdvdnav4:amd64 (6.1.1-3build1) ...
e2e	Install Playwright browsers	2025-09-19T13:46:18.2740250Z Setting up fonts-unifont (1:15.1.01-1build1) ...
e2e	Install Playwright browsers	2025-09-19T13:46:18.2766724Z Setting up libaa1:amd64 (1.4p5-51.1) ...
e2e	Install Playwright browsers	2025-09-19T13:46:18.2804165Z Setting up libiec61883-0:amd64 (1.2.0-6build1) ...
e2e	Install Playwright browsers	2025-09-19T13:46:18.2830551Z Setting up libserd-0-0:amd64 (0.32.2-1) ...
e2e	Install Playwright browsers	2025-09-19T13:46:18.2857825Z Setting up libavc1394-0:amd64 (0.5.4-5build3) ...
e2e	Install Playwright browsers	2025-09-19T13:46:18.2889972Z Setting up gsettings-desktop-schemas (46.1-0ubuntu1) ...
e2e	Install Playwright browsers	2025-09-19T13:46:18.2919573Z Setting up glib-networking-services (2.80.0-1build1) ...
e2e	Install Playwright browsers	2025-09-19T13:46:18.2950775Z Setting up liblapack3:amd64 (3.12.0-3build1.1) ...
e2e	Install Playwright browsers	2025-09-19T13:46:18.3016549Z update-alternatives: using /usr/lib/x86_64-linux-gnu/lapack/liblapack.so.3 to provide /usr/lib/x86_64-linux-gnu/liblapack.so.3 (liblapack.so.3-x86_64-linux-gnu) in auto mode
e2e	Install Playwright browsers	2025-09-19T13:46:18.3038437Z Setting up libneon27t64:amd64 (0.33.0-1.1build3) ...
e2e	Install Playwright browsers	2025-09-19T13:46:18.3062763Z Setting up libzvbi0t64:amd64 (0.2.42-2) ...
e2e	Install Playwright browsers	2025-09-19T13:46:18.3090607Z Setting up libraptor2-0:amd64 (2.0.16-3ubuntu0.1) ...
e2e	Install Playwright browsers	2025-09-19T13:46:18.3120069Z Setting up libzbar0t64:amd64 (0.23.93-4build3) ...
e2e	Install Playwright browsers	2025-09-19T13:46:18.3154507Z Setting up libgstreamer-plugins-base1.0-0:amd64 (1.24.2-1ubuntu0.3) ...
e2e	Install Playwright browsers	2025-09-19T13:46:18.3196082Z Setting up libavutil58:amd64 (7:6.1.1-3ubuntu5) ...
e2e	Install Playwright browsers	2025-09-19T13:46:18.3222504Z Setting up libopenal1:amd64 (1:1.23.1-4build1) ...
e2e	Install Playwright browsers	2025-09-19T13:46:18.3259657Z Setting up xfonts-utils (1:7.7+6build3) ...
e2e	Install Playwright browsers	2025-09-19T13:46:18.3324733Z Setting up librsvg2-2:amd64 (2.58.0+dfsg-1build1) ...
e2e	Install Playwright browsers	2025-09-19T13:46:18.3366103Z Setting up libxml2-dev:amd64 (2.9.14+dfsg-1.3ubuntu3.5) ...
e2e	Install Playwright browsers	2025-09-19T13:46:18.3396110Z Setting up libsecret-1-0:amd64 (0.21.4-1build3) ...
e2e	Install Playwright browsers	2025-09-19T13:46:18.3440316Z Setting up libgstreamer-plugins-good1.0-0:amd64 (1.24.2-1ubuntu1.2) ...
e2e	Install Playwright browsers	2025-09-19T13:46:18.3487886Z Setting up libgstreamer-gl1.0-0:amd64 (1.24.2-1ubuntu0.3) ...
e2e	Install Playwright browsers	2025-09-19T13:46:18.3524149Z Setting up gstreamer1.0-plugins-base:amd64 (1.24.2-1ubuntu0.3) ...
e2e	Install Playwright browsers	2025-09-19T13:46:18.3553078Z Setting up libass9:amd64 (1:0.17.1-2build1) ...
e2e	Install Playwright browsers	2025-09-19T13:46:18.3579003Z Setting up libswresample4:amd64 (7:6.1.1-3ubuntu5) ...
e2e	Install Playwright browsers	2025-09-19T13:46:18.3615539Z Setting up libopenexr-3-1-30:amd64 (3.1.5-5.1build3) ...
e2e	Install Playwright browsers	2025-09-19T13:46:18.3652062Z Setting up libshout3:amd64 (2.4.6-1build2) ...
e2e	Install Playwright browsers	2025-09-19T13:46:18.3677722Z Setting up libgav1-1:amd64 (0.18.0-1build3) ...
e2e	Install Playwright browsers	2025-09-19T13:46:18.3705090Z Setting up libavcodec60:amd64 (7:6.1.1-3ubuntu5) ...
e2e	Install Playwright browsers	2025-09-19T13:46:18.3741762Z Setting up librubberband2:amd64 (3.3.0+dfsg-2build1) ...
e2e	Install Playwright browsers	2025-09-19T13:46:18.3780283Z Setting up libjack-jackd2-0:amd64 (1.9.21~dfsg-3ubuntu3) ...
e2e	Install Playwright browsers	2025-09-19T13:46:18.3812246Z Setting up libsord-0-0:amd64 (0.16.16-2build1) ...
e2e	Install Playwright browsers	2025-09-19T13:46:18.3840924Z Setting up xfonts-cyrillic (1:1.0.5+nmu1) ...
e2e	Install Playwright browsers	2025-09-19T13:46:18.4290671Z Setting up libpostproc57:amd64 (7:6.1.1-3ubuntu5) ...
e2e	Install Playwright browsers	2025-09-19T13:46:18.4348966Z Setting up libsratom-0-0:amd64 (0.6.16-1build1) ...
e2e	Install Playwright browsers	2025-09-19T13:46:18.4388367Z Setting up libsndfile1:amd64 (1.2.2-1ubuntu5.24.04.1) ...
e2e	Install Playwright browsers	2025-09-19T13:46:18.4420915Z Setting up libbluray2:amd64 (1:1.3.4-1build1) ...
e2e	Install Playwright browsers	2025-09-19T13:46:18.4455102Z Setting up liblilv-0-0:amd64 (0.24.22-1build1) ...
e2e	Install Playwright browsers	2025-09-19T13:46:18.4489621Z Setting up libinstpatch-1.0-2:amd64 (1.1.6-1build2) ...
e2e	Install Playwright browsers	2025-09-19T13:46:18.4520167Z Setting up xfonts-scalable (1:1.0.3-1.3) ...
e2e	Install Playwright browsers	2025-09-19T13:46:18.4899948Z Setting up libswscale7:amd64 (7:6.1.1-3ubuntu5) ...
e2e	Install Playwright browsers	2025-09-19T13:46:18.4936271Z Setting up libavif16:amd64 (1.0.4-1ubuntu3) ...
e2e	Install Playwright browsers	2025-09-19T13:46:18.4972785Z Setting up libpulse0:amd64 (1:16.1+dfsg1-2ubuntu10.1) ...
e2e	Install Playwright browsers	2025-09-19T13:46:18.5168447Z Setting up liblrdf0:amd64 (0.6.1-4build1) ...
e2e	Install Playwright browsers	2025-09-19T13:46:18.5214743Z Setting up libavformat60:amd64 (7:6.1.1-3ubuntu5) ...
e2e	Install Playwright browsers	2025-09-19T13:46:18.5246893Z Setting up libsphinxbase3t64:amd64 (0.8+5prealpha+1-17build2) ...
e2e	Install Playwright browsers	2025-09-19T13:46:18.5282086Z Setting up libsdl2-2.0-0:amd64 (2.30.0+dfsg-1ubuntu3.1) ...
e2e	Install Playwright browsers	2025-09-19T13:46:18.5313391Z Setting up libfluidsynth3:amd64 (2.3.4-1build3) ...
e2e	Install Playwright browsers	2025-09-19T13:46:18.5347106Z Setting up libpocketsphinx3:amd64 (0.8.0+real5prealpha+1-15ubuntu5) ...
e2e	Install Playwright browsers	2025-09-19T13:46:18.5394114Z Setting up libavfilter9:amd64 (7:6.1.1-3ubuntu5) ...
e2e	Install Playwright browsers	2025-09-19T13:46:18.5423731Z Setting up gstreamer1.0-libav:amd64 (1.24.1-1build1) ...
e2e	Install Playwright browsers	2025-09-19T13:46:18.5881125Z Processing triggers for fontconfig (2.15.0-1.1ubuntu2) ...
e2e	Install Playwright browsers	2025-09-19T13:46:19.0064146Z Processing triggers for libc-bin (2.39-0ubuntu8.5) ...
e2e	Install Playwright browsers	2025-09-19T13:46:19.3091492Z Processing triggers for man-db (2.12.0-4build2) ...
e2e	Install Playwright browsers	2025-09-19T13:46:38.8125945Z Processing triggers for libglib2.0-0t64:amd64 (2.80.0-6ubuntu3.4) ...
e2e	Install Playwright browsers	2025-09-19T13:46:38.8761684Z Setting up libgtk-4-1:amd64 (4.14.5+ds-0ubuntu0.5) ...
e2e	Install Playwright browsers	2025-09-19T13:46:39.0118528Z Setting up glib-networking:amd64 (2.80.0-1build1) ...
e2e	Install Playwright browsers	2025-09-19T13:46:39.0166017Z Setting up libsoup-3.0-0:amd64 (3.4.4-5ubuntu0.5) ...
e2e	Install Playwright browsers	2025-09-19T13:46:39.0225051Z Setting up libgssdp-1.6-0:amd64 (1.6.3-1build3) ...
e2e	Install Playwright browsers	2025-09-19T13:46:39.0311045Z Setting up gstreamer1.0-plugins-good:amd64 (1.24.2-1ubuntu1.2) ...
e2e	Install Playwright browsers	2025-09-19T13:46:39.0382263Z Setting up libgupnp-1.6-0:amd64 (1.6.6-1build3) ...
e2e	Install Playwright browsers	2025-09-19T13:46:39.0455766Z Setting up libgupnp-igd-1.6-0:amd64 (1.6.0-3build3) ...
e2e	Install Playwright browsers	2025-09-19T13:46:39.0506686Z Setting up libnice10:amd64 (0.1.21-2build3) ...
e2e	Install Playwright browsers	2025-09-19T13:46:39.0566958Z Setting up libgstreamer-plugins-bad1.0-0:amd64 (1.24.2-1ubuntu4) ...
e2e	Install Playwright browsers	2025-09-19T13:46:39.0621568Z Setting up gstreamer1.0-plugins-bad:amd64 (1.24.2-1ubuntu4) ...
e2e	Install Playwright browsers	2025-09-19T13:46:39.0664633Z Processing triggers for libc-bin (2.39-0ubuntu8.5) ...
e2e	Install Playwright browsers	2025-09-19T13:46:39.7645262Z 
e2e	Install Playwright browsers	2025-09-19T13:46:39.7645917Z Running kernel seems to be up-to-date.
e2e	Install Playwright browsers	2025-09-19T13:46:39.7646290Z 
e2e	Install Playwright browsers	2025-09-19T13:46:39.7646460Z Restarting services...
e2e	Install Playwright browsers	2025-09-19T13:46:39.7862794Z  systemctl restart packagekit.service php8.3-fpm.service
e2e	Install Playwright browsers	2025-09-19T13:46:39.8887006Z 
e2e	Install Playwright browsers	2025-09-19T13:46:39.8887828Z Service restarts being deferred:
e2e	Install Playwright browsers	2025-09-19T13:46:39.8888668Z  systemctl restart hosted-compute-agent.service
e2e	Install Playwright browsers	2025-09-19T13:46:39.8889033Z 
e2e	Install Playwright browsers	2025-09-19T13:46:39.8889264Z No containers need to be restarted.
e2e	Install Playwright browsers	2025-09-19T13:46:39.8889548Z 
e2e	Install Playwright browsers	2025-09-19T13:46:39.8889800Z No user sessions are running outdated binaries.
e2e	Install Playwright browsers	2025-09-19T13:46:39.8890009Z 
e2e	Install Playwright browsers	2025-09-19T13:46:39.8890292Z No VM guests are running outdated hypervisor (qemu) binaries on this host.
e2e	Install Playwright browsers	2025-09-19T13:46:40.7054227Z Downloading Chromium 140.0.7339.16 (playwright build v1187) from https://cdn.playwright.dev/dbazure/download/playwright/builds/chromium/1187/chromium-linux.zip
e2e	Install Playwright browsers	2025-09-19T13:46:40.9011779Z |                                                                                |   0% of 173.7 MiB
e2e	Install Playwright browsers	2025-09-19T13:46:41.0790667Z |■■■■■■■■                                                                        |  10% of 173.7 MiB
e2e	Install Playwright browsers	2025-09-19T13:46:41.1913028Z |■■■■■■■■■■■■■■■■                                                                |  20% of 173.7 MiB
e2e	Install Playwright browsers	2025-09-19T13:46:41.2829774Z |■■■■■■■■■■■■■■■■■■■■■■■■                                                        |  30% of 173.7 MiB
e2e	Install Playwright browsers	2025-09-19T13:46:41.3667128Z |■■■■■■■■■■■■■■■■■■■■■■■■■■■■■■■■                                                |  40% of 173.7 MiB
e2e	Install Playwright browsers	2025-09-19T13:46:41.4484969Z |■■■■■■■■■■■■■■■■■■■■■■■■■■■■■■■■■■■■■■■■                                        |  50% of 173.7 MiB
e2e	Install Playwright browsers	2025-09-19T13:46:41.5311206Z |■■■■■■■■■■■■■■■■■■■■■■■■■■■■■■■■■■■■■■■■■■■■■■■■                                |  60% of 173.7 MiB
e2e	Install Playwright browsers	2025-09-19T13:46:41.6043480Z |■■■■■■■■■■■■■■■■■■■■■■■■■■■■■■■■■■■■■■■■■■■■■■■■■■■■■■■■                        |  70% of 173.7 MiB
e2e	Install Playwright browsers	2025-09-19T13:46:41.6847895Z |■■■■■■■■■■■■■■■■■■■■■■■■■■■■■■■■■■■■■■■■■■■■■■■■■■■■■■■■■■■■■■■■                |  80% of 173.7 MiB
e2e	Install Playwright browsers	2025-09-19T13:46:41.7695755Z |■■■■■■■■■■■■■■■■■■■■■■■■■■■■■■■■■■■■■■■■■■■■■■■■■■■■■■■■■■■■■■■■■■■■■■■■        |  90% of 173.7 MiB
e2e	Install Playwright browsers	2025-09-19T13:46:41.8462258Z |■■■■■■■■■■■■■■■■■■■■■■■■■■■■■■■■■■■■■■■■■■■■■■■■■■■■■■■■■■■■■■■■■■■■■■■■■■■■■■■■| 100% of 173.7 MiB
e2e	Install Playwright browsers	2025-09-19T13:46:45.9188902Z Chromium 140.0.7339.16 (playwright build v1187) downloaded to /home/runner/.cache/ms-playwright/chromium-1187
e2e	Install Playwright browsers	2025-09-19T13:46:45.9191741Z Downloading Chromium Headless Shell 140.0.7339.16 (playwright build v1187) from https://cdn.playwright.dev/dbazure/download/playwright/builds/chromium/1187/chromium-headless-shell-linux.zip
e2e	Install Playwright browsers	2025-09-19T13:46:46.1766113Z |                                                                                |   0% of 104.3 MiB
e2e	Install Playwright browsers	2025-09-19T13:46:46.2916960Z |■■■■■■■■                                                                        |  10% of 104.3 MiB
e2e	Install Playwright browsers	2025-09-19T13:46:46.3766145Z |■■■■■■■■■■■■■■■■                                                                |  20% of 104.3 MiB
e2e	Install Playwright browsers	2025-09-19T13:46:46.4549549Z |■■■■■■■■■■■■■■■■■■■■■■■■                                                        |  30% of 104.3 MiB
e2e	Install Playwright browsers	2025-09-19T13:46:46.5277229Z |■■■■■■■■■■■■■■■■■■■■■■■■■■■■■■■■                                                |  40% of 104.3 MiB
e2e	Install Playwright browsers	2025-09-19T13:46:46.5882036Z |■■■■■■■■■■■■■■■■■■■■■■■■■■■■■■■■■■■■■■■■                                        |  50% of 104.3 MiB
e2e	Install Playwright browsers	2025-09-19T13:46:46.6494799Z |■■■■■■■■■■■■■■■■■■■■■■■■■■■■■■■■■■■■■■■■■■■■■■■■                                |  60% of 104.3 MiB
e2e	Install Playwright browsers	2025-09-19T13:46:46.7084615Z |■■■■■■■■■■■■■■■■■■■■■■■■■■■■■■■■■■■■■■■■■■■■■■■■■■■■■■■■                        |  70% of 104.3 MiB
e2e	Install Playwright browsers	2025-09-19T13:46:46.7628436Z |■■■■■■■■■■■■■■■■■■■■■■■■■■■■■■■■■■■■■■■■■■■■■■■■■■■■■■■■■■■■■■■■                |  80% of 104.3 MiB
e2e	Install Playwright browsers	2025-09-19T13:46:46.8178624Z |■■■■■■■■■■■■■■■■■■■■■■■■■■■■■■■■■■■■■■■■■■■■■■■■■■■■■■■■■■■■■■■■■■■■■■■■        |  90% of 104.3 MiB
e2e	Install Playwright browsers	2025-09-19T13:46:46.8818993Z |■■■■■■■■■■■■■■■■■■■■■■■■■■■■■■■■■■■■■■■■■■■■■■■■■■■■■■■■■■■■■■■■■■■■■■■■■■■■■■■■| 100% of 104.3 MiB
e2e	Install Playwright browsers	2025-09-19T13:46:48.9330449Z Chromium Headless Shell 140.0.7339.16 (playwright build v1187) downloaded to /home/runner/.cache/ms-playwright/chromium_headless_shell-1187
e2e	Install Playwright browsers	2025-09-19T13:46:48.9332408Z Downloading Firefox 141.0 (playwright build v1490) from https://cdn.playwright.dev/dbazure/download/playwright/builds/firefox/1490/firefox-ubuntu-24.04.zip
e2e	Install Playwright browsers	2025-09-19T13:46:49.1058686Z |                                                                                |   0% of 96 MiB
e2e	Install Playwright browsers	2025-09-19T13:46:49.2098956Z |■■■■■■■■                                                                        |  10% of 96 MiB
e2e	Install Playwright browsers	2025-09-19T13:46:49.2946454Z |■■■■■■■■■■■■■■■■                                                                |  20% of 96 MiB
e2e	Install Playwright browsers	2025-09-19T13:46:49.3757116Z |■■■■■■■■■■■■■■■■■■■■■■■■                                                        |  30% of 96 MiB
e2e	Install Playwright browsers	2025-09-19T13:46:49.4383210Z |■■■■■■■■■■■■■■■■■■■■■■■■■■■■■■■■                                                |  40% of 96 MiB
e2e	Install Playwright browsers	2025-09-19T13:46:49.4914313Z |■■■■■■■■■■■■■■■■■■■■■■■■■■■■■■■■■■■■■■■■                                        |  50% of 96 MiB
e2e	Install Playwright browsers	2025-09-19T13:46:49.5491517Z |■■■■■■■■■■■■■■■■■■■■■■■■■■■■■■■■■■■■■■■■■■■■■■■■                                |  60% of 96 MiB
e2e	Install Playwright browsers	2025-09-19T13:46:49.6117111Z |■■■■■■■■■■■■■■■■■■■■■■■■■■■■■■■■■■■■■■■■■■■■■■■■■■■■■■■■                        |  70% of 96 MiB
e2e	Install Playwright browsers	2025-09-19T13:46:49.6754340Z |■■■■■■■■■■■■■■■■■■■■■■■■■■■■■■■■■■■■■■■■■■■■■■■■■■■■■■■■■■■■■■■■                |  80% of 96 MiB
e2e	Install Playwright browsers	2025-09-19T13:46:49.7372838Z |■■■■■■■■■■■■■■■■■■■■■■■■■■■■■■■■■■■■■■■■■■■■■■■■■■■■■■■■■■■■■■■■■■■■■■■■        |  90% of 96 MiB
e2e	Install Playwright browsers	2025-09-19T13:46:49.7927504Z |■■■■■■■■■■■■■■■■■■■■■■■■■■■■■■■■■■■■■■■■■■■■■■■■■■■■■■■■■■■■■■■■■■■■■■■■■■■■■■■■| 100% of 96 MiB
e2e	Install Playwright browsers	2025-09-19T13:46:51.7521085Z Firefox 141.0 (playwright build v1490) downloaded to /home/runner/.cache/ms-playwright/firefox-1490
e2e	Install Playwright browsers	2025-09-19T13:46:51.7523601Z Downloading Webkit 26.0 (playwright build v2203) from https://cdn.playwright.dev/dbazure/download/playwright/builds/webkit/2203/webkit-ubuntu-24.04.zip
e2e	Install Playwright browsers	2025-09-19T13:46:51.9262468Z |                                                                                |   0% of 94.2 MiB
e2e	Install Playwright browsers	2025-09-19T13:46:52.0725588Z |■■■■■■■■                                                                        |  10% of 94.2 MiB
e2e	Install Playwright browsers	2025-09-19T13:46:52.1502038Z |■■■■■■■■■■■■■■■■                                                                |  20% of 94.2 MiB
e2e	Install Playwright browsers	2025-09-19T13:46:52.3299416Z |■■■■■■■■■■■■■■■■■■■■■■■■                                                        |  30% of 94.2 MiB
e2e	Install Playwright browsers	2025-09-19T13:46:52.5731541Z |■■■■■■■■■■■■■■■■■■■■■■■■■■■■■■■■                                                |  40% of 94.2 MiB
e2e	Install Playwright browsers	2025-09-19T13:46:52.6795282Z |■■■■■■■■■■■■■■■■■■■■■■■■■■■■■■■■■■■■■■■■                                        |  50% of 94.2 MiB
e2e	Install Playwright browsers	2025-09-19T13:46:52.7818986Z |■■■■■■■■■■■■■■■■■■■■■■■■■■■■■■■■■■■■■■■■■■■■■■■■                                |  60% of 94.2 MiB
e2e	Install Playwright browsers	2025-09-19T13:46:52.8608774Z |■■■■■■■■■■■■■■■■■■■■■■■■■■■■■■■■■■■■■■■■■■■■■■■■■■■■■■■■                        |  70% of 94.2 MiB
e2e	Install Playwright browsers	2025-09-19T13:46:52.9831275Z |■■■■■■■■■■■■■■■■■■■■■■■■■■■■■■■■■■■■■■■■■■■■■■■■■■■■■■■■■■■■■■■■                |  80% of 94.2 MiB
e2e	Install Playwright browsers	2025-09-19T13:46:53.1029992Z |■■■■■■■■■■■■■■■■■■■■■■■■■■■■■■■■■■■■■■■■■■■■■■■■■■■■■■■■■■■■■■■■■■■■■■■■        |  90% of 94.2 MiB
e2e	Install Playwright browsers	2025-09-19T13:46:53.2399479Z |■■■■■■■■■■■■■■■■■■■■■■■■■■■■■■■■■■■■■■■■■■■■■■■■■■■■■■■■■■■■■■■■■■■■■■■■■■■■■■■■| 100% of 94.2 MiB
e2e	Install Playwright browsers	2025-09-19T13:46:55.1655338Z Webkit 26.0 (playwright build v2203) downloaded to /home/runner/.cache/ms-playwright/webkit-2203
e2e	Install Playwright browsers	2025-09-19T13:46:55.1657314Z Downloading FFMPEG playwright build v1011 from https://cdn.playwright.dev/dbazure/download/playwright/builds/ffmpeg/1011/ffmpeg-linux.zip
e2e	Install Playwright browsers	2025-09-19T13:46:55.3698080Z |                                                                                |   0% of 2.3 MiB
e2e	Install Playwright browsers	2025-09-19T13:46:55.3758075Z |■■■■■■■■                                                                        |  10% of 2.3 MiB
e2e	Install Playwright browsers	2025-09-19T13:46:55.3789775Z |■■■■■■■■■■■■■■■■                                                                |  20% of 2.3 MiB
e2e	Install Playwright browsers	2025-09-19T13:46:55.3816621Z |■■■■■■■■■■■■■■■■■■■■■■■■                                                        |  30% of 2.3 MiB
e2e	Install Playwright browsers	2025-09-19T13:46:55.3845367Z |■■■■■■■■■■■■■■■■■■■■■■■■■■■■■■■■                                                |  40% of 2.3 MiB
e2e	Install Playwright browsers	2025-09-19T13:46:55.4038700Z |■■■■■■■■■■■■■■■■■■■■■■■■■■■■■■■■■■■■■■■■                                        |  50% of 2.3 MiB
e2e	Install Playwright browsers	2025-09-19T13:46:55.4119642Z |■■■■■■■■■■■■■■■■■■■■■■■■■■■■■■■■■■■■■■■■■■■■■■■■                                |  60% of 2.3 MiB
e2e	Install Playwright browsers	2025-09-19T13:46:55.4158458Z |■■■■■■■■■■■■■■■■■■■■■■■■■■■■■■■■■■■■■■■■■■■■■■■■■■■■■■■■                        |  70% of 2.3 MiB
e2e	Install Playwright browsers	2025-09-19T13:46:55.4219364Z |■■■■■■■■■■■■■■■■■■■■■■■■■■■■■■■■■■■■■■■■■■■■■■■■■■■■■■■■■■■■■■■■                |  80% of 2.3 MiB
e2e	Install Playwright browsers	2025-09-19T13:46:55.4249297Z |■■■■■■■■■■■■■■■■■■■■■■■■■■■■■■■■■■■■■■■■■■■■■■■■■■■■■■■■■■■■■■■■■■■■■■■■        |  90% of 2.3 MiB
e2e	Install Playwright browsers	2025-09-19T13:46:55.4272388Z |■■■■■■■■■■■■■■■■■■■■■■■■■■■■■■■■■■■■■■■■■■■■■■■■■■■■■■■■■■■■■■■■■■■■■■■■■■■■■■■■| 100% of 2.3 MiB
e2e	Install Playwright browsers	2025-09-19T13:46:55.4939157Z FFMPEG playwright build v1011 downloaded to /home/runner/.cache/ms-playwright/ffmpeg-1011
e2e	Start backend and static server (background)	﻿2025-09-19T13:46:55.8791238Z ##[group]Run set -euo pipefail
e2e	Start backend and static server (background)	2025-09-19T13:46:55.8791544Z [36;1mset -euo pipefail[0m
e2e	Start backend and static server (background)	2025-09-19T13:46:55.8791795Z [36;1m# Start backend and log to /tmp/backend.log[0m
e2e	Start backend and static server (background)	2025-09-19T13:46:55.8792124Z [36;1mnode ./server/index.js > /tmp/backend.log 2>&1 &[0m
e2e	Start backend and static server (background)	2025-09-19T13:46:55.8792416Z [36;1mecho "$!" > /tmp/backend.pid[0m
e2e	Start backend and static server (background)	2025-09-19T13:46:55.8792759Z [36;1m# Start static server on the agreed port (8001) and log to /tmp/static.log[0m
e2e	Start backend and static server (background)	2025-09-19T13:46:55.8793190Z [36;1mpython3 -m http.server 8001 > /tmp/static.log 2>&1 &[0m
e2e	Start backend and static server (background)	2025-09-19T13:46:55.8793494Z [36;1mecho "$!" > /tmp/static.pid[0m
e2e	Start backend and static server (background)	2025-09-19T13:46:55.8793822Z [36;1m# Wait for services to respond (increase retries for flaky runners)[0m
e2e	Start backend and static server (background)	2025-09-19T13:46:55.8794145Z [36;1mfor i in {1..60}; do[0m
e2e	Start backend and static server (background)	2025-09-19T13:46:55.8794681Z [36;1m  if curl -sSf http://localhost:4000/api/leaderboard >/dev/null 2>&1 && curl -sSf http://localhost:8001/standalone.html >/dev/null 2>&1; then[0m
e2e	Start backend and static server (background)	2025-09-19T13:46:55.8795222Z [36;1m    echo "services are up"; break[0m
e2e	Start backend and static server (background)	2025-09-19T13:46:55.8795480Z [36;1m  fi[0m
e2e	Start backend and static server (background)	2025-09-19T13:46:55.8795646Z [36;1m  sleep 2[0m
e2e	Start backend and static server (background)	2025-09-19T13:46:55.8795814Z [36;1mdone[0m
e2e	Start backend and static server (background)	2025-09-19T13:46:55.8826698Z shell: /usr/bin/bash -e {0}
e2e	Start backend and static server (background)	2025-09-19T13:46:55.8826938Z env:
e2e	Start backend and static server (background)	2025-09-19T13:46:55.8827130Z   NODE_OPTIONS: --experimental-vm-modules
e2e	Start backend and static server (background)	2025-09-19T13:46:55.8827394Z ##[endgroup]
e2e	Start backend and static server (background)	2025-09-19T13:46:57.9367820Z services are up
e2e	Run Playwright via runner script	﻿2025-09-19T13:46:57.9401385Z ##[group]Run node ./scripts/run-playwright-with-backend.js
e2e	Run Playwright via runner script	2025-09-19T13:46:57.9402109Z [36;1mnode ./scripts/run-playwright-with-backend.js[0m
e2e	Run Playwright via runner script	2025-09-19T13:46:57.9435235Z shell: /usr/bin/bash -e {0}
e2e	Run Playwright via runner script	2025-09-19T13:46:57.9435472Z env:
e2e	Run Playwright via runner script	2025-09-19T13:46:57.9435667Z   NODE_OPTIONS: --experimental-vm-modules
e2e	Run Playwright via runner script	2025-09-19T13:46:57.9435928Z ##[endgroup]
e2e	Run Playwright via runner script	2025-09-19T13:46:57.9784216Z Checking backend and static servers...
e2e	Run Playwright via runner script	2025-09-19T13:46:57.9897659Z Backend already running; reusing existing instance.
e2e	Run Playwright via runner script	2025-09-19T13:47:02.0141240Z Port 8001 is bound by another process; reusing existing static server.
e2e	Run Playwright via runner script	2025-09-19T13:47:02.0159902Z Backend responsive. Waiting for static server...
e2e	Run Playwright via runner script	2025-09-19T13:48:02.2356833Z Error waiting for servers: timeout waiting for http://localhost:8001/standalone.html
e2e	Run Playwright via runner script	2025-09-19T13:48:02.2401530Z ##[error]Process completed with exit code 3.
e2e	Upload Playwright artifacts (on failure)	﻿2025-09-19T13:48:02.2456884Z ##[group]Run actions/upload-artifact@v4
e2e	Upload Playwright artifacts (on failure)	2025-09-19T13:48:02.2457142Z with:
e2e	Upload Playwright artifacts (on failure)	2025-09-19T13:48:02.2457333Z   name: playwright-artifacts
e2e	Upload Playwright artifacts (on failure)	2025-09-19T13:48:02.2458049Z   path: test-results/**
e2e	Upload Playwright artifacts (on failure)	playwright-report/**
e2e	Upload Playwright artifacts (on failure)	trace.zip
e2e	Upload Playwright artifacts (on failure)	./playwright-traces/**
e2e	Upload Playwright artifacts (on failure)	./playwright-screenshots/**
e2e	Upload Playwright artifacts (on failure)	/tmp/backend.log
e2e	Upload Playwright artifacts (on failure)	/tmp/static.log
e2e	Upload Playwright artifacts (on failure)	
e2e	Upload Playwright artifacts (on failure)	2025-09-19T13:48:02.2458868Z   retention-days: 7
e2e	Upload Playwright artifacts (on failure)	2025-09-19T13:48:02.2459052Z   if-no-files-found: warn
e2e	Upload Playwright artifacts (on failure)	2025-09-19T13:48:02.2459254Z   compression-level: 6
e2e	Upload Playwright artifacts (on failure)	2025-09-19T13:48:02.2459433Z   overwrite: false
e2e	Upload Playwright artifacts (on failure)	2025-09-19T13:48:02.2459617Z   include-hidden-files: false
e2e	Upload Playwright artifacts (on failure)	2025-09-19T13:48:02.2459808Z env:
e2e	Upload Playwright artifacts (on failure)	2025-09-19T13:48:02.2459993Z   NODE_OPTIONS: --experimental-vm-modules
e2e	Upload Playwright artifacts (on failure)	2025-09-19T13:48:02.2460237Z ##[endgroup]
e2e	Upload Playwright artifacts (on failure)	2025-09-19T13:48:02.4583775Z Multiple search paths detected. Calculating the least common ancestor of all paths
e2e	Upload Playwright artifacts (on failure)	2025-09-19T13:48:02.4591667Z The least common ancestor is /. This will be the root directory of the artifact
e2e	Upload Playwright artifacts (on failure)	2025-09-19T13:48:02.4592421Z With the provided path, there will be 2 files uploaded
e2e	Upload Playwright artifacts (on failure)	2025-09-19T13:48:02.4595341Z Artifact name is valid!
e2e	Upload Playwright artifacts (on failure)	2025-09-19T13:48:02.4596720Z Root directory input is valid!
e2e	Upload Playwright artifacts (on failure)	2025-09-19T13:48:02.5898648Z Beginning upload of artifact content to blob storage
e2e	Upload Playwright artifacts (on failure)	2025-09-19T13:48:02.6364550Z Uploaded bytes 368
e2e	Upload Playwright artifacts (on failure)	2025-09-19T13:48:02.6587422Z Finished uploading artifact content to blob storage!
e2e	Upload Playwright artifacts (on failure)	2025-09-19T13:48:02.6591297Z SHA256 digest of uploaded artifact zip is c33181c851398c9a4de224882c57083b2081dcf12d27f09ecbf390826d60d165
e2e	Upload Playwright artifacts (on failure)	2025-09-19T13:48:02.6592901Z Finalizing artifact upload
e2e	Upload Playwright artifacts (on failure)	2025-09-19T13:48:02.7864145Z Artifact playwright-artifacts.zip successfully finalized. Artifact ID 4056563412
e2e	Upload Playwright artifacts (on failure)	2025-09-19T13:48:02.7866126Z Artifact playwright-artifacts has been successfully uploaded! Final size is 368 bytes. Artifact ID is 4056563412
e2e	Upload Playwright artifacts (on failure)	2025-09-19T13:48:02.7873516Z Artifact download URL: https://github.com/Picsbyeli/Picsbyeli.github.io/actions/runs/17860153172/artifacts/4056563412
e2e	Cleanup	﻿2025-09-19T13:48:02.7965913Z ##[group]Run if [ -f /tmp/backend.pid ]; then kill "$(cat /tmp/backend.pid)" || true; fi
e2e	Cleanup	2025-09-19T13:48:02.7966450Z [36;1mif [ -f /tmp/backend.pid ]; then kill "$(cat /tmp/backend.pid)" || true; fi[0m
e2e	Cleanup	2025-09-19T13:48:02.7966921Z [36;1mif [ -f /tmp/static.pid ]; then kill "$(cat /tmp/static.pid)" || true; fi[0m
e2e	Cleanup	2025-09-19T13:48:02.7995990Z shell: /usr/bin/bash -e {0}
e2e	Cleanup	2025-09-19T13:48:02.7996218Z env:
e2e	Cleanup	2025-09-19T13:48:02.7996412Z   NODE_OPTIONS: --experimental-vm-modules
e2e	Cleanup	2025-09-19T13:48:02.7996665Z ##[endgroup]
e2e	Post Checkout	﻿2025-09-19T13:48:02.8126376Z Post job cleanup.
e2e	Post Checkout	2025-09-19T13:48:02.9052964Z [command]/usr/bin/git version
e2e	Post Checkout	2025-09-19T13:48:02.9089466Z git version 2.51.0
e2e	Post Checkout	2025-09-19T13:48:02.9131625Z Temporarily overriding HOME='/home/runner/work/_temp/b1deb30a-1960-4b72-abf0-c00d06e5f296' before making global git config changes
e2e	Post Checkout	2025-09-19T13:48:02.9132670Z Adding repository directory to the temporary git global config as a safe directory
e2e	Post Checkout	2025-09-19T13:48:02.9143713Z [command]/usr/bin/git config --global --add safe.directory /home/runner/work/Picsbyeli.github.io/Picsbyeli.github.io
e2e	Post Checkout	2025-09-19T13:48:02.9176336Z [command]/usr/bin/git config --local --name-only --get-regexp core\.sshCommand
e2e	Post Checkout	2025-09-19T13:48:02.9208508Z [command]/usr/bin/git submodule foreach --recursive sh -c "git config --local --name-only --get-regexp 'core\.sshCommand' && git config --local --unset-all 'core.sshCommand' || :"
e2e	Post Checkout	2025-09-19T13:48:02.9429542Z [command]/usr/bin/git config --local --name-only --get-regexp http\.https\:\/\/github\.com\/\.extraheader
e2e	Post Checkout	2025-09-19T13:48:02.9449306Z http.https://github.com/.extraheader
e2e	Post Checkout	2025-09-19T13:48:02.9461586Z [command]/usr/bin/git config --local --unset-all http.https://github.com/.extraheader
e2e	Post Checkout	2025-09-19T13:48:02.9492084Z [command]/usr/bin/git submodule foreach --recursive sh -c "git config --local --name-only --get-regexp 'http\.https\:\/\/github\.com\/\.extraheader' && git config --local --unset-all 'http.https://github.com/.extraheader' || :"
e2e	Complete job	﻿2025-09-19T13:48:02.9811537Z Cleaning up orphan processes
