e2e	Set up job	﻿2025-09-19T13:24:33.3923527Z Current runner version: '2.328.0'
e2e	Set up job	2025-09-19T13:24:33.3954687Z ##[group]Runner Image Provisioner
e2e	Set up job	2025-09-19T13:24:33.3955465Z Hosted Compute Agent
e2e	Set up job	2025-09-19T13:24:33.3956017Z Version: 20250829.383
e2e	Set up job	2025-09-19T13:24:33.3956565Z Commit: 27cb235aab5b0e52e153a26cd86b4742e89dac5d
e2e	Set up job	2025-09-19T13:24:33.3957324Z Build Date: 2025-08-29T13:48:48Z
e2e	Set up job	2025-09-19T13:24:33.3957872Z ##[endgroup]
e2e	Set up job	2025-09-19T13:24:33.3958405Z ##[group]Operating System
e2e	Set up job	2025-09-19T13:24:33.3959190Z Ubuntu
e2e	Set up job	2025-09-19T13:24:33.3959704Z 24.04.3
e2e	Set up job	2025-09-19T13:24:33.3960154Z LTS
e2e	Set up job	2025-09-19T13:24:33.3960643Z ##[endgroup]
e2e	Set up job	2025-09-19T13:24:33.3961131Z ##[group]Runner Image
e2e	Set up job	2025-09-19T13:24:33.3961667Z Image: ubuntu-24.04
e2e	Set up job	2025-09-19T13:24:33.3962222Z Version: 20250907.24.1
e2e	Set up job	2025-09-19T13:24:33.3963180Z Included Software: https://github.com/actions/runner-images/blob/ubuntu24/20250907.24/images/ubuntu/Ubuntu2404-Readme.md
e2e	Set up job	2025-09-19T13:24:33.3964514Z Image Release: https://github.com/actions/runner-images/releases/tag/ubuntu24%2F20250907.24
e2e	Set up job	2025-09-19T13:24:33.3965679Z ##[endgroup]
e2e	Set up job	2025-09-19T13:24:33.3966786Z ##[group]GITHUB_TOKEN Permissions
e2e	Set up job	2025-09-19T13:24:33.3968579Z Contents: read
e2e	Set up job	2025-09-19T13:24:33.3969304Z Metadata: read
e2e	Set up job	2025-09-19T13:24:33.3969888Z Packages: read
e2e	Set up job	2025-09-19T13:24:33.3970360Z ##[endgroup]
e2e	Set up job	2025-09-19T13:24:33.3972454Z Secret source: Actions
e2e	Set up job	2025-09-19T13:24:33.3973225Z Prepare workflow directory
e2e	Set up job	2025-09-19T13:24:33.4481818Z Prepare all required actions
e2e	Set up job	2025-09-19T13:24:33.4537464Z Getting action download info
e2e	Set up job	2025-09-19T13:24:33.8047357Z Download action repository 'actions/checkout@v4' (SHA:08eba0b27e820071cde6df949e0beb9ba4906955)
e2e	Set up job	2025-09-19T13:24:33.9851686Z Download action repository 'actions/cache@v4' (SHA:0400d5f644dc74513175e3cd8d07132dd4860809)
e2e	Set up job	2025-09-19T13:24:34.1426619Z Download action repository 'actions/setup-node@v4' (SHA:49933ea5288caeca8642d1e84afbd3f7d6820020)
e2e	Set up job	2025-09-19T13:24:34.2294178Z Download action repository 'actions/upload-artifact@v4' (SHA:ea165f8d65b6e75b540449e92b4886f43607fa02)
e2e	Set up job	2025-09-19T13:24:34.5171364Z Complete job name: e2e
e2e	Checkout	﻿2025-09-19T13:24:34.5992553Z ##[group]Run actions/checkout@v4
e2e	Checkout	2025-09-19T13:24:34.5993904Z with:
e2e	Checkout	2025-09-19T13:24:34.5994692Z   repository: Picsbyeli/Picsbyeli.github.io
e2e	Checkout	2025-09-19T13:24:34.5995965Z   token: ***
e2e	Checkout	2025-09-19T13:24:34.5996664Z   ssh-strict: true
e2e	Checkout	2025-09-19T13:24:34.5997399Z   ssh-user: git
e2e	Checkout	2025-09-19T13:24:34.5998144Z   persist-credentials: true
e2e	Checkout	2025-09-19T13:24:34.5999143Z   clean: true
e2e	Checkout	2025-09-19T13:24:34.5999901Z   sparse-checkout-cone-mode: true
e2e	Checkout	2025-09-19T13:24:34.6000806Z   fetch-depth: 1
e2e	Checkout	2025-09-19T13:24:34.6001554Z   fetch-tags: false
e2e	Checkout	2025-09-19T13:24:34.6002306Z   show-progress: true
e2e	Checkout	2025-09-19T13:24:34.6003065Z   lfs: false
e2e	Checkout	2025-09-19T13:24:34.6003747Z   submodules: false
e2e	Checkout	2025-09-19T13:24:34.6004518Z   set-safe-directory: true
e2e	Checkout	2025-09-19T13:24:34.6005564Z env:
e2e	Checkout	2025-09-19T13:24:34.6006324Z   NODE_OPTIONS: --experimental-vm-modules
e2e	Checkout	2025-09-19T13:24:34.6007309Z ##[endgroup]
e2e	Checkout	2025-09-19T13:24:34.7123265Z Syncing repository: Picsbyeli/Picsbyeli.github.io
e2e	Checkout	2025-09-19T13:24:34.7126183Z ##[group]Getting Git version info
e2e	Checkout	2025-09-19T13:24:34.7127939Z Working directory is '/home/runner/work/Picsbyeli.github.io/Picsbyeli.github.io'
e2e	Checkout	2025-09-19T13:24:34.7130349Z [command]/usr/bin/git version
e2e	Checkout	2025-09-19T13:24:34.7173988Z git version 2.51.0
e2e	Checkout	2025-09-19T13:24:34.7201249Z ##[endgroup]
e2e	Checkout	2025-09-19T13:24:34.7224630Z Temporarily overriding HOME='/home/runner/work/_temp/b5a017ba-20dd-4fb7-936e-d6af4303d76f' before making global git config changes
e2e	Checkout	2025-09-19T13:24:34.7229538Z Adding repository directory to the temporary git global config as a safe directory
e2e	Checkout	2025-09-19T13:24:34.7233731Z [command]/usr/bin/git config --global --add safe.directory /home/runner/work/Picsbyeli.github.io/Picsbyeli.github.io
e2e	Checkout	2025-09-19T13:24:34.7267789Z Deleting the contents of '/home/runner/work/Picsbyeli.github.io/Picsbyeli.github.io'
e2e	Checkout	2025-09-19T13:24:34.7271790Z ##[group]Initializing the repository
e2e	Checkout	2025-09-19T13:24:34.7276372Z [command]/usr/bin/git init /home/runner/work/Picsbyeli.github.io/Picsbyeli.github.io
e2e	Checkout	2025-09-19T13:24:34.7381448Z hint: Using 'master' as the name for the initial branch. This default branch name
e2e	Checkout	2025-09-19T13:24:34.7383645Z hint: is subject to change. To configure the initial branch name to use in all
e2e	Checkout	2025-09-19T13:24:34.7385971Z hint: of your new repositories, which will suppress this warning, call:
e2e	Checkout	2025-09-19T13:24:34.7388221Z hint:
e2e	Checkout	2025-09-19T13:24:34.7390062Z hint: 	git config --global init.defaultBranch <name>
e2e	Checkout	2025-09-19T13:24:34.7392030Z hint:
e2e	Checkout	2025-09-19T13:24:34.7393905Z hint: Names commonly chosen instead of 'master' are 'main', 'trunk' and
e2e	Checkout	2025-09-19T13:24:34.7396931Z hint: 'development'. The just-created branch can be renamed via this command:
e2e	Checkout	2025-09-19T13:24:34.7399543Z hint:
e2e	Checkout	2025-09-19T13:24:34.7400786Z hint: 	git branch -m <name>
e2e	Checkout	2025-09-19T13:24:34.7402184Z hint:
e2e	Checkout	2025-09-19T13:24:34.7404031Z hint: Disable this message with "git config set advice.defaultBranchName false"
e2e	Checkout	2025-09-19T13:24:34.7406482Z Initialized empty Git repository in /home/runner/work/Picsbyeli.github.io/Picsbyeli.github.io/.git/
e2e	Checkout	2025-09-19T13:24:34.7410545Z [command]/usr/bin/git remote add origin https://github.com/Picsbyeli/Picsbyeli.github.io
e2e	Checkout	2025-09-19T13:24:34.7436967Z ##[endgroup]
e2e	Checkout	2025-09-19T13:24:34.7439520Z ##[group]Disabling automatic garbage collection
e2e	Checkout	2025-09-19T13:24:34.7441690Z [command]/usr/bin/git config --local gc.auto 0
e2e	Checkout	2025-09-19T13:24:34.7470581Z ##[endgroup]
e2e	Checkout	2025-09-19T13:24:34.7472766Z ##[group]Setting up auth
e2e	Checkout	2025-09-19T13:24:34.7477875Z [command]/usr/bin/git config --local --name-only --get-regexp core\.sshCommand
e2e	Checkout	2025-09-19T13:24:34.7509927Z [command]/usr/bin/git submodule foreach --recursive sh -c "git config --local --name-only --get-regexp 'core\.sshCommand' && git config --local --unset-all 'core.sshCommand' || :"
e2e	Checkout	2025-09-19T13:24:34.7822845Z [command]/usr/bin/git config --local --name-only --get-regexp http\.https\:\/\/github\.com\/\.extraheader
e2e	Checkout	2025-09-19T13:24:34.7855436Z [command]/usr/bin/git submodule foreach --recursive sh -c "git config --local --name-only --get-regexp 'http\.https\:\/\/github\.com\/\.extraheader' && git config --local --unset-all 'http.https://github.com/.extraheader' || :"
e2e	Checkout	2025-09-19T13:24:34.8068711Z [command]/usr/bin/git config --local http.https://github.com/.extraheader AUTHORIZATION: basic ***
e2e	Checkout	2025-09-19T13:24:34.8103458Z ##[endgroup]
e2e	Checkout	2025-09-19T13:24:34.8104781Z ##[group]Fetching the repository
e2e	Checkout	2025-09-19T13:24:34.8113245Z [command]/usr/bin/git -c protocol.version=2 fetch --no-tags --prune --no-recurse-submodules --depth=1 origin +b10c88144e2fdee2b83c9f6bc9d545dcf9d6fa43:refs/remotes/origin/main
e2e	Checkout	2025-09-19T13:24:35.9231807Z From https://github.com/Picsbyeli/Picsbyeli.github.io
e2e	Checkout	2025-09-19T13:24:35.9234282Z  * [new ref]         b10c88144e2fdee2b83c9f6bc9d545dcf9d6fa43 -> origin/main
e2e	Checkout	2025-09-19T13:24:35.9267272Z ##[endgroup]
e2e	Checkout	2025-09-19T13:24:35.9268095Z ##[group]Determining the checkout info
e2e	Checkout	2025-09-19T13:24:35.9269811Z ##[endgroup]
e2e	Checkout	2025-09-19T13:24:35.9275206Z [command]/usr/bin/git sparse-checkout disable
e2e	Checkout	2025-09-19T13:24:35.9317775Z [command]/usr/bin/git config --local --unset-all extensions.worktreeConfig
e2e	Checkout	2025-09-19T13:24:35.9345636Z ##[group]Checking out the ref
e2e	Checkout	2025-09-19T13:24:35.9350205Z [command]/usr/bin/git checkout --progress --force -B main refs/remotes/origin/main
e2e	Checkout	2025-09-19T13:24:36.0215203Z Switched to a new branch 'main'
e2e	Checkout	2025-09-19T13:24:36.0216050Z branch 'main' set up to track 'origin/main'.
e2e	Checkout	2025-09-19T13:24:36.0223525Z ##[endgroup]
e2e	Checkout	2025-09-19T13:24:36.0260040Z [command]/usr/bin/git log -1 --format=%H
e2e	Checkout	2025-09-19T13:24:36.0281324Z b10c88144e2fdee2b83c9f6bc9d545dcf9d6fa43
e2e	Cache root node modules	﻿2025-09-19T13:24:36.1023408Z ##[group]Run actions/cache@v4
e2e	Cache root node modules	2025-09-19T13:24:36.1023800Z with:
e2e	Cache root node modules	2025-09-19T13:24:36.1024053Z   path: ~/.npm
e2e	Cache root node modules	node_modules
e2e	Cache root node modules	
e2e	Cache root node modules	2025-09-19T13:24:36.1024573Z   key: Linux-root-node-c0e02a21023114227bf5467e460a268a9901d357ed5e5a7bc7e9c5b94703267f
e2e	Cache root node modules	2025-09-19T13:24:36.1025109Z   restore-keys: Linux-root-node-
e2e	Cache root node modules	
e2e	Cache root node modules	2025-09-19T13:24:36.1025466Z   enableCrossOsArchive: false
e2e	Cache root node modules	2025-09-19T13:24:36.1025781Z   fail-on-cache-miss: false
e2e	Cache root node modules	2025-09-19T13:24:36.1026074Z   lookup-only: false
e2e	Cache root node modules	2025-09-19T13:24:36.1026600Z   save-always: false
e2e	Cache root node modules	2025-09-19T13:24:36.1026853Z env:
e2e	Cache root node modules	2025-09-19T13:24:36.1027124Z   NODE_OPTIONS: --experimental-vm-modules
e2e	Cache root node modules	2025-09-19T13:24:36.1027452Z ##[endgroup]
e2e	Cache root node modules	2025-09-19T13:24:36.3928514Z Cache not found for input keys: Linux-root-node-c0e02a21023114227bf5467e460a268a9901d357ed5e5a7bc7e9c5b94703267f, Linux-root-node-
e2e	Cache Playwright browsers	﻿2025-09-19T13:24:36.4566684Z ##[group]Run actions/cache@v4
e2e	Cache Playwright browsers	2025-09-19T13:24:36.4567014Z with:
e2e	Cache Playwright browsers	2025-09-19T13:24:36.4567242Z   path: ~/.cache/ms-playwright
e2e	Cache Playwright browsers	2025-09-19T13:24:36.4567681Z   key: Linux-playwright-22941a22530ab80707140b28eb0c3ffbfa7741eab03cef362ab1ce050ed2c1d8
e2e	Cache Playwright browsers	2025-09-19T13:24:36.4568153Z   restore-keys: Linux-playwright-
e2e	Cache Playwright browsers	
e2e	Cache Playwright browsers	2025-09-19T13:24:36.4568450Z   enableCrossOsArchive: false
e2e	Cache Playwright browsers	2025-09-19T13:24:36.4568709Z   fail-on-cache-miss: false
e2e	Cache Playwright browsers	2025-09-19T13:24:36.4569226Z   lookup-only: false
e2e	Cache Playwright browsers	2025-09-19T13:24:36.4569579Z   save-always: false
e2e	Cache Playwright browsers	2025-09-19T13:24:36.4569810Z env:
e2e	Cache Playwright browsers	2025-09-19T13:24:36.4570043Z   NODE_OPTIONS: --experimental-vm-modules
e2e	Cache Playwright browsers	2025-09-19T13:24:36.4570368Z ##[endgroup]
e2e	Cache Playwright browsers	2025-09-19T13:24:36.6890509Z Cache not found for input keys: Linux-playwright-22941a22530ab80707140b28eb0c3ffbfa7741eab03cef362ab1ce050ed2c1d8, Linux-playwright-
e2e	Use Node.js 18	﻿2025-09-19T13:24:36.7011030Z ##[group]Run actions/setup-node@v4
e2e	Use Node.js 18	2025-09-19T13:24:36.7011388Z with:
e2e	Use Node.js 18	2025-09-19T13:24:36.7011595Z   node-version: 18
e2e	Use Node.js 18	2025-09-19T13:24:36.7011822Z   always-auth: false
e2e	Use Node.js 18	2025-09-19T13:24:36.7012046Z   check-latest: false
e2e	Use Node.js 18	2025-09-19T13:24:36.7012398Z   token: ***
e2e	Use Node.js 18	2025-09-19T13:24:36.7012613Z env:
e2e	Use Node.js 18	2025-09-19T13:24:36.7012836Z   NODE_OPTIONS: --experimental-vm-modules
e2e	Use Node.js 18	2025-09-19T13:24:36.7013132Z ##[endgroup]
e2e	Use Node.js 18	2025-09-19T13:24:36.8735143Z Found in cache @ /opt/hostedtoolcache/node/18.20.8/x64
e2e	Use Node.js 18	2025-09-19T13:24:36.8741457Z ##[group]Environment details
e2e	Use Node.js 18	2025-09-19T13:24:39.5685923Z node: v18.20.8
e2e	Use Node.js 18	2025-09-19T13:24:39.5686250Z npm: 10.8.2
e2e	Use Node.js 18	2025-09-19T13:24:39.5686538Z yarn: 1.22.22
e2e	Use Node.js 18	2025-09-19T13:24:39.5687737Z ##[endgroup]
e2e	Install root dependencies	﻿2025-09-19T13:24:39.5792802Z ##[group]Run npm ci --prefer-offline --no-audit --no-fund
e2e	Install root dependencies	2025-09-19T13:24:39.5793327Z [36;1mnpm ci --prefer-offline --no-audit --no-fund[0m
e2e	Install root dependencies	2025-09-19T13:24:39.5951731Z shell: /usr/bin/bash -e {0}
e2e	Install root dependencies	2025-09-19T13:24:39.5951990Z env:
e2e	Install root dependencies	2025-09-19T13:24:39.5952213Z   NODE_OPTIONS: --experimental-vm-modules
e2e	Install root dependencies	2025-09-19T13:24:39.5952483Z ##[endgroup]
e2e	Install root dependencies	2025-09-19T13:24:44.8846618Z 
e2e	Install root dependencies	2025-09-19T13:24:44.8855912Z added 3 packages in 5s
e2e	Cache server node modules	﻿2025-09-19T13:24:44.9499589Z ##[group]Run actions/cache@v4
e2e	Cache server node modules	2025-09-19T13:24:44.9499874Z with:
e2e	Cache server node modules	2025-09-19T13:24:44.9500058Z   path: server/node_modules
e2e	Cache server node modules	2025-09-19T13:24:44.9500460Z   key: Linux-server-node-8e74b6c3567e86803f9447d57da90e5898c662643fa3b4d09d97c2859ece3afa
e2e	Cache server node modules	2025-09-19T13:24:44.9500890Z   restore-keys: Linux-server-node-
e2e	Cache server node modules	
e2e	Cache server node modules	2025-09-19T13:24:44.9501140Z   enableCrossOsArchive: false
e2e	Cache server node modules	2025-09-19T13:24:44.9501367Z   fail-on-cache-miss: false
e2e	Cache server node modules	2025-09-19T13:24:44.9501574Z   lookup-only: false
e2e	Cache server node modules	2025-09-19T13:24:44.9501761Z   save-always: false
e2e	Cache server node modules	2025-09-19T13:24:44.9501927Z env:
e2e	Cache server node modules	2025-09-19T13:24:44.9502116Z   NODE_OPTIONS: --experimental-vm-modules
e2e	Cache server node modules	2025-09-19T13:24:44.9502371Z ##[endgroup]
e2e	Cache server node modules	2025-09-19T13:24:45.1807487Z Cache not found for input keys: Linux-server-node-8e74b6c3567e86803f9447d57da90e5898c662643fa3b4d09d97c2859ece3afa, Linux-server-node-
e2e	Install server dependencies	﻿2025-09-19T13:24:45.1901487Z ##[group]Run npm ci --prefer-offline --no-audit --no-fund
e2e	Install server dependencies	2025-09-19T13:24:45.1901889Z [36;1mnpm ci --prefer-offline --no-audit --no-fund[0m
e2e	Install server dependencies	2025-09-19T13:24:45.1931636Z shell: /usr/bin/bash -e {0}
e2e	Install server dependencies	2025-09-19T13:24:45.1931865Z env:
e2e	Install server dependencies	2025-09-19T13:24:45.1932061Z   NODE_OPTIONS: --experimental-vm-modules
e2e	Install server dependencies	2025-09-19T13:24:45.1932323Z ##[endgroup]
e2e	Install server dependencies	2025-09-19T13:24:46.4962744Z npm warn deprecated supertest@6.3.4: Please upgrade to supertest v7.1.3+, see release notes at https://github.com/forwardemail/supertest/releases/tag/v7.1.3 - maintenance is supported by Forward Email @ https://forwardemail.net
e2e	Install server dependencies	2025-09-19T13:24:46.7860910Z npm warn deprecated inflight@1.0.6: This module is not supported, and leaks memory. Do not use it. Check out lru-cache if you want a good and tested way to coalesce async requests by a key value, which is much more comprehensive and powerful.
e2e	Install server dependencies	2025-09-19T13:24:46.9094627Z npm warn deprecated glob@8.1.0: Glob versions prior to v9 are no longer supported
e2e	Install server dependencies	2025-09-19T13:24:46.9387501Z npm warn deprecated multer@1.4.5-lts.2: Multer 1.x is impacted by a number of vulnerabilities, which have been patched in 2.x. You should upgrade to the latest 2.x version.
e2e	Install server dependencies	2025-09-19T13:24:47.0801281Z npm warn deprecated superagent@8.1.2: Please upgrade to superagent v10.2.2+, see release notes at https://github.com/forwardemail/superagent/releases/tag/v10.2.2 - maintenance is supported by Forward Email @ https://forwardemail.net
e2e	Install server dependencies	2025-09-19T13:24:47.2292280Z npm warn deprecated sinon@15.2.0: 16.1.1
e2e	Install server dependencies	2025-09-19T13:24:47.4317038Z 
e2e	Install server dependencies	2025-09-19T13:24:47.4317608Z added 210 packages in 2s
e2e	Run server unit tests	﻿2025-09-19T13:24:47.4497572Z ##[group]Run # Run server unit tests with Node experimental VM modules enabled so Mocha
e2e	Run server unit tests	2025-09-19T13:24:47.4498175Z [36;1m# Run server unit tests with Node experimental VM modules enabled so Mocha[0m
e2e	Run server unit tests	2025-09-19T13:24:47.4498655Z [36;1m# can load ESM-only dependencies without ERR_REQUIRE_ESM on the runner.[0m
e2e	Run server unit tests	2025-09-19T13:24:47.4499313Z [36;1m# This is a minimal, low-risk change to the CI environment.[0m
e2e	Run server unit tests	2025-09-19T13:24:47.4499638Z [36;1mset -euo pipefail[0m
e2e	Run server unit tests	2025-09-19T13:24:47.4499885Z [36;1mecho "Running server unit tests (mocha)"[0m
e2e	Run server unit tests	2025-09-19T13:24:47.4500198Z [36;1mNODE_OPTIONS="--experimental-vm-modules" \[0m
e2e	Run server unit tests	2025-09-19T13:24:47.4500566Z [36;1m  node ./node_modules/.bin/mocha --recursive --reporter spec[0m
e2e	Run server unit tests	2025-09-19T13:24:47.4531370Z shell: /usr/bin/bash -e {0}
e2e	Run server unit tests	2025-09-19T13:24:47.4531600Z env:
e2e	Run server unit tests	2025-09-19T13:24:47.4531811Z   NODE_OPTIONS: --experimental-vm-modules
e2e	Run server unit tests	2025-09-19T13:24:47.4532073Z ##[endgroup]
e2e	Run server unit tests	2025-09-19T13:24:47.4582616Z Running server unit tests (mocha)
e2e	Run server unit tests	2025-09-19T13:24:47.9849361Z 
e2e	Run server unit tests	2025-09-19T13:24:47.9854823Z 
e2e	Run server unit tests	2025-09-19T13:24:47.9862948Z   API endpoints with moderation
e2e	Run server unit tests	2025-09-19T13:24:48.0797570Z     ✔ rejects register when remote flags (92ms)
e2e	Run server unit tests	2025-09-19T13:24:48.1028305Z     ✔ allows register when remote approves
e2e	Run server unit tests	2025-09-19T13:24:48.1135359Z     ✔ check-username returns taken for existing
e2e	Run server unit tests	2025-09-19T13:24:48.1138216Z 
e2e	Run server unit tests	2025-09-19T13:24:48.1140428Z   fuzz tests for username edge cases
e2e	Run server unit tests	2025-09-19T13:24:48.1164547Z     ✔ rejects empty username
e2e	Run server unit tests	2025-09-19T13:24:48.1207092Z     ✔ truncates long usernames and allows reasonable part
e2e	Run server unit tests	2025-09-19T13:24:48.1243508Z     ✔ handles unicode control and zero-width chars
e2e	Run server unit tests	2025-09-19T13:24:48.1277973Z     ✔ normalizes confusable characters
e2e	Run server unit tests	2025-09-19T13:24:48.1279952Z 
e2e	Run server unit tests	2025-09-19T13:24:48.1280607Z   moderation helpers
e2e	Run server unit tests	2025-09-19T13:24:48.1281338Z     scrubConfusables
e2e	Run server unit tests	2025-09-19T13:24:48.1291445Z       ✔ removes confusable characters and diacritics (returns ascii-ish output)
e2e	Run server unit tests	2025-09-19T13:24:48.1292173Z     remoteModerationCheck
e2e	Run server unit tests	2025-09-19T13:24:48.1330512Z       ✔ returns ok:false when remote flags
e2e	Run server unit tests	2025-09-19T13:24:48.1368850Z       ✔ returns ok:true when remote approves
e2e	Run server unit tests	2025-09-19T13:24:48.1423471Z       ✔ treats network errors as failure (fail-closed)
e2e	Run server unit tests	2025-09-19T13:24:48.1424798Z 
e2e	Run server unit tests	2025-09-19T13:24:48.1425690Z   property-based tests
e2e	Run server unit tests	2025-09-19T13:24:48.1680056Z     ✔ scrubConfusables should return ascii-only and length <= 30
e2e	Run server unit tests	2025-09-19T13:24:48.4553695Z     ✔ check-username should not crash for random unicode input (288ms)
e2e	Run server unit tests	2025-09-19T13:24:48.4620399Z     ✔ scrubConfusables is idempotent
e2e	Run server unit tests	2025-09-19T13:24:48.4688728Z     ✔ confusable-equivalence: similar chars normalize to same string
e2e	Run server unit tests	2025-09-19T13:24:48.4689747Z 
e2e	Run server unit tests	2025-09-19T13:24:48.4690919Z 
e2e	Run server unit tests	2025-09-19T13:24:48.4692216Z   15 passing (484ms)
e2e	Run server unit tests	2025-09-19T13:24:48.4692817Z 
e2e	Install Playwright browsers	﻿2025-09-19T13:24:48.4851830Z ##[group]Run npx playwright install --with-deps
e2e	Install Playwright browsers	2025-09-19T13:24:48.4852207Z [36;1mnpx playwright install --with-deps[0m
e2e	Install Playwright browsers	2025-09-19T13:24:48.4881967Z shell: /usr/bin/bash -e {0}
e2e	Install Playwright browsers	2025-09-19T13:24:48.4882196Z env:
e2e	Install Playwright browsers	2025-09-19T13:24:48.4882392Z   NODE_OPTIONS: --experimental-vm-modules
e2e	Install Playwright browsers	2025-09-19T13:24:48.4882653Z ##[endgroup]
e2e	Install Playwright browsers	2025-09-19T13:24:49.4669602Z Installing dependencies...
e2e	Install Playwright browsers	2025-09-19T13:24:49.4743884Z Switching to root user to install dependencies...
e2e	Install Playwright browsers	2025-09-19T13:24:49.6570379Z Get:1 file:/etc/apt/apt-mirrors.txt Mirrorlist [144 B]
e2e	Install Playwright browsers	2025-09-19T13:24:49.7229680Z Hit:2 http://azure.archive.ubuntu.com/ubuntu noble InRelease
e2e	Install Playwright browsers	2025-09-19T13:24:49.7231334Z Hit:6 https://packages.microsoft.com/repos/azure-cli noble InRelease
e2e	Install Playwright browsers	2025-09-19T13:24:49.7232596Z Get:7 https://packages.microsoft.com/ubuntu/24.04/prod noble InRelease [3600 B]
e2e	Install Playwright browsers	2025-09-19T13:24:49.7294294Z Get:3 http://azure.archive.ubuntu.com/ubuntu noble-updates InRelease [126 kB]
e2e	Install Playwright browsers	2025-09-19T13:24:49.7338492Z Get:4 http://azure.archive.ubuntu.com/ubuntu noble-backports InRelease [126 kB]
e2e	Install Playwright browsers	2025-09-19T13:24:49.7377876Z Get:5 http://azure.archive.ubuntu.com/ubuntu noble-security InRelease [126 kB]
e2e	Install Playwright browsers	2025-09-19T13:24:50.0120978Z Get:8 https://packages.microsoft.com/ubuntu/24.04/prod noble/main arm64 Packages [36.0 kB]
e2e	Install Playwright browsers	2025-09-19T13:24:50.0232052Z Get:9 https://packages.microsoft.com/ubuntu/24.04/prod noble/main armhf Packages [10.2 kB]
e2e	Install Playwright browsers	2025-09-19T13:24:50.0266118Z Get:10 https://packages.microsoft.com/ubuntu/24.04/prod noble/main amd64 Packages [53.5 kB]
e2e	Install Playwright browsers	2025-09-19T13:24:50.0496104Z Get:11 http://azure.archive.ubuntu.com/ubuntu noble-updates/main amd64 Packages [1415 kB]
e2e	Install Playwright browsers	2025-09-19T13:24:50.0586909Z Get:12 http://azure.archive.ubuntu.com/ubuntu noble-updates/main Translation-en [278 kB]
e2e	Install Playwright browsers	2025-09-19T13:24:50.0656614Z Get:13 http://azure.archive.ubuntu.com/ubuntu noble-updates/main amd64 Components [175 kB]
e2e	Install Playwright browsers	2025-09-19T13:24:50.0675557Z Get:14 http://azure.archive.ubuntu.com/ubuntu noble-updates/main amd64 c-n-f Metadata [15.3 kB]
e2e	Install Playwright browsers	2025-09-19T13:24:50.0685916Z Get:15 http://azure.archive.ubuntu.com/ubuntu noble-updates/universe amd64 Packages [1485 kB]
e2e	Install Playwright browsers	2025-09-19T13:24:50.0770228Z Get:16 http://azure.archive.ubuntu.com/ubuntu noble-updates/universe Translation-en [299 kB]
e2e	Install Playwright browsers	2025-09-19T13:24:50.0800416Z Get:17 http://azure.archive.ubuntu.com/ubuntu noble-updates/universe amd64 Components [377 kB]
e2e	Install Playwright browsers	2025-09-19T13:24:50.0854695Z Get:18 http://azure.archive.ubuntu.com/ubuntu noble-updates/universe amd64 c-n-f Metadata [31.1 kB]
e2e	Install Playwright browsers	2025-09-19T13:24:50.0874747Z Get:19 http://azure.archive.ubuntu.com/ubuntu noble-updates/restricted amd64 Packages [1901 kB]
e2e	Install Playwright browsers	2025-09-19T13:24:50.1101560Z Get:20 http://azure.archive.ubuntu.com/ubuntu noble-updates/restricted Translation-en [426 kB]
e2e	Install Playwright browsers	2025-09-19T13:24:50.1498698Z Get:21 http://azure.archive.ubuntu.com/ubuntu noble-updates/restricted amd64 Components [212 B]
e2e	Install Playwright browsers	2025-09-19T13:24:50.1516913Z Get:22 http://azure.archive.ubuntu.com/ubuntu noble-updates/restricted amd64 c-n-f Metadata [544 B]
e2e	Install Playwright browsers	2025-09-19T13:24:50.1527051Z Get:23 http://azure.archive.ubuntu.com/ubuntu noble-updates/multiverse amd64 Packages [32.0 kB]
e2e	Install Playwright browsers	2025-09-19T13:24:50.1541077Z Get:24 http://azure.archive.ubuntu.com/ubuntu noble-updates/multiverse Translation-en [5500 B]
e2e	Install Playwright browsers	2025-09-19T13:24:50.1547049Z Get:25 http://azure.archive.ubuntu.com/ubuntu noble-updates/multiverse amd64 Components [940 B]
e2e	Install Playwright browsers	2025-09-19T13:24:50.1554866Z Get:26 http://azure.archive.ubuntu.com/ubuntu noble-updates/multiverse amd64 c-n-f Metadata [488 B]
e2e	Install Playwright browsers	2025-09-19T13:24:50.1564889Z Get:27 http://azure.archive.ubuntu.com/ubuntu noble-backports/main amd64 Components [7056 B]
e2e	Install Playwright browsers	2025-09-19T13:24:50.1574905Z Get:28 http://azure.archive.ubuntu.com/ubuntu noble-backports/universe amd64 Components [19.2 kB]
e2e	Install Playwright browsers	2025-09-19T13:24:50.1620530Z Get:29 http://azure.archive.ubuntu.com/ubuntu noble-backports/restricted amd64 Components [216 B]
e2e	Install Playwright browsers	2025-09-19T13:24:50.1621811Z Get:30 http://azure.archive.ubuntu.com/ubuntu noble-backports/multiverse amd64 Components [212 B]
e2e	Install Playwright browsers	2025-09-19T13:24:50.1635980Z Get:31 http://azure.archive.ubuntu.com/ubuntu noble-security/main amd64 Packages [1143 kB]
e2e	Install Playwright browsers	2025-09-19T13:24:50.1695195Z Get:32 http://azure.archive.ubuntu.com/ubuntu noble-security/main Translation-en [195 kB]
e2e	Install Playwright browsers	2025-09-19T13:24:50.1714206Z Get:33 http://azure.archive.ubuntu.com/ubuntu noble-security/main amd64 Components [21.5 kB]
e2e	Install Playwright browsers	2025-09-19T13:24:50.1723947Z Get:34 http://azure.archive.ubuntu.com/ubuntu noble-security/main amd64 c-n-f Metadata [8744 B]
e2e	Install Playwright browsers	2025-09-19T13:24:50.2178331Z Get:35 http://azure.archive.ubuntu.com/ubuntu noble-security/universe amd64 Packages [880 kB]
e2e	Install Playwright browsers	2025-09-19T13:24:50.2230386Z Get:36 http://azure.archive.ubuntu.com/ubuntu noble-security/universe Translation-en [195 kB]
e2e	Install Playwright browsers	2025-09-19T13:24:50.2253114Z Get:37 http://azure.archive.ubuntu.com/ubuntu noble-security/universe amd64 Components [52.3 kB]
e2e	Install Playwright browsers	2025-09-19T13:24:50.2265134Z Get:38 http://azure.archive.ubuntu.com/ubuntu noble-security/universe amd64 c-n-f Metadata [18.0 kB]
e2e	Install Playwright browsers	2025-09-19T13:24:50.2274119Z Get:39 http://azure.archive.ubuntu.com/ubuntu noble-security/restricted amd64 Packages [1815 kB]
e2e	Install Playwright browsers	2025-09-19T13:24:50.2361937Z Get:40 http://azure.archive.ubuntu.com/ubuntu noble-security/restricted Translation-en [408 kB]
e2e	Install Playwright browsers	2025-09-19T13:24:50.2388356Z Get:41 http://azure.archive.ubuntu.com/ubuntu noble-security/restricted amd64 Components [212 B]
e2e	Install Playwright browsers	2025-09-19T13:24:50.2395886Z Get:42 http://azure.archive.ubuntu.com/ubuntu noble-security/restricted amd64 c-n-f Metadata [520 B]
e2e	Install Playwright browsers	2025-09-19T13:24:50.2405151Z Get:43 http://azure.archive.ubuntu.com/ubuntu noble-security/multiverse amd64 Packages [28.0 kB]
e2e	Install Playwright browsers	2025-09-19T13:24:50.2417695Z Get:44 http://azure.archive.ubuntu.com/ubuntu noble-security/multiverse Translation-en [5228 B]
e2e	Install Playwright browsers	2025-09-19T13:24:50.2425180Z Get:45 http://azure.archive.ubuntu.com/ubuntu noble-security/multiverse amd64 Components [212 B]
e2e	Install Playwright browsers	2025-09-19T13:24:50.2436143Z Get:46 http://azure.archive.ubuntu.com/ubuntu noble-security/multiverse amd64 c-n-f Metadata [384 B]
e2e	Install Playwright browsers	2025-09-19T13:24:59.0574036Z Fetched 11.7 MB in 2s (7482 kB/s)
e2e	Install Playwright browsers	2025-09-19T13:24:59.7721654Z Reading package lists...
e2e	Install Playwright browsers	2025-09-19T13:24:59.7977206Z Reading package lists...
e2e	Install Playwright browsers	2025-09-19T13:24:59.9644357Z Building dependency tree...
e2e	Install Playwright browsers	2025-09-19T13:24:59.9652004Z Reading state information...
e2e	Install Playwright browsers	2025-09-19T13:24:59.9788880Z libasound2t64 is already the newest version (1.2.11-1ubuntu0.1).
e2e	Install Playwright browsers	2025-09-19T13:24:59.9789784Z libasound2t64 set to manually installed.
e2e	Install Playwright browsers	2025-09-19T13:24:59.9790484Z libatk-bridge2.0-0t64 is already the newest version (2.52.0-1build1).
e2e	Install Playwright browsers	2025-09-19T13:24:59.9791170Z libatk-bridge2.0-0t64 set to manually installed.
e2e	Install Playwright browsers	2025-09-19T13:24:59.9791816Z libatk1.0-0t64 is already the newest version (2.52.0-1build1).
e2e	Install Playwright browsers	2025-09-19T13:24:59.9792405Z libatk1.0-0t64 set to manually installed.
e2e	Install Playwright browsers	2025-09-19T13:24:59.9793035Z libatspi2.0-0t64 is already the newest version (2.52.0-1build1).
e2e	Install Playwright browsers	2025-09-19T13:24:59.9793633Z libatspi2.0-0t64 set to manually installed.
e2e	Install Playwright browsers	2025-09-19T13:24:59.9794215Z libcairo2 is already the newest version (1.18.0-3build1).
e2e	Install Playwright browsers	2025-09-19T13:24:59.9794763Z libcairo2 set to manually installed.
e2e	Install Playwright browsers	2025-09-19T13:24:59.9795365Z libdbus-1-3 is already the newest version (1.14.10-4ubuntu4.1).
e2e	Install Playwright browsers	2025-09-19T13:24:59.9795960Z libdbus-1-3 set to manually installed.
e2e	Install Playwright browsers	2025-09-19T13:24:59.9796599Z libdrm2 is already the newest version (2.4.122-1~ubuntu0.24.04.1).
e2e	Install Playwright browsers	2025-09-19T13:24:59.9797192Z libdrm2 set to manually installed.
e2e	Install Playwright browsers	2025-09-19T13:24:59.9797794Z libgbm1 is already the newest version (25.0.7-0ubuntu0.24.04.2).
e2e	Install Playwright browsers	2025-09-19T13:24:59.9798370Z libgbm1 set to manually installed.
e2e	Install Playwright browsers	2025-09-19T13:24:59.9799112Z libglib2.0-0t64 is already the newest version (2.80.0-6ubuntu3.4).
e2e	Install Playwright browsers	2025-09-19T13:24:59.9799750Z libglib2.0-0t64 set to manually installed.
e2e	Install Playwright browsers	2025-09-19T13:24:59.9800389Z libnspr4 is already the newest version (2:4.35-1.1build1).
e2e	Install Playwright browsers	2025-09-19T13:24:59.9800963Z libnspr4 set to manually installed.
e2e	Install Playwright browsers	2025-09-19T13:24:59.9801539Z libnss3 is already the newest version (2:3.98-1build1).
e2e	Install Playwright browsers	2025-09-19T13:24:59.9802100Z libnss3 set to manually installed.
e2e	Install Playwright browsers	2025-09-19T13:24:59.9802719Z libpango-1.0-0 is already the newest version (1.52.1+ds-1build1).
e2e	Install Playwright browsers	2025-09-19T13:24:59.9803803Z libpango-1.0-0 set to manually installed.
e2e	Install Playwright browsers	2025-09-19T13:24:59.9804418Z libx11-6 is already the newest version (2:1.8.7-1build1).
e2e	Install Playwright browsers	2025-09-19T13:24:59.9804973Z libx11-6 set to manually installed.
e2e	Install Playwright browsers	2025-09-19T13:24:59.9805536Z libxcb1 is already the newest version (1.15-1ubuntu2).
e2e	Install Playwright browsers	2025-09-19T13:24:59.9806083Z libxcb1 set to manually installed.
e2e	Install Playwright browsers	2025-09-19T13:24:59.9806941Z libxcomposite1 is already the newest version (1:0.4.5-1build3).
e2e	Install Playwright browsers	2025-09-19T13:24:59.9807589Z libxcomposite1 set to manually installed.
e2e	Install Playwright browsers	2025-09-19T13:24:59.9808227Z libxdamage1 is already the newest version (1:1.1.6-1build1).
e2e	Install Playwright browsers	2025-09-19T13:24:59.9808837Z libxdamage1 set to manually installed.
e2e	Install Playwright browsers	2025-09-19T13:24:59.9809608Z libxext6 is already the newest version (2:1.3.4-1build2).
e2e	Install Playwright browsers	2025-09-19T13:24:59.9810201Z libxext6 set to manually installed.
e2e	Install Playwright browsers	2025-09-19T13:24:59.9810814Z libxfixes3 is already the newest version (1:6.0.0-2build1).
e2e	Install Playwright browsers	2025-09-19T13:24:59.9811402Z libxfixes3 set to manually installed.
e2e	Install Playwright browsers	2025-09-19T13:24:59.9812039Z libxkbcommon0 is already the newest version (1.6.0-1build1).
e2e	Install Playwright browsers	2025-09-19T13:24:59.9812674Z libxkbcommon0 set to manually installed.
e2e	Install Playwright browsers	2025-09-19T13:24:59.9813305Z libxrandr2 is already the newest version (2:1.5.2-2build1).
e2e	Install Playwright browsers	2025-09-19T13:24:59.9813901Z libxrandr2 set to manually installed.
e2e	Install Playwright browsers	2025-09-19T13:24:59.9814568Z libcairo-gobject2 is already the newest version (1.18.0-3build1).
e2e	Install Playwright browsers	2025-09-19T13:24:59.9815240Z libcairo-gobject2 set to manually installed.
e2e	Install Playwright browsers	2025-09-19T13:24:59.9815938Z libfontconfig1 is already the newest version (2.15.0-1.1ubuntu2).
e2e	Install Playwright browsers	2025-09-19T13:24:59.9816585Z libfontconfig1 set to manually installed.
e2e	Install Playwright browsers	2025-09-19T13:24:59.9817267Z libfreetype6 is already the newest version (2.13.2+dfsg-1build3).
e2e	Install Playwright browsers	2025-09-19T13:24:59.9817909Z libfreetype6 set to manually installed.
e2e	Install Playwright browsers	2025-09-19T13:24:59.9818677Z libgdk-pixbuf-2.0-0 is already the newest version (2.42.10+dfsg-3ubuntu3.2).
e2e	Install Playwright browsers	2025-09-19T13:24:59.9819552Z libgdk-pixbuf-2.0-0 set to manually installed.
e2e	Install Playwright browsers	2025-09-19T13:24:59.9820247Z libgtk-3-0t64 is already the newest version (3.24.41-4ubuntu1.3).
e2e	Install Playwright browsers	2025-09-19T13:24:59.9820897Z libgtk-3-0t64 set to manually installed.
e2e	Install Playwright browsers	2025-09-19T13:24:59.9821594Z libpangocairo-1.0-0 is already the newest version (1.52.1+ds-1build1).
e2e	Install Playwright browsers	2025-09-19T13:24:59.9822290Z libpangocairo-1.0-0 set to manually installed.
e2e	Install Playwright browsers	2025-09-19T13:24:59.9822962Z libx11-xcb1 is already the newest version (2:1.8.7-1build1).
e2e	Install Playwright browsers	2025-09-19T13:24:59.9823572Z libx11-xcb1 set to manually installed.
e2e	Install Playwright browsers	2025-09-19T13:24:59.9824172Z libxcb-shm0 is already the newest version (1.15-1ubuntu2).
e2e	Install Playwright browsers	2025-09-19T13:24:59.9824757Z libxcb-shm0 set to manually installed.
e2e	Install Playwright browsers	2025-09-19T13:24:59.9825385Z libxcursor1 is already the newest version (1:1.2.1-1build1).
e2e	Install Playwright browsers	2025-09-19T13:24:59.9825982Z libxcursor1 set to manually installed.
e2e	Install Playwright browsers	2025-09-19T13:24:59.9826579Z libxi6 is already the newest version (2:1.8.1-1build1).
e2e	Install Playwright browsers	2025-09-19T13:24:59.9827132Z libxi6 set to manually installed.
e2e	Install Playwright browsers	2025-09-19T13:24:59.9827763Z libxrender1 is already the newest version (1:0.9.10-1.1build1).
e2e	Install Playwright browsers	2025-09-19T13:24:59.9828388Z libxrender1 set to manually installed.
e2e	Install Playwright browsers	2025-09-19T13:24:59.9829174Z libicu74 is already the newest version (74.2-1ubuntu3.1).
e2e	Install Playwright browsers	2025-09-19T13:24:59.9829834Z libicu74 set to manually installed.
e2e	Install Playwright browsers	2025-09-19T13:24:59.9830530Z libatomic1 is already the newest version (14.2.0-4ubuntu2~24.04).
e2e	Install Playwright browsers	2025-09-19T13:24:59.9831152Z libatomic1 set to manually installed.
e2e	Install Playwright browsers	2025-09-19T13:24:59.9831788Z libenchant-2-2 is already the newest version (2.3.3-2build2).
e2e	Install Playwright browsers	2025-09-19T13:24:59.9832420Z libenchant-2-2 set to manually installed.
e2e	Install Playwright browsers	2025-09-19T13:24:59.9833040Z libepoxy0 is already the newest version (1.5.10-1build1).
e2e	Install Playwright browsers	2025-09-19T13:24:59.9833632Z libepoxy0 set to manually installed.
e2e	Install Playwright browsers	2025-09-19T13:24:59.9834308Z libgstreamer1.0-0 is already the newest version (1.24.2-1ubuntu0.1).
e2e	Install Playwright browsers	2025-09-19T13:24:59.9834995Z libgstreamer1.0-0 set to manually installed.
e2e	Install Playwright browsers	2025-09-19T13:24:59.9835656Z libharfbuzz0b is already the newest version (8.3.0-2build2).
e2e	Install Playwright browsers	2025-09-19T13:24:59.9836278Z libharfbuzz0b set to manually installed.
e2e	Install Playwright browsers	2025-09-19T13:24:59.9836939Z libjpeg-turbo8 is already the newest version (2.1.5-2ubuntu2).
e2e	Install Playwright browsers	2025-09-19T13:24:59.9837745Z libjpeg-turbo8 set to manually installed.
e2e	Install Playwright browsers	2025-09-19T13:24:59.9838285Z liblcms2-2 is already the newest version (2.14-2build1).
e2e	Install Playwright browsers	2025-09-19T13:24:59.9838784Z liblcms2-2 set to manually installed.
e2e	Install Playwright browsers	2025-09-19T13:24:59.9839588Z libpng16-16t64 is already the newest version (1.6.43-5build1).
e2e	Install Playwright browsers	2025-09-19T13:25:00.1251943Z libpng16-16t64 set to manually installed.
e2e	Install Playwright browsers	2025-09-19T13:25:00.1252988Z libwayland-client0 is already the newest version (1.22.0-2.1build1).
e2e	Install Playwright browsers	2025-09-19T13:25:00.1253886Z libwayland-client0 set to manually installed.
e2e	Install Playwright browsers	2025-09-19T13:25:00.1254784Z libwayland-egl1 is already the newest version (1.22.0-2.1build1).
e2e	Install Playwright browsers	2025-09-19T13:25:00.1255595Z libwayland-egl1 set to manually installed.
e2e	Install Playwright browsers	2025-09-19T13:25:00.1256410Z libwayland-server0 is already the newest version (1.22.0-2.1build1).
e2e	Install Playwright browsers	2025-09-19T13:25:00.1257004Z libwayland-server0 set to manually installed.
e2e	Install Playwright browsers	2025-09-19T13:25:00.1257668Z libwebp7 is already the newest version (1.3.2-0.4build3).
e2e	Install Playwright browsers	2025-09-19T13:25:00.1258187Z libwebp7 set to manually installed.
e2e	Install Playwright browsers	2025-09-19T13:25:00.1258819Z libwebpdemux2 is already the newest version (1.3.2-0.4build3).
e2e	Install Playwright browsers	2025-09-19T13:25:00.1259684Z libwebpdemux2 set to manually installed.
e2e	Install Playwright browsers	2025-09-19T13:25:00.1260281Z libxslt1.1 is already the newest version (1.1.39-0exp1ubuntu0.24.04.2).
e2e	Install Playwright browsers	2025-09-19T13:25:00.1260844Z libxslt1.1 set to manually installed.
e2e	Install Playwright browsers	2025-09-19T13:25:00.1261357Z xvfb is already the newest version (2:21.1.12-1ubuntu1.4).
e2e	Install Playwright browsers	2025-09-19T13:25:00.1261997Z fonts-noto-color-emoji is already the newest version (2.047-0ubuntu0.24.04.1).
e2e	Install Playwright browsers	2025-09-19T13:25:00.1262560Z fonts-liberation is already the newest version (1:2.1.5-3).
e2e	Install Playwright browsers	2025-09-19T13:25:00.1262994Z fonts-liberation set to manually installed.
e2e	Install Playwright browsers	2025-09-19T13:25:00.1263403Z The following additional packages will be installed:
e2e	Install Playwright browsers	2025-09-19T13:25:00.1263915Z   glib-networking glib-networking-common glib-networking-services
e2e	Install Playwright browsers	2025-09-19T13:25:00.1264468Z   gsettings-desktop-schemas libaa1 libabsl20220623t64 libass9 libasyncns0
e2e	Install Playwright browsers	2025-09-19T13:25:00.1265047Z   libavc1394-0 libavcodec60 libavfilter9 libavformat60 libavtp0 libavutil58
e2e	Install Playwright browsers	2025-09-19T13:25:00.1265588Z   libblas3 libbluray2 libbs2b0 libcaca0 libcairo-script-interpreter2
e2e	Install Playwright browsers	2025-09-19T13:25:00.1266297Z   libcdparanoia0 libchromaprint1 libcjson1 libcodec2-1.2 libdav1d7
e2e	Install Playwright browsers	2025-09-19T13:25:00.1267038Z   libdc1394-25 libdca0 libdecor-0-0 libdirectfb-1.7-7t64 libdv4t64 libdvdnav4
e2e	Install Playwright browsers	2025-09-19T13:25:00.1267601Z   libdvdread8t64 libegl-mesa0 libegl1 libfaad2 libflac12t64 libfluidsynth3
e2e	Install Playwright browsers	2025-09-19T13:25:00.1268156Z   libfreeaptx0 libgav1-1 libgme0 libgraphene-1.0-0 libgsm1 libgssdp-1.6-0
e2e	Install Playwright browsers	2025-09-19T13:25:00.1268699Z   libgstreamer-plugins-good1.0-0 libgtk-4-common libgupnp-1.6-0
e2e	Install Playwright browsers	2025-09-19T13:25:00.1269316Z   libgupnp-igd-1.6-0 libhwy1t64 libiec61883-0 libimath-3-1-29t64
e2e	Install Playwright browsers	2025-09-19T13:25:00.1269810Z   libinstpatch-1.0-2 libjack-jackd2-0 libjxl0.7 liblapack3 liblc3-1
e2e	Install Playwright browsers	2025-09-19T13:25:00.1270359Z   libldacbt-enc2 liblilv-0-0 liblrdf0 libltc11 libmbedcrypto7t64 libmfx1
e2e	Install Playwright browsers	2025-09-19T13:25:00.1270859Z   libmjpegutils-2.1-0t64 libmodplug1 libmp3lame0 libmpcdec6
e2e	Install Playwright browsers	2025-09-19T13:25:00.1271351Z   libmpeg2encpp-2.1-0t64 libmpg123-0t64 libmplex2-2.1-0t64 libmysofa1
e2e	Install Playwright browsers	2025-09-19T13:25:00.1271879Z   libneon27t64 libnice10 libopenal-data libopenal1 libopenexr-3-1-30
e2e	Install Playwright browsers	2025-09-19T13:25:00.1272353Z   libopenh264-7 libopenmpt0t64 libopenni2-0 liborc-0.4-0t64
e2e	Install Playwright browsers	2025-09-19T13:25:00.1272822Z   libpipewire-0.3-0t64 libplacebo338 libpocketsphinx3 libpostproc57
e2e	Install Playwright browsers	2025-09-19T13:25:00.1273291Z   libproxy1v5 libpulse0 libqrencode4 libraptor2-0 librav1e0 libraw1394-11
e2e	Install Playwright browsers	2025-09-19T13:25:00.1273765Z   librist4 librsvg2-2 librubberband2 libsamplerate0 libsbc1 libsdl2-2.0-0
e2e	Install Playwright browsers	2025-09-19T13:25:00.1274251Z   libsecret-common libserd-0-0 libshine3 libshout3 libsndfile1 libsndio7.0
e2e	Install Playwright browsers	2025-09-19T13:25:00.1274721Z   libsord-0-0 libsoundtouch1 libsoup-3.0-0 libsoup-3.0-common libsoxr0
e2e	Install Playwright browsers	2025-09-19T13:25:00.1275194Z   libspa-0.2-modules libspandsp2t64 libspeex1 libsphinxbase3t64 libsratom-0-0
e2e	Install Playwright browsers	2025-09-19T13:25:00.1275703Z   libsrt1.5-gnutls libsrtp2-1 libssh-gcrypt-4 libsvtav1enc1d1 libswresample4
e2e	Install Playwright browsers	2025-09-19T13:25:00.1276518Z   libswscale7 libtag1v5 libtag1v5-vanilla libtheora0 libtwolame0 libudfread0
e2e	Install Playwright browsers	2025-09-19T13:25:00.1277000Z   libunibreak5 libv4l-0t64 libv4lconvert0t64 libva-drm2 libva-x11-2 libva2
e2e	Install Playwright browsers	2025-09-19T13:25:00.1277474Z   libvdpau1 libvidstab1.1 libvisual-0.4-0 libvo-aacenc0 libvo-amrwbenc0
e2e	Install Playwright browsers	2025-09-19T13:25:00.1278103Z   libvorbisenc2 libvpl2 libwavpack1 libwebrtc-audio-processing1 libwildmidi2
e2e	Install Playwright browsers	2025-09-19T13:25:00.1278609Z   libx265-199 libxcb-xkb1 libxkbcommon-x11-0 libxml2-dev libxvidcore4 libyuv0
e2e	Install Playwright browsers	2025-09-19T13:25:00.1279182Z   libzbar0t64 libzimg2 libzix-0-0 libzvbi-common libzvbi0t64 libzxing3
e2e	Install Playwright browsers	2025-09-19T13:25:00.1279677Z   ocl-icd-libopencl1 session-migration timgm6mb-soundfont xfonts-encodings
e2e	Install Playwright browsers	2025-09-19T13:25:00.1280022Z   xfonts-utils
e2e	Install Playwright browsers	2025-09-19T13:25:00.1280236Z Suggested packages:
e2e	Install Playwright browsers	2025-09-19T13:25:00.1280578Z   frei0r-plugins gvfs libcuda1 libnvcuvid1 libnvidia-encode1 libbluray-bdj
e2e	Install Playwright browsers	2025-09-19T13:25:00.1281041Z   cups-common libdirectfb-extra libdv-bin oss-compat libdvdcss2
e2e	Install Playwright browsers	2025-09-19T13:25:00.1281524Z   libvisual-0.4-plugins jackd2 liblrdf0-dev libportaudio2 opus-tools pipewire
e2e	Install Playwright browsers	2025-09-19T13:25:00.1282021Z   pulseaudio raptor2-utils libraw1394-doc librsvg2-bin serdi sndiod sordi
e2e	Install Playwright browsers	2025-09-19T13:25:00.1282453Z   speex libwildmidi-config opencl-icd fluid-soundfont-gm
e2e	Install Playwright browsers	2025-09-19T13:25:00.1282771Z Recommended packages:
e2e	Install Playwright browsers	2025-09-19T13:25:00.1283081Z   fonts-ipafont-mincho fonts-tlwg-loma gstreamer1.0-x libaacs0
e2e	Install Playwright browsers	2025-09-19T13:25:00.1283529Z   default-libdecor-0-plugin-1 | libdecor-0-plugin-1 gstreamer1.0-gl
e2e	Install Playwright browsers	2025-09-19T13:25:00.1284034Z   libgtk-4-bin librsvg2-common libgtk-4-media-gstreamer libpipewire-0.3-common
e2e	Install Playwright browsers	2025-09-19T13:25:00.1284547Z   pocketsphinx-en-us va-driver-all | va-driver vdpau-driver-all | vdpau-driver
e2e	Install Playwright browsers	2025-09-19T13:25:00.1284915Z   libmagickcore-6.q16-7-extra
e2e	Install Playwright browsers	2025-09-19T13:25:00.2720089Z The following NEW packages will be installed:
e2e	Install Playwright browsers	2025-09-19T13:25:00.2721020Z   fonts-freefont-ttf fonts-ipafont-gothic fonts-tlwg-loma-otf fonts-unifont
e2e	Install Playwright browsers	2025-09-19T13:25:00.2721927Z   fonts-wqy-zenhei glib-networking glib-networking-common
e2e	Install Playwright browsers	2025-09-19T13:25:00.2722753Z   glib-networking-services gsettings-desktop-schemas gstreamer1.0-libav
e2e	Install Playwright browsers	2025-09-19T13:25:00.2723761Z   gstreamer1.0-plugins-bad gstreamer1.0-plugins-base gstreamer1.0-plugins-good
e2e	Install Playwright browsers	2025-09-19T13:25:00.2724885Z   libaa1 libabsl20220623t64 libass9 libasyncns0 libavc1394-0 libavcodec60
e2e	Install Playwright browsers	2025-09-19T13:25:00.2725801Z   libavfilter9 libavformat60 libavif16 libavtp0 libavutil58 libblas3
e2e	Install Playwright browsers	2025-09-19T13:25:00.2726703Z   libbluray2 libbs2b0 libcaca0 libcairo-script-interpreter2 libcdparanoia0
e2e	Install Playwright browsers	2025-09-19T13:25:00.2727642Z   libchromaprint1 libcjson1 libcodec2-1.2 libdav1d7 libdc1394-25 libdca0
e2e	Install Playwright browsers	2025-09-19T13:25:00.2728602Z   libdecor-0-0 libdirectfb-1.7-7t64 libdv4t64 libdvdnav4 libdvdread8t64
e2e	Install Playwright browsers	2025-09-19T13:25:00.2729672Z   libegl-mesa0 libegl1 libevent-2.1-7t64 libfaad2 libflac12t64 libflite1
e2e	Install Playwright browsers	2025-09-19T13:25:00.2730593Z   libfluidsynth3 libfreeaptx0 libgav1-1 libgles2 libgme0 libgraphene-1.0-0
e2e	Install Playwright browsers	2025-09-19T13:25:00.2731489Z   libgsm1 libgssdp-1.6-0 libgstreamer-gl1.0-0 libgstreamer-plugins-bad1.0-0
e2e	Install Playwright browsers	2025-09-19T13:25:00.2732378Z   libgstreamer-plugins-base1.0-0 libgstreamer-plugins-good1.0-0 libgtk-4-1
e2e	Install Playwright browsers	2025-09-19T13:25:00.2733279Z   libgtk-4-common libgupnp-1.6-0 libgupnp-igd-1.6-0 libharfbuzz-icu0
e2e	Install Playwright browsers	2025-09-19T13:25:00.2734124Z   libhwy1t64 libhyphen0 libiec61883-0 libimath-3-1-29t64 libinstpatch-1.0-2
e2e	Install Playwright browsers	2025-09-19T13:25:00.2734988Z   libjack-jackd2-0 libjxl0.7 liblapack3 liblc3-1 libldacbt-enc2 liblilv-0-0
e2e	Install Playwright browsers	2025-09-19T13:25:00.2735796Z   liblrdf0 libltc11 libmanette-0.2-0 libmbedcrypto7t64 libmfx1
e2e	Install Playwright browsers	2025-09-19T13:25:00.2736512Z   libmjpegutils-2.1-0t64 libmodplug1 libmp3lame0 libmpcdec6
e2e	Install Playwright browsers	2025-09-19T13:25:00.2737283Z   libmpeg2encpp-2.1-0t64 libmpg123-0t64 libmplex2-2.1-0t64 libmysofa1
e2e	Install Playwright browsers	2025-09-19T13:25:00.2738100Z   libneon27t64 libnice10 libopenal-data libopenal1 libopenexr-3-1-30
e2e	Install Playwright browsers	2025-09-19T13:25:00.2739132Z   libopenh264-7 libopenmpt0t64 libopenni2-0 libopus0 liborc-0.4-0t64
e2e	Install Playwright browsers	2025-09-19T13:25:00.2740330Z   libpipewire-0.3-0t64 libplacebo338 libpocketsphinx3 libpostproc57
e2e	Install Playwright browsers	2025-09-19T13:25:00.2741266Z   libproxy1v5 libpulse0 libqrencode4 libraptor2-0 librav1e0 libraw1394-11
e2e	Install Playwright browsers	2025-09-19T13:25:00.2742145Z   librist4 librsvg2-2 librubberband2 libsamplerate0 libsbc1 libsdl2-2.0-0
e2e	Install Playwright browsers	2025-09-19T13:25:00.2743044Z   libsecret-1-0 libsecret-common libserd-0-0 libshine3 libshout3 libsndfile1
e2e	Install Playwright browsers	2025-09-19T13:25:00.2744181Z   libsndio7.0 libsord-0-0 libsoundtouch1 libsoup-3.0-0 libsoup-3.0-common
e2e	Install Playwright browsers	2025-09-19T13:25:00.2745064Z   libsoxr0 libspa-0.2-modules libspandsp2t64 libspeex1 libsphinxbase3t64
e2e	Install Playwright browsers	2025-09-19T13:25:00.2746020Z   libsratom-0-0 libsrt1.5-gnutls libsrtp2-1 libssh-gcrypt-4 libsvtav1enc1d1
e2e	Install Playwright browsers	2025-09-19T13:25:00.2746935Z   libswresample4 libswscale7 libtag1v5 libtag1v5-vanilla libtheora0
e2e	Install Playwright browsers	2025-09-19T13:25:00.2747772Z   libtwolame0 libudfread0 libunibreak5 libv4l-0t64 libv4lconvert0t64
e2e	Install Playwright browsers	2025-09-19T13:25:00.2748683Z   libva-drm2 libva-x11-2 libva2 libvdpau1 libvidstab1.1 libvisual-0.4-0
e2e	Install Playwright browsers	2025-09-19T13:25:00.2749662Z   libvo-aacenc0 libvo-amrwbenc0 libvorbisenc2 libvpl2 libvpx9 libwavpack1
e2e	Install Playwright browsers	2025-09-19T13:25:00.2750546Z   libwebrtc-audio-processing1 libwildmidi2 libwoff1 libx264-164 libx265-199
e2e	Install Playwright browsers	2025-09-19T13:25:00.2751469Z   libxcb-xkb1 libxkbcommon-x11-0 libxvidcore4 libyuv0 libzbar0t64 libzimg2
e2e	Install Playwright browsers	2025-09-19T13:25:00.2752327Z   libzix-0-0 libzvbi-common libzvbi0t64 libzxing3 ocl-icd-libopencl1
e2e	Install Playwright browsers	2025-09-19T13:25:00.2753189Z   session-migration timgm6mb-soundfont xfonts-cyrillic xfonts-encodings
e2e	Install Playwright browsers	2025-09-19T13:25:00.2753872Z   xfonts-scalable xfonts-utils
e2e	Install Playwright browsers	2025-09-19T13:25:00.2754390Z The following packages will be upgraded:
e2e	Install Playwright browsers	2025-09-19T13:25:00.2754861Z   libcups2t64 libxml2 libxml2-dev
e2e	Install Playwright browsers	2025-09-19T13:25:00.2963691Z 3 upgraded, 179 newly installed, 0 to remove and 44 not upgraded.
e2e	Install Playwright browsers	2025-09-19T13:25:00.2964408Z Need to get 116 MB of archives.
e2e	Install Playwright browsers	2025-09-19T13:25:00.2965084Z After this operation, 363 MB of additional disk space will be used.
e2e	Install Playwright browsers	2025-09-19T13:25:00.2965854Z Get:1 file:/etc/apt/apt-mirrors.txt Mirrorlist [144 B]
e2e	Install Playwright browsers	2025-09-19T13:25:00.3403361Z Get:2 http://azure.archive.ubuntu.com/ubuntu noble/universe amd64 fonts-ipafont-gothic all 00303-21ubuntu1 [3513 kB]
e2e	Install Playwright browsers	2025-09-19T13:25:00.4324338Z Get:3 http://azure.archive.ubuntu.com/ubuntu noble-updates/main amd64 libxml2-dev amd64 2.9.14+dfsg-1.3ubuntu3.5 [781 kB]
e2e	Install Playwright browsers	2025-09-19T13:25:00.4854643Z Get:4 http://azure.archive.ubuntu.com/ubuntu noble-updates/main amd64 libxml2 amd64 2.9.14+dfsg-1.3ubuntu3.5 [763 kB]
e2e	Install Playwright browsers	2025-09-19T13:25:00.5358447Z Get:5 http://azure.archive.ubuntu.com/ubuntu noble/main amd64 fonts-freefont-ttf all 20211204+svn4273-2 [5641 kB]
e2e	Install Playwright browsers	2025-09-19T13:25:00.7034568Z Get:6 http://azure.archive.ubuntu.com/ubuntu noble/universe amd64 fonts-tlwg-loma-otf all 1:0.7.3-1 [107 kB]
e2e	Install Playwright browsers	2025-09-19T13:25:00.7313691Z Get:7 http://azure.archive.ubuntu.com/ubuntu noble/universe amd64 fonts-unifont all 1:15.1.01-1build1 [2993 kB]
e2e	Install Playwright browsers	2025-09-19T13:25:00.8368883Z Get:8 http://azure.archive.ubuntu.com/ubuntu noble/universe amd64 fonts-wqy-zenhei all 0.9.45-8 [7472 kB]
e2e	Install Playwright browsers	2025-09-19T13:25:01.0161875Z Get:9 http://azure.archive.ubuntu.com/ubuntu noble/main amd64 libproxy1v5 amd64 0.5.4-4build1 [26.5 kB]
e2e	Install Playwright browsers	2025-09-19T13:25:01.0426657Z Get:10 http://azure.archive.ubuntu.com/ubuntu noble/main amd64 glib-networking-common all 2.80.0-1build1 [6702 B]
e2e	Install Playwright browsers	2025-09-19T13:25:01.0687243Z Get:11 http://azure.archive.ubuntu.com/ubuntu noble/main amd64 glib-networking-services amd64 2.80.0-1build1 [12.8 kB]
e2e	Install Playwright browsers	2025-09-19T13:25:01.0988355Z Get:12 http://azure.archive.ubuntu.com/ubuntu noble/main amd64 session-migration amd64 0.3.9build1 [9034 B]
e2e	Install Playwright browsers	2025-09-19T13:25:01.1256822Z Get:13 http://azure.archive.ubuntu.com/ubuntu noble-updates/main amd64 gsettings-desktop-schemas all 46.1-0ubuntu1 [35.6 kB]
e2e	Install Playwright browsers	2025-09-19T13:25:01.1523031Z Get:14 http://azure.archive.ubuntu.com/ubuntu noble/main amd64 glib-networking amd64 2.80.0-1build1 [64.1 kB]
e2e	Install Playwright browsers	2025-09-19T13:25:01.1787117Z Get:15 http://azure.archive.ubuntu.com/ubuntu noble/universe amd64 libva2 amd64 2.20.0-2build1 [66.2 kB]
e2e	Install Playwright browsers	2025-09-19T13:25:01.2056598Z Get:16 http://azure.archive.ubuntu.com/ubuntu noble/universe amd64 libva-drm2 amd64 2.20.0-2build1 [7124 B]
e2e	Install Playwright browsers	2025-09-19T13:25:01.2319234Z Get:17 http://azure.archive.ubuntu.com/ubuntu noble/universe amd64 libva-x11-2 amd64 2.20.0-2build1 [12.0 kB]
e2e	Install Playwright browsers	2025-09-19T13:25:01.2582602Z Get:18 http://azure.archive.ubuntu.com/ubuntu noble/main amd64 libvdpau1 amd64 1.5-2build1 [27.8 kB]
e2e	Install Playwright browsers	2025-09-19T13:25:01.2844905Z Get:19 http://azure.archive.ubuntu.com/ubuntu noble/universe amd64 libvpl2 amd64 2023.3.0-1build1 [99.8 kB]
e2e	Install Playwright browsers	2025-09-19T13:25:01.3993631Z Get:20 http://azure.archive.ubuntu.com/ubuntu noble/universe amd64 ocl-icd-libopencl1 amd64 2.3.2-1build1 [38.5 kB]
e2e	Install Playwright browsers	2025-09-19T13:25:01.4257684Z Get:21 http://azure.archive.ubuntu.com/ubuntu noble/universe amd64 libavutil58 amd64 7:6.1.1-3ubuntu5 [401 kB]
e2e	Install Playwright browsers	2025-09-19T13:25:01.4786566Z Get:22 http://azure.archive.ubuntu.com/ubuntu noble/universe amd64 libcodec2-1.2 amd64 1.2.0-2build1 [8998 kB]
e2e	Install Playwright browsers	2025-09-19T13:25:02.0006058Z Get:23 http://azure.archive.ubuntu.com/ubuntu noble/universe amd64 libdav1d7 amd64 1.4.1-1build1 [604 kB]
e2e	Install Playwright browsers	2025-09-19T13:25:02.0543493Z Get:24 http://azure.archive.ubuntu.com/ubuntu noble/universe amd64 libgsm1 amd64 1.0.22-1build1 [27.8 kB]
e2e	Install Playwright browsers	2025-09-19T13:25:02.0816448Z Get:25 http://azure.archive.ubuntu.com/ubuntu noble/universe amd64 libhwy1t64 amd64 1.0.7-8.1build1 [584 kB]
e2e	Install Playwright browsers	2025-09-19T13:25:02.1338612Z Get:26 http://azure.archive.ubuntu.com/ubuntu noble-updates/universe amd64 libjxl0.7 amd64 0.7.0-10.2ubuntu6.1 [1001 kB]
e2e	Install Playwright browsers	2025-09-19T13:25:02.1902537Z Get:27 http://azure.archive.ubuntu.com/ubuntu noble/main amd64 libmp3lame0 amd64 3.100-6build1 [142 kB]
e2e	Install Playwright browsers	2025-09-19T13:25:02.2181548Z Get:28 http://azure.archive.ubuntu.com/ubuntu noble/main amd64 libopus0 amd64 1.4-1build1 [208 kB]
e2e	Install Playwright browsers	2025-09-19T13:25:02.2466518Z Get:29 http://azure.archive.ubuntu.com/ubuntu noble/universe amd64 librav1e0 amd64 0.7.1-2 [1022 kB]
e2e	Install Playwright browsers	2025-09-19T13:25:02.3047717Z Get:30 http://azure.archive.ubuntu.com/ubuntu noble/main amd64 librsvg2-2 amd64 2.58.0+dfsg-1build1 [2135 kB]
e2e	Install Playwright browsers	2025-09-19T13:25:02.3920417Z Get:31 http://azure.archive.ubuntu.com/ubuntu noble/universe amd64 libshine3 amd64 3.1.1-2build1 [23.2 kB]
e2e	Install Playwright browsers	2025-09-19T13:25:02.4182784Z Get:32 http://azure.archive.ubuntu.com/ubuntu noble-updates/main amd64 libspeex1 amd64 1.2.1-2ubuntu2.24.04.1 [59.6 kB]
e2e	Install Playwright browsers	2025-09-19T13:25:02.4468916Z Get:33 http://azure.archive.ubuntu.com/ubuntu noble/universe amd64 libsvtav1enc1d1 amd64 1.7.0+dfsg-2build1 [2425 kB]
e2e	Install Playwright browsers	2025-09-19T13:25:02.5401720Z Get:34 http://azure.archive.ubuntu.com/ubuntu noble/universe amd64 libsoxr0 amd64 0.1.3-4build3 [80.0 kB]
e2e	Install Playwright browsers	2025-09-19T13:25:02.6090248Z Get:35 http://azure.archive.ubuntu.com/ubuntu noble/universe amd64 libswresample4 amd64 7:6.1.1-3ubuntu5 [63.8 kB]
e2e	Install Playwright browsers	2025-09-19T13:25:02.6378811Z Get:36 http://azure.archive.ubuntu.com/ubuntu noble/main amd64 libtheora0 amd64 1.1.1+dfsg.1-16.1build3 [211 kB]
e2e	Install Playwright browsers	2025-09-19T13:25:02.6663085Z Get:37 http://azure.archive.ubuntu.com/ubuntu noble/main amd64 libtwolame0 amd64 0.4.0-2build3 [52.3 kB]
e2e	Install Playwright browsers	2025-09-19T13:25:02.6948556Z Get:38 http://azure.archive.ubuntu.com/ubuntu noble/main amd64 libvorbisenc2 amd64 1.3.7-1build3 [80.8 kB]
e2e	Install Playwright browsers	2025-09-19T13:25:02.7674517Z Get:39 http://azure.archive.ubuntu.com/ubuntu noble-updates/main amd64 libvpx9 amd64 1.14.0-1ubuntu2.2 [1143 kB]
e2e	Install Playwright browsers	2025-09-19T13:25:02.8216765Z Get:40 http://azure.archive.ubuntu.com/ubuntu noble/universe amd64 libx264-164 amd64 2:0.164.3108+git31e19f9-1 [604 kB]
e2e	Install Playwright browsers	2025-09-19T13:25:02.8532061Z Get:41 http://azure.archive.ubuntu.com/ubuntu noble/universe amd64 libx265-199 amd64 3.5-2build1 [1226 kB]
e2e	Install Playwright browsers	2025-09-19T13:25:02.9114136Z Get:42 http://azure.archive.ubuntu.com/ubuntu noble/universe amd64 libxvidcore4 amd64 2:1.3.7-1build1 [219 kB]
e2e	Install Playwright browsers	2025-09-19T13:25:02.9398604Z Get:43 http://azure.archive.ubuntu.com/ubuntu noble/universe amd64 libzvbi-common all 0.2.42-2 [42.4 kB]
e2e	Install Playwright browsers	2025-09-19T13:25:02.9666355Z Get:44 http://azure.archive.ubuntu.com/ubuntu noble/universe amd64 libzvbi0t64 amd64 0.2.42-2 [261 kB]
e2e	Install Playwright browsers	2025-09-19T13:25:03.0017904Z Get:45 http://azure.archive.ubuntu.com/ubuntu noble/universe amd64 libavcodec60 amd64 7:6.1.1-3ubuntu5 [5851 kB]
e2e	Install Playwright browsers	2025-09-19T13:25:03.1520606Z Get:46 http://azure.archive.ubuntu.com/ubuntu noble/universe amd64 libunibreak5 amd64 5.1-2build1 [25.0 kB]
e2e	Install Playwright browsers	2025-09-19T13:25:03.1799924Z Get:47 http://azure.archive.ubuntu.com/ubuntu noble/universe amd64 libass9 amd64 1:0.17.1-2build1 [104 kB]
e2e	Install Playwright browsers	2025-09-19T13:25:03.2068608Z Get:48 http://azure.archive.ubuntu.com/ubuntu noble/universe amd64 libudfread0 amd64 1.1.2-1build1 [19.0 kB]
e2e	Install Playwright browsers	2025-09-19T13:25:03.2398397Z Get:49 http://azure.archive.ubuntu.com/ubuntu noble/universe amd64 libbluray2 amd64 1:1.3.4-1build1 [159 kB]
e2e	Install Playwright browsers	2025-09-19T13:25:03.2680610Z Get:50 http://azure.archive.ubuntu.com/ubuntu noble/universe amd64 libchromaprint1 amd64 1.5.1-5 [30.5 kB]
e2e	Install Playwright browsers	2025-09-19T13:25:03.2944421Z Get:51 http://azure.archive.ubuntu.com/ubuntu noble/universe amd64 libgme0 amd64 0.6.3-7build1 [134 kB]
e2e	Install Playwright browsers	2025-09-19T13:25:03.3220056Z Get:52 http://azure.archive.ubuntu.com/ubuntu noble-updates/main amd64 libmpg123-0t64 amd64 1.32.5-1ubuntu1.1 [169 kB]
e2e	Install Playwright browsers	2025-09-19T13:25:03.3496126Z Get:53 http://azure.archive.ubuntu.com/ubuntu noble/universe amd64 libopenmpt0t64 amd64 0.7.3-1.1build3 [647 kB]
e2e	Install Playwright browsers	2025-09-19T13:25:03.3834843Z Get:54 http://azure.archive.ubuntu.com/ubuntu noble/universe amd64 libcjson1 amd64 1.7.17-1 [24.8 kB]
e2e	Install Playwright browsers	2025-09-19T13:25:03.4094098Z Get:55 http://azure.archive.ubuntu.com/ubuntu noble/universe amd64 libmbedcrypto7t64 amd64 2.28.8-1 [209 kB]
e2e	Install Playwright browsers	2025-09-19T13:25:03.4390358Z Get:56 http://azure.archive.ubuntu.com/ubuntu noble/universe amd64 librist4 amd64 0.2.10+dfsg-2 [74.9 kB]
e2e	Install Playwright browsers	2025-09-19T13:25:03.4667409Z Get:57 http://azure.archive.ubuntu.com/ubuntu noble/universe amd64 libsrt1.5-gnutls amd64 1.5.3-1build2 [316 kB]
e2e	Install Playwright browsers	2025-09-19T13:25:03.5428749Z Get:58 http://azure.archive.ubuntu.com/ubuntu noble-updates/main amd64 libssh-gcrypt-4 amd64 0.10.6-2ubuntu0.1 [224 kB]
e2e	Install Playwright browsers	2025-09-19T13:25:03.5711267Z Get:59 http://azure.archive.ubuntu.com/ubuntu noble/universe amd64 libavformat60 amd64 7:6.1.1-3ubuntu5 [1153 kB]
e2e	Install Playwright browsers	2025-09-19T13:25:03.6260105Z Get:60 http://azure.archive.ubuntu.com/ubuntu noble/universe amd64 libbs2b0 amd64 3.1.0+dfsg-7build1 [10.6 kB]
e2e	Install Playwright browsers	2025-09-19T13:25:03.6518044Z Get:61 http://azure.archive.ubuntu.com/ubuntu noble/universe amd64 libflite1 amd64 2.2-6build3 [13.6 MB]
e2e	Install Playwright browsers	2025-09-19T13:25:03.8695288Z Get:62 http://azure.archive.ubuntu.com/ubuntu noble/universe amd64 libserd-0-0 amd64 0.32.2-1 [43.6 kB]
e2e	Install Playwright browsers	2025-09-19T13:25:03.8958862Z Get:63 http://azure.archive.ubuntu.com/ubuntu noble/universe amd64 libzix-0-0 amd64 0.4.2-2build1 [23.6 kB]
e2e	Install Playwright browsers	2025-09-19T13:25:03.9227502Z Get:64 http://azure.archive.ubuntu.com/ubuntu noble/universe amd64 libsord-0-0 amd64 0.16.16-2build1 [15.8 kB]
e2e	Install Playwright browsers	2025-09-19T13:25:03.9489259Z Get:65 http://azure.archive.ubuntu.com/ubuntu noble/universe amd64 libsratom-0-0 amd64 0.6.16-1build1 [17.3 kB]
e2e	Install Playwright browsers	2025-09-19T13:25:03.9767009Z Get:66 http://azure.archive.ubuntu.com/ubuntu noble/universe amd64 liblilv-0-0 amd64 0.24.22-1build1 [41.0 kB]
e2e	Install Playwright browsers	2025-09-19T13:25:04.0035316Z Get:67 http://azure.archive.ubuntu.com/ubuntu noble/universe amd64 libmysofa1 amd64 1.3.2+dfsg-2ubuntu2 [1158 kB]
e2e	Install Playwright browsers	2025-09-19T13:25:04.0609615Z Get:68 http://azure.archive.ubuntu.com/ubuntu noble/universe amd64 libplacebo338 amd64 6.338.2-2build1 [2654 kB]
e2e	Install Playwright browsers	2025-09-19T13:25:04.1391555Z Get:69 http://azure.archive.ubuntu.com/ubuntu noble-updates/main amd64 libblas3 amd64 3.12.0-3build1.1 [238 kB]
e2e	Install Playwright browsers	2025-09-19T13:25:04.1679853Z Get:70 http://azure.archive.ubuntu.com/ubuntu noble-updates/main amd64 liblapack3 amd64 3.12.0-3build1.1 [2646 kB]
e2e	Install Playwright browsers	2025-09-19T13:25:04.2584109Z Get:71 http://azure.archive.ubuntu.com/ubuntu noble/main amd64 libasyncns0 amd64 0.8-6build4 [11.3 kB]
e2e	Install Playwright browsers	2025-09-19T13:25:04.2844903Z Get:72 http://azure.archive.ubuntu.com/ubuntu noble/main amd64 libflac12t64 amd64 1.4.3+ds-2.1ubuntu2 [197 kB]
e2e	Install Playwright browsers	2025-09-19T13:25:04.3132081Z Get:73 http://azure.archive.ubuntu.com/ubuntu noble-updates/main amd64 libsndfile1 amd64 1.2.2-1ubuntu5.24.04.1 [209 kB]
e2e	Install Playwright browsers	2025-09-19T13:25:04.3460689Z Get:74 http://azure.archive.ubuntu.com/ubuntu noble-updates/main amd64 libpulse0 amd64 1:16.1+dfsg1-2ubuntu10.1 [292 kB]
e2e	Install Playwright browsers	2025-09-19T13:25:04.3767430Z Get:75 http://azure.archive.ubuntu.com/ubuntu noble/universe amd64 libsphinxbase3t64 amd64 0.8+5prealpha+1-17build2 [126 kB]
e2e	Install Playwright browsers	2025-09-19T13:25:04.4470920Z Get:76 http://azure.archive.ubuntu.com/ubuntu noble/universe amd64 libpocketsphinx3 amd64 0.8.0+real5prealpha+1-15ubuntu5 [133 kB]
e2e	Install Playwright browsers	2025-09-19T13:25:04.4743448Z Get:77 http://azure.archive.ubuntu.com/ubuntu noble/universe amd64 libpostproc57 amd64 7:6.1.1-3ubuntu5 [49.9 kB]
e2e	Install Playwright browsers	2025-09-19T13:25:04.5015098Z Get:78 http://azure.archive.ubuntu.com/ubuntu noble/main amd64 libsamplerate0 amd64 0.2.2-4build1 [1344 kB]
e2e	Install Playwright browsers	2025-09-19T13:25:04.5576993Z Get:79 http://azure.archive.ubuntu.com/ubuntu noble/universe amd64 librubberband2 amd64 3.3.0+dfsg-2build1 [130 kB]
e2e	Install Playwright browsers	2025-09-19T13:25:04.5847164Z Get:80 http://azure.archive.ubuntu.com/ubuntu noble/universe amd64 libswscale7 amd64 7:6.1.1-3ubuntu5 [193 kB]
e2e	Install Playwright browsers	2025-09-19T13:25:04.6151037Z Get:81 http://azure.archive.ubuntu.com/ubuntu noble/universe amd64 libvidstab1.1 amd64 1.1.0-2build1 [38.5 kB]
e2e	Install Playwright browsers	2025-09-19T13:25:04.6442859Z Get:82 http://azure.archive.ubuntu.com/ubuntu noble/universe amd64 libzimg2 amd64 3.0.5+ds1-1build1 [254 kB]
e2e	Install Playwright browsers	2025-09-19T13:25:04.6749881Z Get:83 http://azure.archive.ubuntu.com/ubuntu noble/universe amd64 libavfilter9 amd64 7:6.1.1-3ubuntu5 [4235 kB]
e2e	Install Playwright browsers	2025-09-19T13:25:04.7951126Z Get:84 http://azure.archive.ubuntu.com/ubuntu noble-updates/main amd64 liborc-0.4-0t64 amd64 1:0.4.38-1ubuntu0.1 [207 kB]
e2e	Install Playwright browsers	2025-09-19T13:25:04.8232137Z Get:85 http://azure.archive.ubuntu.com/ubuntu noble-updates/main amd64 libgstreamer-plugins-base1.0-0 amd64 1.24.2-1ubuntu0.3 [862 kB]
e2e	Install Playwright browsers	2025-09-19T13:25:04.8741706Z Get:86 http://azure.archive.ubuntu.com/ubuntu noble/universe amd64 gstreamer1.0-libav amd64 1.24.1-1build1 [103 kB]
e2e	Install Playwright browsers	2025-09-19T13:25:04.9016685Z Get:87 http://azure.archive.ubuntu.com/ubuntu noble/main amd64 libcdparanoia0 amd64 3.10.2+debian-14build3 [48.5 kB]
e2e	Install Playwright browsers	2025-09-19T13:25:04.9280546Z Get:88 http://azure.archive.ubuntu.com/ubuntu noble/main amd64 libvisual-0.4-0 amd64 0.4.2-2build1 [115 kB]
e2e	Install Playwright browsers	2025-09-19T13:25:04.9548725Z Get:89 http://azure.archive.ubuntu.com/ubuntu noble-updates/main amd64 gstreamer1.0-plugins-base amd64 1.24.2-1ubuntu0.3 [721 kB]
e2e	Install Playwright browsers	2025-09-19T13:25:05.0044915Z Get:90 http://azure.archive.ubuntu.com/ubuntu noble/main amd64 libaa1 amd64 1.4p5-51.1 [49.9 kB]
e2e	Install Playwright browsers	2025-09-19T13:25:05.0307005Z Get:91 http://azure.archive.ubuntu.com/ubuntu noble/main amd64 libraw1394-11 amd64 2.1.2-2build3 [26.2 kB]
e2e	Install Playwright browsers	2025-09-19T13:25:05.0564385Z Get:92 http://azure.archive.ubuntu.com/ubuntu noble/main amd64 libavc1394-0 amd64 0.5.4-5build3 [15.4 kB]
e2e	Install Playwright browsers	2025-09-19T13:25:05.0825267Z Get:93 http://azure.archive.ubuntu.com/ubuntu noble/main amd64 libcaca0 amd64 0.99.beta20-4build2 [208 kB]
e2e	Install Playwright browsers	2025-09-19T13:25:05.1110045Z Get:94 http://azure.archive.ubuntu.com/ubuntu noble/main amd64 libdv4t64 amd64 1.0.0-17.1build1 [63.2 kB]
e2e	Install Playwright browsers	2025-09-19T13:25:05.1830396Z Get:95 http://azure.archive.ubuntu.com/ubuntu noble-updates/main amd64 libgstreamer-plugins-good1.0-0 amd64 1.24.2-1ubuntu1.2 [33.0 kB]
e2e	Install Playwright browsers	2025-09-19T13:25:05.2092568Z Get:96 http://azure.archive.ubuntu.com/ubuntu noble/main amd64 libiec61883-0 amd64 1.2.0-6build1 [24.5 kB]
e2e	Install Playwright browsers	2025-09-19T13:25:05.2366948Z Get:97 http://azure.archive.ubuntu.com/ubuntu noble/main amd64 libshout3 amd64 2.4.6-1build2 [50.3 kB]
e2e	Install Playwright browsers	2025-09-19T13:25:05.2636183Z Get:98 http://azure.archive.ubuntu.com/ubuntu noble/main amd64 libtag1v5-vanilla amd64 1.13.1-1build1 [326 kB]
e2e	Install Playwright browsers	2025-09-19T13:25:05.3096768Z Get:99 http://azure.archive.ubuntu.com/ubuntu noble/main amd64 libtag1v5 amd64 1.13.1-1build1 [11.7 kB]
e2e	Install Playwright browsers	2025-09-19T13:25:05.3394220Z Get:100 http://azure.archive.ubuntu.com/ubuntu noble/main amd64 libv4lconvert0t64 amd64 1.26.1-4build3 [87.6 kB]
e2e	Install Playwright browsers	2025-09-19T13:25:05.3718755Z Get:101 http://azure.archive.ubuntu.com/ubuntu noble/main amd64 libv4l-0t64 amd64 1.26.1-4build3 [46.9 kB]
e2e	Install Playwright browsers	2025-09-19T13:25:05.3983585Z Get:102 http://azure.archive.ubuntu.com/ubuntu noble/main amd64 libwavpack1 amd64 5.6.0-1build1 [84.6 kB]
e2e	Install Playwright browsers	2025-09-19T13:25:05.4307629Z Get:103 http://azure.archive.ubuntu.com/ubuntu noble-updates/main amd64 libsoup-3.0-common all 3.4.4-5ubuntu0.5 [11.3 kB]
e2e	Install Playwright browsers	2025-09-19T13:25:05.4582927Z Get:104 http://azure.archive.ubuntu.com/ubuntu noble-updates/main amd64 libsoup-3.0-0 amd64 3.4.4-5ubuntu0.5 [291 kB]
e2e	Install Playwright browsers	2025-09-19T13:25:05.4915491Z Get:105 http://azure.archive.ubuntu.com/ubuntu noble-updates/main amd64 gstreamer1.0-plugins-good amd64 1.24.2-1ubuntu1.2 [2238 kB]
e2e	Install Playwright browsers	2025-09-19T13:25:05.5933655Z Get:106 http://azure.archive.ubuntu.com/ubuntu noble-updates/main amd64 libabsl20220623t64 amd64 20220623.1-3.1ubuntu3.2 [423 kB]
e2e	Install Playwright browsers	2025-09-19T13:25:05.6463265Z Get:107 http://azure.archive.ubuntu.com/ubuntu noble/universe amd64 libgav1-1 amd64 0.18.0-1build3 [357 kB]
e2e	Install Playwright browsers	2025-09-19T13:25:05.6786878Z Get:108 http://azure.archive.ubuntu.com/ubuntu noble/universe amd64 libyuv0 amd64 0.0~git202401110.af6ac82-1 [178 kB]
e2e	Install Playwright browsers	2025-09-19T13:25:05.7088376Z Get:109 http://azure.archive.ubuntu.com/ubuntu noble/universe amd64 libavif16 amd64 1.0.4-1ubuntu3 [91.2 kB]
e2e	Install Playwright browsers	2025-09-19T13:25:05.7386297Z Get:110 http://azure.archive.ubuntu.com/ubuntu noble/universe amd64 libavtp0 amd64 0.2.0-1build1 [6414 B]
e2e	Install Playwright browsers	2025-09-19T13:25:05.7694544Z Get:111 http://azure.archive.ubuntu.com/ubuntu noble/main amd64 libcairo-script-interpreter2 amd64 1.18.0-3build1 [60.3 kB]
e2e	Install Playwright browsers	2025-09-19T13:25:05.7960666Z Get:112 http://azure.archive.ubuntu.com/ubuntu noble-updates/main amd64 libcups2t64 amd64 2.4.7-1.2ubuntu7.4 [272 kB]
e2e	Install Playwright browsers	2025-09-19T13:25:05.8258203Z Get:113 http://azure.archive.ubuntu.com/ubuntu noble/universe amd64 libdc1394-25 amd64 2.2.6-4build1 [90.1 kB]
e2e	Install Playwright browsers	2025-09-19T13:25:05.8534763Z Get:114 http://azure.archive.ubuntu.com/ubuntu noble/main amd64 libdecor-0-0 amd64 0.2.2-1build2 [16.5 kB]
e2e	Install Playwright browsers	2025-09-19T13:25:05.8802186Z Get:115 http://azure.archive.ubuntu.com/ubuntu noble/main amd64 libgles2 amd64 1.7.0-1build1 [17.1 kB]
e2e	Install Playwright browsers	2025-09-19T13:25:05.9068333Z Get:116 http://azure.archive.ubuntu.com/ubuntu noble/universe amd64 libdirectfb-1.7-7t64 amd64 1.7.7-11.1ubuntu2 [1035 kB]
e2e	Install Playwright browsers	2025-09-19T13:25:05.9660990Z Get:117 http://azure.archive.ubuntu.com/ubuntu noble/universe amd64 libdvdread8t64 amd64 6.1.3-1.1build1 [54.7 kB]
e2e	Install Playwright browsers	2025-09-19T13:25:05.9930874Z Get:118 http://azure.archive.ubuntu.com/ubuntu noble/universe amd64 libdvdnav4 amd64 6.1.1-3build1 [39.5 kB]
e2e	Install Playwright browsers	2025-09-19T13:25:06.0193856Z Get:119 http://azure.archive.ubuntu.com/ubuntu noble-updates/main amd64 libegl-mesa0 amd64 25.0.7-0ubuntu0.24.04.2 [124 kB]
e2e	Install Playwright browsers	2025-09-19T13:25:06.0466486Z Get:120 http://azure.archive.ubuntu.com/ubuntu noble/main amd64 libevent-2.1-7t64 amd64 2.1.12-stable-9ubuntu2 [145 kB]
e2e	Install Playwright browsers	2025-09-19T13:25:06.1173269Z Get:121 http://azure.archive.ubuntu.com/ubuntu noble/universe amd64 libfaad2 amd64 2.11.1-1build1 [207 kB]
e2e	Install Playwright browsers	2025-09-19T13:25:06.1456228Z Get:122 http://azure.archive.ubuntu.com/ubuntu noble/universe amd64 libinstpatch-1.0-2 amd64 1.1.6-1build2 [251 kB]
e2e	Install Playwright browsers	2025-09-19T13:25:06.1762526Z Get:123 http://azure.archive.ubuntu.com/ubuntu noble/main amd64 libjack-jackd2-0 amd64 1.9.21~dfsg-3ubuntu3 [289 kB]
e2e	Install Playwright browsers	2025-09-19T13:25:06.2090309Z Get:124 http://azure.archive.ubuntu.com/ubuntu noble/main amd64 libwebrtc-audio-processing1 amd64 0.3.1-0ubuntu6 [290 kB]
e2e	Install Playwright browsers	2025-09-19T13:25:06.2380628Z Get:125 http://azure.archive.ubuntu.com/ubuntu noble-updates/main amd64 libspa-0.2-modules amd64 1.0.5-1ubuntu3.1 [626 kB]
e2e	Install Playwright browsers	2025-09-19T13:25:06.2930163Z Get:126 http://azure.archive.ubuntu.com/ubuntu noble-updates/main amd64 libpipewire-0.3-0t64 amd64 1.0.5-1ubuntu3.1 [252 kB]
e2e	Install Playwright browsers	2025-09-19T13:25:06.3249183Z Get:127 http://azure.archive.ubuntu.com/ubuntu noble-updates/main amd64 libsdl2-2.0-0 amd64 2.30.0+dfsg-1ubuntu3.1 [686 kB]
e2e	Install Playwright browsers	2025-09-19T13:25:06.3791190Z Get:128 http://azure.archive.ubuntu.com/ubuntu noble/universe amd64 timgm6mb-soundfont all 1.3-5 [5427 kB]
e2e	Install Playwright browsers	2025-09-19T13:25:06.5381005Z Get:129 http://azure.archive.ubuntu.com/ubuntu noble/universe amd64 libfluidsynth3 amd64 2.3.4-1build3 [249 kB]
e2e	Install Playwright browsers	2025-09-19T13:25:06.5683905Z Get:130 http://azure.archive.ubuntu.com/ubuntu noble/main amd64 libfreeaptx0 amd64 0.1.1-2build1 [13.5 kB]
e2e	Install Playwright browsers	2025-09-19T13:25:06.5952414Z Get:131 http://azure.archive.ubuntu.com/ubuntu noble/main amd64 libgraphene-1.0-0 amd64 1.10.8-3build2 [46.2 kB]
e2e	Install Playwright browsers	2025-09-19T13:25:06.6234553Z Get:132 http://azure.archive.ubuntu.com/ubuntu noble/main amd64 libgssdp-1.6-0 amd64 1.6.3-1build3 [40.4 kB]
e2e	Install Playwright browsers	2025-09-19T13:25:06.6496222Z Get:133 http://azure.archive.ubuntu.com/ubuntu noble/main amd64 libegl1 amd64 1.7.0-1build1 [28.7 kB]
e2e	Install Playwright browsers	2025-09-19T13:25:06.6758696Z Get:134 http://azure.archive.ubuntu.com/ubuntu noble-updates/main amd64 libgstreamer-gl1.0-0 amd64 1.24.2-1ubuntu0.3 [214 kB]
e2e	Install Playwright browsers	2025-09-19T13:25:06.7058677Z Get:135 http://azure.archive.ubuntu.com/ubuntu noble-updates/main amd64 libgtk-4-common all 4.14.5+ds-0ubuntu0.5 [1497 kB]
e2e	Install Playwright browsers	2025-09-19T13:25:07.0423819Z Get:136 http://azure.archive.ubuntu.com/ubuntu noble-updates/main amd64 libgtk-4-1 amd64 4.14.5+ds-0ubuntu0.5 [3293 kB]
e2e	Install Playwright browsers	2025-09-19T13:25:07.1749480Z Get:137 http://azure.archive.ubuntu.com/ubuntu noble/main amd64 libgupnp-1.6-0 amd64 1.6.6-1build3 [92.7 kB]
e2e	Install Playwright browsers	2025-09-19T13:25:07.2102632Z Get:138 http://azure.archive.ubuntu.com/ubuntu noble/universe amd64 libgupnp-igd-1.6-0 amd64 1.6.0-3build3 [16.5 kB]
e2e	Install Playwright browsers	2025-09-19T13:25:07.2791418Z Get:139 http://azure.archive.ubuntu.com/ubuntu noble/main amd64 libharfbuzz-icu0 amd64 8.3.0-2build2 [13.3 kB]
e2e	Install Playwright browsers	2025-09-19T13:25:07.3054275Z Get:140 http://azure.archive.ubuntu.com/ubuntu noble/main amd64 libhyphen0 amd64 2.8.8-7build3 [26.5 kB]
e2e	Install Playwright browsers	2025-09-19T13:25:07.3316082Z Get:141 http://azure.archive.ubuntu.com/ubuntu noble/universe amd64 libimath-3-1-29t64 amd64 3.1.9-3.1ubuntu2 [72.2 kB]
e2e	Install Playwright browsers	2025-09-19T13:25:07.3597283Z Get:142 http://azure.archive.ubuntu.com/ubuntu noble/main amd64 liblc3-1 amd64 1.0.4-3build1 [69.7 kB]
e2e	Install Playwright browsers	2025-09-19T13:25:07.3916146Z Get:143 http://azure.archive.ubuntu.com/ubuntu noble/main amd64 libldacbt-enc2 amd64 2.0.2.3+git20200429+ed310a0-4ubuntu2 [27.1 kB]
e2e	Install Playwright browsers	2025-09-19T13:25:07.4184419Z Get:144 http://azure.archive.ubuntu.com/ubuntu noble-updates/main amd64 libraptor2-0 amd64 2.0.16-3ubuntu0.1 [165 kB]
e2e	Install Playwright browsers	2025-09-19T13:25:07.4500104Z Get:145 http://azure.archive.ubuntu.com/ubuntu noble/universe amd64 liblrdf0 amd64 0.6.1-4build1 [18.5 kB]
e2e	Install Playwright browsers	2025-09-19T13:25:07.4764309Z Get:146 http://azure.archive.ubuntu.com/ubuntu noble/universe amd64 libltc11 amd64 1.3.2-1build1 [13.0 kB]
e2e	Install Playwright browsers	2025-09-19T13:25:07.5033405Z Get:147 http://azure.archive.ubuntu.com/ubuntu noble/main amd64 libmanette-0.2-0 amd64 0.2.7-1build2 [30.6 kB]
e2e	Install Playwright browsers	2025-09-19T13:25:07.5306522Z Get:148 http://azure.archive.ubuntu.com/ubuntu noble/universe amd64 libmfx1 amd64 22.5.4-1 [3124 kB]
e2e	Install Playwright browsers	2025-09-19T13:25:07.6492519Z Get:149 http://azure.archive.ubuntu.com/ubuntu noble/universe amd64 libmjpegutils-2.1-0t64 amd64 1:2.1.0+debian-8.1build1 [25.5 kB]
e2e	Install Playwright browsers	2025-09-19T13:25:07.6755957Z Get:150 http://azure.archive.ubuntu.com/ubuntu noble/universe amd64 libmodplug1 amd64 1:0.8.9.0-3build1 [166 kB]
e2e	Install Playwright browsers	2025-09-19T13:25:07.7127690Z Get:151 http://azure.archive.ubuntu.com/ubuntu noble/universe amd64 libmpcdec6 amd64 2:0.1~r495-2build1 [32.7 kB]
e2e	Install Playwright browsers	2025-09-19T13:25:07.7389966Z Get:152 http://azure.archive.ubuntu.com/ubuntu noble/universe amd64 libmpeg2encpp-2.1-0t64 amd64 1:2.1.0+debian-8.1build1 [75.6 kB]
e2e	Install Playwright browsers	2025-09-19T13:25:07.7657141Z Get:153 http://azure.archive.ubuntu.com/ubuntu noble/universe amd64 libmplex2-2.1-0t64 amd64 1:2.1.0+debian-8.1build1 [46.1 kB]
e2e	Install Playwright browsers	2025-09-19T13:25:07.7922827Z Get:154 http://azure.archive.ubuntu.com/ubuntu noble/universe amd64 libneon27t64 amd64 0.33.0-1.1build3 [102 kB]
e2e	Install Playwright browsers	2025-09-19T13:25:07.8186655Z Get:155 http://azure.archive.ubuntu.com/ubuntu noble/universe amd64 libnice10 amd64 0.1.21-2build3 [157 kB]
e2e	Install Playwright browsers	2025-09-19T13:25:07.8480223Z Get:156 http://azure.archive.ubuntu.com/ubuntu noble/universe amd64 libopenal-data all 1:1.23.1-4build1 [161 kB]
e2e	Install Playwright browsers	2025-09-19T13:25:07.8762077Z Get:157 http://azure.archive.ubuntu.com/ubuntu noble/universe amd64 libopenexr-3-1-30 amd64 3.1.5-5.1build3 [1004 kB]
e2e	Install Playwright browsers	2025-09-19T13:25:07.9799894Z Get:158 http://azure.archive.ubuntu.com/ubuntu noble/universe amd64 libopenh264-7 amd64 2.4.1+dfsg-1 [409 kB]
e2e	Install Playwright browsers	2025-09-19T13:25:08.0100832Z Get:159 http://azure.archive.ubuntu.com/ubuntu noble/universe amd64 libopenni2-0 amd64 2.2.0.33+dfsg-18 [370 kB]
e2e	Install Playwright browsers	2025-09-19T13:25:08.0634107Z Get:160 http://azure.archive.ubuntu.com/ubuntu noble/universe amd64 libqrencode4 amd64 4.1.1-1build2 [25.0 kB]
e2e	Install Playwright browsers	2025-09-19T13:25:08.0900406Z Get:161 http://azure.archive.ubuntu.com/ubuntu noble/main amd64 libsecret-common all 0.21.4-1build3 [4962 B]
e2e	Install Playwright browsers	2025-09-19T13:25:08.1162697Z Get:162 http://azure.archive.ubuntu.com/ubuntu noble/main amd64 libsecret-1-0 amd64 0.21.4-1build3 [116 kB]
e2e	Install Playwright browsers	2025-09-19T13:25:08.1452982Z Get:163 http://azure.archive.ubuntu.com/ubuntu noble/universe amd64 libsndio7.0 amd64 1.9.0-0.3build3 [29.6 kB]
e2e	Install Playwright browsers	2025-09-19T13:25:08.1737078Z Get:164 http://azure.archive.ubuntu.com/ubuntu noble/universe amd64 libsoundtouch1 amd64 2.3.2+ds1-1build1 [60.5 kB]
e2e	Install Playwright browsers	2025-09-19T13:25:08.2010187Z Get:165 http://azure.archive.ubuntu.com/ubuntu noble/universe amd64 libspandsp2t64 amd64 0.0.6+dfsg-2.1build1 [311 kB]
e2e	Install Playwright browsers	2025-09-19T13:25:08.2311042Z Get:166 http://azure.archive.ubuntu.com/ubuntu noble/universe amd64 libsrtp2-1 amd64 2.5.0-3build1 [41.9 kB]
e2e	Install Playwright browsers	2025-09-19T13:25:08.2575862Z Get:167 http://azure.archive.ubuntu.com/ubuntu noble/universe amd64 libwildmidi2 amd64 0.4.3-1build3 [68.5 kB]
e2e	Install Playwright browsers	2025-09-19T13:25:08.2919207Z Get:168 http://azure.archive.ubuntu.com/ubuntu noble/main amd64 libwoff1 amd64 1.0.2-2build1 [45.3 kB]
e2e	Install Playwright browsers	2025-09-19T13:25:08.3185662Z Get:169 http://azure.archive.ubuntu.com/ubuntu noble/main amd64 libxcb-xkb1 amd64 1.15-1ubuntu2 [32.3 kB]
e2e	Install Playwright browsers	2025-09-19T13:25:08.3455404Z Get:170 http://azure.archive.ubuntu.com/ubuntu noble/main amd64 libxkbcommon-x11-0 amd64 1.6.0-1build1 [14.5 kB]
e2e	Install Playwright browsers	2025-09-19T13:25:08.3730588Z Get:171 http://azure.archive.ubuntu.com/ubuntu noble/universe amd64 libzbar0t64 amd64 0.23.93-4build3 [123 kB]
e2e	Install Playwright browsers	2025-09-19T13:25:08.4052692Z Get:172 http://azure.archive.ubuntu.com/ubuntu noble/universe amd64 libzxing3 amd64 2.2.1-3 [583 kB]
e2e	Install Playwright browsers	2025-09-19T13:25:08.4644924Z Get:173 http://azure.archive.ubuntu.com/ubuntu noble/main amd64 xfonts-encodings all 1:1.0.5-0ubuntu2 [578 kB]
e2e	Install Playwright browsers	2025-09-19T13:25:08.5171307Z Get:174 http://azure.archive.ubuntu.com/ubuntu noble/main amd64 xfonts-utils amd64 1:7.7+6build3 [94.4 kB]
e2e	Install Playwright browsers	2025-09-19T13:25:08.5451179Z Get:175 http://azure.archive.ubuntu.com/ubuntu noble/universe amd64 xfonts-cyrillic all 1:1.0.5+nmu1 [384 kB]
e2e	Install Playwright browsers	2025-09-19T13:25:08.6393135Z Get:176 http://azure.archive.ubuntu.com/ubuntu noble/main amd64 xfonts-scalable all 1:1.0.3-1.3 [304 kB]
e2e	Install Playwright browsers	2025-09-19T13:25:08.6691038Z Get:177 http://azure.archive.ubuntu.com/ubuntu noble/universe amd64 libgstreamer-plugins-bad1.0-0 amd64 1.24.2-1ubuntu4 [797 kB]
e2e	Install Playwright browsers	2025-09-19T13:25:08.7311602Z Get:178 http://azure.archive.ubuntu.com/ubuntu noble/universe amd64 libdca0 amd64 0.0.7-2build1 [93.8 kB]
e2e	Install Playwright browsers	2025-09-19T13:25:08.7618746Z Get:179 http://azure.archive.ubuntu.com/ubuntu noble/universe amd64 libopenal1 amd64 1:1.23.1-4build1 [540 kB]
e2e	Install Playwright browsers	2025-09-19T13:25:08.8111510Z Get:180 http://azure.archive.ubuntu.com/ubuntu noble/main amd64 libsbc1 amd64 2.0-1build1 [33.9 kB]
e2e	Install Playwright browsers	2025-09-19T13:25:08.8376471Z Get:181 http://azure.archive.ubuntu.com/ubuntu noble/universe amd64 libvo-aacenc0 amd64 0.1.3-2build1 [67.8 kB]
e2e	Install Playwright browsers	2025-09-19T13:25:08.8637584Z Get:182 http://azure.archive.ubuntu.com/ubuntu noble/universe amd64 libvo-amrwbenc0 amd64 0.1.3-2build1 [76.7 kB]
e2e	Install Playwright browsers	2025-09-19T13:25:08.8920832Z Get:183 http://azure.archive.ubuntu.com/ubuntu noble/universe amd64 gstreamer1.0-plugins-bad amd64 1.24.2-1ubuntu4 [3081 kB]
e2e	Install Playwright browsers	2025-09-19T13:25:09.4166043Z Fetched 116 MB in 9s (13.3 MB/s)
e2e	Install Playwright browsers	2025-09-19T13:25:09.4577317Z Selecting previously unselected package fonts-ipafont-gothic.
e2e	Install Playwright browsers	2025-09-19T13:25:09.6346933Z (Reading database ... 
e2e	Install Playwright browsers	2025-09-19T13:25:09.6347353Z (Reading database ... 5%
e2e	Install Playwright browsers	2025-09-19T13:25:09.6347682Z (Reading database ... 10%
e2e	Install Playwright browsers	2025-09-19T13:25:09.6347990Z (Reading database ... 15%
e2e	Install Playwright browsers	2025-09-19T13:25:09.6348296Z (Reading database ... 20%
e2e	Install Playwright browsers	2025-09-19T13:25:09.6348598Z (Reading database ... 25%
e2e	Install Playwright browsers	2025-09-19T13:25:09.6348890Z (Reading database ... 30%
e2e	Install Playwright browsers	2025-09-19T13:25:09.6349431Z (Reading database ... 35%
e2e	Install Playwright browsers	2025-09-19T13:25:09.6349725Z (Reading database ... 40%
e2e	Install Playwright browsers	2025-09-19T13:25:09.6350024Z (Reading database ... 45%
e2e	Install Playwright browsers	2025-09-19T13:25:09.6350333Z (Reading database ... 50%
e2e	Install Playwright browsers	2025-09-19T13:25:09.8870085Z (Reading database ... 55%
e2e	Install Playwright browsers	2025-09-19T13:25:10.5510226Z (Reading database ... 60%
e2e	Install Playwright browsers	2025-09-19T13:25:11.2516217Z (Reading database ... 65%
e2e	Install Playwright browsers	2025-09-19T13:25:11.9509533Z (Reading database ... 70%
e2e	Install Playwright browsers	2025-09-19T13:25:12.6424159Z (Reading database ... 75%
e2e	Install Playwright browsers	2025-09-19T13:25:13.3360921Z (Reading database ... 80%
e2e	Install Playwright browsers	2025-09-19T13:25:14.0585476Z (Reading database ... 85%
e2e	Install Playwright browsers	2025-09-19T13:25:14.8284965Z (Reading database ... 90%
e2e	Install Playwright browsers	2025-09-19T13:25:15.6031350Z (Reading database ... 95%
e2e	Install Playwright browsers	2025-09-19T13:25:15.6031957Z (Reading database ... 100%
e2e	Install Playwright browsers	2025-09-19T13:25:15.6032735Z (Reading database ... 218657 files and directories currently installed.)
e2e	Install Playwright browsers	2025-09-19T13:25:15.6078009Z Preparing to unpack .../000-fonts-ipafont-gothic_00303-21ubuntu1_all.deb ...
e2e	Install Playwright browsers	2025-09-19T13:25:15.6176868Z Unpacking fonts-ipafont-gothic (00303-21ubuntu1) ...
e2e	Install Playwright browsers	2025-09-19T13:25:15.8620741Z Preparing to unpack .../001-libxml2-dev_2.9.14+dfsg-1.3ubuntu3.5_amd64.deb ...
e2e	Install Playwright browsers	2025-09-19T13:25:15.8654704Z Unpacking libxml2-dev:amd64 (2.9.14+dfsg-1.3ubuntu3.5) over (2.9.14+dfsg-1.3ubuntu3.4) ...
e2e	Install Playwright browsers	2025-09-19T13:25:16.0081982Z Preparing to unpack .../002-libxml2_2.9.14+dfsg-1.3ubuntu3.5_amd64.deb ...
e2e	Install Playwright browsers	2025-09-19T13:25:16.0181421Z Unpacking libxml2:amd64 (2.9.14+dfsg-1.3ubuntu3.5) over (2.9.14+dfsg-1.3ubuntu3.4) ...
e2e	Install Playwright browsers	2025-09-19T13:25:16.0766050Z Selecting previously unselected package fonts-freefont-ttf.
e2e	Install Playwright browsers	2025-09-19T13:25:16.0903620Z Preparing to unpack .../003-fonts-freefont-ttf_20211204+svn4273-2_all.deb ...
e2e	Install Playwright browsers	2025-09-19T13:25:16.0914757Z Unpacking fonts-freefont-ttf (20211204+svn4273-2) ...
e2e	Install Playwright browsers	2025-09-19T13:25:16.1837659Z Selecting previously unselected package fonts-tlwg-loma-otf.
e2e	Install Playwright browsers	2025-09-19T13:25:16.1971761Z Preparing to unpack .../004-fonts-tlwg-loma-otf_1%3a0.7.3-1_all.deb ...
e2e	Install Playwright browsers	2025-09-19T13:25:16.1984278Z Unpacking fonts-tlwg-loma-otf (1:0.7.3-1) ...
e2e	Install Playwright browsers	2025-09-19T13:25:16.2223996Z Selecting previously unselected package fonts-unifont.
e2e	Install Playwright browsers	2025-09-19T13:25:16.2357240Z Preparing to unpack .../005-fonts-unifont_1%3a15.1.01-1build1_all.deb ...
e2e	Install Playwright browsers	2025-09-19T13:25:16.2369189Z Unpacking fonts-unifont (1:15.1.01-1build1) ...
e2e	Install Playwright browsers	2025-09-19T13:25:16.3607037Z Selecting previously unselected package fonts-wqy-zenhei.
e2e	Install Playwright browsers	2025-09-19T13:25:16.3740523Z Preparing to unpack .../006-fonts-wqy-zenhei_0.9.45-8_all.deb ...
e2e	Install Playwright browsers	2025-09-19T13:25:16.3944894Z Unpacking fonts-wqy-zenhei (0.9.45-8) ...
e2e	Install Playwright browsers	2025-09-19T13:25:16.8537666Z Selecting previously unselected package libproxy1v5:amd64.
e2e	Install Playwright browsers	2025-09-19T13:25:16.8670689Z Preparing to unpack .../007-libproxy1v5_0.5.4-4build1_amd64.deb ...
e2e	Install Playwright browsers	2025-09-19T13:25:16.8681063Z Unpacking libproxy1v5:amd64 (0.5.4-4build1) ...
e2e	Install Playwright browsers	2025-09-19T13:25:16.8895311Z Selecting previously unselected package glib-networking-common.
e2e	Install Playwright browsers	2025-09-19T13:25:16.9029600Z Preparing to unpack .../008-glib-networking-common_2.80.0-1build1_all.deb ...
e2e	Install Playwright browsers	2025-09-19T13:25:16.9038832Z Unpacking glib-networking-common (2.80.0-1build1) ...
e2e	Install Playwright browsers	2025-09-19T13:25:16.9278544Z Selecting previously unselected package glib-networking-services.
e2e	Install Playwright browsers	2025-09-19T13:25:16.9411431Z Preparing to unpack .../009-glib-networking-services_2.80.0-1build1_amd64.deb ...
e2e	Install Playwright browsers	2025-09-19T13:25:16.9422376Z Unpacking glib-networking-services (2.80.0-1build1) ...
e2e	Install Playwright browsers	2025-09-19T13:25:16.9645699Z Selecting previously unselected package session-migration.
e2e	Install Playwright browsers	2025-09-19T13:25:16.9777577Z Preparing to unpack .../010-session-migration_0.3.9build1_amd64.deb ...
e2e	Install Playwright browsers	2025-09-19T13:25:16.9787897Z Unpacking session-migration (0.3.9build1) ...
e2e	Install Playwright browsers	2025-09-19T13:25:17.0196431Z Selecting previously unselected package gsettings-desktop-schemas.
e2e	Install Playwright browsers	2025-09-19T13:25:17.0329753Z Preparing to unpack .../011-gsettings-desktop-schemas_46.1-0ubuntu1_all.deb ...
e2e	Install Playwright browsers	2025-09-19T13:25:17.0368029Z Unpacking gsettings-desktop-schemas (46.1-0ubuntu1) ...
e2e	Install Playwright browsers	2025-09-19T13:25:17.0683463Z Selecting previously unselected package glib-networking:amd64.
e2e	Install Playwright browsers	2025-09-19T13:25:17.0813226Z Preparing to unpack .../012-glib-networking_2.80.0-1build1_amd64.deb ...
e2e	Install Playwright browsers	2025-09-19T13:25:17.0825189Z Unpacking glib-networking:amd64 (2.80.0-1build1) ...
e2e	Install Playwright browsers	2025-09-19T13:25:17.1060996Z Selecting previously unselected package libva2:amd64.
e2e	Install Playwright browsers	2025-09-19T13:25:17.1191462Z Preparing to unpack .../013-libva2_2.20.0-2build1_amd64.deb ...
e2e	Install Playwright browsers	2025-09-19T13:25:17.1202773Z Unpacking libva2:amd64 (2.20.0-2build1) ...
e2e	Install Playwright browsers	2025-09-19T13:25:17.1444819Z Selecting previously unselected package libva-drm2:amd64.
e2e	Install Playwright browsers	2025-09-19T13:25:17.1575236Z Preparing to unpack .../014-libva-drm2_2.20.0-2build1_amd64.deb ...
e2e	Install Playwright browsers	2025-09-19T13:25:17.1587735Z Unpacking libva-drm2:amd64 (2.20.0-2build1) ...
e2e	Install Playwright browsers	2025-09-19T13:25:17.1812345Z Selecting previously unselected package libva-x11-2:amd64.
e2e	Install Playwright browsers	2025-09-19T13:25:17.1943645Z Preparing to unpack .../015-libva-x11-2_2.20.0-2build1_amd64.deb ...
e2e	Install Playwright browsers	2025-09-19T13:25:17.1955207Z Unpacking libva-x11-2:amd64 (2.20.0-2build1) ...
e2e	Install Playwright browsers	2025-09-19T13:25:17.2173767Z Selecting previously unselected package libvdpau1:amd64.
e2e	Install Playwright browsers	2025-09-19T13:25:17.2306475Z Preparing to unpack .../016-libvdpau1_1.5-2build1_amd64.deb ...
e2e	Install Playwright browsers	2025-09-19T13:25:17.2318226Z Unpacking libvdpau1:amd64 (1.5-2build1) ...
e2e	Install Playwright browsers	2025-09-19T13:25:17.2542242Z Selecting previously unselected package libvpl2.
e2e	Install Playwright browsers	2025-09-19T13:25:17.2672041Z Preparing to unpack .../017-libvpl2_2023.3.0-1build1_amd64.deb ...
e2e	Install Playwright browsers	2025-09-19T13:25:17.2684373Z Unpacking libvpl2 (2023.3.0-1build1) ...
e2e	Install Playwright browsers	2025-09-19T13:25:17.2924297Z Selecting previously unselected package ocl-icd-libopencl1:amd64.
e2e	Install Playwright browsers	2025-09-19T13:25:17.3054101Z Preparing to unpack .../018-ocl-icd-libopencl1_2.3.2-1build1_amd64.deb ...
e2e	Install Playwright browsers	2025-09-19T13:25:17.3065017Z Unpacking ocl-icd-libopencl1:amd64 (2.3.2-1build1) ...
e2e	Install Playwright browsers	2025-09-19T13:25:17.3552994Z Selecting previously unselected package libavutil58:amd64.
e2e	Install Playwright browsers	2025-09-19T13:25:17.3685852Z Preparing to unpack .../019-libavutil58_7%3a6.1.1-3ubuntu5_amd64.deb ...
e2e	Install Playwright browsers	2025-09-19T13:25:17.3696318Z Unpacking libavutil58:amd64 (7:6.1.1-3ubuntu5) ...
e2e	Install Playwright browsers	2025-09-19T13:25:17.3963517Z Selecting previously unselected package libcodec2-1.2:amd64.
e2e	Install Playwright browsers	2025-09-19T13:25:17.4096276Z Preparing to unpack .../020-libcodec2-1.2_1.2.0-2build1_amd64.deb ...
e2e	Install Playwright browsers	2025-09-19T13:25:17.4107922Z Unpacking libcodec2-1.2:amd64 (1.2.0-2build1) ...
e2e	Install Playwright browsers	2025-09-19T13:25:17.4939536Z Selecting previously unselected package libdav1d7:amd64.
e2e	Install Playwright browsers	2025-09-19T13:25:17.5075193Z Preparing to unpack .../021-libdav1d7_1.4.1-1build1_amd64.deb ...
e2e	Install Playwright browsers	2025-09-19T13:25:17.5087971Z Unpacking libdav1d7:amd64 (1.4.1-1build1) ...
e2e	Install Playwright browsers	2025-09-19T13:25:17.5384653Z Selecting previously unselected package libgsm1:amd64.
e2e	Install Playwright browsers	2025-09-19T13:25:17.5520087Z Preparing to unpack .../022-libgsm1_1.0.22-1build1_amd64.deb ...
e2e	Install Playwright browsers	2025-09-19T13:25:17.5531828Z Unpacking libgsm1:amd64 (1.0.22-1build1) ...
e2e	Install Playwright browsers	2025-09-19T13:25:17.5757035Z Selecting previously unselected package libhwy1t64:amd64.
e2e	Install Playwright browsers	2025-09-19T13:25:17.5891153Z Preparing to unpack .../023-libhwy1t64_1.0.7-8.1build1_amd64.deb ...
e2e	Install Playwright browsers	2025-09-19T13:25:17.5907900Z Unpacking libhwy1t64:amd64 (1.0.7-8.1build1) ...
e2e	Install Playwright browsers	2025-09-19T13:25:17.6268539Z Selecting previously unselected package libjxl0.7:amd64.
e2e	Install Playwright browsers	2025-09-19T13:25:17.6403684Z Preparing to unpack .../024-libjxl0.7_0.7.0-10.2ubuntu6.1_amd64.deb ...
e2e	Install Playwright browsers	2025-09-19T13:25:17.6416521Z Unpacking libjxl0.7:amd64 (0.7.0-10.2ubuntu6.1) ...
e2e	Install Playwright browsers	2025-09-19T13:25:17.6844770Z Selecting previously unselected package libmp3lame0:amd64.
e2e	Install Playwright browsers	2025-09-19T13:25:17.6982575Z Preparing to unpack .../025-libmp3lame0_3.100-6build1_amd64.deb ...
e2e	Install Playwright browsers	2025-09-19T13:25:17.7009450Z Unpacking libmp3lame0:amd64 (3.100-6build1) ...
e2e	Install Playwright browsers	2025-09-19T13:25:17.7359831Z Selecting previously unselected package libopus0:amd64.
e2e	Install Playwright browsers	2025-09-19T13:25:17.7494840Z Preparing to unpack .../026-libopus0_1.4-1build1_amd64.deb ...
e2e	Install Playwright browsers	2025-09-19T13:25:17.7506633Z Unpacking libopus0:amd64 (1.4-1build1) ...
e2e	Install Playwright browsers	2025-09-19T13:25:17.7759323Z Selecting previously unselected package librav1e0:amd64.
e2e	Install Playwright browsers	2025-09-19T13:25:17.7892843Z Preparing to unpack .../027-librav1e0_0.7.1-2_amd64.deb ...
e2e	Install Playwright browsers	2025-09-19T13:25:17.7906601Z Unpacking librav1e0:amd64 (0.7.1-2) ...
e2e	Install Playwright browsers	2025-09-19T13:25:17.8260258Z Selecting previously unselected package librsvg2-2:amd64.
e2e	Install Playwright browsers	2025-09-19T13:25:17.8394563Z Preparing to unpack .../028-librsvg2-2_2.58.0+dfsg-1build1_amd64.deb ...
e2e	Install Playwright browsers	2025-09-19T13:25:17.8406922Z Unpacking librsvg2-2:amd64 (2.58.0+dfsg-1build1) ...
e2e	Install Playwright browsers	2025-09-19T13:25:17.8915554Z Selecting previously unselected package libshine3:amd64.
e2e	Install Playwright browsers	2025-09-19T13:25:17.9050194Z Preparing to unpack .../029-libshine3_3.1.1-2build1_amd64.deb ...
e2e	Install Playwright browsers	2025-09-19T13:25:17.9060981Z Unpacking libshine3:amd64 (3.1.1-2build1) ...
e2e	Install Playwright browsers	2025-09-19T13:25:17.9293407Z Selecting previously unselected package libspeex1:amd64.
e2e	Install Playwright browsers	2025-09-19T13:25:17.9431197Z Preparing to unpack .../030-libspeex1_1.2.1-2ubuntu2.24.04.1_amd64.deb ...
e2e	Install Playwright browsers	2025-09-19T13:25:17.9451021Z Unpacking libspeex1:amd64 (1.2.1-2ubuntu2.24.04.1) ...
e2e	Install Playwright browsers	2025-09-19T13:25:17.9684572Z Selecting previously unselected package libsvtav1enc1d1:amd64.
e2e	Install Playwright browsers	2025-09-19T13:25:17.9817750Z Preparing to unpack .../031-libsvtav1enc1d1_1.7.0+dfsg-2build1_amd64.deb ...
e2e	Install Playwright browsers	2025-09-19T13:25:17.9828799Z Unpacking libsvtav1enc1d1:amd64 (1.7.0+dfsg-2build1) ...
e2e	Install Playwright browsers	2025-09-19T13:25:18.0374698Z Selecting previously unselected package libsoxr0:amd64.
e2e	Install Playwright browsers	2025-09-19T13:25:18.0510370Z Preparing to unpack .../032-libsoxr0_0.1.3-4build3_amd64.deb ...
e2e	Install Playwright browsers	2025-09-19T13:25:18.0524154Z Unpacking libsoxr0:amd64 (0.1.3-4build3) ...
e2e	Install Playwright browsers	2025-09-19T13:25:18.0768168Z Selecting previously unselected package libswresample4:amd64.
e2e	Install Playwright browsers	2025-09-19T13:25:18.0901923Z Preparing to unpack .../033-libswresample4_7%3a6.1.1-3ubuntu5_amd64.deb ...
e2e	Install Playwright browsers	2025-09-19T13:25:18.0914384Z Unpacking libswresample4:amd64 (7:6.1.1-3ubuntu5) ...
e2e	Install Playwright browsers	2025-09-19T13:25:18.1154612Z Selecting previously unselected package libtheora0:amd64.
e2e	Install Playwright browsers	2025-09-19T13:25:18.1287545Z Preparing to unpack .../034-libtheora0_1.1.1+dfsg.1-16.1build3_amd64.deb ...
e2e	Install Playwright browsers	2025-09-19T13:25:18.1299402Z Unpacking libtheora0:amd64 (1.1.1+dfsg.1-16.1build3) ...
e2e	Install Playwright browsers	2025-09-19T13:25:18.1563593Z Selecting previously unselected package libtwolame0:amd64.
e2e	Install Playwright browsers	2025-09-19T13:25:18.1698648Z Preparing to unpack .../035-libtwolame0_0.4.0-2build3_amd64.deb ...
e2e	Install Playwright browsers	2025-09-19T13:25:18.1713133Z Unpacking libtwolame0:amd64 (0.4.0-2build3) ...
e2e	Install Playwright browsers	2025-09-19T13:25:18.1953302Z Selecting previously unselected package libvorbisenc2:amd64.
e2e	Install Playwright browsers	2025-09-19T13:25:18.2087755Z Preparing to unpack .../036-libvorbisenc2_1.3.7-1build3_amd64.deb ...
e2e	Install Playwright browsers	2025-09-19T13:25:18.2098802Z Unpacking libvorbisenc2:amd64 (1.3.7-1build3) ...
e2e	Install Playwright browsers	2025-09-19T13:25:18.2354252Z Selecting previously unselected package libvpx9:amd64.
e2e	Install Playwright browsers	2025-09-19T13:25:18.2487079Z Preparing to unpack .../037-libvpx9_1.14.0-1ubuntu2.2_amd64.deb ...
e2e	Install Playwright browsers	2025-09-19T13:25:18.2498909Z Unpacking libvpx9:amd64 (1.14.0-1ubuntu2.2) ...
e2e	Install Playwright browsers	2025-09-19T13:25:18.2877938Z Selecting previously unselected package libx264-164:amd64.
e2e	Install Playwright browsers	2025-09-19T13:25:18.3011054Z Preparing to unpack .../038-libx264-164_2%3a0.164.3108+git31e19f9-1_amd64.deb ...
e2e	Install Playwright browsers	2025-09-19T13:25:18.3023830Z Unpacking libx264-164:amd64 (2:0.164.3108+git31e19f9-1) ...
e2e	Install Playwright browsers	2025-09-19T13:25:18.3333463Z Selecting previously unselected package libx265-199:amd64.
e2e	Install Playwright browsers	2025-09-19T13:25:18.3468312Z Preparing to unpack .../039-libx265-199_3.5-2build1_amd64.deb ...
e2e	Install Playwright browsers	2025-09-19T13:25:18.3480434Z Unpacking libx265-199:amd64 (3.5-2build1) ...
e2e	Install Playwright browsers	2025-09-19T13:25:18.4220288Z Selecting previously unselected package libxvidcore4:amd64.
e2e	Install Playwright browsers	2025-09-19T13:25:18.4356833Z Preparing to unpack .../040-libxvidcore4_2%3a1.3.7-1build1_amd64.deb ...
e2e	Install Playwright browsers	2025-09-19T13:25:18.4367897Z Unpacking libxvidcore4:amd64 (2:1.3.7-1build1) ...
e2e	Install Playwright browsers	2025-09-19T13:25:18.4607773Z Selecting previously unselected package libzvbi-common.
e2e	Install Playwright browsers	2025-09-19T13:25:18.4742326Z Preparing to unpack .../041-libzvbi-common_0.2.42-2_all.deb ...
e2e	Install Playwright browsers	2025-09-19T13:25:18.4753471Z Unpacking libzvbi-common (0.2.42-2) ...
e2e	Install Playwright browsers	2025-09-19T13:25:18.5575863Z Selecting previously unselected package libzvbi0t64:amd64.
e2e	Install Playwright browsers	2025-09-19T13:25:18.5710325Z Preparing to unpack .../042-libzvbi0t64_0.2.42-2_amd64.deb ...
e2e	Install Playwright browsers	2025-09-19T13:25:18.5724377Z Unpacking libzvbi0t64:amd64 (0.2.42-2) ...
e2e	Install Playwright browsers	2025-09-19T13:25:18.5983227Z Selecting previously unselected package libavcodec60:amd64.
e2e	Install Playwright browsers	2025-09-19T13:25:18.6121688Z Preparing to unpack .../043-libavcodec60_7%3a6.1.1-3ubuntu5_amd64.deb ...
e2e	Install Playwright browsers	2025-09-19T13:25:18.6132662Z Unpacking libavcodec60:amd64 (7:6.1.1-3ubuntu5) ...
e2e	Install Playwright browsers	2025-09-19T13:25:18.7041583Z Selecting previously unselected package libunibreak5:amd64.
e2e	Install Playwright browsers	2025-09-19T13:25:18.7176881Z Preparing to unpack .../044-libunibreak5_5.1-2build1_amd64.deb ...
e2e	Install Playwright browsers	2025-09-19T13:25:18.7185646Z Unpacking libunibreak5:amd64 (5.1-2build1) ...
e2e	Install Playwright browsers	2025-09-19T13:25:18.7406989Z Selecting previously unselected package libass9:amd64.
e2e	Install Playwright browsers	2025-09-19T13:25:18.7542029Z Preparing to unpack .../045-libass9_1%3a0.17.1-2build1_amd64.deb ...
e2e	Install Playwright browsers	2025-09-19T13:25:18.7552615Z Unpacking libass9:amd64 (1:0.17.1-2build1) ...
e2e	Install Playwright browsers	2025-09-19T13:25:18.7773781Z Selecting previously unselected package libudfread0:amd64.
e2e	Install Playwright browsers	2025-09-19T13:25:18.7907111Z Preparing to unpack .../046-libudfread0_1.1.2-1build1_amd64.deb ...
e2e	Install Playwright browsers	2025-09-19T13:25:18.7917031Z Unpacking libudfread0:amd64 (1.1.2-1build1) ...
e2e	Install Playwright browsers	2025-09-19T13:25:18.8125675Z Selecting previously unselected package libbluray2:amd64.
e2e	Install Playwright browsers	2025-09-19T13:25:18.8258927Z Preparing to unpack .../047-libbluray2_1%3a1.3.4-1build1_amd64.deb ...
e2e	Install Playwright browsers	2025-09-19T13:25:18.8268018Z Unpacking libbluray2:amd64 (1:1.3.4-1build1) ...
e2e	Install Playwright browsers	2025-09-19T13:25:18.8514100Z Selecting previously unselected package libchromaprint1:amd64.
e2e	Install Playwright browsers	2025-09-19T13:25:18.8647650Z Preparing to unpack .../048-libchromaprint1_1.5.1-5_amd64.deb ...
e2e	Install Playwright browsers	2025-09-19T13:25:18.8656510Z Unpacking libchromaprint1:amd64 (1.5.1-5) ...
e2e	Install Playwright browsers	2025-09-19T13:25:18.8871742Z Selecting previously unselected package libgme0:amd64.
e2e	Install Playwright browsers	2025-09-19T13:25:18.9005065Z Preparing to unpack .../049-libgme0_0.6.3-7build1_amd64.deb ...
e2e	Install Playwright browsers	2025-09-19T13:25:18.9014021Z Unpacking libgme0:amd64 (0.6.3-7build1) ...
e2e	Install Playwright browsers	2025-09-19T13:25:18.9238609Z Selecting previously unselected package libmpg123-0t64:amd64.
e2e	Install Playwright browsers	2025-09-19T13:25:18.9370782Z Preparing to unpack .../050-libmpg123-0t64_1.32.5-1ubuntu1.1_amd64.deb ...
e2e	Install Playwright browsers	2025-09-19T13:25:18.9381198Z Unpacking libmpg123-0t64:amd64 (1.32.5-1ubuntu1.1) ...
e2e	Install Playwright browsers	2025-09-19T13:25:18.9666537Z Selecting previously unselected package libopenmpt0t64:amd64.
e2e	Install Playwright browsers	2025-09-19T13:25:18.9797916Z Preparing to unpack .../051-libopenmpt0t64_0.7.3-1.1build3_amd64.deb ...
e2e	Install Playwright browsers	2025-09-19T13:25:18.9806768Z Unpacking libopenmpt0t64:amd64 (0.7.3-1.1build3) ...
e2e	Install Playwright browsers	2025-09-19T13:25:19.0106619Z Selecting previously unselected package libcjson1:amd64.
e2e	Install Playwright browsers	2025-09-19T13:25:19.0239265Z Preparing to unpack .../052-libcjson1_1.7.17-1_amd64.deb ...
e2e	Install Playwright browsers	2025-09-19T13:25:19.0248726Z Unpacking libcjson1:amd64 (1.7.17-1) ...
e2e	Install Playwright browsers	2025-09-19T13:25:19.0465249Z Selecting previously unselected package libmbedcrypto7t64:amd64.
e2e	Install Playwright browsers	2025-09-19T13:25:19.0598740Z Preparing to unpack .../053-libmbedcrypto7t64_2.28.8-1_amd64.deb ...
e2e	Install Playwright browsers	2025-09-19T13:25:19.0610994Z Unpacking libmbedcrypto7t64:amd64 (2.28.8-1) ...
e2e	Install Playwright browsers	2025-09-19T13:25:19.0863917Z Selecting previously unselected package librist4:amd64.
e2e	Install Playwright browsers	2025-09-19T13:25:19.0996971Z Preparing to unpack .../054-librist4_0.2.10+dfsg-2_amd64.deb ...
e2e	Install Playwright browsers	2025-09-19T13:25:19.1007170Z Unpacking librist4:amd64 (0.2.10+dfsg-2) ...
e2e	Install Playwright browsers	2025-09-19T13:25:19.1236840Z Selecting previously unselected package libsrt1.5-gnutls:amd64.
e2e	Install Playwright browsers	2025-09-19T13:25:19.1370776Z Preparing to unpack .../055-libsrt1.5-gnutls_1.5.3-1build2_amd64.deb ...
e2e	Install Playwright browsers	2025-09-19T13:25:19.1381170Z Unpacking libsrt1.5-gnutls:amd64 (1.5.3-1build2) ...
e2e	Install Playwright browsers	2025-09-19T13:25:19.1637618Z Selecting previously unselected package libssh-gcrypt-4:amd64.
e2e	Install Playwright browsers	2025-09-19T13:25:19.1771297Z Preparing to unpack .../056-libssh-gcrypt-4_0.10.6-2ubuntu0.1_amd64.deb ...
e2e	Install Playwright browsers	2025-09-19T13:25:19.1781810Z Unpacking libssh-gcrypt-4:amd64 (0.10.6-2ubuntu0.1) ...
e2e	Install Playwright browsers	2025-09-19T13:25:19.2023123Z Selecting previously unselected package libavformat60:amd64.
e2e	Install Playwright browsers	2025-09-19T13:25:19.2157050Z Preparing to unpack .../057-libavformat60_7%3a6.1.1-3ubuntu5_amd64.deb ...
e2e	Install Playwright browsers	2025-09-19T13:25:19.2164880Z Unpacking libavformat60:amd64 (7:6.1.1-3ubuntu5) ...
e2e	Install Playwright browsers	2025-09-19T13:25:19.2500400Z Selecting previously unselected package libbs2b0:amd64.
e2e	Install Playwright browsers	2025-09-19T13:25:19.2635363Z Preparing to unpack .../058-libbs2b0_3.1.0+dfsg-7build1_amd64.deb ...
e2e	Install Playwright browsers	2025-09-19T13:25:19.2644871Z Unpacking libbs2b0:amd64 (3.1.0+dfsg-7build1) ...
e2e	Install Playwright browsers	2025-09-19T13:25:19.2877531Z Selecting previously unselected package libflite1:amd64.
e2e	Install Playwright browsers	2025-09-19T13:25:19.3011882Z Preparing to unpack .../059-libflite1_2.2-6build3_amd64.deb ...
e2e	Install Playwright browsers	2025-09-19T13:25:19.3020218Z Unpacking libflite1:amd64 (2.2-6build3) ...
e2e	Install Playwright browsers	2025-09-19T13:25:19.4214169Z Selecting previously unselected package libserd-0-0:amd64.
e2e	Install Playwright browsers	2025-09-19T13:25:19.4349114Z Preparing to unpack .../060-libserd-0-0_0.32.2-1_amd64.deb ...
e2e	Install Playwright browsers	2025-09-19T13:25:19.4358058Z Unpacking libserd-0-0:amd64 (0.32.2-1) ...
e2e	Install Playwright browsers	2025-09-19T13:25:19.4577434Z Selecting previously unselected package libzix-0-0:amd64.
e2e	Install Playwright browsers	2025-09-19T13:25:19.4711711Z Preparing to unpack .../061-libzix-0-0_0.4.2-2build1_amd64.deb ...
e2e	Install Playwright browsers	2025-09-19T13:25:19.4721366Z Unpacking libzix-0-0:amd64 (0.4.2-2build1) ...
e2e	Install Playwright browsers	2025-09-19T13:25:19.4932222Z Selecting previously unselected package libsord-0-0:amd64.
e2e	Install Playwright browsers	2025-09-19T13:25:19.5067568Z Preparing to unpack .../062-libsord-0-0_0.16.16-2build1_amd64.deb ...
e2e	Install Playwright browsers	2025-09-19T13:25:19.5078238Z Unpacking libsord-0-0:amd64 (0.16.16-2build1) ...
e2e	Install Playwright browsers	2025-09-19T13:25:19.5291811Z Selecting previously unselected package libsratom-0-0:amd64.
e2e	Install Playwright browsers	2025-09-19T13:25:19.5427495Z Preparing to unpack .../063-libsratom-0-0_0.6.16-1build1_amd64.deb ...
e2e	Install Playwright browsers	2025-09-19T13:25:19.5436399Z Unpacking libsratom-0-0:amd64 (0.6.16-1build1) ...
e2e	Install Playwright browsers	2025-09-19T13:25:19.5648877Z Selecting previously unselected package liblilv-0-0:amd64.
e2e	Install Playwright browsers	2025-09-19T13:25:19.5783673Z Preparing to unpack .../064-liblilv-0-0_0.24.22-1build1_amd64.deb ...
e2e	Install Playwright browsers	2025-09-19T13:25:19.5794308Z Unpacking liblilv-0-0:amd64 (0.24.22-1build1) ...
e2e	Install Playwright browsers	2025-09-19T13:25:19.6017671Z Selecting previously unselected package libmysofa1:amd64.
e2e	Install Playwright browsers	2025-09-19T13:25:19.6153102Z Preparing to unpack .../065-libmysofa1_1.3.2+dfsg-2ubuntu2_amd64.deb ...
e2e	Install Playwright browsers	2025-09-19T13:25:19.6245428Z Unpacking libmysofa1:amd64 (1.3.2+dfsg-2ubuntu2) ...
e2e	Install Playwright browsers	2025-09-19T13:25:19.6516111Z Selecting previously unselected package libplacebo338:amd64.
e2e	Install Playwright browsers	2025-09-19T13:25:19.6651106Z Preparing to unpack .../066-libplacebo338_6.338.2-2build1_amd64.deb ...
e2e	Install Playwright browsers	2025-09-19T13:25:19.6661245Z Unpacking libplacebo338:amd64 (6.338.2-2build1) ...
e2e	Install Playwright browsers	2025-09-19T13:25:19.7447214Z Selecting previously unselected package libblas3:amd64.
e2e	Install Playwright browsers	2025-09-19T13:25:19.7582611Z Preparing to unpack .../067-libblas3_3.12.0-3build1.1_amd64.deb ...
e2e	Install Playwright browsers	2025-09-19T13:25:19.7615002Z Unpacking libblas3:amd64 (3.12.0-3build1.1) ...
e2e	Install Playwright browsers	2025-09-19T13:25:19.7880366Z Selecting previously unselected package liblapack3:amd64.
e2e	Install Playwright browsers	2025-09-19T13:25:19.8014483Z Preparing to unpack .../068-liblapack3_3.12.0-3build1.1_amd64.deb ...
e2e	Install Playwright browsers	2025-09-19T13:25:19.8046629Z Unpacking liblapack3:amd64 (3.12.0-3build1.1) ...
e2e	Install Playwright browsers	2025-09-19T13:25:19.8597770Z Selecting previously unselected package libasyncns0:amd64.
e2e	Install Playwright browsers	2025-09-19T13:25:19.8733467Z Preparing to unpack .../069-libasyncns0_0.8-6build4_amd64.deb ...
e2e	Install Playwright browsers	2025-09-19T13:25:19.8751155Z Unpacking libasyncns0:amd64 (0.8-6build4) ...
e2e	Install Playwright browsers	2025-09-19T13:25:19.8967969Z Selecting previously unselected package libflac12t64:amd64.
e2e	Install Playwright browsers	2025-09-19T13:25:19.9103813Z Preparing to unpack .../070-libflac12t64_1.4.3+ds-2.1ubuntu2_amd64.deb ...
e2e	Install Playwright browsers	2025-09-19T13:25:19.9114369Z Unpacking libflac12t64:amd64 (1.4.3+ds-2.1ubuntu2) ...
e2e	Install Playwright browsers	2025-09-19T13:25:19.9371370Z Selecting previously unselected package libsndfile1:amd64.
e2e	Install Playwright browsers	2025-09-19T13:25:19.9508188Z Preparing to unpack .../071-libsndfile1_1.2.2-1ubuntu5.24.04.1_amd64.deb ...
e2e	Install Playwright browsers	2025-09-19T13:25:19.9525666Z Unpacking libsndfile1:amd64 (1.2.2-1ubuntu5.24.04.1) ...
e2e	Install Playwright browsers	2025-09-19T13:25:19.9812875Z Selecting previously unselected package libpulse0:amd64.
e2e	Install Playwright browsers	2025-09-19T13:25:19.9947325Z Preparing to unpack .../072-libpulse0_1%3a16.1+dfsg1-2ubuntu10.1_amd64.deb ...
e2e	Install Playwright browsers	2025-09-19T13:25:20.0015677Z Unpacking libpulse0:amd64 (1:16.1+dfsg1-2ubuntu10.1) ...
e2e	Install Playwright browsers	2025-09-19T13:25:20.0294737Z Selecting previously unselected package libsphinxbase3t64:amd64.
e2e	Install Playwright browsers	2025-09-19T13:25:20.0429284Z Preparing to unpack .../073-libsphinxbase3t64_0.8+5prealpha+1-17build2_amd64.deb ...
e2e	Install Playwright browsers	2025-09-19T13:25:20.0438679Z Unpacking libsphinxbase3t64:amd64 (0.8+5prealpha+1-17build2) ...
e2e	Install Playwright browsers	2025-09-19T13:25:20.0694900Z Selecting previously unselected package libpocketsphinx3:amd64.
e2e	Install Playwright browsers	2025-09-19T13:25:20.0829531Z Preparing to unpack .../074-libpocketsphinx3_0.8.0+real5prealpha+1-15ubuntu5_amd64.deb ...
e2e	Install Playwright browsers	2025-09-19T13:25:20.0840554Z Unpacking libpocketsphinx3:amd64 (0.8.0+real5prealpha+1-15ubuntu5) ...
e2e	Install Playwright browsers	2025-09-19T13:25:20.1082732Z Selecting previously unselected package libpostproc57:amd64.
e2e	Install Playwright browsers	2025-09-19T13:25:20.1217303Z Preparing to unpack .../075-libpostproc57_7%3a6.1.1-3ubuntu5_amd64.deb ...
e2e	Install Playwright browsers	2025-09-19T13:25:20.1229496Z Unpacking libpostproc57:amd64 (7:6.1.1-3ubuntu5) ...
e2e	Install Playwright browsers	2025-09-19T13:25:20.1450311Z Selecting previously unselected package libsamplerate0:amd64.
e2e	Install Playwright browsers	2025-09-19T13:25:20.1584066Z Preparing to unpack .../076-libsamplerate0_0.2.2-4build1_amd64.deb ...
e2e	Install Playwright browsers	2025-09-19T13:25:20.1592892Z Unpacking libsamplerate0:amd64 (0.2.2-4build1) ...
e2e	Install Playwright browsers	2025-09-19T13:25:20.1894307Z Selecting previously unselected package librubberband2:amd64.
e2e	Install Playwright browsers	2025-09-19T13:25:20.2028222Z Preparing to unpack .../077-librubberband2_3.3.0+dfsg-2build1_amd64.deb ...
e2e	Install Playwright browsers	2025-09-19T13:25:20.2039407Z Unpacking librubberband2:amd64 (3.3.0+dfsg-2build1) ...
e2e	Install Playwright browsers	2025-09-19T13:25:20.2283243Z Selecting previously unselected package libswscale7:amd64.
e2e	Install Playwright browsers	2025-09-19T13:25:20.2415763Z Preparing to unpack .../078-libswscale7_7%3a6.1.1-3ubuntu5_amd64.deb ...
e2e	Install Playwright browsers	2025-09-19T13:25:20.2427667Z Unpacking libswscale7:amd64 (7:6.1.1-3ubuntu5) ...
e2e	Install Playwright browsers	2025-09-19T13:25:20.2669120Z Selecting previously unselected package libvidstab1.1:amd64.
e2e	Install Playwright browsers	2025-09-19T13:25:20.2803670Z Preparing to unpack .../079-libvidstab1.1_1.1.0-2build1_amd64.deb ...
e2e	Install Playwright browsers	2025-09-19T13:25:20.2813174Z Unpacking libvidstab1.1:amd64 (1.1.0-2build1) ...
e2e	Install Playwright browsers	2025-09-19T13:25:20.3175914Z Selecting previously unselected package libzimg2:amd64.
e2e	Install Playwright browsers	2025-09-19T13:25:20.3310641Z Preparing to unpack .../080-libzimg2_3.0.5+ds1-1build1_amd64.deb ...
e2e	Install Playwright browsers	2025-09-19T13:25:20.3321015Z Unpacking libzimg2:amd64 (3.0.5+ds1-1build1) ...
e2e	Install Playwright browsers	2025-09-19T13:25:20.3575251Z Selecting previously unselected package libavfilter9:amd64.
e2e	Install Playwright browsers	2025-09-19T13:25:20.3710579Z Preparing to unpack .../081-libavfilter9_7%3a6.1.1-3ubuntu5_amd64.deb ...
e2e	Install Playwright browsers	2025-09-19T13:25:20.3721507Z Unpacking libavfilter9:amd64 (7:6.1.1-3ubuntu5) ...
e2e	Install Playwright browsers	2025-09-19T13:25:20.4450631Z Selecting previously unselected package liborc-0.4-0t64:amd64.
e2e	Install Playwright browsers	2025-09-19T13:25:20.4586707Z Preparing to unpack .../082-liborc-0.4-0t64_1%3a0.4.38-1ubuntu0.1_amd64.deb ...
e2e	Install Playwright browsers	2025-09-19T13:25:20.4596245Z Unpacking liborc-0.4-0t64:amd64 (1:0.4.38-1ubuntu0.1) ...
e2e	Install Playwright browsers	2025-09-19T13:25:20.4857881Z Selecting previously unselected package libgstreamer-plugins-base1.0-0:amd64.
e2e	Install Playwright browsers	2025-09-19T13:25:20.4993783Z Preparing to unpack .../083-libgstreamer-plugins-base1.0-0_1.24.2-1ubuntu0.3_amd64.deb ...
e2e	Install Playwright browsers	2025-09-19T13:25:20.5005069Z Unpacking libgstreamer-plugins-base1.0-0:amd64 (1.24.2-1ubuntu0.3) ...
e2e	Install Playwright browsers	2025-09-19T13:25:20.5350507Z Selecting previously unselected package gstreamer1.0-libav:amd64.
e2e	Install Playwright browsers	2025-09-19T13:25:20.5486384Z Preparing to unpack .../084-gstreamer1.0-libav_1.24.1-1build1_amd64.deb ...
e2e	Install Playwright browsers	2025-09-19T13:25:20.5497681Z Unpacking gstreamer1.0-libav:amd64 (1.24.1-1build1) ...
e2e	Install Playwright browsers	2025-09-19T13:25:20.5726276Z Selecting previously unselected package libcdparanoia0:amd64.
e2e	Install Playwright browsers	2025-09-19T13:25:20.5860172Z Preparing to unpack .../085-libcdparanoia0_3.10.2+debian-14build3_amd64.deb ...
e2e	Install Playwright browsers	2025-09-19T13:25:20.5872015Z Unpacking libcdparanoia0:amd64 (3.10.2+debian-14build3) ...
e2e	Install Playwright browsers	2025-09-19T13:25:20.6103022Z Selecting previously unselected package libvisual-0.4-0:amd64.
e2e	Install Playwright browsers	2025-09-19T13:25:20.6236673Z Preparing to unpack .../086-libvisual-0.4-0_0.4.2-2build1_amd64.deb ...
e2e	Install Playwright browsers	2025-09-19T13:25:20.6246043Z Unpacking libvisual-0.4-0:amd64 (0.4.2-2build1) ...
e2e	Install Playwright browsers	2025-09-19T13:25:20.6472909Z Selecting previously unselected package gstreamer1.0-plugins-base:amd64.
e2e	Install Playwright browsers	2025-09-19T13:25:20.6607785Z Preparing to unpack .../087-gstreamer1.0-plugins-base_1.24.2-1ubuntu0.3_amd64.deb ...
e2e	Install Playwright browsers	2025-09-19T13:25:20.6616838Z Unpacking gstreamer1.0-plugins-base:amd64 (1.24.2-1ubuntu0.3) ...
e2e	Install Playwright browsers	2025-09-19T13:25:20.6953481Z Selecting previously unselected package libaa1:amd64.
e2e	Install Playwright browsers	2025-09-19T13:25:20.7087081Z Preparing to unpack .../088-libaa1_1.4p5-51.1_amd64.deb ...
e2e	Install Playwright browsers	2025-09-19T13:25:20.7097464Z Unpacking libaa1:amd64 (1.4p5-51.1) ...
e2e	Install Playwright browsers	2025-09-19T13:25:20.7324403Z Selecting previously unselected package libraw1394-11:amd64.
e2e	Install Playwright browsers	2025-09-19T13:25:20.7457824Z Preparing to unpack .../089-libraw1394-11_2.1.2-2build3_amd64.deb ...
e2e	Install Playwright browsers	2025-09-19T13:25:20.7467705Z Unpacking libraw1394-11:amd64 (2.1.2-2build3) ...
e2e	Install Playwright browsers	2025-09-19T13:25:20.7690124Z Selecting previously unselected package libavc1394-0:amd64.
e2e	Install Playwright browsers	2025-09-19T13:25:20.7819873Z Preparing to unpack .../090-libavc1394-0_0.5.4-5build3_amd64.deb ...
e2e	Install Playwright browsers	2025-09-19T13:25:20.7829716Z Unpacking libavc1394-0:amd64 (0.5.4-5build3) ...
e2e	Install Playwright browsers	2025-09-19T13:25:20.8043934Z Selecting previously unselected package libcaca0:amd64.
e2e	Install Playwright browsers	2025-09-19T13:25:20.8175181Z Preparing to unpack .../091-libcaca0_0.99.beta20-4build2_amd64.deb ...
e2e	Install Playwright browsers	2025-09-19T13:25:20.8183829Z Unpacking libcaca0:amd64 (0.99.beta20-4build2) ...
e2e	Install Playwright browsers	2025-09-19T13:25:20.8448192Z Selecting previously unselected package libdv4t64:amd64.
e2e	Install Playwright browsers	2025-09-19T13:25:20.8578818Z Preparing to unpack .../092-libdv4t64_1.0.0-17.1build1_amd64.deb ...
e2e	Install Playwright browsers	2025-09-19T13:25:20.8589193Z Unpacking libdv4t64:amd64 (1.0.0-17.1build1) ...
e2e	Install Playwright browsers	2025-09-19T13:25:20.8813987Z Selecting previously unselected package libgstreamer-plugins-good1.0-0:amd64.
e2e	Install Playwright browsers	2025-09-19T13:25:20.8946607Z Preparing to unpack .../093-libgstreamer-plugins-good1.0-0_1.24.2-1ubuntu1.2_amd64.deb ...
e2e	Install Playwright browsers	2025-09-19T13:25:20.8955943Z Unpacking libgstreamer-plugins-good1.0-0:amd64 (1.24.2-1ubuntu1.2) ...
e2e	Install Playwright browsers	2025-09-19T13:25:20.9181742Z Selecting previously unselected package libiec61883-0:amd64.
e2e	Install Playwright browsers	2025-09-19T13:25:20.9313712Z Preparing to unpack .../094-libiec61883-0_1.2.0-6build1_amd64.deb ...
e2e	Install Playwright browsers	2025-09-19T13:25:20.9324691Z Unpacking libiec61883-0:amd64 (1.2.0-6build1) ...
e2e	Install Playwright browsers	2025-09-19T13:25:20.9543957Z Selecting previously unselected package libshout3:amd64.
e2e	Install Playwright browsers	2025-09-19T13:25:20.9677310Z Preparing to unpack .../095-libshout3_2.4.6-1build2_amd64.deb ...
e2e	Install Playwright browsers	2025-09-19T13:25:20.9688161Z Unpacking libshout3:amd64 (2.4.6-1build2) ...
e2e	Install Playwright browsers	2025-09-19T13:25:20.9909317Z Selecting previously unselected package libtag1v5-vanilla:amd64.
e2e	Install Playwright browsers	2025-09-19T13:25:21.0041476Z Preparing to unpack .../096-libtag1v5-vanilla_1.13.1-1build1_amd64.deb ...
e2e	Install Playwright browsers	2025-09-19T13:25:21.0050791Z Unpacking libtag1v5-vanilla:amd64 (1.13.1-1build1) ...
e2e	Install Playwright browsers	2025-09-19T13:25:21.0306550Z Selecting previously unselected package libtag1v5:amd64.
e2e	Install Playwright browsers	2025-09-19T13:25:21.0437362Z Preparing to unpack .../097-libtag1v5_1.13.1-1build1_amd64.deb ...
e2e	Install Playwright browsers	2025-09-19T13:25:21.0451824Z Unpacking libtag1v5:amd64 (1.13.1-1build1) ...
e2e	Install Playwright browsers	2025-09-19T13:25:21.0671815Z Selecting previously unselected package libv4lconvert0t64:amd64.
e2e	Install Playwright browsers	2025-09-19T13:25:21.0802248Z Preparing to unpack .../098-libv4lconvert0t64_1.26.1-4build3_amd64.deb ...
e2e	Install Playwright browsers	2025-09-19T13:25:21.0816636Z Unpacking libv4lconvert0t64:amd64 (1.26.1-4build3) ...
e2e	Install Playwright browsers	2025-09-19T13:25:21.1070702Z Selecting previously unselected package libv4l-0t64:amd64.
e2e	Install Playwright browsers	2025-09-19T13:25:21.1201305Z Preparing to unpack .../099-libv4l-0t64_1.26.1-4build3_amd64.deb ...
e2e	Install Playwright browsers	2025-09-19T13:25:21.1211243Z Unpacking libv4l-0t64:amd64 (1.26.1-4build3) ...
e2e	Install Playwright browsers	2025-09-19T13:25:21.1453682Z Selecting previously unselected package libwavpack1:amd64.
e2e	Install Playwright browsers	2025-09-19T13:25:21.1584047Z Preparing to unpack .../100-libwavpack1_5.6.0-1build1_amd64.deb ...
e2e	Install Playwright browsers	2025-09-19T13:25:21.1592900Z Unpacking libwavpack1:amd64 (5.6.0-1build1) ...
e2e	Install Playwright browsers	2025-09-19T13:25:21.1805403Z Selecting previously unselected package libsoup-3.0-common.
e2e	Install Playwright browsers	2025-09-19T13:25:21.1937440Z Preparing to unpack .../101-libsoup-3.0-common_3.4.4-5ubuntu0.5_all.deb ...
e2e	Install Playwright browsers	2025-09-19T13:25:21.1946414Z Unpacking libsoup-3.0-common (3.4.4-5ubuntu0.5) ...
e2e	Install Playwright browsers	2025-09-19T13:25:21.2150883Z Selecting previously unselected package libsoup-3.0-0:amd64.
e2e	Install Playwright browsers	2025-09-19T13:25:21.2279391Z Preparing to unpack .../102-libsoup-3.0-0_3.4.4-5ubuntu0.5_amd64.deb ...
e2e	Install Playwright browsers	2025-09-19T13:25:21.2290401Z Unpacking libsoup-3.0-0:amd64 (3.4.4-5ubuntu0.5) ...
e2e	Install Playwright browsers	2025-09-19T13:25:21.2523711Z Selecting previously unselected package gstreamer1.0-plugins-good:amd64.
e2e	Install Playwright browsers	2025-09-19T13:25:21.2652827Z Preparing to unpack .../103-gstreamer1.0-plugins-good_1.24.2-1ubuntu1.2_amd64.deb ...
e2e	Install Playwright browsers	2025-09-19T13:25:21.2660242Z Unpacking gstreamer1.0-plugins-good:amd64 (1.24.2-1ubuntu1.2) ...
e2e	Install Playwright browsers	2025-09-19T13:25:21.3300897Z Selecting previously unselected package libabsl20220623t64:amd64.
e2e	Install Playwright browsers	2025-09-19T13:25:21.3434953Z Preparing to unpack .../104-libabsl20220623t64_20220623.1-3.1ubuntu3.2_amd64.deb ...
e2e	Install Playwright browsers	2025-09-19T13:25:21.3444960Z Unpacking libabsl20220623t64:amd64 (20220623.1-3.1ubuntu3.2) ...
e2e	Install Playwright browsers	2025-09-19T13:25:21.3888135Z Selecting previously unselected package libgav1-1:amd64.
e2e	Install Playwright browsers	2025-09-19T13:25:21.4023296Z Preparing to unpack .../105-libgav1-1_0.18.0-1build3_amd64.deb ...
e2e	Install Playwright browsers	2025-09-19T13:25:21.4033423Z Unpacking libgav1-1:amd64 (0.18.0-1build3) ...
e2e	Install Playwright browsers	2025-09-19T13:25:21.4326846Z Selecting previously unselected package libyuv0:amd64.
e2e	Install Playwright browsers	2025-09-19T13:25:21.4462897Z Preparing to unpack .../106-libyuv0_0.0~git202401110.af6ac82-1_amd64.deb ...
e2e	Install Playwright browsers	2025-09-19T13:25:21.4472809Z Unpacking libyuv0:amd64 (0.0~git202401110.af6ac82-1) ...
e2e	Install Playwright browsers	2025-09-19T13:25:21.4726177Z Selecting previously unselected package libavif16:amd64.
e2e	Install Playwright browsers	2025-09-19T13:25:21.4860409Z Preparing to unpack .../107-libavif16_1.0.4-1ubuntu3_amd64.deb ...
e2e	Install Playwright browsers	2025-09-19T13:25:21.4870181Z Unpacking libavif16:amd64 (1.0.4-1ubuntu3) ...
e2e	Install Playwright browsers	2025-09-19T13:25:21.5103037Z Selecting previously unselected package libavtp0:amd64.
e2e	Install Playwright browsers	2025-09-19T13:25:21.5236984Z Preparing to unpack .../108-libavtp0_0.2.0-1build1_amd64.deb ...
e2e	Install Playwright browsers	2025-09-19T13:25:21.5277381Z Unpacking libavtp0:amd64 (0.2.0-1build1) ...
e2e	Install Playwright browsers	2025-09-19T13:25:21.5517019Z Selecting previously unselected package libcairo-script-interpreter2:amd64.
e2e	Install Playwright browsers	2025-09-19T13:25:21.5650298Z Preparing to unpack .../109-libcairo-script-interpreter2_1.18.0-3build1_amd64.deb ...
e2e	Install Playwright browsers	2025-09-19T13:25:21.5668717Z Unpacking libcairo-script-interpreter2:amd64 (1.18.0-3build1) ...
e2e	Install Playwright browsers	2025-09-19T13:25:21.6041958Z Preparing to unpack .../110-libcups2t64_2.4.7-1.2ubuntu7.4_amd64.deb ...
e2e	Install Playwright browsers	2025-09-19T13:25:21.6167362Z Unpacking libcups2t64:amd64 (2.4.7-1.2ubuntu7.4) over (2.4.7-1.2ubuntu7.3) ...
e2e	Install Playwright browsers	2025-09-19T13:25:21.6583763Z Selecting previously unselected package libdc1394-25:amd64.
e2e	Install Playwright browsers	2025-09-19T13:25:21.6721149Z Preparing to unpack .../111-libdc1394-25_2.2.6-4build1_amd64.deb ...
e2e	Install Playwright browsers	2025-09-19T13:25:21.6734579Z Unpacking libdc1394-25:amd64 (2.2.6-4build1) ...
e2e	Install Playwright browsers	2025-09-19T13:25:21.6974462Z Selecting previously unselected package libdecor-0-0:amd64.
e2e	Install Playwright browsers	2025-09-19T13:25:21.7108550Z Preparing to unpack .../112-libdecor-0-0_0.2.2-1build2_amd64.deb ...
e2e	Install Playwright browsers	2025-09-19T13:25:21.7119935Z Unpacking libdecor-0-0:amd64 (0.2.2-1build2) ...
e2e	Install Playwright browsers	2025-09-19T13:25:21.7345439Z Selecting previously unselected package libgles2:amd64.
e2e	Install Playwright browsers	2025-09-19T13:25:21.7480301Z Preparing to unpack .../113-libgles2_1.7.0-1build1_amd64.deb ...
e2e	Install Playwright browsers	2025-09-19T13:25:21.7507796Z Unpacking libgles2:amd64 (1.7.0-1build1) ...
e2e	Install Playwright browsers	2025-09-19T13:25:21.7743853Z Selecting previously unselected package libdirectfb-1.7-7t64:amd64.
e2e	Install Playwright browsers	2025-09-19T13:25:21.7878077Z Preparing to unpack .../114-libdirectfb-1.7-7t64_1.7.7-11.1ubuntu2_amd64.deb ...
e2e	Install Playwright browsers	2025-09-19T13:25:21.7891205Z Unpacking libdirectfb-1.7-7t64:amd64 (1.7.7-11.1ubuntu2) ...
e2e	Install Playwright browsers	2025-09-19T13:25:21.8314321Z Selecting previously unselected package libdvdread8t64:amd64.
e2e	Install Playwright browsers	2025-09-19T13:25:21.8448139Z Preparing to unpack .../115-libdvdread8t64_6.1.3-1.1build1_amd64.deb ...
e2e	Install Playwright browsers	2025-09-19T13:25:21.8458134Z Unpacking libdvdread8t64:amd64 (6.1.3-1.1build1) ...
e2e	Install Playwright browsers	2025-09-19T13:25:21.8703005Z Selecting previously unselected package libdvdnav4:amd64.
e2e	Install Playwright browsers	2025-09-19T13:25:21.8834471Z Preparing to unpack .../116-libdvdnav4_6.1.1-3build1_amd64.deb ...
e2e	Install Playwright browsers	2025-09-19T13:25:21.8847723Z Unpacking libdvdnav4:amd64 (6.1.1-3build1) ...
e2e	Install Playwright browsers	2025-09-19T13:25:21.9080326Z Selecting previously unselected package libegl-mesa0:amd64.
e2e	Install Playwright browsers	2025-09-19T13:25:21.9210796Z Preparing to unpack .../117-libegl-mesa0_25.0.7-0ubuntu0.24.04.2_amd64.deb ...
e2e	Install Playwright browsers	2025-09-19T13:25:21.9221041Z Unpacking libegl-mesa0:amd64 (25.0.7-0ubuntu0.24.04.2) ...
e2e	Install Playwright browsers	2025-09-19T13:25:21.9480030Z Selecting previously unselected package libevent-2.1-7t64:amd64.
e2e	Install Playwright browsers	2025-09-19T13:25:21.9611258Z Preparing to unpack .../118-libevent-2.1-7t64_2.1.12-stable-9ubuntu2_amd64.deb ...
e2e	Install Playwright browsers	2025-09-19T13:25:21.9620549Z Unpacking libevent-2.1-7t64:amd64 (2.1.12-stable-9ubuntu2) ...
e2e	Install Playwright browsers	2025-09-19T13:25:21.9914630Z Selecting previously unselected package libfaad2:amd64.
e2e	Install Playwright browsers	2025-09-19T13:25:22.0048240Z Preparing to unpack .../119-libfaad2_2.11.1-1build1_amd64.deb ...
e2e	Install Playwright browsers	2025-09-19T13:25:22.0060411Z Unpacking libfaad2:amd64 (2.11.1-1build1) ...
e2e	Install Playwright browsers	2025-09-19T13:25:22.0318112Z Selecting previously unselected package libinstpatch-1.0-2:amd64.
e2e	Install Playwright browsers	2025-09-19T13:25:22.0452090Z Preparing to unpack .../120-libinstpatch-1.0-2_1.1.6-1build2_amd64.deb ...
e2e	Install Playwright browsers	2025-09-19T13:25:22.0460899Z Unpacking libinstpatch-1.0-2:amd64 (1.1.6-1build2) ...
e2e	Install Playwright browsers	2025-09-19T13:25:22.0701809Z Selecting previously unselected package libjack-jackd2-0:amd64.
e2e	Install Playwright browsers	2025-09-19T13:25:22.0835221Z Preparing to unpack .../121-libjack-jackd2-0_1.9.21~dfsg-3ubuntu3_amd64.deb ...
e2e	Install Playwright browsers	2025-09-19T13:25:22.0845682Z Unpacking libjack-jackd2-0:amd64 (1.9.21~dfsg-3ubuntu3) ...
e2e	Install Playwright browsers	2025-09-19T13:25:22.1099961Z Selecting previously unselected package libwebrtc-audio-processing1:amd64.
e2e	Install Playwright browsers	2025-09-19T13:25:22.1233173Z Preparing to unpack .../122-libwebrtc-audio-processing1_0.3.1-0ubuntu6_amd64.deb ...
e2e	Install Playwright browsers	2025-09-19T13:25:22.1243690Z Unpacking libwebrtc-audio-processing1:amd64 (0.3.1-0ubuntu6) ...
e2e	Install Playwright browsers	2025-09-19T13:25:22.1473549Z Selecting previously unselected package libspa-0.2-modules:amd64.
e2e	Install Playwright browsers	2025-09-19T13:25:22.1608154Z Preparing to unpack .../123-libspa-0.2-modules_1.0.5-1ubuntu3.1_amd64.deb ...
e2e	Install Playwright browsers	2025-09-19T13:25:22.1617300Z Unpacking libspa-0.2-modules:amd64 (1.0.5-1ubuntu3.1) ...
e2e	Install Playwright browsers	2025-09-19T13:25:22.1953604Z Selecting previously unselected package libpipewire-0.3-0t64:amd64.
e2e	Install Playwright browsers	2025-09-19T13:25:22.2090656Z Preparing to unpack .../124-libpipewire-0.3-0t64_1.0.5-1ubuntu3.1_amd64.deb ...
e2e	Install Playwright browsers	2025-09-19T13:25:22.2105872Z Unpacking libpipewire-0.3-0t64:amd64 (1.0.5-1ubuntu3.1) ...
e2e	Install Playwright browsers	2025-09-19T13:25:22.2391127Z Selecting previously unselected package libsdl2-2.0-0:amd64.
e2e	Install Playwright browsers	2025-09-19T13:25:22.2524247Z Preparing to unpack .../125-libsdl2-2.0-0_2.30.0+dfsg-1ubuntu3.1_amd64.deb ...
e2e	Install Playwright browsers	2025-09-19T13:25:22.2536183Z Unpacking libsdl2-2.0-0:amd64 (2.30.0+dfsg-1ubuntu3.1) ...
e2e	Install Playwright browsers	2025-09-19T13:25:22.2841562Z Selecting previously unselected package timgm6mb-soundfont.
e2e	Install Playwright browsers	2025-09-19T13:25:22.2975747Z Preparing to unpack .../126-timgm6mb-soundfont_1.3-5_all.deb ...
e2e	Install Playwright browsers	2025-09-19T13:25:22.2993488Z Unpacking timgm6mb-soundfont (1.3-5) ...
e2e	Install Playwright browsers	2025-09-19T13:25:22.6380346Z Selecting previously unselected package libfluidsynth3:amd64.
e2e	Install Playwright browsers	2025-09-19T13:25:22.6516112Z Preparing to unpack .../127-libfluidsynth3_2.3.4-1build3_amd64.deb ...
e2e	Install Playwright browsers	2025-09-19T13:25:22.6530139Z Unpacking libfluidsynth3:amd64 (2.3.4-1build3) ...
e2e	Install Playwright browsers	2025-09-19T13:25:22.6779160Z Selecting previously unselected package libfreeaptx0:amd64.
e2e	Install Playwright browsers	2025-09-19T13:25:22.6914513Z Preparing to unpack .../128-libfreeaptx0_0.1.1-2build1_amd64.deb ...
e2e	Install Playwright browsers	2025-09-19T13:25:22.6922916Z Unpacking libfreeaptx0:amd64 (0.1.1-2build1) ...
e2e	Install Playwright browsers	2025-09-19T13:25:22.7155512Z Selecting previously unselected package libgraphene-1.0-0:amd64.
e2e	Install Playwright browsers	2025-09-19T13:25:22.7291206Z Preparing to unpack .../129-libgraphene-1.0-0_1.10.8-3build2_amd64.deb ...
e2e	Install Playwright browsers	2025-09-19T13:25:22.7302029Z Unpacking libgraphene-1.0-0:amd64 (1.10.8-3build2) ...
e2e	Install Playwright browsers	2025-09-19T13:25:22.7547819Z Selecting previously unselected package libgssdp-1.6-0:amd64.
e2e	Install Playwright browsers	2025-09-19T13:25:22.7684678Z Preparing to unpack .../130-libgssdp-1.6-0_1.6.3-1build3_amd64.deb ...
e2e	Install Playwright browsers	2025-09-19T13:25:22.7696583Z Unpacking libgssdp-1.6-0:amd64 (1.6.3-1build3) ...
e2e	Install Playwright browsers	2025-09-19T13:25:22.8103380Z Selecting previously unselected package libegl1:amd64.
e2e	Install Playwright browsers	2025-09-19T13:25:22.8252139Z Preparing to unpack .../131-libegl1_1.7.0-1build1_amd64.deb ...
e2e	Install Playwright browsers	2025-09-19T13:25:22.8265913Z Unpacking libegl1:amd64 (1.7.0-1build1) ...
e2e	Install Playwright browsers	2025-09-19T13:25:22.8501085Z Selecting previously unselected package libgstreamer-gl1.0-0:amd64.
e2e	Install Playwright browsers	2025-09-19T13:25:22.8635361Z Preparing to unpack .../132-libgstreamer-gl1.0-0_1.24.2-1ubuntu0.3_amd64.deb ...
e2e	Install Playwright browsers	2025-09-19T13:25:22.8644345Z Unpacking libgstreamer-gl1.0-0:amd64 (1.24.2-1ubuntu0.3) ...
e2e	Install Playwright browsers	2025-09-19T13:25:22.8906354Z Selecting previously unselected package libgtk-4-common.
e2e	Install Playwright browsers	2025-09-19T13:25:22.9042171Z Preparing to unpack .../133-libgtk-4-common_4.14.5+ds-0ubuntu0.5_all.deb ...
e2e	Install Playwright browsers	2025-09-19T13:25:22.9052909Z Unpacking libgtk-4-common (4.14.5+ds-0ubuntu0.5) ...
e2e	Install Playwright browsers	2025-09-19T13:25:22.9607447Z Selecting previously unselected package libgtk-4-1:amd64.
e2e	Install Playwright browsers	2025-09-19T13:25:22.9742340Z Preparing to unpack .../134-libgtk-4-1_4.14.5+ds-0ubuntu0.5_amd64.deb ...
e2e	Install Playwright browsers	2025-09-19T13:25:22.9753144Z Unpacking libgtk-4-1:amd64 (4.14.5+ds-0ubuntu0.5) ...
e2e	Install Playwright browsers	2025-09-19T13:25:23.0458275Z Selecting previously unselected package libgupnp-1.6-0:amd64.
e2e	Install Playwright browsers	2025-09-19T13:25:23.0594514Z Preparing to unpack .../135-libgupnp-1.6-0_1.6.6-1build3_amd64.deb ...
e2e	Install Playwright browsers	2025-09-19T13:25:23.0606103Z Unpacking libgupnp-1.6-0:amd64 (1.6.6-1build3) ...
e2e	Install Playwright browsers	2025-09-19T13:25:23.0857128Z Selecting previously unselected package libgupnp-igd-1.6-0:amd64.
e2e	Install Playwright browsers	2025-09-19T13:25:23.0993646Z Preparing to unpack .../136-libgupnp-igd-1.6-0_1.6.0-3build3_amd64.deb ...
e2e	Install Playwright browsers	2025-09-19T13:25:23.1012921Z Unpacking libgupnp-igd-1.6-0:amd64 (1.6.0-3build3) ...
e2e	Install Playwright browsers	2025-09-19T13:25:23.1265312Z Selecting previously unselected package libharfbuzz-icu0:amd64.
e2e	Install Playwright browsers	2025-09-19T13:25:23.1400572Z Preparing to unpack .../137-libharfbuzz-icu0_8.3.0-2build2_amd64.deb ...
e2e	Install Playwright browsers	2025-09-19T13:25:23.1412523Z Unpacking libharfbuzz-icu0:amd64 (8.3.0-2build2) ...
e2e	Install Playwright browsers	2025-09-19T13:25:23.1645958Z Selecting previously unselected package libhyphen0:amd64.
e2e	Install Playwright browsers	2025-09-19T13:25:23.1780446Z Preparing to unpack .../138-libhyphen0_2.8.8-7build3_amd64.deb ...
e2e	Install Playwright browsers	2025-09-19T13:25:23.1790857Z Unpacking libhyphen0:amd64 (2.8.8-7build3) ...
e2e	Install Playwright browsers	2025-09-19T13:25:23.2031521Z Selecting previously unselected package libimath-3-1-29t64:amd64.
e2e	Install Playwright browsers	2025-09-19T13:25:23.2164468Z Preparing to unpack .../139-libimath-3-1-29t64_3.1.9-3.1ubuntu2_amd64.deb ...
e2e	Install Playwright browsers	2025-09-19T13:25:23.2174981Z Unpacking libimath-3-1-29t64:amd64 (3.1.9-3.1ubuntu2) ...
e2e	Install Playwright browsers	2025-09-19T13:25:23.2420964Z Selecting previously unselected package liblc3-1:amd64.
e2e	Install Playwright browsers	2025-09-19T13:25:23.2555259Z Preparing to unpack .../140-liblc3-1_1.0.4-3build1_amd64.deb ...
e2e	Install Playwright browsers	2025-09-19T13:25:23.2563698Z Unpacking liblc3-1:amd64 (1.0.4-3build1) ...
e2e	Install Playwright browsers	2025-09-19T13:25:23.2810158Z Selecting previously unselected package libldacbt-enc2:amd64.
e2e	Install Playwright browsers	2025-09-19T13:25:23.2944881Z Preparing to unpack .../141-libldacbt-enc2_2.0.2.3+git20200429+ed310a0-4ubuntu2_amd64.deb ...
e2e	Install Playwright browsers	2025-09-19T13:25:23.2956136Z Unpacking libldacbt-enc2:amd64 (2.0.2.3+git20200429+ed310a0-4ubuntu2) ...
e2e	Install Playwright browsers	2025-09-19T13:25:23.3190623Z Selecting previously unselected package libraptor2-0:amd64.
e2e	Install Playwright browsers	2025-09-19T13:25:23.3324889Z Preparing to unpack .../142-libraptor2-0_2.0.16-3ubuntu0.1_amd64.deb ...
e2e	Install Playwright browsers	2025-09-19T13:25:23.3336035Z Unpacking libraptor2-0:amd64 (2.0.16-3ubuntu0.1) ...
e2e	Install Playwright browsers	2025-09-19T13:25:23.3574960Z Selecting previously unselected package liblrdf0:amd64.
e2e	Install Playwright browsers	2025-09-19T13:25:23.3707325Z Preparing to unpack .../143-liblrdf0_0.6.1-4build1_amd64.deb ...
e2e	Install Playwright browsers	2025-09-19T13:25:23.3718548Z Unpacking liblrdf0:amd64 (0.6.1-4build1) ...
e2e	Install Playwright browsers	2025-09-19T13:25:23.3945796Z Selecting previously unselected package libltc11:amd64.
e2e	Install Playwright browsers	2025-09-19T13:25:23.4078308Z Preparing to unpack .../144-libltc11_1.3.2-1build1_amd64.deb ...
e2e	Install Playwright browsers	2025-09-19T13:25:23.4089402Z Unpacking libltc11:amd64 (1.3.2-1build1) ...
e2e	Install Playwright browsers	2025-09-19T13:25:23.4304513Z Selecting previously unselected package libmanette-0.2-0:amd64.
e2e	Install Playwright browsers	2025-09-19T13:25:23.4436850Z Preparing to unpack .../145-libmanette-0.2-0_0.2.7-1build2_amd64.deb ...
e2e	Install Playwright browsers	2025-09-19T13:25:23.4446864Z Unpacking libmanette-0.2-0:amd64 (0.2.7-1build2) ...
e2e	Install Playwright browsers	2025-09-19T13:25:23.4675207Z Selecting previously unselected package libmfx1:amd64.
e2e	Install Playwright browsers	2025-09-19T13:25:23.4807335Z Preparing to unpack .../146-libmfx1_22.5.4-1_amd64.deb ...
e2e	Install Playwright browsers	2025-09-19T13:25:23.4818429Z Unpacking libmfx1:amd64 (22.5.4-1) ...
e2e	Install Playwright browsers	2025-09-19T13:25:23.5833574Z Selecting previously unselected package libmjpegutils-2.1-0t64:amd64.
e2e	Install Playwright browsers	2025-09-19T13:25:23.5967352Z Preparing to unpack .../147-libmjpegutils-2.1-0t64_1%3a2.1.0+debian-8.1build1_amd64.deb ...
e2e	Install Playwright browsers	2025-09-19T13:25:23.5978378Z Unpacking libmjpegutils-2.1-0t64:amd64 (1:2.1.0+debian-8.1build1) ...
e2e	Install Playwright browsers	2025-09-19T13:25:23.6206499Z Selecting previously unselected package libmodplug1:amd64.
e2e	Install Playwright browsers	2025-09-19T13:25:23.6339998Z Preparing to unpack .../148-libmodplug1_1%3a0.8.9.0-3build1_amd64.deb ...
e2e	Install Playwright browsers	2025-09-19T13:25:23.6347837Z Unpacking libmodplug1:amd64 (1:0.8.9.0-3build1) ...
e2e	Install Playwright browsers	2025-09-19T13:25:23.6615280Z Selecting previously unselected package libmpcdec6:amd64.
e2e	Install Playwright browsers	2025-09-19T13:25:23.6751293Z Preparing to unpack .../149-libmpcdec6_2%3a0.1~r495-2build1_amd64.deb ...
e2e	Install Playwright browsers	2025-09-19T13:25:23.6762655Z Unpacking libmpcdec6:amd64 (2:0.1~r495-2build1) ...
e2e	Install Playwright browsers	2025-09-19T13:25:23.6981658Z Selecting previously unselected package libmpeg2encpp-2.1-0t64:amd64.
e2e	Install Playwright browsers	2025-09-19T13:25:23.7116050Z Preparing to unpack .../150-libmpeg2encpp-2.1-0t64_1%3a2.1.0+debian-8.1build1_amd64.deb ...
e2e	Install Playwright browsers	2025-09-19T13:25:23.7127306Z Unpacking libmpeg2encpp-2.1-0t64:amd64 (1:2.1.0+debian-8.1build1) ...
e2e	Install Playwright browsers	2025-09-19T13:25:23.7368086Z Selecting previously unselected package libmplex2-2.1-0t64:amd64.
e2e	Install Playwright browsers	2025-09-19T13:25:23.7502531Z Preparing to unpack .../151-libmplex2-2.1-0t64_1%3a2.1.0+debian-8.1build1_amd64.deb ...
e2e	Install Playwright browsers	2025-09-19T13:25:23.7515915Z Unpacking libmplex2-2.1-0t64:amd64 (1:2.1.0+debian-8.1build1) ...
e2e	Install Playwright browsers	2025-09-19T13:25:23.7743800Z Selecting previously unselected package libneon27t64:amd64.
e2e	Install Playwright browsers	2025-09-19T13:25:23.7877912Z Preparing to unpack .../152-libneon27t64_0.33.0-1.1build3_amd64.deb ...
e2e	Install Playwright browsers	2025-09-19T13:25:23.7888871Z Unpacking libneon27t64:amd64 (0.33.0-1.1build3) ...
e2e	Install Playwright browsers	2025-09-19T13:25:23.8141139Z Selecting previously unselected package libnice10:amd64.
e2e	Install Playwright browsers	2025-09-19T13:25:23.8275488Z Preparing to unpack .../153-libnice10_0.1.21-2build3_amd64.deb ...
e2e	Install Playwright browsers	2025-09-19T13:25:23.8284571Z Unpacking libnice10:amd64 (0.1.21-2build3) ...
e2e	Install Playwright browsers	2025-09-19T13:25:23.8520602Z Selecting previously unselected package libopenal-data.
e2e	Install Playwright browsers	2025-09-19T13:25:23.8653937Z Preparing to unpack .../154-libopenal-data_1%3a1.23.1-4build1_all.deb ...
e2e	Install Playwright browsers	2025-09-19T13:25:23.8661653Z Unpacking libopenal-data (1:1.23.1-4build1) ...
e2e	Install Playwright browsers	2025-09-19T13:25:23.8900111Z Selecting previously unselected package libopenexr-3-1-30:amd64.
e2e	Install Playwright browsers	2025-09-19T13:25:23.9032634Z Preparing to unpack .../155-libopenexr-3-1-30_3.1.5-5.1build3_amd64.deb ...
e2e	Install Playwright browsers	2025-09-19T13:25:23.9043810Z Unpacking libopenexr-3-1-30:amd64 (3.1.5-5.1build3) ...
e2e	Install Playwright browsers	2025-09-19T13:25:23.9424817Z Selecting previously unselected package libopenh264-7:amd64.
e2e	Install Playwright browsers	2025-09-19T13:25:23.9560223Z Preparing to unpack .../156-libopenh264-7_2.4.1+dfsg-1_amd64.deb ...
e2e	Install Playwright browsers	2025-09-19T13:25:23.9571117Z Unpacking libopenh264-7:amd64 (2.4.1+dfsg-1) ...
e2e	Install Playwright browsers	2025-09-19T13:25:23.9865027Z Selecting previously unselected package libopenni2-0:amd64.
e2e	Install Playwright browsers	2025-09-19T13:25:24.0000353Z Preparing to unpack .../157-libopenni2-0_2.2.0.33+dfsg-18_amd64.deb ...
e2e	Install Playwright browsers	2025-09-19T13:25:24.0035348Z Unpacking libopenni2-0:amd64 (2.2.0.33+dfsg-18) ...
e2e	Install Playwright browsers	2025-09-19T13:25:24.0320192Z Selecting previously unselected package libqrencode4:amd64.
e2e	Install Playwright browsers	2025-09-19T13:25:24.0454328Z Preparing to unpack .../158-libqrencode4_4.1.1-1build2_amd64.deb ...
e2e	Install Playwright browsers	2025-09-19T13:25:24.0463707Z Unpacking libqrencode4:amd64 (4.1.1-1build2) ...
e2e	Install Playwright browsers	2025-09-19T13:25:24.0694702Z Selecting previously unselected package libsecret-common.
e2e	Install Playwright browsers	2025-09-19T13:25:24.0830146Z Preparing to unpack .../159-libsecret-common_0.21.4-1build3_all.deb ...
e2e	Install Playwright browsers	2025-09-19T13:25:24.0839832Z Unpacking libsecret-common (0.21.4-1build3) ...
e2e	Install Playwright browsers	2025-09-19T13:25:24.1066987Z Selecting previously unselected package libsecret-1-0:amd64.
e2e	Install Playwright browsers	2025-09-19T13:25:24.1200856Z Preparing to unpack .../160-libsecret-1-0_0.21.4-1build3_amd64.deb ...
e2e	Install Playwright browsers	2025-09-19T13:25:24.1211133Z Unpacking libsecret-1-0:amd64 (0.21.4-1build3) ...
e2e	Install Playwright browsers	2025-09-19T13:25:24.1460421Z Selecting previously unselected package libsndio7.0:amd64.
e2e	Install Playwright browsers	2025-09-19T13:25:24.1592754Z Preparing to unpack .../161-libsndio7.0_1.9.0-0.3build3_amd64.deb ...
e2e	Install Playwright browsers	2025-09-19T13:25:24.1601536Z Unpacking libsndio7.0:amd64 (1.9.0-0.3build3) ...
e2e	Install Playwright browsers	2025-09-19T13:25:24.1961873Z Selecting previously unselected package libsoundtouch1:amd64.
e2e	Install Playwright browsers	2025-09-19T13:25:24.2095225Z Preparing to unpack .../162-libsoundtouch1_2.3.2+ds1-1build1_amd64.deb ...
e2e	Install Playwright browsers	2025-09-19T13:25:24.2105834Z Unpacking libsoundtouch1:amd64 (2.3.2+ds1-1build1) ...
e2e	Install Playwright browsers	2025-09-19T13:25:24.2450041Z Selecting previously unselected package libspandsp2t64:amd64.
e2e	Install Playwright browsers	2025-09-19T13:25:24.2582747Z Preparing to unpack .../163-libspandsp2t64_0.0.6+dfsg-2.1build1_amd64.deb ...
e2e	Install Playwright browsers	2025-09-19T13:25:24.2592448Z Unpacking libspandsp2t64:amd64 (0.0.6+dfsg-2.1build1) ...
e2e	Install Playwright browsers	2025-09-19T13:25:24.2848564Z Selecting previously unselected package libsrtp2-1:amd64.
e2e	Install Playwright browsers	2025-09-19T13:25:24.2980190Z Preparing to unpack .../164-libsrtp2-1_2.5.0-3build1_amd64.deb ...
e2e	Install Playwright browsers	2025-09-19T13:25:24.2990350Z Unpacking libsrtp2-1:amd64 (2.5.0-3build1) ...
e2e	Install Playwright browsers	2025-09-19T13:25:24.3232739Z Selecting previously unselected package libwildmidi2:amd64.
e2e	Install Playwright browsers	2025-09-19T13:25:24.3366791Z Preparing to unpack .../165-libwildmidi2_0.4.3-1build3_amd64.deb ...
e2e	Install Playwright browsers	2025-09-19T13:25:24.3376916Z Unpacking libwildmidi2:amd64 (0.4.3-1build3) ...
e2e	Install Playwright browsers	2025-09-19T13:25:24.3612007Z Selecting previously unselected package libwoff1:amd64.
e2e	Install Playwright browsers	2025-09-19T13:25:24.3746428Z Preparing to unpack .../166-libwoff1_1.0.2-2build1_amd64.deb ...
e2e	Install Playwright browsers	2025-09-19T13:25:24.3759159Z Unpacking libwoff1:amd64 (1.0.2-2build1) ...
e2e	Install Playwright browsers	2025-09-19T13:25:24.3987233Z Selecting previously unselected package libxcb-xkb1:amd64.
e2e	Install Playwright browsers	2025-09-19T13:25:24.4121113Z Preparing to unpack .../167-libxcb-xkb1_1.15-1ubuntu2_amd64.deb ...
e2e	Install Playwright browsers	2025-09-19T13:25:24.4130778Z Unpacking libxcb-xkb1:amd64 (1.15-1ubuntu2) ...
e2e	Install Playwright browsers	2025-09-19T13:25:24.4349192Z Selecting previously unselected package libxkbcommon-x11-0:amd64.
e2e	Install Playwright browsers	2025-09-19T13:25:24.4483862Z Preparing to unpack .../168-libxkbcommon-x11-0_1.6.0-1build1_amd64.deb ...
e2e	Install Playwright browsers	2025-09-19T13:25:24.4494046Z Unpacking libxkbcommon-x11-0:amd64 (1.6.0-1build1) ...
e2e	Install Playwright browsers	2025-09-19T13:25:24.4707582Z Selecting previously unselected package libzbar0t64:amd64.
e2e	Install Playwright browsers	2025-09-19T13:25:24.4842078Z Preparing to unpack .../169-libzbar0t64_0.23.93-4build3_amd64.deb ...
e2e	Install Playwright browsers	2025-09-19T13:25:24.4851867Z Unpacking libzbar0t64:amd64 (0.23.93-4build3) ...
e2e	Install Playwright browsers	2025-09-19T13:25:24.5102290Z Selecting previously unselected package libzxing3:amd64.
e2e	Install Playwright browsers	2025-09-19T13:25:24.5234519Z Preparing to unpack .../170-libzxing3_2.2.1-3_amd64.deb ...
e2e	Install Playwright browsers	2025-09-19T13:25:24.5245066Z Unpacking libzxing3:amd64 (2.2.1-3) ...
e2e	Install Playwright browsers	2025-09-19T13:25:24.5503053Z Selecting previously unselected package xfonts-encodings.
e2e	Install Playwright browsers	2025-09-19T13:25:24.5636669Z Preparing to unpack .../171-xfonts-encodings_1%3a1.0.5-0ubuntu2_all.deb ...
e2e	Install Playwright browsers	2025-09-19T13:25:24.5646510Z Unpacking xfonts-encodings (1:1.0.5-0ubuntu2) ...
e2e	Install Playwright browsers	2025-09-19T13:25:24.5953968Z Selecting previously unselected package xfonts-utils.
e2e	Install Playwright browsers	2025-09-19T13:25:24.6086913Z Preparing to unpack .../172-xfonts-utils_1%3a7.7+6build3_amd64.deb ...
e2e	Install Playwright browsers	2025-09-19T13:25:24.6095290Z Unpacking xfonts-utils (1:7.7+6build3) ...
e2e	Install Playwright browsers	2025-09-19T13:25:24.7874313Z Selecting previously unselected package xfonts-cyrillic.
e2e	Install Playwright browsers	2025-09-19T13:25:24.8008626Z Preparing to unpack .../173-xfonts-cyrillic_1%3a1.0.5+nmu1_all.deb ...
e2e	Install Playwright browsers	2025-09-19T13:25:24.8019761Z Unpacking xfonts-cyrillic (1:1.0.5+nmu1) ...
e2e	Install Playwright browsers	2025-09-19T13:25:24.8403743Z Selecting previously unselected package xfonts-scalable.
e2e	Install Playwright browsers	2025-09-19T13:25:24.8537802Z Preparing to unpack .../174-xfonts-scalable_1%3a1.0.3-1.3_all.deb ...
e2e	Install Playwright browsers	2025-09-19T13:25:24.8548196Z Unpacking xfonts-scalable (1:1.0.3-1.3) ...
e2e	Install Playwright browsers	2025-09-19T13:25:24.8806396Z Selecting previously unselected package libgstreamer-plugins-bad1.0-0:amd64.
e2e	Install Playwright browsers	2025-09-19T13:25:24.8942763Z Preparing to unpack .../175-libgstreamer-plugins-bad1.0-0_1.24.2-1ubuntu4_amd64.deb ...
e2e	Install Playwright browsers	2025-09-19T13:25:24.8954751Z Unpacking libgstreamer-plugins-bad1.0-0:amd64 (1.24.2-1ubuntu4) ...
e2e	Install Playwright browsers	2025-09-19T13:25:24.9356681Z Selecting previously unselected package libdca0:amd64.
e2e	Install Playwright browsers	2025-09-19T13:25:24.9492169Z Preparing to unpack .../176-libdca0_0.0.7-2build1_amd64.deb ...
e2e	Install Playwright browsers	2025-09-19T13:25:24.9502276Z Unpacking libdca0:amd64 (0.0.7-2build1) ...
e2e	Install Playwright browsers	2025-09-19T13:25:24.9737862Z Selecting previously unselected package libopenal1:amd64.
e2e	Install Playwright browsers	2025-09-19T13:25:24.9873266Z Preparing to unpack .../177-libopenal1_1%3a1.23.1-4build1_amd64.deb ...
e2e	Install Playwright browsers	2025-09-19T13:25:24.9883649Z Unpacking libopenal1:amd64 (1:1.23.1-4build1) ...
e2e	Install Playwright browsers	2025-09-19T13:25:25.0164172Z Selecting previously unselected package libsbc1:amd64.
e2e	Install Playwright browsers	2025-09-19T13:25:25.0298587Z Preparing to unpack .../178-libsbc1_2.0-1build1_amd64.deb ...
e2e	Install Playwright browsers	2025-09-19T13:25:25.0309424Z Unpacking libsbc1:amd64 (2.0-1build1) ...
e2e	Install Playwright browsers	2025-09-19T13:25:25.0550453Z Selecting previously unselected package libvo-aacenc0:amd64.
e2e	Install Playwright browsers	2025-09-19T13:25:25.0685718Z Preparing to unpack .../179-libvo-aacenc0_0.1.3-2build1_amd64.deb ...
e2e	Install Playwright browsers	2025-09-19T13:25:25.0694993Z Unpacking libvo-aacenc0:amd64 (0.1.3-2build1) ...
e2e	Install Playwright browsers	2025-09-19T13:25:25.0930203Z Selecting previously unselected package libvo-amrwbenc0:amd64.
e2e	Install Playwright browsers	2025-09-19T13:25:25.1068512Z Preparing to unpack .../180-libvo-amrwbenc0_0.1.3-2build1_amd64.deb ...
e2e	Install Playwright browsers	2025-09-19T13:25:25.1078228Z Unpacking libvo-amrwbenc0:amd64 (0.1.3-2build1) ...
e2e	Install Playwright browsers	2025-09-19T13:25:25.1321226Z Selecting previously unselected package gstreamer1.0-plugins-bad:amd64.
e2e	Install Playwright browsers	2025-09-19T13:25:25.1455329Z Preparing to unpack .../181-gstreamer1.0-plugins-bad_1.24.2-1ubuntu4_amd64.deb ...
e2e	Install Playwright browsers	2025-09-19T13:25:25.1464181Z Unpacking gstreamer1.0-plugins-bad:amd64 (1.24.2-1ubuntu4) ...
e2e	Install Playwright browsers	2025-09-19T13:25:25.4652551Z Setting up libgme0:amd64 (0.6.3-7build1) ...
e2e	Install Playwright browsers	2025-09-19T13:25:25.4684325Z Setting up libchromaprint1:amd64 (1.5.1-5) ...
e2e	Install Playwright browsers	2025-09-19T13:25:25.4707507Z Setting up libssh-gcrypt-4:amd64 (0.10.6-2ubuntu0.1) ...
e2e	Install Playwright browsers	2025-09-19T13:25:25.4732299Z Setting up libhwy1t64:amd64 (1.0.7-8.1build1) ...
e2e	Install Playwright browsers	2025-09-19T13:25:25.4760677Z Setting up libcairo-script-interpreter2:amd64 (1.18.0-3build1) ...
e2e	Install Playwright browsers	2025-09-19T13:25:25.4791882Z Setting up libfreeaptx0:amd64 (0.1.1-2build1) ...
e2e	Install Playwright browsers	2025-09-19T13:25:25.4812821Z Setting up libdvdread8t64:amd64 (6.1.3-1.1build1) ...
e2e	Install Playwright browsers	2025-09-19T13:25:25.4838764Z Setting up libudfread0:amd64 (1.1.2-1build1) ...
e2e	Install Playwright browsers	2025-09-19T13:25:25.4862607Z Setting up libmodplug1:amd64 (1:0.8.9.0-3build1) ...
e2e	Install Playwright browsers	2025-09-19T13:25:25.4886073Z Setting up libcdparanoia0:amd64 (3.10.2+debian-14build3) ...
e2e	Install Playwright browsers	2025-09-19T13:25:25.4915506Z Setting up libvo-amrwbenc0:amd64 (0.1.3-2build1) ...
e2e	Install Playwright browsers	2025-09-19T13:25:25.4938063Z Setting up session-migration (0.3.9build1) ...
e2e	Install Playwright browsers	2025-09-19T13:25:25.6274901Z Created symlink /etc/systemd/user/graphical-session-pre.target.wants/session-migration.service → /usr/lib/systemd/user/session-migration.service.
e2e	Install Playwright browsers	2025-09-19T13:25:25.6275937Z 
e2e	Install Playwright browsers	2025-09-19T13:25:25.6306015Z Setting up libraw1394-11:amd64 (2.1.2-2build3) ...
e2e	Install Playwright browsers	2025-09-19T13:25:25.6335816Z Setting up libsbc1:amd64 (2.0-1build1) ...
e2e	Install Playwright browsers	2025-09-19T13:25:25.6358012Z Setting up libproxy1v5:amd64 (0.5.4-4build1) ...
e2e	Install Playwright browsers	2025-09-19T13:25:25.6388696Z Setting up libtag1v5-vanilla:amd64 (1.13.1-1build1) ...
e2e	Install Playwright browsers	2025-09-19T13:25:25.6418085Z Setting up libharfbuzz-icu0:amd64 (8.3.0-2build2) ...
e2e	Install Playwright browsers	2025-09-19T13:25:25.6444592Z Setting up libopenni2-0:amd64 (2.2.0.33+dfsg-18) ...
e2e	Install Playwright browsers	2025-09-19T13:25:25.6626167Z Setting up libspeex1:amd64 (1.2.1-2ubuntu2.24.04.1) ...
e2e	Install Playwright browsers	2025-09-19T13:25:25.6659799Z Setting up libshine3:amd64 (3.1.1-2build1) ...
e2e	Install Playwright browsers	2025-09-19T13:25:25.6698542Z Setting up libcaca0:amd64 (0.99.beta20-4build2) ...
e2e	Install Playwright browsers	2025-09-19T13:25:25.6726818Z Setting up libvpl2 (2023.3.0-1build1) ...
e2e	Install Playwright browsers	2025-09-19T13:25:25.6751533Z Setting up libv4lconvert0t64:amd64 (1.26.1-4build3) ...
e2e	Install Playwright browsers	2025-09-19T13:25:25.6838426Z Setting up libx264-164:amd64 (2:0.164.3108+git31e19f9-1) ...
e2e	Install Playwright browsers	2025-09-19T13:25:25.6866477Z Setting up libtwolame0:amd64 (0.4.0-2build3) ...
e2e	Install Playwright browsers	2025-09-19T13:25:25.6901753Z Setting up libmbedcrypto7t64:amd64 (2.28.8-1) ...
e2e	Install Playwright browsers	2025-09-19T13:25:25.6935956Z Setting up libwoff1:amd64 (1.0.2-2build1) ...
e2e	Install Playwright browsers	2025-09-19T13:25:25.6963261Z Setting up liblc3-1:amd64 (1.0.4-3build1) ...
e2e	Install Playwright browsers	2025-09-19T13:25:25.6988840Z Setting up libqrencode4:amd64 (4.1.1-1build2) ...
e2e	Install Playwright browsers	2025-09-19T13:25:25.7012288Z Setting up libhyphen0:amd64 (2.8.8-7build3) ...
e2e	Install Playwright browsers	2025-09-19T13:25:25.7037774Z Setting up libgsm1:amd64 (1.0.22-1build1) ...
e2e	Install Playwright browsers	2025-09-19T13:25:25.7063371Z Setting up libvisual-0.4-0:amd64 (0.4.2-2build1) ...
e2e	Install Playwright browsers	2025-09-19T13:25:25.7087115Z Setting up libsoxr0:amd64 (0.1.3-4build3) ...
e2e	Install Playwright browsers	2025-09-19T13:25:25.7114739Z Setting up libzix-0-0:amd64 (0.4.2-2build1) ...
e2e	Install Playwright browsers	2025-09-19T13:25:25.7139845Z Setting up libcodec2-1.2:amd64 (1.2.0-2build1) ...
e2e	Install Playwright browsers	2025-09-19T13:25:25.7163452Z Setting up libmanette-0.2-0:amd64 (0.2.7-1build2) ...
e2e	Install Playwright browsers	2025-09-19T13:25:25.7192306Z Setting up libsrtp2-1:amd64 (2.5.0-3build1) ...
e2e	Install Playwright browsers	2025-09-19T13:25:25.7217668Z Setting up libmysofa1:amd64 (1.3.2+dfsg-2ubuntu2) ...
e2e	Install Playwright browsers	2025-09-19T13:25:25.7247121Z Setting up libldacbt-enc2:amd64 (2.0.2.3+git20200429+ed310a0-4ubuntu2) ...
e2e	Install Playwright browsers	2025-09-19T13:25:25.7290719Z Setting up fonts-wqy-zenhei (0.9.45-8) ...
e2e	Install Playwright browsers	2025-09-19T13:25:25.7438459Z Setting up libwebrtc-audio-processing1:amd64 (0.3.1-0ubuntu6) ...
e2e	Install Playwright browsers	2025-09-19T13:25:25.7479594Z Setting up fonts-freefont-ttf (20211204+svn4273-2) ...
e2e	Install Playwright browsers	2025-09-19T13:25:25.7517552Z Setting up libevent-2.1-7t64:amd64 (2.1.12-stable-9ubuntu2) ...
e2e	Install Playwright browsers	2025-09-19T13:25:25.7563669Z Setting up libsvtav1enc1d1:amd64 (1.7.0+dfsg-2build1) ...
e2e	Install Playwright browsers	2025-09-19T13:25:25.7591816Z Setting up libsoup-3.0-common (3.4.4-5ubuntu0.5) ...
e2e	Install Playwright browsers	2025-09-19T13:25:25.7629507Z Setting up libmpg123-0t64:amd64 (1.32.5-1ubuntu1.1) ...
e2e	Install Playwright browsers	2025-09-19T13:25:25.7680348Z Setting up libcjson1:amd64 (1.7.17-1) ...
e2e	Install Playwright browsers	2025-09-19T13:25:25.7710730Z Setting up libxvidcore4:amd64 (2:1.3.7-1build1) ...
e2e	Install Playwright browsers	2025-09-19T13:25:25.7744071Z Setting up libmpcdec6:amd64 (2:0.1~r495-2build1) ...
e2e	Install Playwright browsers	2025-09-19T13:25:25.7792430Z Setting up libmjpegutils-2.1-0t64:amd64 (1:2.1.0+debian-8.1build1) ...
e2e	Install Playwright browsers	2025-09-19T13:25:25.7844331Z Setting up librav1e0:amd64 (0.7.1-2) ...
e2e	Install Playwright browsers	2025-09-19T13:25:25.7877564Z Setting up liborc-0.4-0t64:amd64 (1:0.4.38-1ubuntu0.1) ...
e2e	Install Playwright browsers	2025-09-19T13:25:25.7947602Z Setting up libxcb-xkb1:amd64 (1.15-1ubuntu2) ...
e2e	Install Playwright browsers	2025-09-19T13:25:25.7976824Z Setting up libvo-aacenc0:amd64 (0.1.3-2build1) ...
e2e	Install Playwright browsers	2025-09-19T13:25:25.8013387Z Setting up librist4:amd64 (0.2.10+dfsg-2) ...
e2e	Install Playwright browsers	2025-09-19T13:25:25.8047076Z Setting up libblas3:amd64 (3.12.0-3build1.1) ...
e2e	Install Playwright browsers	2025-09-19T13:25:25.8119589Z update-alternatives: using /usr/lib/x86_64-linux-gnu/blas/libblas.so.3 to provide /usr/lib/x86_64-linux-gnu/libblas.so.3 (libblas.so.3-x86_64-linux-gnu) in auto mode
e2e	Install Playwright browsers	2025-09-19T13:25:25.8144567Z Setting up libegl-mesa0:amd64 (25.0.7-0ubuntu0.24.04.2) ...
e2e	Install Playwright browsers	2025-09-19T13:25:25.8174211Z Setting up libsoundtouch1:amd64 (2.3.2+ds1-1build1) ...
e2e	Install Playwright browsers	2025-09-19T13:25:25.8199518Z Setting up libplacebo338:amd64 (6.338.2-2build1) ...
e2e	Install Playwright browsers	2025-09-19T13:25:25.8226199Z Setting up libgles2:amd64 (1.7.0-1build1) ...
e2e	Install Playwright browsers	2025-09-19T13:25:25.8252953Z Setting up fonts-tlwg-loma-otf (1:0.7.3-1) ...
e2e	Install Playwright browsers	2025-09-19T13:25:25.8289556Z Setting up libva2:amd64 (2.20.0-2build1) ...
e2e	Install Playwright browsers	2025-09-19T13:25:25.8321875Z Setting up libspa-0.2-modules:amd64 (1.0.5-1ubuntu3.1) ...
e2e	Install Playwright browsers	2025-09-19T13:25:25.8353618Z Setting up libzxing3:amd64 (2.2.1-3) ...
e2e	Install Playwright browsers	2025-09-19T13:25:25.8390379Z Setting up xfonts-encodings (1:1.0.5-0ubuntu2) ...
e2e	Install Playwright browsers	2025-09-19T13:25:25.8421998Z Setting up libopus0:amd64 (1.4-1build1) ...
e2e	Install Playwright browsers	2025-09-19T13:25:25.8456075Z Setting up libfaad2:amd64 (2.11.1-1build1) ...
e2e	Install Playwright browsers	2025-09-19T13:25:25.8482120Z Setting up libxkbcommon-x11-0:amd64 (1.6.0-1build1) ...
e2e	Install Playwright browsers	2025-09-19T13:25:25.8510434Z Setting up libdc1394-25:amd64 (2.2.6-4build1) ...
e2e	Install Playwright browsers	2025-09-19T13:25:25.8545305Z Setting up libimath-3-1-29t64:amd64 (3.1.9-3.1ubuntu2) ...
e2e	Install Playwright browsers	2025-09-19T13:25:25.8584877Z Setting up libunibreak5:amd64 (5.1-2build1) ...
e2e	Install Playwright browsers	2025-09-19T13:25:25.8617173Z Setting up libdv4t64:amd64 (1.0.0-17.1build1) ...
e2e	Install Playwright browsers	2025-09-19T13:25:25.8644287Z Setting up libjxl0.7:amd64 (0.7.0-10.2ubuntu6.1) ...
e2e	Install Playwright browsers	2025-09-19T13:25:25.8671727Z Setting up libopenh264-7:amd64 (2.4.1+dfsg-1) ...
e2e	Install Playwright browsers	2025-09-19T13:25:25.8706938Z Setting up libltc11:amd64 (1.3.2-1build1) ...
e2e	Install Playwright browsers	2025-09-19T13:25:25.8746075Z Setting up libx265-199:amd64 (3.5-2build1) ...
e2e	Install Playwright browsers	2025-09-19T13:25:25.8792249Z Setting up libv4l-0t64:amd64 (1.26.1-4build3) ...
e2e	Install Playwright browsers	2025-09-19T13:25:25.8821700Z Setting up libavtp0:amd64 (0.2.0-1build1) ...
e2e	Install Playwright browsers	2025-09-19T13:25:25.8860290Z Setting up libsndio7.0:amd64 (1.9.0-0.3build3) ...
e2e	Install Playwright browsers	2025-09-19T13:25:25.8898895Z Setting up libdirectfb-1.7-7t64:amd64 (1.7.7-11.1ubuntu2) ...
e2e	Install Playwright browsers	2025-09-19T13:25:25.8931508Z Setting up libspandsp2t64:amd64 (0.0.6+dfsg-2.1build1) ...
e2e	Install Playwright browsers	2025-09-19T13:25:25.8968231Z Setting up libvidstab1.1:amd64 (1.1.0-2build1) ...
e2e	Install Playwright browsers	2025-09-19T13:25:25.9001861Z Setting up libvpx9:amd64 (1.14.0-1ubuntu2.2) ...
e2e	Install Playwright browsers	2025-09-19T13:25:25.9191031Z Setting up libsrt1.5-gnutls:amd64 (1.5.3-1build2) ...
e2e	Install Playwright browsers	2025-09-19T13:25:25.9219312Z Setting up libtag1v5:amd64 (1.13.1-1build1) ...
e2e	Install Playwright browsers	2025-09-19T13:25:25.9253436Z Setting up libflite1:amd64 (2.2-6build3) ...
e2e	Install Playwright browsers	2025-09-19T13:25:25.9289449Z Setting up libdav1d7:amd64 (1.4.1-1build1) ...
e2e	Install Playwright browsers	2025-09-19T13:25:25.9326581Z Setting up libva-drm2:amd64 (2.20.0-2build1) ...
e2e	Install Playwright browsers	2025-09-19T13:25:25.9360617Z Setting up fonts-ipafont-gothic (00303-21ubuntu1) ...
e2e	Install Playwright browsers	2025-09-19T13:25:25.9443429Z update-alternatives: using /usr/share/fonts/opentype/ipafont-gothic/ipag.ttf to provide /usr/share/fonts/truetype/fonts-japanese-gothic.ttf (fonts-japanese-gothic.ttf) in auto mode
e2e	Install Playwright browsers	2025-09-19T13:25:25.9460988Z Setting up ocl-icd-libopencl1:amd64 (2.3.2-1build1) ...
e2e	Install Playwright browsers	2025-09-19T13:25:25.9491994Z Setting up libasyncns0:amd64 (0.8-6build4) ...
e2e	Install Playwright browsers	2025-09-19T13:25:25.9527379Z Setting up libwildmidi2:amd64 (0.4.3-1build3) ...
e2e	Install Playwright browsers	2025-09-19T13:25:25.9557341Z Setting up libvdpau1:amd64 (1.5-2build1) ...
e2e	Install Playwright browsers	2025-09-19T13:25:25.9603960Z Setting up libwavpack1:amd64 (5.6.0-1build1) ...
e2e	Install Playwright browsers	2025-09-19T13:25:25.9634192Z Setting up libbs2b0:amd64 (3.1.0+dfsg-7build1) ...
e2e	Install Playwright browsers	2025-09-19T13:25:25.9665792Z Setting up libtheora0:amd64 (1.1.1+dfsg.1-16.1build3) ...
e2e	Install Playwright browsers	2025-09-19T13:25:25.9705587Z Setting up libegl1:amd64 (1.7.0-1build1) ...
e2e	Install Playwright browsers	2025-09-19T13:25:25.9734972Z Setting up libdecor-0-0:amd64 (0.2.2-1build2) ...
e2e	Install Playwright browsers	2025-09-19T13:25:25.9771891Z Setting up libdca0:amd64 (0.0.7-2build1) ...
e2e	Install Playwright browsers	2025-09-19T13:25:25.9810793Z Setting up libzimg2:amd64 (3.0.5+ds1-1build1) ...
e2e	Install Playwright browsers	2025-09-19T13:25:25.9844640Z Setting up libopenal-data (1:1.23.1-4build1) ...
e2e	Install Playwright browsers	2025-09-19T13:25:25.9886080Z Setting up libabsl20220623t64:amd64 (20220623.1-3.1ubuntu3.2) ...
e2e	Install Playwright browsers	2025-09-19T13:25:25.9912358Z Setting up libflac12t64:amd64 (1.4.3+ds-2.1ubuntu2) ...
e2e	Install Playwright browsers	2025-09-19T13:25:25.9949531Z Setting up libgtk-4-common (4.14.5+ds-0ubuntu0.5) ...
e2e	Install Playwright browsers	2025-09-19T13:25:25.9975844Z Setting up libmpeg2encpp-2.1-0t64:amd64 (1:2.1.0+debian-8.1build1) ...
e2e	Install Playwright browsers	2025-09-19T13:25:26.0002042Z Setting up glib-networking-common (2.80.0-1build1) ...
e2e	Install Playwright browsers	2025-09-19T13:25:26.0036071Z Setting up libmfx1:amd64 (22.5.4-1) ...
e2e	Install Playwright browsers	2025-09-19T13:25:26.0063677Z Setting up libsamplerate0:amd64 (0.2.2-4build1) ...
e2e	Install Playwright browsers	2025-09-19T13:25:26.0098524Z Setting up timgm6mb-soundfont (1.3-5) ...
e2e	Install Playwright browsers	2025-09-19T13:25:26.0225556Z update-alternatives: using /usr/share/sounds/sf2/TimGM6mb.sf2 to provide /usr/share/sounds/sf2/default-GM.sf2 (default-GM.sf2) in auto mode
e2e	Install Playwright browsers	2025-09-19T13:25:26.0269825Z update-alternatives: using /usr/share/sounds/sf2/TimGM6mb.sf2 to provide /usr/share/sounds/sf3/default-GM.sf3 (default-GM.sf3) in auto mode
e2e	Install Playwright browsers	2025-09-19T13:25:26.0292095Z Setting up libva-x11-2:amd64 (2.20.0-2build1) ...
e2e	Install Playwright browsers	2025-09-19T13:25:26.0322745Z Setting up libyuv0:amd64 (0.0~git202401110.af6ac82-1) ...
e2e	Install Playwright browsers	2025-09-19T13:25:26.0356454Z Setting up libmplex2-2.1-0t64:amd64 (1:2.1.0+debian-8.1build1) ...
e2e	Install Playwright browsers	2025-09-19T13:25:26.0383579Z Setting up libpipewire-0.3-0t64:amd64 (1.0.5-1ubuntu3.1) ...
e2e	Install Playwright browsers	2025-09-19T13:25:26.0420710Z Setting up libcups2t64:amd64 (2.4.7-1.2ubuntu7.4) ...
e2e	Install Playwright browsers	2025-09-19T13:25:26.0455279Z Setting up libxml2:amd64 (2.9.14+dfsg-1.3ubuntu3.5) ...
e2e	Install Playwright browsers	2025-09-19T13:25:26.0488616Z Setting up libopenmpt0t64:amd64 (0.7.3-1.1build3) ...
e2e	Install Playwright browsers	2025-09-19T13:25:26.0530040Z Setting up libzvbi-common (0.2.42-2) ...
e2e	Install Playwright browsers	2025-09-19T13:25:26.0557602Z Setting up libsecret-common (0.21.4-1build3) ...
e2e	Install Playwright browsers	2025-09-19T13:25:26.0582094Z Setting up libmp3lame0:amd64 (3.100-6build1) ...
e2e	Install Playwright browsers	2025-09-19T13:25:26.0622778Z Setting up libgraphene-1.0-0:amd64 (1.10.8-3build2) ...
e2e	Install Playwright browsers	2025-09-19T13:25:26.0659415Z Setting up libvorbisenc2:amd64 (1.3.7-1build3) ...
e2e	Install Playwright browsers	2025-09-19T13:25:26.0694424Z Setting up libdvdnav4:amd64 (6.1.1-3build1) ...
e2e	Install Playwright browsers	2025-09-19T13:25:26.0727555Z Setting up fonts-unifont (1:15.1.01-1build1) ...
e2e	Install Playwright browsers	2025-09-19T13:25:26.0753525Z Setting up libaa1:amd64 (1.4p5-51.1) ...
e2e	Install Playwright browsers	2025-09-19T13:25:26.0783152Z Setting up libiec61883-0:amd64 (1.2.0-6build1) ...
e2e	Install Playwright browsers	2025-09-19T13:25:26.0820809Z Setting up libserd-0-0:amd64 (0.32.2-1) ...
e2e	Install Playwright browsers	2025-09-19T13:25:26.0851798Z Setting up libavc1394-0:amd64 (0.5.4-5build3) ...
e2e	Install Playwright browsers	2025-09-19T13:25:26.0885222Z Setting up gsettings-desktop-schemas (46.1-0ubuntu1) ...
e2e	Install Playwright browsers	2025-09-19T13:25:26.0919722Z Setting up glib-networking-services (2.80.0-1build1) ...
e2e	Install Playwright browsers	2025-09-19T13:25:26.0950505Z Setting up liblapack3:amd64 (3.12.0-3build1.1) ...
e2e	Install Playwright browsers	2025-09-19T13:25:26.1012860Z update-alternatives: using /usr/lib/x86_64-linux-gnu/lapack/liblapack.so.3 to provide /usr/lib/x86_64-linux-gnu/liblapack.so.3 (liblapack.so.3-x86_64-linux-gnu) in auto mode
e2e	Install Playwright browsers	2025-09-19T13:25:26.1033857Z Setting up libneon27t64:amd64 (0.33.0-1.1build3) ...
e2e	Install Playwright browsers	2025-09-19T13:25:26.1064646Z Setting up libzvbi0t64:amd64 (0.2.42-2) ...
e2e	Install Playwright browsers	2025-09-19T13:25:26.1099997Z Setting up libraptor2-0:amd64 (2.0.16-3ubuntu0.1) ...
e2e	Install Playwright browsers	2025-09-19T13:25:26.1132008Z Setting up libzbar0t64:amd64 (0.23.93-4build3) ...
e2e	Install Playwright browsers	2025-09-19T13:25:26.1161088Z Setting up libgstreamer-plugins-base1.0-0:amd64 (1.24.2-1ubuntu0.3) ...
e2e	Install Playwright browsers	2025-09-19T13:25:26.1196410Z Setting up libavutil58:amd64 (7:6.1.1-3ubuntu5) ...
e2e	Install Playwright browsers	2025-09-19T13:25:26.1255139Z Setting up libopenal1:amd64 (1:1.23.1-4build1) ...
e2e	Install Playwright browsers	2025-09-19T13:25:26.1301379Z Setting up xfonts-utils (1:7.7+6build3) ...
e2e	Install Playwright browsers	2025-09-19T13:25:26.1370023Z Setting up librsvg2-2:amd64 (2.58.0+dfsg-1build1) ...
e2e	Install Playwright browsers	2025-09-19T13:25:26.1401188Z Setting up libxml2-dev:amd64 (2.9.14+dfsg-1.3ubuntu3.5) ...
e2e	Install Playwright browsers	2025-09-19T13:25:26.1424820Z Setting up libsecret-1-0:amd64 (0.21.4-1build3) ...
e2e	Install Playwright browsers	2025-09-19T13:25:26.1458806Z Setting up libgstreamer-plugins-good1.0-0:amd64 (1.24.2-1ubuntu1.2) ...
e2e	Install Playwright browsers	2025-09-19T13:25:26.1492648Z Setting up libgstreamer-gl1.0-0:amd64 (1.24.2-1ubuntu0.3) ...
e2e	Install Playwright browsers	2025-09-19T13:25:26.1526818Z Setting up gstreamer1.0-plugins-base:amd64 (1.24.2-1ubuntu0.3) ...
e2e	Install Playwright browsers	2025-09-19T13:25:26.1561975Z Setting up libass9:amd64 (1:0.17.1-2build1) ...
e2e	Install Playwright browsers	2025-09-19T13:25:26.1596488Z Setting up libswresample4:amd64 (7:6.1.1-3ubuntu5) ...
e2e	Install Playwright browsers	2025-09-19T13:25:26.1629688Z Setting up libopenexr-3-1-30:amd64 (3.1.5-5.1build3) ...
e2e	Install Playwright browsers	2025-09-19T13:25:26.1665180Z Setting up libshout3:amd64 (2.4.6-1build2) ...
e2e	Install Playwright browsers	2025-09-19T13:25:26.1705096Z Setting up libgav1-1:amd64 (0.18.0-1build3) ...
e2e	Install Playwright browsers	2025-09-19T13:25:26.1747431Z Setting up libavcodec60:amd64 (7:6.1.1-3ubuntu5) ...
e2e	Install Playwright browsers	2025-09-19T13:25:26.1782417Z Setting up librubberband2:amd64 (3.3.0+dfsg-2build1) ...
e2e	Install Playwright browsers	2025-09-19T13:25:26.1830193Z Setting up libjack-jackd2-0:amd64 (1.9.21~dfsg-3ubuntu3) ...
e2e	Install Playwright browsers	2025-09-19T13:25:26.1896602Z Setting up libsord-0-0:amd64 (0.16.16-2build1) ...
e2e	Install Playwright browsers	2025-09-19T13:25:26.1933420Z Setting up xfonts-cyrillic (1:1.0.5+nmu1) ...
e2e	Install Playwright browsers	2025-09-19T13:25:26.2648602Z Setting up libpostproc57:amd64 (7:6.1.1-3ubuntu5) ...
e2e	Install Playwright browsers	2025-09-19T13:25:26.2677426Z Setting up libsratom-0-0:amd64 (0.6.16-1build1) ...
e2e	Install Playwright browsers	2025-09-19T13:25:26.2708505Z Setting up libsndfile1:amd64 (1.2.2-1ubuntu5.24.04.1) ...
e2e	Install Playwright browsers	2025-09-19T13:25:26.2735555Z Setting up libbluray2:amd64 (1:1.3.4-1build1) ...
e2e	Install Playwright browsers	2025-09-19T13:25:26.2762090Z Setting up liblilv-0-0:amd64 (0.24.22-1build1) ...
e2e	Install Playwright browsers	2025-09-19T13:25:26.2801372Z Setting up libinstpatch-1.0-2:amd64 (1.1.6-1build2) ...
e2e	Install Playwright browsers	2025-09-19T13:25:26.2828600Z Setting up xfonts-scalable (1:1.0.3-1.3) ...
e2e	Install Playwright browsers	2025-09-19T13:25:26.3107093Z Setting up libswscale7:amd64 (7:6.1.1-3ubuntu5) ...
e2e	Install Playwright browsers	2025-09-19T13:25:26.3148047Z Setting up libavif16:amd64 (1.0.4-1ubuntu3) ...
e2e	Install Playwright browsers	2025-09-19T13:25:26.3189353Z Setting up libpulse0:amd64 (1:16.1+dfsg1-2ubuntu10.1) ...
e2e	Install Playwright browsers	2025-09-19T13:25:26.3422212Z Setting up liblrdf0:amd64 (0.6.1-4build1) ...
e2e	Install Playwright browsers	2025-09-19T13:25:26.3447475Z Setting up libavformat60:amd64 (7:6.1.1-3ubuntu5) ...
e2e	Install Playwright browsers	2025-09-19T13:25:26.3482946Z Setting up libsphinxbase3t64:amd64 (0.8+5prealpha+1-17build2) ...
e2e	Install Playwright browsers	2025-09-19T13:25:26.3538653Z Setting up libsdl2-2.0-0:amd64 (2.30.0+dfsg-1ubuntu3.1) ...
e2e	Install Playwright browsers	2025-09-19T13:25:26.3577877Z Setting up libfluidsynth3:amd64 (2.3.4-1build3) ...
e2e	Install Playwright browsers	2025-09-19T13:25:26.3601779Z Setting up libpocketsphinx3:amd64 (0.8.0+real5prealpha+1-15ubuntu5) ...
e2e	Install Playwright browsers	2025-09-19T13:25:26.3643326Z Setting up libavfilter9:amd64 (7:6.1.1-3ubuntu5) ...
e2e	Install Playwright browsers	2025-09-19T13:25:26.3671317Z Setting up gstreamer1.0-libav:amd64 (1.24.1-1build1) ...
e2e	Install Playwright browsers	2025-09-19T13:25:26.3964903Z Processing triggers for fontconfig (2.15.0-1.1ubuntu2) ...
e2e	Install Playwright browsers	2025-09-19T13:25:26.7762279Z Processing triggers for libc-bin (2.39-0ubuntu8.5) ...
e2e	Install Playwright browsers	2025-09-19T13:25:29.1297847Z Processing triggers for man-db (2.12.0-4build2) ...
e2e	Install Playwright browsers	2025-09-19T13:27:08.7361821Z Processing triggers for libglib2.0-0t64:amd64 (2.80.0-6ubuntu3.4) ...
e2e	Install Playwright browsers	2025-09-19T13:27:08.7972950Z Setting up libgtk-4-1:amd64 (4.14.5+ds-0ubuntu0.5) ...
e2e	Install Playwright browsers	2025-09-19T13:27:08.9128280Z Setting up glib-networking:amd64 (2.80.0-1build1) ...
e2e	Install Playwright browsers	2025-09-19T13:27:08.9175505Z Setting up libsoup-3.0-0:amd64 (3.4.4-5ubuntu0.5) ...
e2e	Install Playwright browsers	2025-09-19T13:27:08.9211752Z Setting up libgssdp-1.6-0:amd64 (1.6.3-1build3) ...
e2e	Install Playwright browsers	2025-09-19T13:27:08.9291256Z Setting up gstreamer1.0-plugins-good:amd64 (1.24.2-1ubuntu1.2) ...
e2e	Install Playwright browsers	2025-09-19T13:27:08.9324060Z Setting up libgupnp-1.6-0:amd64 (1.6.6-1build3) ...
e2e	Install Playwright browsers	2025-09-19T13:27:08.9394484Z Setting up libgupnp-igd-1.6-0:amd64 (1.6.0-3build3) ...
e2e	Install Playwright browsers	2025-09-19T13:27:08.9434288Z Setting up libnice10:amd64 (0.1.21-2build3) ...
e2e	Install Playwright browsers	2025-09-19T13:27:08.9486222Z Setting up libgstreamer-plugins-bad1.0-0:amd64 (1.24.2-1ubuntu4) ...
e2e	Install Playwright browsers	2025-09-19T13:27:08.9531964Z Setting up gstreamer1.0-plugins-bad:amd64 (1.24.2-1ubuntu4) ...
e2e	Install Playwright browsers	2025-09-19T13:27:08.9563158Z Processing triggers for libc-bin (2.39-0ubuntu8.5) ...
e2e	Install Playwright browsers	2025-09-19T13:27:10.6427956Z 
e2e	Install Playwright browsers	2025-09-19T13:27:10.6430356Z Running kernel seems to be up-to-date.
e2e	Install Playwright browsers	2025-09-19T13:27:10.6430735Z 
e2e	Install Playwright browsers	2025-09-19T13:27:10.6430905Z Restarting services...
e2e	Install Playwright browsers	2025-09-19T13:27:10.6649102Z  systemctl restart packagekit.service php8.3-fpm.service
e2e	Install Playwright browsers	2025-09-19T13:27:10.7668040Z 
e2e	Install Playwright browsers	2025-09-19T13:27:10.7670008Z Service restarts being deferred:
e2e	Install Playwright browsers	2025-09-19T13:27:10.7670568Z  systemctl restart hosted-compute-agent.service
e2e	Install Playwright browsers	2025-09-19T13:27:10.7670920Z 
e2e	Install Playwright browsers	2025-09-19T13:27:10.7671290Z No containers need to be restarted.
e2e	Install Playwright browsers	2025-09-19T13:27:10.7671641Z 
e2e	Install Playwright browsers	2025-09-19T13:27:10.7672072Z No user sessions are running outdated binaries.
e2e	Install Playwright browsers	2025-09-19T13:27:10.7674286Z 
e2e	Install Playwright browsers	2025-09-19T13:27:10.7675268Z No VM guests are running outdated hypervisor (qemu) binaries on this host.
e2e	Install Playwright browsers	2025-09-19T13:27:11.6322810Z Downloading Chromium 140.0.7339.16 (playwright build v1187) from https://cdn.playwright.dev/dbazure/download/playwright/builds/chromium/1187/chromium-linux.zip
e2e	Install Playwright browsers	2025-09-19T13:27:11.8155605Z |                                                                                |   0% of 173.7 MiB
e2e	Install Playwright browsers	2025-09-19T13:27:11.9563362Z |■■■■■■■■                                                                        |  10% of 173.7 MiB
e2e	Install Playwright browsers	2025-09-19T13:27:12.0662043Z |■■■■■■■■■■■■■■■■                                                                |  20% of 173.7 MiB
e2e	Install Playwright browsers	2025-09-19T13:27:12.1590181Z |■■■■■■■■■■■■■■■■■■■■■■■■                                                        |  30% of 173.7 MiB
e2e	Install Playwright browsers	2025-09-19T13:27:12.2423813Z |■■■■■■■■■■■■■■■■■■■■■■■■■■■■■■■■                                                |  40% of 173.7 MiB
e2e	Install Playwright browsers	2025-09-19T13:27:12.3229925Z |■■■■■■■■■■■■■■■■■■■■■■■■■■■■■■■■■■■■■■■■                                        |  50% of 173.7 MiB
e2e	Install Playwright browsers	2025-09-19T13:27:12.4070289Z |■■■■■■■■■■■■■■■■■■■■■■■■■■■■■■■■■■■■■■■■■■■■■■■■                                |  60% of 173.7 MiB
e2e	Install Playwright browsers	2025-09-19T13:27:12.4869257Z |■■■■■■■■■■■■■■■■■■■■■■■■■■■■■■■■■■■■■■■■■■■■■■■■■■■■■■■■                        |  70% of 173.7 MiB
e2e	Install Playwright browsers	2025-09-19T13:27:12.5708923Z |■■■■■■■■■■■■■■■■■■■■■■■■■■■■■■■■■■■■■■■■■■■■■■■■■■■■■■■■■■■■■■■■                |  80% of 173.7 MiB
e2e	Install Playwright browsers	2025-09-19T13:27:12.6458584Z |■■■■■■■■■■■■■■■■■■■■■■■■■■■■■■■■■■■■■■■■■■■■■■■■■■■■■■■■■■■■■■■■■■■■■■■■        |  90% of 173.7 MiB
e2e	Install Playwright browsers	2025-09-19T13:27:12.7285287Z |■■■■■■■■■■■■■■■■■■■■■■■■■■■■■■■■■■■■■■■■■■■■■■■■■■■■■■■■■■■■■■■■■■■■■■■■■■■■■■■■| 100% of 173.7 MiB
e2e	Install Playwright browsers	2025-09-19T13:27:16.7057735Z Chromium 140.0.7339.16 (playwright build v1187) downloaded to /home/runner/.cache/ms-playwright/chromium-1187
e2e	Install Playwright browsers	2025-09-19T13:27:16.7062229Z Downloading Chromium Headless Shell 140.0.7339.16 (playwright build v1187) from https://cdn.playwright.dev/dbazure/download/playwright/builds/chromium/1187/chromium-headless-shell-linux.zip
e2e	Install Playwright browsers	2025-09-19T13:27:16.8745220Z |                                                                                |   0% of 104.3 MiB
e2e	Install Playwright browsers	2025-09-19T13:27:16.9858787Z |■■■■■■■■                                                                        |  10% of 104.3 MiB
e2e	Install Playwright browsers	2025-09-19T13:27:17.0648173Z |■■■■■■■■■■■■■■■■                                                                |  20% of 104.3 MiB
e2e	Install Playwright browsers	2025-09-19T13:27:17.1394459Z |■■■■■■■■■■■■■■■■■■■■■■■■                                                        |  30% of 104.3 MiB
e2e	Install Playwright browsers	2025-09-19T13:27:17.1939420Z |■■■■■■■■■■■■■■■■■■■■■■■■■■■■■■■■                                                |  40% of 104.3 MiB
e2e	Install Playwright browsers	2025-09-19T13:27:17.2494242Z |■■■■■■■■■■■■■■■■■■■■■■■■■■■■■■■■■■■■■■■■                                        |  50% of 104.3 MiB
e2e	Install Playwright browsers	2025-09-19T13:27:17.3002742Z |■■■■■■■■■■■■■■■■■■■■■■■■■■■■■■■■■■■■■■■■■■■■■■■■                                |  60% of 104.3 MiB
e2e	Install Playwright browsers	2025-09-19T13:27:17.3473731Z |■■■■■■■■■■■■■■■■■■■■■■■■■■■■■■■■■■■■■■■■■■■■■■■■■■■■■■■■                        |  70% of 104.3 MiB
e2e	Install Playwright browsers	2025-09-19T13:27:17.3936353Z |■■■■■■■■■■■■■■■■■■■■■■■■■■■■■■■■■■■■■■■■■■■■■■■■■■■■■■■■■■■■■■■■                |  80% of 104.3 MiB
e2e	Install Playwright browsers	2025-09-19T13:27:17.4368660Z |■■■■■■■■■■■■■■■■■■■■■■■■■■■■■■■■■■■■■■■■■■■■■■■■■■■■■■■■■■■■■■■■■■■■■■■■        |  90% of 104.3 MiB
e2e	Install Playwright browsers	2025-09-19T13:27:17.4828145Z |■■■■■■■■■■■■■■■■■■■■■■■■■■■■■■■■■■■■■■■■■■■■■■■■■■■■■■■■■■■■■■■■■■■■■■■■■■■■■■■■| 100% of 104.3 MiB
e2e	Install Playwright browsers	2025-09-19T13:27:19.5980361Z Chromium Headless Shell 140.0.7339.16 (playwright build v1187) downloaded to /home/runner/.cache/ms-playwright/chromium_headless_shell-1187
e2e	Install Playwright browsers	2025-09-19T13:27:19.5983115Z Downloading Firefox 141.0 (playwright build v1490) from https://cdn.playwright.dev/dbazure/download/playwright/builds/firefox/1490/firefox-ubuntu-24.04.zip
e2e	Install Playwright browsers	2025-09-19T13:27:19.7617898Z |                                                                                |   0% of 96 MiB
e2e	Install Playwright browsers	2025-09-19T13:27:19.8565532Z |■■■■■■■■                                                                        |  10% of 96 MiB
e2e	Install Playwright browsers	2025-09-19T13:27:19.9244115Z |■■■■■■■■■■■■■■■■                                                                |  20% of 96 MiB
e2e	Install Playwright browsers	2025-09-19T13:27:19.9872436Z |■■■■■■■■■■■■■■■■■■■■■■■■                                                        |  30% of 96 MiB
e2e	Install Playwright browsers	2025-09-19T13:27:20.0452584Z |■■■■■■■■■■■■■■■■■■■■■■■■■■■■■■■■                                                |  40% of 96 MiB
e2e	Install Playwright browsers	2025-09-19T13:27:20.1025132Z |■■■■■■■■■■■■■■■■■■■■■■■■■■■■■■■■■■■■■■■■                                        |  50% of 96 MiB
e2e	Install Playwright browsers	2025-09-19T13:27:20.1526197Z |■■■■■■■■■■■■■■■■■■■■■■■■■■■■■■■■■■■■■■■■■■■■■■■■                                |  60% of 96 MiB
e2e	Install Playwright browsers	2025-09-19T13:27:20.2055673Z |■■■■■■■■■■■■■■■■■■■■■■■■■■■■■■■■■■■■■■■■■■■■■■■■■■■■■■■■                        |  70% of 96 MiB
e2e	Install Playwright browsers	2025-09-19T13:27:20.2576090Z |■■■■■■■■■■■■■■■■■■■■■■■■■■■■■■■■■■■■■■■■■■■■■■■■■■■■■■■■■■■■■■■■                |  80% of 96 MiB
e2e	Install Playwright browsers	2025-09-19T13:27:20.3086910Z |■■■■■■■■■■■■■■■■■■■■■■■■■■■■■■■■■■■■■■■■■■■■■■■■■■■■■■■■■■■■■■■■■■■■■■■■        |  90% of 96 MiB
e2e	Install Playwright browsers	2025-09-19T13:27:20.3522867Z |■■■■■■■■■■■■■■■■■■■■■■■■■■■■■■■■■■■■■■■■■■■■■■■■■■■■■■■■■■■■■■■■■■■■■■■■■■■■■■■■| 100% of 96 MiB
e2e	Install Playwright browsers	2025-09-19T13:27:22.3107112Z Firefox 141.0 (playwright build v1490) downloaded to /home/runner/.cache/ms-playwright/firefox-1490
e2e	Install Playwright browsers	2025-09-19T13:27:22.3109682Z Downloading Webkit 26.0 (playwright build v2203) from https://cdn.playwright.dev/dbazure/download/playwright/builds/webkit/2203/webkit-ubuntu-24.04.zip
e2e	Install Playwright browsers	2025-09-19T13:27:22.4718710Z |                                                                                |   0% of 94.2 MiB
e2e	Install Playwright browsers	2025-09-19T13:27:22.5577290Z |■■■■■■■■                                                                        |  10% of 94.2 MiB
e2e	Install Playwright browsers	2025-09-19T13:27:22.6113050Z |■■■■■■■■■■■■■■■■                                                                |  20% of 94.2 MiB
e2e	Install Playwright browsers	2025-09-19T13:27:22.6698833Z |■■■■■■■■■■■■■■■■■■■■■■■■                                                        |  30% of 94.2 MiB
e2e	Install Playwright browsers	2025-09-19T13:27:22.7218174Z |■■■■■■■■■■■■■■■■■■■■■■■■■■■■■■■■                                                |  40% of 94.2 MiB
e2e	Install Playwright browsers	2025-09-19T13:27:22.7723539Z |■■■■■■■■■■■■■■■■■■■■■■■■■■■■■■■■■■■■■■■■                                        |  50% of 94.2 MiB
e2e	Install Playwright browsers	2025-09-19T13:27:22.8186532Z |■■■■■■■■■■■■■■■■■■■■■■■■■■■■■■■■■■■■■■■■■■■■■■■■                                |  60% of 94.2 MiB
e2e	Install Playwright browsers	2025-09-19T13:27:22.8608452Z |■■■■■■■■■■■■■■■■■■■■■■■■■■■■■■■■■■■■■■■■■■■■■■■■■■■■■■■■                        |  70% of 94.2 MiB
e2e	Install Playwright browsers	2025-09-19T13:27:22.9012719Z |■■■■■■■■■■■■■■■■■■■■■■■■■■■■■■■■■■■■■■■■■■■■■■■■■■■■■■■■■■■■■■■■                |  80% of 94.2 MiB
e2e	Install Playwright browsers	2025-09-19T13:27:22.9478833Z |■■■■■■■■■■■■■■■■■■■■■■■■■■■■■■■■■■■■■■■■■■■■■■■■■■■■■■■■■■■■■■■■■■■■■■■■        |  90% of 94.2 MiB
e2e	Install Playwright browsers	2025-09-19T13:27:22.9942835Z |■■■■■■■■■■■■■■■■■■■■■■■■■■■■■■■■■■■■■■■■■■■■■■■■■■■■■■■■■■■■■■■■■■■■■■■■■■■■■■■■| 100% of 94.2 MiB
e2e	Install Playwright browsers	2025-09-19T13:27:24.8879082Z Webkit 26.0 (playwright build v2203) downloaded to /home/runner/.cache/ms-playwright/webkit-2203
e2e	Install Playwright browsers	2025-09-19T13:27:24.8881065Z Downloading FFMPEG playwright build v1011 from https://cdn.playwright.dev/dbazure/download/playwright/builds/ffmpeg/1011/ffmpeg-linux.zip
e2e	Install Playwright browsers	2025-09-19T13:27:25.0458225Z |                                                                                |   0% of 2.3 MiB
e2e	Install Playwright browsers	2025-09-19T13:27:25.0521845Z |■■■■■■■■                                                                        |  10% of 2.3 MiB
e2e	Install Playwright browsers	2025-09-19T13:27:25.0546053Z |■■■■■■■■■■■■■■■■                                                                |  20% of 2.3 MiB
e2e	Install Playwright browsers	2025-09-19T13:27:25.0567876Z |■■■■■■■■■■■■■■■■■■■■■■■■                                                        |  30% of 2.3 MiB
e2e	Install Playwright browsers	2025-09-19T13:27:25.0592015Z |■■■■■■■■■■■■■■■■■■■■■■■■■■■■■■■■                                                |  40% of 2.3 MiB
e2e	Install Playwright browsers	2025-09-19T13:27:25.0612703Z |■■■■■■■■■■■■■■■■■■■■■■■■■■■■■■■■■■■■■■■■                                        |  50% of 2.3 MiB
e2e	Install Playwright browsers	2025-09-19T13:27:25.0630931Z |■■■■■■■■■■■■■■■■■■■■■■■■■■■■■■■■■■■■■■■■■■■■■■■■                                |  60% of 2.3 MiB
e2e	Install Playwright browsers	2025-09-19T13:27:25.0649562Z |■■■■■■■■■■■■■■■■■■■■■■■■■■■■■■■■■■■■■■■■■■■■■■■■■■■■■■■■                        |  70% of 2.3 MiB
e2e	Install Playwright browsers	2025-09-19T13:27:25.0668467Z |■■■■■■■■■■■■■■■■■■■■■■■■■■■■■■■■■■■■■■■■■■■■■■■■■■■■■■■■■■■■■■■■                |  80% of 2.3 MiB
e2e	Install Playwright browsers	2025-09-19T13:27:25.0685451Z |■■■■■■■■■■■■■■■■■■■■■■■■■■■■■■■■■■■■■■■■■■■■■■■■■■■■■■■■■■■■■■■■■■■■■■■■        |  90% of 2.3 MiB
e2e	Install Playwright browsers	2025-09-19T13:27:25.0703795Z |■■■■■■■■■■■■■■■■■■■■■■■■■■■■■■■■■■■■■■■■■■■■■■■■■■■■■■■■■■■■■■■■■■■■■■■■■■■■■■■■| 100% of 2.3 MiB
e2e	Install Playwright browsers	2025-09-19T13:27:25.1340099Z FFMPEG playwright build v1011 downloaded to /home/runner/.cache/ms-playwright/ffmpeg-1011
e2e	Start backend and static server (background)	﻿2025-09-19T13:27:25.5302789Z ##[group]Run set -euo pipefail
e2e	Start backend and static server (background)	2025-09-19T13:27:25.5303114Z [36;1mset -euo pipefail[0m
e2e	Start backend and static server (background)	2025-09-19T13:27:25.5303373Z [36;1m# Start backend and log to /tmp/backend.log[0m
e2e	Start backend and static server (background)	2025-09-19T13:27:25.5303707Z [36;1mnode ./server/index.js > /tmp/backend.log 2>&1 &[0m
e2e	Start backend and static server (background)	2025-09-19T13:27:25.5304012Z [36;1mecho "$!" > /tmp/backend.pid[0m
e2e	Start backend and static server (background)	2025-09-19T13:27:25.5304370Z [36;1m# Start static server on the agreed port (8001) and log to /tmp/static.log[0m
e2e	Start backend and static server (background)	2025-09-19T13:27:25.5304822Z [36;1mpython3 -m http.server 8001 > /tmp/static.log 2>&1 &[0m
e2e	Start backend and static server (background)	2025-09-19T13:27:25.5305135Z [36;1mecho "$!" > /tmp/static.pid[0m
e2e	Start backend and static server (background)	2025-09-19T13:27:25.5305462Z [36;1m# Wait for services to respond (increase retries for flaky runners)[0m
e2e	Start backend and static server (background)	2025-09-19T13:27:25.5305789Z [36;1mfor i in {1..60}; do[0m
e2e	Start backend and static server (background)	2025-09-19T13:27:25.5306337Z [36;1m  if curl -sSf http://localhost:4000/api/leaderboard >/dev/null 2>&1 && curl -sSf http://localhost:8001/standalone.html >/dev/null 2>&1; then[0m
e2e	Start backend and static server (background)	2025-09-19T13:27:25.5306888Z [36;1m    echo "services are up"; break[0m
e2e	Start backend and static server (background)	2025-09-19T13:27:25.5307149Z [36;1m  fi[0m
e2e	Start backend and static server (background)	2025-09-19T13:27:25.5307322Z [36;1m  sleep 2[0m
e2e	Start backend and static server (background)	2025-09-19T13:27:25.5307497Z [36;1mdone[0m
e2e	Start backend and static server (background)	2025-09-19T13:27:25.5336788Z shell: /usr/bin/bash -e {0}
e2e	Start backend and static server (background)	2025-09-19T13:27:25.5337012Z env:
e2e	Start backend and static server (background)	2025-09-19T13:27:25.5337208Z   NODE_OPTIONS: --experimental-vm-modules
e2e	Start backend and static server (background)	2025-09-19T13:27:25.5337472Z ##[endgroup]
e2e	Start backend and static server (background)	2025-09-19T13:27:27.6253410Z services are up
e2e	Run Playwright via runner script	﻿2025-09-19T13:27:27.6296278Z ##[group]Run node ./scripts/run-playwright-with-backend.js
e2e	Run Playwright via runner script	2025-09-19T13:27:27.6296728Z [36;1mnode ./scripts/run-playwright-with-backend.js[0m
e2e	Run Playwright via runner script	2025-09-19T13:27:27.6326077Z shell: /usr/bin/bash -e {0}
e2e	Run Playwright via runner script	2025-09-19T13:27:27.6326300Z env:
e2e	Run Playwright via runner script	2025-09-19T13:27:27.6326493Z   NODE_OPTIONS: --experimental-vm-modules
e2e	Run Playwright via runner script	2025-09-19T13:27:27.6326751Z ##[endgroup]
e2e	Run Playwright via runner script	2025-09-19T13:27:27.6652448Z Checking backend and static servers...
e2e	Run Playwright via runner script	2025-09-19T13:27:27.6759739Z Backend already running; reusing existing instance.
e2e	Run Playwright via runner script	2025-09-19T13:27:31.7008345Z Starting static file server on port 8001...
e2e	Run Playwright via runner script	2025-09-19T13:27:31.7059590Z Backend responsive. Waiting for static server...
e2e	Run Playwright via runner script	2025-09-19T13:27:31.8034995Z Traceback (most recent call last):
e2e	Run Playwright via runner script	2025-09-19T13:27:31.8035553Z   File "<frozen runpy>", line 198, in _run_module_as_main
e2e	Run Playwright via runner script	2025-09-19T13:27:31.8036161Z   File "<frozen runpy>", line 88, in _run_code
e2e	Run Playwright via runner script	2025-09-19T13:27:31.8036658Z   File "/usr/lib/python3.12/http/server.py", line 1314, in <module>
e2e	Run Playwright via runner script	2025-09-19T13:27:31.8037057Z     test(
e2e	Run Playwright via runner script	2025-09-19T13:27:31.8037773Z   File "/usr/lib/python3.12/http/server.py", line 1261, in test
e2e	Run Playwright via runner script	2025-09-19T13:27:31.8039284Z     with ServerClass(addr, HandlerClass) as httpd:
e2e	Run Playwright via runner script	2025-09-19T13:27:31.8039760Z          ^^^^^^^^^^^^^^^^^^^^^^^^^^^^^^^
e2e	Run Playwright via runner script	2025-09-19T13:27:31.8040213Z   File "/usr/lib/python3.12/socketserver.py", line 457, in __init__
e2e	Run Playwright via runner script	2025-09-19T13:27:31.8041396Z     self.server_bind()
e2e	Run Playwright via runner script	2025-09-19T13:27:31.8042225Z   File "/usr/lib/python3.12/http/server.py", line 1308, in server_bind
e2e	Run Playwright via runner script	2025-09-19T13:27:31.8044600Z     return super().server_bind()
e2e	Run Playwright via runner script	2025-09-19T13:27:31.8045064Z            ^^^^^^^^^^^^^^^^^^^^^
e2e	Run Playwright via runner script	2025-09-19T13:27:31.8045693Z   File "/usr/lib/python3.12/http/server.py", line 136, in server_bind
e2e	Run Playwright via runner script	2025-09-19T13:27:31.8046396Z     socketserver.TCPServer.server_bind(self)
e2e	Run Playwright via runner script	2025-09-19T13:27:31.8047098Z   File "/usr/lib/python3.12/socketserver.py", line 473, in server_bind
e2e	Run Playwright via runner script	2025-09-19T13:27:31.8047781Z     self.socket.bind(self.server_address)
e2e	Run Playwright via runner script	2025-09-19T13:27:31.8048365Z OSError: [Errno 98] Address already in use
e2e	Run Playwright via runner script	2025-09-19T13:27:43.7643338Z Error waiting for servers: timeout waiting for http://localhost:8001/standalone.html
e2e	Run Playwright via runner script	2025-09-19T13:27:43.7690935Z ##[error]Process completed with exit code 3.
e2e	Upload Playwright artifacts (on failure)	﻿2025-09-19T13:27:43.7747299Z ##[group]Run actions/upload-artifact@v4
e2e	Upload Playwright artifacts (on failure)	2025-09-19T13:27:43.7747561Z with:
e2e	Upload Playwright artifacts (on failure)	2025-09-19T13:27:43.7747745Z   name: playwright-artifacts
e2e	Upload Playwright artifacts (on failure)	2025-09-19T13:27:43.7748276Z   path: test-results/**
e2e	Upload Playwright artifacts (on failure)	playwright-report/**
e2e	Upload Playwright artifacts (on failure)	trace.zip
e2e	Upload Playwright artifacts (on failure)	./playwright-traces/**
e2e	Upload Playwright artifacts (on failure)	./playwright-screenshots/**
e2e	Upload Playwright artifacts (on failure)	/tmp/backend.log
e2e	Upload Playwright artifacts (on failure)	/tmp/static.log
e2e	Upload Playwright artifacts (on failure)	
e2e	Upload Playwright artifacts (on failure)	2025-09-19T13:27:43.7748803Z   retention-days: 7
e2e	Upload Playwright artifacts (on failure)	2025-09-19T13:27:43.7749239Z   if-no-files-found: warn
e2e	Upload Playwright artifacts (on failure)	2025-09-19T13:27:43.7749477Z   compression-level: 6
e2e	Upload Playwright artifacts (on failure)	2025-09-19T13:27:43.7749671Z   overwrite: false
e2e	Upload Playwright artifacts (on failure)	2025-09-19T13:27:43.7749853Z   include-hidden-files: false
e2e	Upload Playwright artifacts (on failure)	2025-09-19T13:27:43.7750057Z env:
e2e	Upload Playwright artifacts (on failure)	2025-09-19T13:27:43.7750245Z   NODE_OPTIONS: --experimental-vm-modules
e2e	Upload Playwright artifacts (on failure)	2025-09-19T13:27:43.7750491Z ##[endgroup]
e2e	Upload Playwright artifacts (on failure)	2025-09-19T13:27:43.9850498Z Multiple search paths detected. Calculating the least common ancestor of all paths
e2e	Upload Playwright artifacts (on failure)	2025-09-19T13:27:43.9855045Z The least common ancestor is /. This will be the root directory of the artifact
e2e	Upload Playwright artifacts (on failure)	2025-09-19T13:27:43.9855874Z With the provided path, there will be 2 files uploaded
e2e	Upload Playwright artifacts (on failure)	2025-09-19T13:27:43.9860294Z Artifact name is valid!
e2e	Upload Playwright artifacts (on failure)	2025-09-19T13:27:43.9861313Z Root directory input is valid!
e2e	Upload Playwright artifacts (on failure)	2025-09-19T13:27:44.1389733Z Beginning upload of artifact content to blob storage
e2e	Upload Playwright artifacts (on failure)	2025-09-19T13:27:44.2790073Z Uploaded bytes 368
e2e	Upload Playwright artifacts (on failure)	2025-09-19T13:27:44.3160452Z Finished uploading artifact content to blob storage!
e2e	Upload Playwright artifacts (on failure)	2025-09-19T13:27:44.3163519Z SHA256 digest of uploaded artifact zip is 7e8e30756457964b4de6223276b4b1ba1527bc53855427c76f4e62188a61d2ee
e2e	Upload Playwright artifacts (on failure)	2025-09-19T13:27:44.3165504Z Finalizing artifact upload
e2e	Upload Playwright artifacts (on failure)	2025-09-19T13:27:44.4158670Z Artifact playwright-artifacts.zip successfully finalized. Artifact ID 4056371336
e2e	Upload Playwright artifacts (on failure)	2025-09-19T13:27:44.4160388Z Artifact playwright-artifacts has been successfully uploaded! Final size is 368 bytes. Artifact ID is 4056371336
e2e	Upload Playwright artifacts (on failure)	2025-09-19T13:27:44.4166956Z Artifact download URL: https://github.com/Picsbyeli/Picsbyeli.github.io/actions/runs/17859635729/artifacts/4056371336
e2e	Cleanup	﻿2025-09-19T13:27:44.4265023Z ##[group]Run if [ -f /tmp/backend.pid ]; then kill "$(cat /tmp/backend.pid)" || true; fi
e2e	Cleanup	2025-09-19T13:27:44.4265555Z [36;1mif [ -f /tmp/backend.pid ]; then kill "$(cat /tmp/backend.pid)" || true; fi[0m
e2e	Cleanup	2025-09-19T13:27:44.4265992Z [36;1mif [ -f /tmp/static.pid ]; then kill "$(cat /tmp/static.pid)" || true; fi[0m
e2e	Cleanup	2025-09-19T13:27:44.4295415Z shell: /usr/bin/bash -e {0}
e2e	Cleanup	2025-09-19T13:27:44.4295643Z env:
e2e	Cleanup	2025-09-19T13:27:44.4295845Z   NODE_OPTIONS: --experimental-vm-modules
e2e	Cleanup	2025-09-19T13:27:44.4296097Z ##[endgroup]
e2e	Post Checkout	﻿2025-09-19T13:27:44.4429537Z Post job cleanup.
e2e	Post Checkout	2025-09-19T13:27:44.5347321Z [command]/usr/bin/git version
e2e	Post Checkout	2025-09-19T13:27:44.5382272Z git version 2.51.0
e2e	Post Checkout	2025-09-19T13:27:44.5424562Z Temporarily overriding HOME='/home/runner/work/_temp/50f111fc-7e6c-4c28-8839-51272a19d4db' before making global git config changes
e2e	Post Checkout	2025-09-19T13:27:44.5426023Z Adding repository directory to the temporary git global config as a safe directory
e2e	Post Checkout	2025-09-19T13:27:44.5437664Z [command]/usr/bin/git config --global --add safe.directory /home/runner/work/Picsbyeli.github.io/Picsbyeli.github.io
e2e	Post Checkout	2025-09-19T13:27:44.5469942Z [command]/usr/bin/git config --local --name-only --get-regexp core\.sshCommand
e2e	Post Checkout	2025-09-19T13:27:44.5501928Z [command]/usr/bin/git submodule foreach --recursive sh -c "git config --local --name-only --get-regexp 'core\.sshCommand' && git config --local --unset-all 'core.sshCommand' || :"
e2e	Post Checkout	2025-09-19T13:27:44.5723594Z [command]/usr/bin/git config --local --name-only --get-regexp http\.https\:\/\/github\.com\/\.extraheader
e2e	Post Checkout	2025-09-19T13:27:44.5743300Z http.https://github.com/.extraheader
e2e	Post Checkout	2025-09-19T13:27:44.5756182Z [command]/usr/bin/git config --local --unset-all http.https://github.com/.extraheader
e2e	Post Checkout	2025-09-19T13:27:44.5786582Z [command]/usr/bin/git submodule foreach --recursive sh -c "git config --local --name-only --get-regexp 'http\.https\:\/\/github\.com\/\.extraheader' && git config --local --unset-all 'http.https://github.com/.extraheader' || :"
e2e	Complete job	﻿2025-09-19T13:27:44.6097815Z Cleaning up orphan processes
