e2e	Set up job	﻿2025-09-19T13:35:53.2003380Z Current runner version: '2.328.0'
e2e	Set up job	2025-09-19T13:35:53.2028505Z ##[group]Runner Image Provisioner
e2e	Set up job	2025-09-19T13:35:53.2029611Z Hosted Compute Agent
e2e	Set up job	2025-09-19T13:35:53.2030173Z Version: 20250829.383
e2e	Set up job	2025-09-19T13:35:53.2030756Z Commit: 27cb235aab5b0e52e153a26cd86b4742e89dac5d
e2e	Set up job	2025-09-19T13:35:53.2031723Z Build Date: 2025-08-29T13:48:48Z
e2e	Set up job	2025-09-19T13:35:53.2032304Z ##[endgroup]
e2e	Set up job	2025-09-19T13:35:53.2032861Z ##[group]Operating System
e2e	Set up job	2025-09-19T13:35:53.2033428Z Ubuntu
e2e	Set up job	2025-09-19T13:35:53.2033930Z 24.04.3
e2e	Set up job	2025-09-19T13:35:53.2034353Z LTS
e2e	Set up job	2025-09-19T13:35:53.2034830Z ##[endgroup]
e2e	Set up job	2025-09-19T13:35:53.2035330Z ##[group]Runner Image
e2e	Set up job	2025-09-19T13:35:53.2035833Z Image: ubuntu-24.04
e2e	Set up job	2025-09-19T13:35:53.2036396Z Version: 20250907.24.1
e2e	Set up job	2025-09-19T13:35:53.2037403Z Included Software: https://github.com/actions/runner-images/blob/ubuntu24/20250907.24/images/ubuntu/Ubuntu2404-Readme.md
e2e	Set up job	2025-09-19T13:35:53.2038748Z Image Release: https://github.com/actions/runner-images/releases/tag/ubuntu24%2F20250907.24
e2e	Set up job	2025-09-19T13:35:53.2039978Z ##[endgroup]
e2e	Set up job	2025-09-19T13:35:53.2041075Z ##[group]GITHUB_TOKEN Permissions
e2e	Set up job	2025-09-19T13:35:53.2043546Z Contents: read
e2e	Set up job	2025-09-19T13:35:53.2044096Z Metadata: read
e2e	Set up job	2025-09-19T13:35:53.2044589Z Packages: read
e2e	Set up job	2025-09-19T13:35:53.2045159Z ##[endgroup]
e2e	Set up job	2025-09-19T13:35:53.2047203Z Secret source: Actions
e2e	Set up job	2025-09-19T13:35:53.2047897Z Prepare workflow directory
e2e	Set up job	2025-09-19T13:35:53.2450486Z Prepare all required actions
e2e	Set up job	2025-09-19T13:35:53.2488868Z Getting action download info
e2e	Set up job	2025-09-19T13:35:53.6323109Z Download action repository 'actions/checkout@v4' (SHA:08eba0b27e820071cde6df949e0beb9ba4906955)
e2e	Set up job	2025-09-19T13:35:53.7989090Z Download action repository 'actions/cache@v4' (SHA:0400d5f644dc74513175e3cd8d07132dd4860809)
e2e	Set up job	2025-09-19T13:35:53.8968571Z Download action repository 'actions/setup-node@v4' (SHA:49933ea5288caeca8642d1e84afbd3f7d6820020)
e2e	Set up job	2025-09-19T13:35:53.9865340Z Download action repository 'actions/upload-artifact@v4' (SHA:ea165f8d65b6e75b540449e92b4886f43607fa02)
e2e	Set up job	2025-09-19T13:35:54.2222282Z Complete job name: e2e
e2e	Checkout	﻿2025-09-19T13:35:54.3078307Z ##[group]Run actions/checkout@v4
e2e	Checkout	2025-09-19T13:35:54.3079625Z with:
e2e	Checkout	2025-09-19T13:35:54.3080452Z   repository: Picsbyeli/Picsbyeli.github.io
e2e	Checkout	2025-09-19T13:35:54.3082484Z   token: ***
e2e	Checkout	2025-09-19T13:35:54.3083376Z   ssh-strict: true
e2e	Checkout	2025-09-19T13:35:54.3084333Z   ssh-user: git
e2e	Checkout	2025-09-19T13:35:54.3085296Z   persist-credentials: true
e2e	Checkout	2025-09-19T13:35:54.3086354Z   clean: true
e2e	Checkout	2025-09-19T13:35:54.3087299Z   sparse-checkout-cone-mode: true
e2e	Checkout	2025-09-19T13:35:54.3088463Z   fetch-depth: 1
e2e	Checkout	2025-09-19T13:35:54.3089401Z   fetch-tags: false
e2e	Checkout	2025-09-19T13:35:54.3090327Z   show-progress: true
e2e	Checkout	2025-09-19T13:35:54.3091226Z   lfs: false
e2e	Checkout	2025-09-19T13:35:54.3092200Z   submodules: false
e2e	Checkout	2025-09-19T13:35:54.3093063Z   set-safe-directory: true
e2e	Checkout	2025-09-19T13:35:54.3094308Z env:
e2e	Checkout	2025-09-19T13:35:54.3095288Z   NODE_OPTIONS: --experimental-vm-modules
e2e	Checkout	2025-09-19T13:35:54.3096552Z ##[endgroup]
e2e	Checkout	2025-09-19T13:35:54.4185413Z Syncing repository: Picsbyeli/Picsbyeli.github.io
e2e	Checkout	2025-09-19T13:35:54.4188314Z ##[group]Getting Git version info
e2e	Checkout	2025-09-19T13:35:54.4189952Z Working directory is '/home/runner/work/Picsbyeli.github.io/Picsbyeli.github.io'
e2e	Checkout	2025-09-19T13:35:54.4192294Z [command]/usr/bin/git version
e2e	Checkout	2025-09-19T13:35:54.4241563Z git version 2.51.0
e2e	Checkout	2025-09-19T13:35:54.4267995Z ##[endgroup]
e2e	Checkout	2025-09-19T13:35:54.4288908Z Temporarily overriding HOME='/home/runner/work/_temp/fa97e5c0-70e8-4d9c-ad20-4bcd3c683648' before making global git config changes
e2e	Checkout	2025-09-19T13:35:54.4293692Z Adding repository directory to the temporary git global config as a safe directory
e2e	Checkout	2025-09-19T13:35:54.4296113Z [command]/usr/bin/git config --global --add safe.directory /home/runner/work/Picsbyeli.github.io/Picsbyeli.github.io
e2e	Checkout	2025-09-19T13:35:54.4331779Z Deleting the contents of '/home/runner/work/Picsbyeli.github.io/Picsbyeli.github.io'
e2e	Checkout	2025-09-19T13:35:54.4335125Z ##[group]Initializing the repository
e2e	Checkout	2025-09-19T13:35:54.4339359Z [command]/usr/bin/git init /home/runner/work/Picsbyeli.github.io/Picsbyeli.github.io
e2e	Checkout	2025-09-19T13:35:54.4436327Z hint: Using 'master' as the name for the initial branch. This default branch name
e2e	Checkout	2025-09-19T13:35:54.4438549Z hint: is subject to change. To configure the initial branch name to use in all
e2e	Checkout	2025-09-19T13:35:54.4441116Z hint: of your new repositories, which will suppress this warning, call:
e2e	Checkout	2025-09-19T13:35:54.4442994Z hint:
e2e	Checkout	2025-09-19T13:35:54.4443947Z hint: 	git config --global init.defaultBranch <name>
e2e	Checkout	2025-09-19T13:35:54.4445084Z hint:
e2e	Checkout	2025-09-19T13:35:54.4446334Z hint: Names commonly chosen instead of 'master' are 'main', 'trunk' and
e2e	Checkout	2025-09-19T13:35:54.4448100Z hint: 'development'. The just-created branch can be renamed via this command:
e2e	Checkout	2025-09-19T13:35:54.4449431Z hint:
e2e	Checkout	2025-09-19T13:35:54.4450134Z hint: 	git branch -m <name>
e2e	Checkout	2025-09-19T13:35:54.4450982Z hint:
e2e	Checkout	2025-09-19T13:35:54.4452531Z hint: Disable this message with "git config set advice.defaultBranchName false"
e2e	Checkout	2025-09-19T13:35:54.4454730Z Initialized empty Git repository in /home/runner/work/Picsbyeli.github.io/Picsbyeli.github.io/.git/
e2e	Checkout	2025-09-19T13:35:54.4458126Z [command]/usr/bin/git remote add origin https://github.com/Picsbyeli/Picsbyeli.github.io
e2e	Checkout	2025-09-19T13:35:54.4491434Z ##[endgroup]
e2e	Checkout	2025-09-19T13:35:54.4492810Z ##[group]Disabling automatic garbage collection
e2e	Checkout	2025-09-19T13:35:54.4495465Z [command]/usr/bin/git config --local gc.auto 0
e2e	Checkout	2025-09-19T13:35:54.4527023Z ##[endgroup]
e2e	Checkout	2025-09-19T13:35:54.4529225Z ##[group]Setting up auth
e2e	Checkout	2025-09-19T13:35:54.4534932Z [command]/usr/bin/git config --local --name-only --get-regexp core\.sshCommand
e2e	Checkout	2025-09-19T13:35:54.4567900Z [command]/usr/bin/git submodule foreach --recursive sh -c "git config --local --name-only --get-regexp 'core\.sshCommand' && git config --local --unset-all 'core.sshCommand' || :"
e2e	Checkout	2025-09-19T13:35:54.4886474Z [command]/usr/bin/git config --local --name-only --get-regexp http\.https\:\/\/github\.com\/\.extraheader
e2e	Checkout	2025-09-19T13:35:54.4916581Z [command]/usr/bin/git submodule foreach --recursive sh -c "git config --local --name-only --get-regexp 'http\.https\:\/\/github\.com\/\.extraheader' && git config --local --unset-all 'http.https://github.com/.extraheader' || :"
e2e	Checkout	2025-09-19T13:35:54.5141226Z [command]/usr/bin/git config --local http.https://github.com/.extraheader AUTHORIZATION: basic ***
e2e	Checkout	2025-09-19T13:35:54.5178500Z ##[endgroup]
e2e	Checkout	2025-09-19T13:35:54.5180827Z ##[group]Fetching the repository
e2e	Checkout	2025-09-19T13:35:54.5189858Z [command]/usr/bin/git -c protocol.version=2 fetch --no-tags --prune --no-recurse-submodules --depth=1 origin +d302cb8558ded4bf8d89d00d37d4fe27664b97c8:refs/remotes/origin/main
e2e	Checkout	2025-09-19T13:35:55.7218786Z From https://github.com/Picsbyeli/Picsbyeli.github.io
e2e	Checkout	2025-09-19T13:35:55.7219828Z  * [new ref]         d302cb8558ded4bf8d89d00d37d4fe27664b97c8 -> origin/main
e2e	Checkout	2025-09-19T13:35:55.7252794Z ##[endgroup]
e2e	Checkout	2025-09-19T13:35:55.7253658Z ##[group]Determining the checkout info
e2e	Checkout	2025-09-19T13:35:55.7254936Z ##[endgroup]
e2e	Checkout	2025-09-19T13:35:55.7260098Z [command]/usr/bin/git sparse-checkout disable
e2e	Checkout	2025-09-19T13:35:55.7302594Z [command]/usr/bin/git config --local --unset-all extensions.worktreeConfig
e2e	Checkout	2025-09-19T13:35:55.7334537Z ##[group]Checking out the ref
e2e	Checkout	2025-09-19T13:35:55.7339035Z [command]/usr/bin/git checkout --progress --force -B main refs/remotes/origin/main
e2e	Checkout	2025-09-19T13:35:55.8217858Z Switched to a new branch 'main'
e2e	Checkout	2025-09-19T13:35:55.8219371Z branch 'main' set up to track 'origin/main'.
e2e	Checkout	2025-09-19T13:35:55.8227150Z ##[endgroup]
e2e	Checkout	2025-09-19T13:35:55.8268076Z [command]/usr/bin/git log -1 --format=%H
e2e	Checkout	2025-09-19T13:35:55.8290771Z d302cb8558ded4bf8d89d00d37d4fe27664b97c8
e2e	Cache root node modules	﻿2025-09-19T13:35:55.9044084Z ##[group]Run actions/cache@v4
e2e	Cache root node modules	2025-09-19T13:35:55.9044473Z with:
e2e	Cache root node modules	2025-09-19T13:35:55.9044730Z   path: ~/.npm
e2e	Cache root node modules	node_modules
e2e	Cache root node modules	
e2e	Cache root node modules	2025-09-19T13:35:55.9045250Z   key: Linux-root-node-c0e02a21023114227bf5467e460a268a9901d357ed5e5a7bc7e9c5b94703267f
e2e	Cache root node modules	2025-09-19T13:35:55.9045792Z   restore-keys: Linux-root-node-
e2e	Cache root node modules	
e2e	Cache root node modules	2025-09-19T13:35:55.9046151Z   enableCrossOsArchive: false
e2e	Cache root node modules	2025-09-19T13:35:55.9046463Z   fail-on-cache-miss: false
e2e	Cache root node modules	2025-09-19T13:35:55.9046756Z   lookup-only: false
e2e	Cache root node modules	2025-09-19T13:35:55.9047291Z   save-always: false
e2e	Cache root node modules	2025-09-19T13:35:55.9047545Z env:
e2e	Cache root node modules	2025-09-19T13:35:55.9047811Z   NODE_OPTIONS: --experimental-vm-modules
e2e	Cache root node modules	2025-09-19T13:35:55.9048137Z ##[endgroup]
e2e	Cache root node modules	2025-09-19T13:35:56.2175638Z Cache not found for input keys: Linux-root-node-c0e02a21023114227bf5467e460a268a9901d357ed5e5a7bc7e9c5b94703267f, Linux-root-node-
e2e	Cache Playwright browsers	﻿2025-09-19T13:35:56.2822655Z ##[group]Run actions/cache@v4
e2e	Cache Playwright browsers	2025-09-19T13:35:56.2822989Z with:
e2e	Cache Playwright browsers	2025-09-19T13:35:56.2823216Z   path: ~/.cache/ms-playwright
e2e	Cache Playwright browsers	2025-09-19T13:35:56.2823663Z   key: Linux-playwright-22941a22530ab80707140b28eb0c3ffbfa7741eab03cef362ab1ce050ed2c1d8
e2e	Cache Playwright browsers	2025-09-19T13:35:56.2824154Z   restore-keys: Linux-playwright-
e2e	Cache Playwright browsers	
e2e	Cache Playwright browsers	2025-09-19T13:35:56.2824462Z   enableCrossOsArchive: false
e2e	Cache Playwright browsers	2025-09-19T13:35:56.2824720Z   fail-on-cache-miss: false
e2e	Cache Playwright browsers	2025-09-19T13:35:56.2824969Z   lookup-only: false
e2e	Cache Playwright browsers	2025-09-19T13:35:56.2825187Z   save-always: false
e2e	Cache Playwright browsers	2025-09-19T13:35:56.2825397Z env:
e2e	Cache Playwright browsers	2025-09-19T13:35:56.2825615Z   NODE_OPTIONS: --experimental-vm-modules
e2e	Cache Playwright browsers	2025-09-19T13:35:56.2825922Z ##[endgroup]
e2e	Cache Playwright browsers	2025-09-19T13:35:56.5497583Z Cache not found for input keys: Linux-playwright-22941a22530ab80707140b28eb0c3ffbfa7741eab03cef362ab1ce050ed2c1d8, Linux-playwright-
e2e	Use Node.js 18	﻿2025-09-19T13:35:56.5620885Z ##[group]Run actions/setup-node@v4
e2e	Use Node.js 18	2025-09-19T13:35:56.5621245Z with:
e2e	Use Node.js 18	2025-09-19T13:35:56.5621746Z   node-version: 18
e2e	Use Node.js 18	2025-09-19T13:35:56.5621980Z   always-auth: false
e2e	Use Node.js 18	2025-09-19T13:35:56.5622207Z   check-latest: false
e2e	Use Node.js 18	2025-09-19T13:35:56.5622564Z   token: ***
e2e	Use Node.js 18	2025-09-19T13:35:56.5622783Z env:
e2e	Use Node.js 18	2025-09-19T13:35:56.5623004Z   NODE_OPTIONS: --experimental-vm-modules
e2e	Use Node.js 18	2025-09-19T13:35:56.5623297Z ##[endgroup]
e2e	Use Node.js 18	2025-09-19T13:35:56.7461247Z Found in cache @ /opt/hostedtoolcache/node/18.20.8/x64
e2e	Use Node.js 18	2025-09-19T13:35:56.7462544Z ##[group]Environment details
e2e	Use Node.js 18	2025-09-19T13:35:58.8807531Z node: v18.20.8
e2e	Use Node.js 18	2025-09-19T13:35:58.8807975Z npm: 10.8.2
e2e	Use Node.js 18	2025-09-19T13:35:58.8808264Z yarn: 1.22.22
e2e	Use Node.js 18	2025-09-19T13:35:58.8809524Z ##[endgroup]
e2e	Install root dependencies	﻿2025-09-19T13:35:58.8906778Z ##[group]Run npm ci --prefer-offline --no-audit --no-fund
e2e	Install root dependencies	2025-09-19T13:35:58.8907309Z [36;1mnpm ci --prefer-offline --no-audit --no-fund[0m
e2e	Install root dependencies	2025-09-19T13:35:58.9039783Z shell: /usr/bin/bash -e {0}
e2e	Install root dependencies	2025-09-19T13:35:58.9040069Z env:
e2e	Install root dependencies	2025-09-19T13:35:58.9040295Z   NODE_OPTIONS: --experimental-vm-modules
e2e	Install root dependencies	2025-09-19T13:35:58.9040565Z ##[endgroup]
e2e	Install root dependencies	2025-09-19T13:36:02.8864075Z 
e2e	Install root dependencies	2025-09-19T13:36:02.8869820Z added 3 packages in 4s
e2e	Cache server node modules	﻿2025-09-19T13:36:02.9560861Z ##[group]Run actions/cache@v4
e2e	Cache server node modules	2025-09-19T13:36:02.9561138Z with:
e2e	Cache server node modules	2025-09-19T13:36:02.9561609Z   path: server/node_modules
e2e	Cache server node modules	2025-09-19T13:36:02.9562120Z   key: Linux-server-node-8e74b6c3567e86803f9447d57da90e5898c662643fa3b4d09d97c2859ece3afa
e2e	Cache server node modules	2025-09-19T13:36:02.9562565Z   restore-keys: Linux-server-node-
e2e	Cache server node modules	
e2e	Cache server node modules	2025-09-19T13:36:02.9562823Z   enableCrossOsArchive: false
e2e	Cache server node modules	2025-09-19T13:36:02.9563057Z   fail-on-cache-miss: false
e2e	Cache server node modules	2025-09-19T13:36:02.9563268Z   lookup-only: false
e2e	Cache server node modules	2025-09-19T13:36:02.9563465Z   save-always: false
e2e	Cache server node modules	2025-09-19T13:36:02.9563643Z env:
e2e	Cache server node modules	2025-09-19T13:36:02.9563845Z   NODE_OPTIONS: --experimental-vm-modules
e2e	Cache server node modules	2025-09-19T13:36:02.9564112Z ##[endgroup]
e2e	Cache server node modules	2025-09-19T13:36:03.2387010Z Cache not found for input keys: Linux-server-node-8e74b6c3567e86803f9447d57da90e5898c662643fa3b4d09d97c2859ece3afa, Linux-server-node-
e2e	Install server dependencies	﻿2025-09-19T13:36:03.2457575Z ##[group]Run npm ci --prefer-offline --no-audit --no-fund
e2e	Install server dependencies	2025-09-19T13:36:03.2458011Z [36;1mnpm ci --prefer-offline --no-audit --no-fund[0m
e2e	Install server dependencies	2025-09-19T13:36:03.2488433Z shell: /usr/bin/bash -e {0}
e2e	Install server dependencies	2025-09-19T13:36:03.2488679Z env:
e2e	Install server dependencies	2025-09-19T13:36:03.2488883Z   NODE_OPTIONS: --experimental-vm-modules
e2e	Install server dependencies	2025-09-19T13:36:03.2489149Z ##[endgroup]
e2e	Install server dependencies	2025-09-19T13:36:04.4326898Z npm warn deprecated supertest@6.3.4: Please upgrade to supertest v7.1.3+, see release notes at https://github.com/forwardemail/supertest/releases/tag/v7.1.3 - maintenance is supported by Forward Email @ https://forwardemail.net
e2e	Install server dependencies	2025-09-19T13:36:04.7301608Z npm warn deprecated multer@1.4.5-lts.2: Multer 1.x is impacted by a number of vulnerabilities, which have been patched in 2.x. You should upgrade to the latest 2.x version.
e2e	Install server dependencies	2025-09-19T13:36:04.8233054Z npm warn deprecated inflight@1.0.6: This module is not supported, and leaks memory. Do not use it. Check out lru-cache if you want a good and tested way to coalesce async requests by a key value, which is much more comprehensive and powerful.
e2e	Install server dependencies	2025-09-19T13:36:05.0278268Z npm warn deprecated glob@8.1.0: Glob versions prior to v9 are no longer supported
e2e	Install server dependencies	2025-09-19T13:36:05.2321175Z npm warn deprecated superagent@8.1.2: Please upgrade to superagent v10.2.2+, see release notes at https://github.com/forwardemail/superagent/releases/tag/v10.2.2 - maintenance is supported by Forward Email @ https://forwardemail.net
e2e	Install server dependencies	2025-09-19T13:36:05.4163297Z npm warn deprecated sinon@15.2.0: 16.1.1
e2e	Install server dependencies	2025-09-19T13:36:05.6296306Z 
e2e	Install server dependencies	2025-09-19T13:36:05.6296902Z added 210 packages in 2s
e2e	Run server unit tests	﻿2025-09-19T13:36:05.6486399Z ##[group]Run # Run server unit tests with Node experimental VM modules enabled so Mocha
e2e	Run server unit tests	2025-09-19T13:36:05.6487059Z [36;1m# Run server unit tests with Node experimental VM modules enabled so Mocha[0m
e2e	Run server unit tests	2025-09-19T13:36:05.6487599Z [36;1m# can load ESM-only dependencies without ERR_REQUIRE_ESM on the runner.[0m
e2e	Run server unit tests	2025-09-19T13:36:05.6488052Z [36;1m# This is a minimal, low-risk change to the CI environment.[0m
e2e	Run server unit tests	2025-09-19T13:36:05.6488367Z [36;1mset -euo pipefail[0m
e2e	Run server unit tests	2025-09-19T13:36:05.6488618Z [36;1mecho "Running server unit tests (mocha)"[0m
e2e	Run server unit tests	2025-09-19T13:36:05.6488920Z [36;1mNODE_OPTIONS="--experimental-vm-modules" \[0m
e2e	Run server unit tests	2025-09-19T13:36:05.6489284Z [36;1m  node ./node_modules/.bin/mocha --recursive --reporter spec[0m
e2e	Run server unit tests	2025-09-19T13:36:05.6519782Z shell: /usr/bin/bash -e {0}
e2e	Run server unit tests	2025-09-19T13:36:05.6520027Z env:
e2e	Run server unit tests	2025-09-19T13:36:05.6520237Z   NODE_OPTIONS: --experimental-vm-modules
e2e	Run server unit tests	2025-09-19T13:36:05.6520503Z ##[endgroup]
e2e	Run server unit tests	2025-09-19T13:36:05.6576272Z Running server unit tests (mocha)
e2e	Run server unit tests	2025-09-19T13:36:06.1855640Z 
e2e	Run server unit tests	2025-09-19T13:36:06.1861084Z 
e2e	Run server unit tests	2025-09-19T13:36:06.1868782Z   API endpoints with moderation
e2e	Run server unit tests	2025-09-19T13:36:06.2669244Z     ✔ rejects register when remote flags (79ms)
e2e	Run server unit tests	2025-09-19T13:36:06.2909942Z     ✔ allows register when remote approves
e2e	Run server unit tests	2025-09-19T13:36:06.3030568Z     ✔ check-username returns taken for existing
e2e	Run server unit tests	2025-09-19T13:36:06.3033691Z 
e2e	Run server unit tests	2025-09-19T13:36:06.3035868Z   fuzz tests for username edge cases
e2e	Run server unit tests	2025-09-19T13:36:06.3062727Z     ✔ rejects empty username
e2e	Run server unit tests	2025-09-19T13:36:06.3111019Z     ✔ truncates long usernames and allows reasonable part
e2e	Run server unit tests	2025-09-19T13:36:06.3149739Z     ✔ handles unicode control and zero-width chars
e2e	Run server unit tests	2025-09-19T13:36:06.3185920Z     ✔ normalizes confusable characters
e2e	Run server unit tests	2025-09-19T13:36:06.3187484Z 
e2e	Run server unit tests	2025-09-19T13:36:06.3188347Z   moderation helpers
e2e	Run server unit tests	2025-09-19T13:36:06.3189083Z     scrubConfusables
e2e	Run server unit tests	2025-09-19T13:36:06.3200793Z       ✔ removes confusable characters and diacritics (returns ascii-ish output)
e2e	Run server unit tests	2025-09-19T13:36:06.3201817Z     remoteModerationCheck
e2e	Run server unit tests	2025-09-19T13:36:06.3240652Z       ✔ returns ok:false when remote flags
e2e	Run server unit tests	2025-09-19T13:36:06.3279910Z       ✔ returns ok:true when remote approves
e2e	Run server unit tests	2025-09-19T13:36:06.3337357Z       ✔ treats network errors as failure (fail-closed)
e2e	Run server unit tests	2025-09-19T13:36:06.3339467Z 
e2e	Run server unit tests	2025-09-19T13:36:06.3339822Z   property-based tests
e2e	Run server unit tests	2025-09-19T13:36:06.3566221Z     ✔ scrubConfusables should return ascii-only and length <= 30
e2e	Run server unit tests	2025-09-19T13:36:06.6589006Z     ✔ check-username should not crash for random unicode input (302ms)
e2e	Run server unit tests	2025-09-19T13:36:06.6663168Z     ✔ scrubConfusables is idempotent
e2e	Run server unit tests	2025-09-19T13:36:06.6730439Z     ✔ confusable-equivalence: similar chars normalize to same string
e2e	Run server unit tests	2025-09-19T13:36:06.6730965Z 
e2e	Run server unit tests	2025-09-19T13:36:06.6732461Z 
e2e	Run server unit tests	2025-09-19T13:36:06.6734023Z   15 passing (489ms)
e2e	Run server unit tests	2025-09-19T13:36:06.6734292Z 
e2e	Install Playwright browsers	﻿2025-09-19T13:36:06.6909025Z ##[group]Run npx playwright install --with-deps
e2e	Install Playwright browsers	2025-09-19T13:36:06.6909632Z [36;1mnpx playwright install --with-deps[0m
e2e	Install Playwright browsers	2025-09-19T13:36:06.6945881Z shell: /usr/bin/bash -e {0}
e2e	Install Playwright browsers	2025-09-19T13:36:06.6946136Z env:
e2e	Install Playwright browsers	2025-09-19T13:36:06.6946339Z   NODE_OPTIONS: --experimental-vm-modules
e2e	Install Playwright browsers	2025-09-19T13:36:06.6946609Z ##[endgroup]
e2e	Install Playwright browsers	2025-09-19T13:36:07.6721643Z Installing dependencies...
e2e	Install Playwright browsers	2025-09-19T13:36:07.6791653Z Switching to root user to install dependencies...
e2e	Install Playwright browsers	2025-09-19T13:36:07.8153358Z Get:1 file:/etc/apt/apt-mirrors.txt Mirrorlist [144 B]
e2e	Install Playwright browsers	2025-09-19T13:36:07.8544710Z Hit:2 http://azure.archive.ubuntu.com/ubuntu noble InRelease
e2e	Install Playwright browsers	2025-09-19T13:36:07.8548861Z Hit:6 https://packages.microsoft.com/repos/azure-cli noble InRelease
e2e	Install Playwright browsers	2025-09-19T13:36:07.8556109Z Get:7 https://packages.microsoft.com/ubuntu/24.04/prod noble InRelease [3600 B]
e2e	Install Playwright browsers	2025-09-19T13:36:07.8598491Z Get:3 http://azure.archive.ubuntu.com/ubuntu noble-updates InRelease [126 kB]
e2e	Install Playwright browsers	2025-09-19T13:36:07.8614993Z Get:4 http://azure.archive.ubuntu.com/ubuntu noble-backports InRelease [126 kB]
e2e	Install Playwright browsers	2025-09-19T13:36:07.8672605Z Get:5 http://azure.archive.ubuntu.com/ubuntu noble-security InRelease [126 kB]
e2e	Install Playwright browsers	2025-09-19T13:36:08.0901221Z Get:8 https://packages.microsoft.com/ubuntu/24.04/prod noble/main amd64 Packages [53.6 kB]
e2e	Install Playwright browsers	2025-09-19T13:36:08.1080017Z Get:9 https://packages.microsoft.com/ubuntu/24.04/prod noble/main armhf Packages [10.2 kB]
e2e	Install Playwright browsers	2025-09-19T13:36:08.1118707Z Get:10 https://packages.microsoft.com/ubuntu/24.04/prod noble/main arm64 Packages [36.1 kB]
e2e	Install Playwright browsers	2025-09-19T13:36:08.1282841Z Get:11 http://azure.archive.ubuntu.com/ubuntu noble-updates/main amd64 Packages [1415 kB]
e2e	Install Playwright browsers	2025-09-19T13:36:08.1406141Z Get:12 http://azure.archive.ubuntu.com/ubuntu noble-updates/main Translation-en [278 kB]
e2e	Install Playwright browsers	2025-09-19T13:36:08.1428682Z Get:13 http://azure.archive.ubuntu.com/ubuntu noble-updates/main amd64 Components [175 kB]
e2e	Install Playwright browsers	2025-09-19T13:36:08.1445571Z Get:14 http://azure.archive.ubuntu.com/ubuntu noble-updates/main amd64 c-n-f Metadata [15.3 kB]
e2e	Install Playwright browsers	2025-09-19T13:36:08.1455235Z Get:15 http://azure.archive.ubuntu.com/ubuntu noble-updates/universe amd64 Packages [1485 kB]
e2e	Install Playwright browsers	2025-09-19T13:36:08.1533861Z Get:16 http://azure.archive.ubuntu.com/ubuntu noble-updates/universe Translation-en [299 kB]
e2e	Install Playwright browsers	2025-09-19T13:36:08.1556896Z Get:17 http://azure.archive.ubuntu.com/ubuntu noble-updates/universe amd64 Components [377 kB]
e2e	Install Playwright browsers	2025-09-19T13:36:08.1581961Z Get:18 http://azure.archive.ubuntu.com/ubuntu noble-updates/universe amd64 c-n-f Metadata [31.1 kB]
e2e	Install Playwright browsers	2025-09-19T13:36:08.1591106Z Get:19 http://azure.archive.ubuntu.com/ubuntu noble-updates/restricted amd64 Packages [1901 kB]
e2e	Install Playwright browsers	2025-09-19T13:36:08.1691959Z Get:20 http://azure.archive.ubuntu.com/ubuntu noble-updates/restricted Translation-en [426 kB]
e2e	Install Playwright browsers	2025-09-19T13:36:08.2186023Z Get:21 http://azure.archive.ubuntu.com/ubuntu noble-updates/restricted amd64 Components [212 B]
e2e	Install Playwright browsers	2025-09-19T13:36:08.2199359Z Get:22 http://azure.archive.ubuntu.com/ubuntu noble-updates/restricted amd64 c-n-f Metadata [544 B]
e2e	Install Playwright browsers	2025-09-19T13:36:08.2207769Z Get:23 http://azure.archive.ubuntu.com/ubuntu noble-updates/multiverse amd64 Packages [32.0 kB]
e2e	Install Playwright browsers	2025-09-19T13:36:08.2220122Z Get:24 http://azure.archive.ubuntu.com/ubuntu noble-updates/multiverse Translation-en [5500 B]
e2e	Install Playwright browsers	2025-09-19T13:36:08.2227096Z Get:25 http://azure.archive.ubuntu.com/ubuntu noble-updates/multiverse amd64 Components [940 B]
e2e	Install Playwright browsers	2025-09-19T13:36:08.2234757Z Get:26 http://azure.archive.ubuntu.com/ubuntu noble-updates/multiverse amd64 c-n-f Metadata [488 B]
e2e	Install Playwright browsers	2025-09-19T13:36:08.2243261Z Get:27 http://azure.archive.ubuntu.com/ubuntu noble-backports/main amd64 Components [7056 B]
e2e	Install Playwright browsers	2025-09-19T13:36:08.2253501Z Get:28 http://azure.archive.ubuntu.com/ubuntu noble-backports/universe amd64 Components [19.2 kB]
e2e	Install Playwright browsers	2025-09-19T13:36:08.2265773Z Get:29 http://azure.archive.ubuntu.com/ubuntu noble-backports/restricted amd64 Components [216 B]
e2e	Install Playwright browsers	2025-09-19T13:36:08.2272643Z Get:30 http://azure.archive.ubuntu.com/ubuntu noble-backports/multiverse amd64 Components [212 B]
e2e	Install Playwright browsers	2025-09-19T13:36:08.2452494Z Get:31 http://azure.archive.ubuntu.com/ubuntu noble-security/main amd64 Packages [1143 kB]
e2e	Install Playwright browsers	2025-09-19T13:36:08.2514816Z Get:32 http://azure.archive.ubuntu.com/ubuntu noble-security/main Translation-en [195 kB]
e2e	Install Playwright browsers	2025-09-19T13:36:08.2532146Z Get:33 http://azure.archive.ubuntu.com/ubuntu noble-security/main amd64 Components [21.5 kB]
e2e	Install Playwright browsers	2025-09-19T13:36:08.2541875Z Get:34 http://azure.archive.ubuntu.com/ubuntu noble-security/main amd64 c-n-f Metadata [8744 B]
e2e	Install Playwright browsers	2025-09-19T13:36:08.2982993Z Get:35 http://azure.archive.ubuntu.com/ubuntu noble-security/universe amd64 Packages [880 kB]
e2e	Install Playwright browsers	2025-09-19T13:36:08.3026961Z Get:36 http://azure.archive.ubuntu.com/ubuntu noble-security/universe Translation-en [195 kB]
e2e	Install Playwright browsers	2025-09-19T13:36:08.3044574Z Get:37 http://azure.archive.ubuntu.com/ubuntu noble-security/universe amd64 Components [52.3 kB]
e2e	Install Playwright browsers	2025-09-19T13:36:08.3054308Z Get:38 http://azure.archive.ubuntu.com/ubuntu noble-security/universe amd64 c-n-f Metadata [18.0 kB]
e2e	Install Playwright browsers	2025-09-19T13:36:08.3063585Z Get:39 http://azure.archive.ubuntu.com/ubuntu noble-security/restricted amd64 Packages [1815 kB]
e2e	Install Playwright browsers	2025-09-19T13:36:08.3155720Z Get:40 http://azure.archive.ubuntu.com/ubuntu noble-security/restricted Translation-en [408 kB]
e2e	Install Playwright browsers	2025-09-19T13:36:08.3181491Z Get:41 http://azure.archive.ubuntu.com/ubuntu noble-security/restricted amd64 Components [212 B]
e2e	Install Playwright browsers	2025-09-19T13:36:08.3189118Z Get:42 http://azure.archive.ubuntu.com/ubuntu noble-security/restricted amd64 c-n-f Metadata [520 B]
e2e	Install Playwright browsers	2025-09-19T13:36:08.3196773Z Get:43 http://azure.archive.ubuntu.com/ubuntu noble-security/multiverse amd64 Packages [28.0 kB]
e2e	Install Playwright browsers	2025-09-19T13:36:08.3205548Z Get:44 http://azure.archive.ubuntu.com/ubuntu noble-security/multiverse Translation-en [5228 B]
e2e	Install Playwright browsers	2025-09-19T13:36:08.3213226Z Get:45 http://azure.archive.ubuntu.com/ubuntu noble-security/multiverse amd64 Components [212 B]
e2e	Install Playwright browsers	2025-09-19T13:36:08.3220057Z Get:46 http://azure.archive.ubuntu.com/ubuntu noble-security/multiverse amd64 c-n-f Metadata [384 B]
e2e	Install Playwright browsers	2025-09-19T13:36:16.1277258Z Fetched 11.7 MB in 1s (7825 kB/s)
e2e	Install Playwright browsers	2025-09-19T13:36:16.9470288Z Reading package lists...
e2e	Install Playwright browsers	2025-09-19T13:36:16.9736167Z Reading package lists...
e2e	Install Playwright browsers	2025-09-19T13:36:17.1904957Z Building dependency tree...
e2e	Install Playwright browsers	2025-09-19T13:36:17.1913242Z Reading state information...
e2e	Install Playwright browsers	2025-09-19T13:36:17.2147135Z libasound2t64 is already the newest version (1.2.11-1ubuntu0.1).
e2e	Install Playwright browsers	2025-09-19T13:36:17.2148164Z libasound2t64 set to manually installed.
e2e	Install Playwright browsers	2025-09-19T13:36:17.2148823Z libatk-bridge2.0-0t64 is already the newest version (2.52.0-1build1).
e2e	Install Playwright browsers	2025-09-19T13:36:17.2149499Z libatk-bridge2.0-0t64 set to manually installed.
e2e	Install Playwright browsers	2025-09-19T13:36:17.2150133Z libatk1.0-0t64 is already the newest version (2.52.0-1build1).
e2e	Install Playwright browsers	2025-09-19T13:36:17.2150682Z libatk1.0-0t64 set to manually installed.
e2e	Install Playwright browsers	2025-09-19T13:36:17.2151543Z libatspi2.0-0t64 is already the newest version (2.52.0-1build1).
e2e	Install Playwright browsers	2025-09-19T13:36:17.2152134Z libatspi2.0-0t64 set to manually installed.
e2e	Install Playwright browsers	2025-09-19T13:36:17.2152695Z libcairo2 is already the newest version (1.18.0-3build1).
e2e	Install Playwright browsers	2025-09-19T13:36:17.2153220Z libcairo2 set to manually installed.
e2e	Install Playwright browsers	2025-09-19T13:36:17.2153791Z libdbus-1-3 is already the newest version (1.14.10-4ubuntu4.1).
e2e	Install Playwright browsers	2025-09-19T13:36:17.2154359Z libdbus-1-3 set to manually installed.
e2e	Install Playwright browsers	2025-09-19T13:36:17.2154946Z libdrm2 is already the newest version (2.4.122-1~ubuntu0.24.04.1).
e2e	Install Playwright browsers	2025-09-19T13:36:17.2155433Z libdrm2 set to manually installed.
e2e	Install Playwright browsers	2025-09-19T13:36:17.2155885Z libgbm1 is already the newest version (25.0.7-0ubuntu0.24.04.2).
e2e	Install Playwright browsers	2025-09-19T13:36:17.2156325Z libgbm1 set to manually installed.
e2e	Install Playwright browsers	2025-09-19T13:36:17.2156775Z libglib2.0-0t64 is already the newest version (2.80.0-6ubuntu3.4).
e2e	Install Playwright browsers	2025-09-19T13:36:17.2157241Z libglib2.0-0t64 set to manually installed.
e2e	Install Playwright browsers	2025-09-19T13:36:17.2157706Z libnspr4 is already the newest version (2:4.35-1.1build1).
e2e	Install Playwright browsers	2025-09-19T13:36:17.2158125Z libnspr4 set to manually installed.
e2e	Install Playwright browsers	2025-09-19T13:36:17.2158549Z libnss3 is already the newest version (2:3.98-1build1).
e2e	Install Playwright browsers	2025-09-19T13:36:17.2158945Z libnss3 set to manually installed.
e2e	Install Playwright browsers	2025-09-19T13:36:17.2159406Z libpango-1.0-0 is already the newest version (1.52.1+ds-1build1).
e2e	Install Playwright browsers	2025-09-19T13:36:17.2160298Z libpango-1.0-0 set to manually installed.
e2e	Install Playwright browsers	2025-09-19T13:36:17.2160754Z libx11-6 is already the newest version (2:1.8.7-1build1).
e2e	Install Playwright browsers	2025-09-19T13:36:17.2161177Z libx11-6 set to manually installed.
e2e	Install Playwright browsers	2025-09-19T13:36:17.2161749Z libxcb1 is already the newest version (1.15-1ubuntu2).
e2e	Install Playwright browsers	2025-09-19T13:36:17.2162145Z libxcb1 set to manually installed.
e2e	Install Playwright browsers	2025-09-19T13:36:17.2162789Z libxcomposite1 is already the newest version (1:0.4.5-1build3).
e2e	Install Playwright browsers	2025-09-19T13:36:17.2163257Z libxcomposite1 set to manually installed.
e2e	Install Playwright browsers	2025-09-19T13:36:17.2163749Z libxdamage1 is already the newest version (1:1.1.6-1build1).
e2e	Install Playwright browsers	2025-09-19T13:36:17.2164195Z libxdamage1 set to manually installed.
e2e	Install Playwright browsers	2025-09-19T13:36:17.2164634Z libxext6 is already the newest version (2:1.3.4-1build2).
e2e	Install Playwright browsers	2025-09-19T13:36:17.2165051Z libxext6 set to manually installed.
e2e	Install Playwright browsers	2025-09-19T13:36:17.2165502Z libxfixes3 is already the newest version (1:6.0.0-2build1).
e2e	Install Playwright browsers	2025-09-19T13:36:17.2165929Z libxfixes3 set to manually installed.
e2e	Install Playwright browsers	2025-09-19T13:36:17.2166302Z libxkbcommon0 is already the newest version (1.6.0-1build1).
e2e	Install Playwright browsers	2025-09-19T13:36:17.2166666Z libxkbcommon0 set to manually installed.
e2e	Install Playwright browsers	2025-09-19T13:36:17.2167042Z libxrandr2 is already the newest version (2:1.5.2-2build1).
e2e	Install Playwright browsers	2025-09-19T13:36:17.2167394Z libxrandr2 set to manually installed.
e2e	Install Playwright browsers	2025-09-19T13:36:17.2167781Z libcairo-gobject2 is already the newest version (1.18.0-3build1).
e2e	Install Playwright browsers	2025-09-19T13:36:17.2168189Z libcairo-gobject2 set to manually installed.
e2e	Install Playwright browsers	2025-09-19T13:36:17.2168596Z libfontconfig1 is already the newest version (2.15.0-1.1ubuntu2).
e2e	Install Playwright browsers	2025-09-19T13:36:17.2168970Z libfontconfig1 set to manually installed.
e2e	Install Playwright browsers	2025-09-19T13:36:17.2169365Z libfreetype6 is already the newest version (2.13.2+dfsg-1build3).
e2e	Install Playwright browsers	2025-09-19T13:36:17.2169731Z libfreetype6 set to manually installed.
e2e	Install Playwright browsers	2025-09-19T13:36:17.2170173Z libgdk-pixbuf-2.0-0 is already the newest version (2.42.10+dfsg-3ubuntu3.2).
e2e	Install Playwright browsers	2025-09-19T13:36:17.2170617Z libgdk-pixbuf-2.0-0 set to manually installed.
e2e	Install Playwright browsers	2025-09-19T13:36:17.2171020Z libgtk-3-0t64 is already the newest version (3.24.41-4ubuntu1.3).
e2e	Install Playwright browsers	2025-09-19T13:36:17.2171529Z libgtk-3-0t64 set to manually installed.
e2e	Install Playwright browsers	2025-09-19T13:36:17.2171946Z libpangocairo-1.0-0 is already the newest version (1.52.1+ds-1build1).
e2e	Install Playwright browsers	2025-09-19T13:36:17.2172356Z libpangocairo-1.0-0 set to manually installed.
e2e	Install Playwright browsers	2025-09-19T13:36:17.2172749Z libx11-xcb1 is already the newest version (2:1.8.7-1build1).
e2e	Install Playwright browsers	2025-09-19T13:36:17.2173114Z libx11-xcb1 set to manually installed.
e2e	Install Playwright browsers	2025-09-19T13:36:17.2173464Z libxcb-shm0 is already the newest version (1.15-1ubuntu2).
e2e	Install Playwright browsers	2025-09-19T13:36:17.2173806Z libxcb-shm0 set to manually installed.
e2e	Install Playwright browsers	2025-09-19T13:36:17.2174171Z libxcursor1 is already the newest version (1:1.2.1-1build1).
e2e	Install Playwright browsers	2025-09-19T13:36:17.2174531Z libxcursor1 set to manually installed.
e2e	Install Playwright browsers	2025-09-19T13:36:17.2174879Z libxi6 is already the newest version (2:1.8.1-1build1).
e2e	Install Playwright browsers	2025-09-19T13:36:17.2175202Z libxi6 set to manually installed.
e2e	Install Playwright browsers	2025-09-19T13:36:17.2175573Z libxrender1 is already the newest version (1:0.9.10-1.1build1).
e2e	Install Playwright browsers	2025-09-19T13:36:17.2175932Z libxrender1 set to manually installed.
e2e	Install Playwright browsers	2025-09-19T13:36:17.2176292Z libicu74 is already the newest version (74.2-1ubuntu3.1).
e2e	Install Playwright browsers	2025-09-19T13:36:17.2176779Z libicu74 set to manually installed.
e2e	Install Playwright browsers	2025-09-19T13:36:17.2177189Z libatomic1 is already the newest version (14.2.0-4ubuntu2~24.04).
e2e	Install Playwright browsers	2025-09-19T13:36:17.2177544Z libatomic1 set to manually installed.
e2e	Install Playwright browsers	2025-09-19T13:36:17.2177920Z libenchant-2-2 is already the newest version (2.3.3-2build2).
e2e	Install Playwright browsers	2025-09-19T13:36:17.2178285Z libenchant-2-2 set to manually installed.
e2e	Install Playwright browsers	2025-09-19T13:36:17.2178651Z libepoxy0 is already the newest version (1.5.10-1build1).
e2e	Install Playwright browsers	2025-09-19T13:36:17.2178993Z libepoxy0 set to manually installed.
e2e	Install Playwright browsers	2025-09-19T13:36:17.2179376Z libgstreamer1.0-0 is already the newest version (1.24.2-1ubuntu0.1).
e2e	Install Playwright browsers	2025-09-19T13:36:17.2179774Z libgstreamer1.0-0 set to manually installed.
e2e	Install Playwright browsers	2025-09-19T13:36:17.2180156Z libharfbuzz0b is already the newest version (8.3.0-2build2).
e2e	Install Playwright browsers	2025-09-19T13:36:17.2180507Z libharfbuzz0b set to manually installed.
e2e	Install Playwright browsers	2025-09-19T13:36:17.2180886Z libjpeg-turbo8 is already the newest version (2.1.5-2ubuntu2).
e2e	Install Playwright browsers	2025-09-19T13:36:17.2181612Z libjpeg-turbo8 set to manually installed.
e2e	Install Playwright browsers	2025-09-19T13:36:17.2181970Z liblcms2-2 is already the newest version (2.14-2build1).
e2e	Install Playwright browsers	2025-09-19T13:36:17.2182311Z liblcms2-2 set to manually installed.
e2e	Install Playwright browsers	2025-09-19T13:36:17.2182850Z libpng16-16t64 is already the newest version (1.6.43-5build1).
e2e	Install Playwright browsers	2025-09-19T13:36:17.5094369Z libpng16-16t64 set to manually installed.
e2e	Install Playwright browsers	2025-09-19T13:36:17.5095572Z libwayland-client0 is already the newest version (1.22.0-2.1build1).
e2e	Install Playwright browsers	2025-09-19T13:36:17.5096663Z libwayland-client0 set to manually installed.
e2e	Install Playwright browsers	2025-09-19T13:36:17.5097736Z libwayland-egl1 is already the newest version (1.22.0-2.1build1).
e2e	Install Playwright browsers	2025-09-19T13:36:17.5098706Z libwayland-egl1 set to manually installed.
e2e	Install Playwright browsers	2025-09-19T13:36:17.5099798Z libwayland-server0 is already the newest version (1.22.0-2.1build1).
e2e	Install Playwright browsers	2025-09-19T13:36:17.5100822Z libwayland-server0 set to manually installed.
e2e	Install Playwright browsers	2025-09-19T13:36:17.5101896Z libwebp7 is already the newest version (1.3.2-0.4build3).
e2e	Install Playwright browsers	2025-09-19T13:36:17.5102690Z libwebp7 set to manually installed.
e2e	Install Playwright browsers	2025-09-19T13:36:17.5103482Z libwebpdemux2 is already the newest version (1.3.2-0.4build3).
e2e	Install Playwright browsers	2025-09-19T13:36:17.5104257Z libwebpdemux2 set to manually installed.
e2e	Install Playwright browsers	2025-09-19T13:36:17.5105143Z libxslt1.1 is already the newest version (1.1.39-0exp1ubuntu0.24.04.2).
e2e	Install Playwright browsers	2025-09-19T13:36:17.5105962Z libxslt1.1 set to manually installed.
e2e	Install Playwright browsers	2025-09-19T13:36:17.5106735Z xvfb is already the newest version (2:21.1.12-1ubuntu1.4).
e2e	Install Playwright browsers	2025-09-19T13:36:17.5107791Z fonts-noto-color-emoji is already the newest version (2.047-0ubuntu0.24.04.1).
e2e	Install Playwright browsers	2025-09-19T13:36:17.5108828Z fonts-liberation is already the newest version (1:2.1.5-3).
e2e	Install Playwright browsers	2025-09-19T13:36:17.5109620Z fonts-liberation set to manually installed.
e2e	Install Playwright browsers	2025-09-19T13:36:17.5110391Z The following additional packages will be installed:
e2e	Install Playwright browsers	2025-09-19T13:36:17.5111221Z   glib-networking glib-networking-common glib-networking-services
e2e	Install Playwright browsers	2025-09-19T13:36:17.5112252Z   gsettings-desktop-schemas libaa1 libabsl20220623t64 libass9 libasyncns0
e2e	Install Playwright browsers	2025-09-19T13:36:17.5112839Z   libavc1394-0 libavcodec60 libavfilter9 libavformat60 libavtp0 libavutil58
e2e	Install Playwright browsers	2025-09-19T13:36:17.5113337Z   libblas3 libbluray2 libbs2b0 libcaca0 libcairo-script-interpreter2
e2e	Install Playwright browsers	2025-09-19T13:36:17.5113827Z   libcdparanoia0 libchromaprint1 libcjson1 libcodec2-1.2 libdav1d7
e2e	Install Playwright browsers	2025-09-19T13:36:17.5114322Z   libdc1394-25 libdca0 libdecor-0-0 libdirectfb-1.7-7t64 libdv4t64 libdvdnav4
e2e	Install Playwright browsers	2025-09-19T13:36:17.5114824Z   libdvdread8t64 libegl-mesa0 libegl1 libfaad2 libflac12t64 libfluidsynth3
e2e	Install Playwright browsers	2025-09-19T13:36:17.5115323Z   libfreeaptx0 libgav1-1 libgme0 libgraphene-1.0-0 libgsm1 libgssdp-1.6-0
e2e	Install Playwright browsers	2025-09-19T13:36:17.5115794Z   libgstreamer-plugins-good1.0-0 libgtk-4-common libgupnp-1.6-0
e2e	Install Playwright browsers	2025-09-19T13:36:17.5116230Z   libgupnp-igd-1.6-0 libhwy1t64 libiec61883-0 libimath-3-1-29t64
e2e	Install Playwright browsers	2025-09-19T13:36:17.5116678Z   libinstpatch-1.0-2 libjack-jackd2-0 libjxl0.7 liblapack3 liblc3-1
e2e	Install Playwright browsers	2025-09-19T13:36:17.5117130Z   libldacbt-enc2 liblilv-0-0 liblrdf0 libltc11 libmbedcrypto7t64 libmfx1
e2e	Install Playwright browsers	2025-09-19T13:36:17.5117572Z   libmjpegutils-2.1-0t64 libmodplug1 libmp3lame0 libmpcdec6
e2e	Install Playwright browsers	2025-09-19T13:36:17.5118003Z   libmpeg2encpp-2.1-0t64 libmpg123-0t64 libmplex2-2.1-0t64 libmysofa1
e2e	Install Playwright browsers	2025-09-19T13:36:17.5118450Z   libneon27t64 libnice10 libopenal-data libopenal1 libopenexr-3-1-30
e2e	Install Playwright browsers	2025-09-19T13:36:17.5118873Z   libopenh264-7 libopenmpt0t64 libopenni2-0 liborc-0.4-0t64
e2e	Install Playwright browsers	2025-09-19T13:36:17.5119547Z   libpipewire-0.3-0t64 libplacebo338 libpocketsphinx3 libpostproc57
e2e	Install Playwright browsers	2025-09-19T13:36:17.5120380Z   libproxy1v5 libpulse0 libqrencode4 libraptor2-0 librav1e0 libraw1394-11
e2e	Install Playwright browsers	2025-09-19T13:36:17.5120889Z   librist4 librsvg2-2 librubberband2 libsamplerate0 libsbc1 libsdl2-2.0-0
e2e	Install Playwright browsers	2025-09-19T13:36:17.5121518Z   libsecret-common libserd-0-0 libshine3 libshout3 libsndfile1 libsndio7.0
e2e	Install Playwright browsers	2025-09-19T13:36:17.5121999Z   libsord-0-0 libsoundtouch1 libsoup-3.0-0 libsoup-3.0-common libsoxr0
e2e	Install Playwright browsers	2025-09-19T13:36:17.5122489Z   libspa-0.2-modules libspandsp2t64 libspeex1 libsphinxbase3t64 libsratom-0-0
e2e	Install Playwright browsers	2025-09-19T13:36:17.5122991Z   libsrt1.5-gnutls libsrtp2-1 libssh-gcrypt-4 libsvtav1enc1d1 libswresample4
e2e	Install Playwright browsers	2025-09-19T13:36:17.5124011Z   libswscale7 libtag1v5 libtag1v5-vanilla libtheora0 libtwolame0 libudfread0
e2e	Install Playwright browsers	2025-09-19T13:36:17.5124504Z   libunibreak5 libv4l-0t64 libv4lconvert0t64 libva-drm2 libva-x11-2 libva2
e2e	Install Playwright browsers	2025-09-19T13:36:17.5124977Z   libvdpau1 libvidstab1.1 libvisual-0.4-0 libvo-aacenc0 libvo-amrwbenc0
e2e	Install Playwright browsers	2025-09-19T13:36:17.5125647Z   libvorbisenc2 libvpl2 libwavpack1 libwebrtc-audio-processing1 libwildmidi2
e2e	Install Playwright browsers	2025-09-19T13:36:17.5126158Z   libx265-199 libxcb-xkb1 libxkbcommon-x11-0 libxml2-dev libxvidcore4 libyuv0
e2e	Install Playwright browsers	2025-09-19T13:36:17.5126634Z   libzbar0t64 libzimg2 libzix-0-0 libzvbi-common libzvbi0t64 libzxing3
e2e	Install Playwright browsers	2025-09-19T13:36:17.5127123Z   ocl-icd-libopencl1 session-migration timgm6mb-soundfont xfonts-encodings
e2e	Install Playwright browsers	2025-09-19T13:36:17.5127480Z   xfonts-utils
e2e	Install Playwright browsers	2025-09-19T13:36:17.5127982Z Suggested packages:
e2e	Install Playwright browsers	2025-09-19T13:36:17.5128600Z   frei0r-plugins gvfs libcuda1 libnvcuvid1 libnvidia-encode1 libbluray-bdj
e2e	Install Playwright browsers	2025-09-19T13:36:17.5129277Z   cups-common libdirectfb-extra libdv-bin oss-compat libdvdcss2
e2e	Install Playwright browsers	2025-09-19T13:36:17.5129749Z   libvisual-0.4-plugins jackd2 liblrdf0-dev libportaudio2 opus-tools pipewire
e2e	Install Playwright browsers	2025-09-19T13:36:17.5130246Z   pulseaudio raptor2-utils libraw1394-doc librsvg2-bin serdi sndiod sordi
e2e	Install Playwright browsers	2025-09-19T13:36:17.5130677Z   speex libwildmidi-config opencl-icd fluid-soundfont-gm
e2e	Install Playwright browsers	2025-09-19T13:36:17.5130989Z Recommended packages:
e2e	Install Playwright browsers	2025-09-19T13:36:17.5131411Z   fonts-ipafont-mincho fonts-tlwg-loma gstreamer1.0-x libaacs0
e2e	Install Playwright browsers	2025-09-19T13:36:17.5131869Z   default-libdecor-0-plugin-1 | libdecor-0-plugin-1 gstreamer1.0-gl
e2e	Install Playwright browsers	2025-09-19T13:36:17.5132362Z   libgtk-4-bin librsvg2-common libgtk-4-media-gstreamer libpipewire-0.3-common
e2e	Install Playwright browsers	2025-09-19T13:36:17.5132885Z   pocketsphinx-en-us va-driver-all | va-driver vdpau-driver-all | vdpau-driver
e2e	Install Playwright browsers	2025-09-19T13:36:17.5133256Z   libmagickcore-6.q16-7-extra
e2e	Install Playwright browsers	2025-09-19T13:36:17.6232686Z The following NEW packages will be installed:
e2e	Install Playwright browsers	2025-09-19T13:36:17.6233798Z   fonts-freefont-ttf fonts-ipafont-gothic fonts-tlwg-loma-otf fonts-unifont
e2e	Install Playwright browsers	2025-09-19T13:36:17.6234846Z   fonts-wqy-zenhei glib-networking glib-networking-common
e2e	Install Playwright browsers	2025-09-19T13:36:17.6235828Z   glib-networking-services gsettings-desktop-schemas gstreamer1.0-libav
e2e	Install Playwright browsers	2025-09-19T13:36:17.6236993Z   gstreamer1.0-plugins-bad gstreamer1.0-plugins-base gstreamer1.0-plugins-good
e2e	Install Playwright browsers	2025-09-19T13:36:17.6238140Z   libaa1 libabsl20220623t64 libass9 libasyncns0 libavc1394-0 libavcodec60
e2e	Install Playwright browsers	2025-09-19T13:36:17.6239192Z   libavfilter9 libavformat60 libavif16 libavtp0 libavutil58 libblas3
e2e	Install Playwright browsers	2025-09-19T13:36:17.6240265Z   libbluray2 libbs2b0 libcaca0 libcairo-script-interpreter2 libcdparanoia0
e2e	Install Playwright browsers	2025-09-19T13:36:17.6241542Z   libchromaprint1 libcjson1 libcodec2-1.2 libdav1d7 libdc1394-25 libdca0
e2e	Install Playwright browsers	2025-09-19T13:36:17.6242598Z   libdecor-0-0 libdirectfb-1.7-7t64 libdv4t64 libdvdnav4 libdvdread8t64
e2e	Install Playwright browsers	2025-09-19T13:36:17.6243499Z   libegl-mesa0 libegl1 libevent-2.1-7t64 libfaad2 libflac12t64 libflite1
e2e	Install Playwright browsers	2025-09-19T13:36:17.6244348Z   libfluidsynth3 libfreeaptx0 libgav1-1 libgles2 libgme0 libgraphene-1.0-0
e2e	Install Playwright browsers	2025-09-19T13:36:17.6245222Z   libgsm1 libgssdp-1.6-0 libgstreamer-gl1.0-0 libgstreamer-plugins-bad1.0-0
e2e	Install Playwright browsers	2025-09-19T13:36:17.6246171Z   libgstreamer-plugins-base1.0-0 libgstreamer-plugins-good1.0-0 libgtk-4-1
e2e	Install Playwright browsers	2025-09-19T13:36:17.6247026Z   libgtk-4-common libgupnp-1.6-0 libgupnp-igd-1.6-0 libharfbuzz-icu0
e2e	Install Playwright browsers	2025-09-19T13:36:17.6247839Z   libhwy1t64 libhyphen0 libiec61883-0 libimath-3-1-29t64 libinstpatch-1.0-2
e2e	Install Playwright browsers	2025-09-19T13:36:17.6248696Z   libjack-jackd2-0 libjxl0.7 liblapack3 liblc3-1 libldacbt-enc2 liblilv-0-0
e2e	Install Playwright browsers	2025-09-19T13:36:17.6249467Z   liblrdf0 libltc11 libmanette-0.2-0 libmbedcrypto7t64 libmfx1
e2e	Install Playwright browsers	2025-09-19T13:36:17.6250160Z   libmjpegutils-2.1-0t64 libmodplug1 libmp3lame0 libmpcdec6
e2e	Install Playwright browsers	2025-09-19T13:36:17.6250714Z   libmpeg2encpp-2.1-0t64 libmpg123-0t64 libmplex2-2.1-0t64 libmysofa1
e2e	Install Playwright browsers	2025-09-19T13:36:17.6251224Z   libneon27t64 libnice10 libopenal-data libopenal1 libopenexr-3-1-30
e2e	Install Playwright browsers	2025-09-19T13:36:17.6251849Z   libopenh264-7 libopenmpt0t64 libopenni2-0 libopus0 liborc-0.4-0t64
e2e	Install Playwright browsers	2025-09-19T13:36:17.6252692Z   libpipewire-0.3-0t64 libplacebo338 libpocketsphinx3 libpostproc57
e2e	Install Playwright browsers	2025-09-19T13:36:17.6253232Z   libproxy1v5 libpulse0 libqrencode4 libraptor2-0 librav1e0 libraw1394-11
e2e	Install Playwright browsers	2025-09-19T13:36:17.6253737Z   librist4 librsvg2-2 librubberband2 libsamplerate0 libsbc1 libsdl2-2.0-0
e2e	Install Playwright browsers	2025-09-19T13:36:17.6254231Z   libsecret-1-0 libsecret-common libserd-0-0 libshine3 libshout3 libsndfile1
e2e	Install Playwright browsers	2025-09-19T13:36:17.6255155Z   libsndio7.0 libsord-0-0 libsoundtouch1 libsoup-3.0-0 libsoup-3.0-common
e2e	Install Playwright browsers	2025-09-19T13:36:17.6255975Z   libsoxr0 libspa-0.2-modules libspandsp2t64 libspeex1 libsphinxbase3t64
e2e	Install Playwright browsers	2025-09-19T13:36:17.6256812Z   libsratom-0-0 libsrt1.5-gnutls libsrtp2-1 libssh-gcrypt-4 libsvtav1enc1d1
e2e	Install Playwright browsers	2025-09-19T13:36:17.6257634Z   libswresample4 libswscale7 libtag1v5 libtag1v5-vanilla libtheora0
e2e	Install Playwright browsers	2025-09-19T13:36:17.6258259Z   libtwolame0 libudfread0 libunibreak5 libv4l-0t64 libv4lconvert0t64
e2e	Install Playwright browsers	2025-09-19T13:36:17.6258713Z   libva-drm2 libva-x11-2 libva2 libvdpau1 libvidstab1.1 libvisual-0.4-0
e2e	Install Playwright browsers	2025-09-19T13:36:17.6259200Z   libvo-aacenc0 libvo-amrwbenc0 libvorbisenc2 libvpl2 libvpx9 libwavpack1
e2e	Install Playwright browsers	2025-09-19T13:36:17.6259697Z   libwebrtc-audio-processing1 libwildmidi2 libwoff1 libx264-164 libx265-199
e2e	Install Playwright browsers	2025-09-19T13:36:17.6260193Z   libxcb-xkb1 libxkbcommon-x11-0 libxvidcore4 libyuv0 libzbar0t64 libzimg2
e2e	Install Playwright browsers	2025-09-19T13:36:17.6260655Z   libzix-0-0 libzvbi-common libzvbi0t64 libzxing3 ocl-icd-libopencl1
e2e	Install Playwright browsers	2025-09-19T13:36:17.6261118Z   session-migration timgm6mb-soundfont xfonts-cyrillic xfonts-encodings
e2e	Install Playwright browsers	2025-09-19T13:36:17.6261642Z   xfonts-scalable xfonts-utils
e2e	Install Playwright browsers	2025-09-19T13:36:17.6261944Z The following packages will be upgraded:
e2e	Install Playwright browsers	2025-09-19T13:36:17.6262690Z   libcups2t64 libxml2 libxml2-dev
e2e	Install Playwright browsers	2025-09-19T13:36:17.6520106Z 3 upgraded, 179 newly installed, 0 to remove and 44 not upgraded.
e2e	Install Playwright browsers	2025-09-19T13:36:17.6520829Z Need to get 116 MB of archives.
e2e	Install Playwright browsers	2025-09-19T13:36:17.6521702Z After this operation, 363 MB of additional disk space will be used.
e2e	Install Playwright browsers	2025-09-19T13:36:17.6522391Z Get:1 file:/etc/apt/apt-mirrors.txt Mirrorlist [144 B]
e2e	Install Playwright browsers	2025-09-19T13:36:17.7103397Z Get:2 http://azure.archive.ubuntu.com/ubuntu noble/universe amd64 fonts-ipafont-gothic all 00303-21ubuntu1 [3513 kB]
e2e	Install Playwright browsers	2025-09-19T13:36:17.8559560Z Get:3 http://azure.archive.ubuntu.com/ubuntu noble-updates/main amd64 libxml2-dev amd64 2.9.14+dfsg-1.3ubuntu3.5 [781 kB]
e2e	Install Playwright browsers	2025-09-19T13:36:17.9335856Z Get:4 http://azure.archive.ubuntu.com/ubuntu noble-updates/main amd64 libxml2 amd64 2.9.14+dfsg-1.3ubuntu3.5 [763 kB]
e2e	Install Playwright browsers	2025-09-19T13:36:18.0090127Z Get:5 http://azure.archive.ubuntu.com/ubuntu noble/main amd64 fonts-freefont-ttf all 20211204+svn4273-2 [5641 kB]
e2e	Install Playwright browsers	2025-09-19T13:36:18.2059718Z Get:6 http://azure.archive.ubuntu.com/ubuntu noble/universe amd64 fonts-tlwg-loma-otf all 1:0.7.3-1 [107 kB]
e2e	Install Playwright browsers	2025-09-19T13:36:18.2468681Z Get:7 http://azure.archive.ubuntu.com/ubuntu noble/universe amd64 fonts-unifont all 1:15.1.01-1build1 [2993 kB]
e2e	Install Playwright browsers	2025-09-19T13:36:18.3914553Z Get:8 http://azure.archive.ubuntu.com/ubuntu noble/universe amd64 fonts-wqy-zenhei all 0.9.45-8 [7472 kB]
e2e	Install Playwright browsers	2025-09-19T13:36:18.6695168Z Get:9 http://azure.archive.ubuntu.com/ubuntu noble/main amd64 libproxy1v5 amd64 0.5.4-4build1 [26.5 kB]
e2e	Install Playwright browsers	2025-09-19T13:36:18.7052261Z Get:10 http://azure.archive.ubuntu.com/ubuntu noble/main amd64 glib-networking-common all 2.80.0-1build1 [6702 B]
e2e	Install Playwright browsers	2025-09-19T13:36:18.7407579Z Get:11 http://azure.archive.ubuntu.com/ubuntu noble/main amd64 glib-networking-services amd64 2.80.0-1build1 [12.8 kB]
e2e	Install Playwright browsers	2025-09-19T13:36:18.7854879Z Get:12 http://azure.archive.ubuntu.com/ubuntu noble/main amd64 session-migration amd64 0.3.9build1 [9034 B]
e2e	Install Playwright browsers	2025-09-19T13:36:18.8297602Z Get:13 http://azure.archive.ubuntu.com/ubuntu noble-updates/main amd64 gsettings-desktop-schemas all 46.1-0ubuntu1 [35.6 kB]
e2e	Install Playwright browsers	2025-09-19T13:36:18.8798952Z Get:14 http://azure.archive.ubuntu.com/ubuntu noble/main amd64 glib-networking amd64 2.80.0-1build1 [64.1 kB]
e2e	Install Playwright browsers	2025-09-19T13:36:18.9246475Z Get:15 http://azure.archive.ubuntu.com/ubuntu noble/universe amd64 libva2 amd64 2.20.0-2build1 [66.2 kB]
e2e	Install Playwright browsers	2025-09-19T13:36:18.9614310Z Get:16 http://azure.archive.ubuntu.com/ubuntu noble/universe amd64 libva-drm2 amd64 2.20.0-2build1 [7124 B]
e2e	Install Playwright browsers	2025-09-19T13:36:18.9970774Z Get:17 http://azure.archive.ubuntu.com/ubuntu noble/universe amd64 libva-x11-2 amd64 2.20.0-2build1 [12.0 kB]
e2e	Install Playwright browsers	2025-09-19T13:36:19.0334273Z Get:18 http://azure.archive.ubuntu.com/ubuntu noble/main amd64 libvdpau1 amd64 1.5-2build1 [27.8 kB]
e2e	Install Playwright browsers	2025-09-19T13:36:19.0692932Z Get:19 http://azure.archive.ubuntu.com/ubuntu noble/universe amd64 libvpl2 amd64 2023.3.0-1build1 [99.8 kB]
e2e	Install Playwright browsers	2025-09-19T13:36:19.1531145Z Get:20 http://azure.archive.ubuntu.com/ubuntu noble/universe amd64 ocl-icd-libopencl1 amd64 2.3.2-1build1 [38.5 kB]
e2e	Install Playwright browsers	2025-09-19T13:36:19.1898682Z Get:21 http://azure.archive.ubuntu.com/ubuntu noble/universe amd64 libavutil58 amd64 7:6.1.1-3ubuntu5 [401 kB]
e2e	Install Playwright browsers	2025-09-19T13:36:19.2325794Z Get:22 http://azure.archive.ubuntu.com/ubuntu noble/universe amd64 libcodec2-1.2 amd64 1.2.0-2build1 [8998 kB]
e2e	Install Playwright browsers	2025-09-19T13:36:19.4410849Z Get:23 http://azure.archive.ubuntu.com/ubuntu noble/universe amd64 libdav1d7 amd64 1.4.1-1build1 [604 kB]
e2e	Install Playwright browsers	2025-09-19T13:36:19.5111631Z Get:24 http://azure.archive.ubuntu.com/ubuntu noble/universe amd64 libgsm1 amd64 1.0.22-1build1 [27.8 kB]
e2e	Install Playwright browsers	2025-09-19T13:36:19.5556743Z Get:25 http://azure.archive.ubuntu.com/ubuntu noble/universe amd64 libhwy1t64 amd64 1.0.7-8.1build1 [584 kB]
e2e	Install Playwright browsers	2025-09-19T13:36:19.6435399Z Get:26 http://azure.archive.ubuntu.com/ubuntu noble-updates/universe amd64 libjxl0.7 amd64 0.7.0-10.2ubuntu6.1 [1001 kB]
e2e	Install Playwright browsers	2025-09-19T13:36:19.7351645Z Get:27 http://azure.archive.ubuntu.com/ubuntu noble/main amd64 libmp3lame0 amd64 3.100-6build1 [142 kB]
e2e	Install Playwright browsers	2025-09-19T13:36:19.7807916Z Get:28 http://azure.archive.ubuntu.com/ubuntu noble/main amd64 libopus0 amd64 1.4-1build1 [208 kB]
e2e	Install Playwright browsers	2025-09-19T13:36:19.8267438Z Get:29 http://azure.archive.ubuntu.com/ubuntu noble/universe amd64 librav1e0 amd64 0.7.1-2 [1022 kB]
e2e	Install Playwright browsers	2025-09-19T13:36:19.9183271Z Get:30 http://azure.archive.ubuntu.com/ubuntu noble/main amd64 librsvg2-2 amd64 2.58.0+dfsg-1build1 [2135 kB]
e2e	Install Playwright browsers	2025-09-19T13:36:20.0588057Z Get:31 http://azure.archive.ubuntu.com/ubuntu noble/universe amd64 libshine3 amd64 3.1.1-2build1 [23.2 kB]
e2e	Install Playwright browsers	2025-09-19T13:36:20.1059268Z Get:32 http://azure.archive.ubuntu.com/ubuntu noble-updates/main amd64 libspeex1 amd64 1.2.1-2ubuntu2.24.04.1 [59.6 kB]
e2e	Install Playwright browsers	2025-09-19T13:36:20.1510405Z Get:33 http://azure.archive.ubuntu.com/ubuntu noble/universe amd64 libsvtav1enc1d1 amd64 1.7.0+dfsg-2build1 [2425 kB]
e2e	Install Playwright browsers	2025-09-19T13:36:20.2955699Z Get:34 http://azure.archive.ubuntu.com/ubuntu noble/universe amd64 libsoxr0 amd64 0.1.3-4build3 [80.0 kB]
e2e	Install Playwright browsers	2025-09-19T13:36:20.3340812Z Get:35 http://azure.archive.ubuntu.com/ubuntu noble/universe amd64 libswresample4 amd64 7:6.1.1-3ubuntu5 [63.8 kB]
e2e	Install Playwright browsers	2025-09-19T13:36:20.3732509Z Get:36 http://azure.archive.ubuntu.com/ubuntu noble/main amd64 libtheora0 amd64 1.1.1+dfsg.1-16.1build3 [211 kB]
e2e	Install Playwright browsers	2025-09-19T13:36:20.4152111Z Get:37 http://azure.archive.ubuntu.com/ubuntu noble/main amd64 libtwolame0 amd64 0.4.0-2build3 [52.3 kB]
e2e	Install Playwright browsers	2025-09-19T13:36:20.4546821Z Get:38 http://azure.archive.ubuntu.com/ubuntu noble/main amd64 libvorbisenc2 amd64 1.3.7-1build3 [80.8 kB]
e2e	Install Playwright browsers	2025-09-19T13:36:20.5400053Z Get:39 http://azure.archive.ubuntu.com/ubuntu noble-updates/main amd64 libvpx9 amd64 1.14.0-1ubuntu2.2 [1143 kB]
e2e	Install Playwright browsers	2025-09-19T13:36:20.6528815Z Get:40 http://azure.archive.ubuntu.com/ubuntu noble/universe amd64 libx264-164 amd64 2:0.164.3108+git31e19f9-1 [604 kB]
e2e	Install Playwright browsers	2025-09-19T13:36:20.7342364Z Get:41 http://azure.archive.ubuntu.com/ubuntu noble/universe amd64 libx265-199 amd64 3.5-2build1 [1226 kB]
e2e	Install Playwright browsers	2025-09-19T13:36:20.8453593Z Get:42 http://azure.archive.ubuntu.com/ubuntu noble/universe amd64 libxvidcore4 amd64 2:1.3.7-1build1 [219 kB]
e2e	Install Playwright browsers	2025-09-19T13:36:20.8861865Z Get:43 http://azure.archive.ubuntu.com/ubuntu noble/universe amd64 libzvbi-common all 0.2.42-2 [42.4 kB]
e2e	Install Playwright browsers	2025-09-19T13:36:20.9248546Z Get:44 http://azure.archive.ubuntu.com/ubuntu noble/universe amd64 libzvbi0t64 amd64 0.2.42-2 [261 kB]
e2e	Install Playwright browsers	2025-09-19T13:36:20.9684269Z Get:45 http://azure.archive.ubuntu.com/ubuntu noble/universe amd64 libavcodec60 amd64 7:6.1.1-3ubuntu5 [5851 kB]
e2e	Install Playwright browsers	2025-09-19T13:36:21.1994919Z Get:46 http://azure.archive.ubuntu.com/ubuntu noble/universe amd64 libunibreak5 amd64 5.1-2build1 [25.0 kB]
e2e	Install Playwright browsers	2025-09-19T13:36:21.2388460Z Get:47 http://azure.archive.ubuntu.com/ubuntu noble/universe amd64 libass9 amd64 1:0.17.1-2build1 [104 kB]
e2e	Install Playwright browsers	2025-09-19T13:36:21.2795529Z Get:48 http://azure.archive.ubuntu.com/ubuntu noble/universe amd64 libudfread0 amd64 1.1.2-1build1 [19.0 kB]
e2e	Install Playwright browsers	2025-09-19T13:36:21.3179321Z Get:49 http://azure.archive.ubuntu.com/ubuntu noble/universe amd64 libbluray2 amd64 1:1.3.4-1build1 [159 kB]
e2e	Install Playwright browsers	2025-09-19T13:36:21.3589023Z Get:50 http://azure.archive.ubuntu.com/ubuntu noble/universe amd64 libchromaprint1 amd64 1.5.1-5 [30.5 kB]
e2e	Install Playwright browsers	2025-09-19T13:36:21.3975178Z Get:51 http://azure.archive.ubuntu.com/ubuntu noble/universe amd64 libgme0 amd64 0.6.3-7build1 [134 kB]
e2e	Install Playwright browsers	2025-09-19T13:36:21.4399424Z Get:52 http://azure.archive.ubuntu.com/ubuntu noble-updates/main amd64 libmpg123-0t64 amd64 1.32.5-1ubuntu1.1 [169 kB]
e2e	Install Playwright browsers	2025-09-19T13:36:21.4811965Z Get:53 http://azure.archive.ubuntu.com/ubuntu noble/universe amd64 libopenmpt0t64 amd64 0.7.3-1.1build3 [647 kB]
e2e	Install Playwright browsers	2025-09-19T13:36:21.5623716Z Get:54 http://azure.archive.ubuntu.com/ubuntu noble/universe amd64 libcjson1 amd64 1.7.17-1 [24.8 kB]
e2e	Install Playwright browsers	2025-09-19T13:36:21.6017355Z Get:55 http://azure.archive.ubuntu.com/ubuntu noble/universe amd64 libmbedcrypto7t64 amd64 2.28.8-1 [209 kB]
e2e	Install Playwright browsers	2025-09-19T13:36:21.6429218Z Get:56 http://azure.archive.ubuntu.com/ubuntu noble/universe amd64 librist4 amd64 0.2.10+dfsg-2 [74.9 kB]
e2e	Install Playwright browsers	2025-09-19T13:36:21.6824055Z Get:57 http://azure.archive.ubuntu.com/ubuntu noble/universe amd64 libsrt1.5-gnutls amd64 1.5.3-1build2 [316 kB]
e2e	Install Playwright browsers	2025-09-19T13:36:21.7698005Z Get:58 http://azure.archive.ubuntu.com/ubuntu noble-updates/main amd64 libssh-gcrypt-4 amd64 0.10.6-2ubuntu0.1 [224 kB]
e2e	Install Playwright browsers	2025-09-19T13:36:21.8078891Z Get:59 http://azure.archive.ubuntu.com/ubuntu noble/universe amd64 libavformat60 amd64 7:6.1.1-3ubuntu5 [1153 kB]
e2e	Install Playwright browsers	2025-09-19T13:36:21.8817662Z Get:60 http://azure.archive.ubuntu.com/ubuntu noble/universe amd64 libbs2b0 amd64 3.1.0+dfsg-7build1 [10.6 kB]
e2e	Install Playwright browsers	2025-09-19T13:36:21.9172677Z Get:61 http://azure.archive.ubuntu.com/ubuntu noble/universe amd64 libflite1 amd64 2.2-6build3 [13.6 MB]
e2e	Install Playwright browsers	2025-09-19T13:36:22.1896805Z Get:62 http://azure.archive.ubuntu.com/ubuntu noble/universe amd64 libserd-0-0 amd64 0.32.2-1 [43.6 kB]
e2e	Install Playwright browsers	2025-09-19T13:36:22.2257425Z Get:63 http://azure.archive.ubuntu.com/ubuntu noble/universe amd64 libzix-0-0 amd64 0.4.2-2build1 [23.6 kB]
e2e	Install Playwright browsers	2025-09-19T13:36:22.2616053Z Get:64 http://azure.archive.ubuntu.com/ubuntu noble/universe amd64 libsord-0-0 amd64 0.16.16-2build1 [15.8 kB]
e2e	Install Playwright browsers	2025-09-19T13:36:22.2977161Z Get:65 http://azure.archive.ubuntu.com/ubuntu noble/universe amd64 libsratom-0-0 amd64 0.6.16-1build1 [17.3 kB]
e2e	Install Playwright browsers	2025-09-19T13:36:22.3339679Z Get:66 http://azure.archive.ubuntu.com/ubuntu noble/universe amd64 liblilv-0-0 amd64 0.24.22-1build1 [41.0 kB]
e2e	Install Playwright browsers	2025-09-19T13:36:22.3698725Z Get:67 http://azure.archive.ubuntu.com/ubuntu noble/universe amd64 libmysofa1 amd64 1.3.2+dfsg-2ubuntu2 [1158 kB]
e2e	Install Playwright browsers	2025-09-19T13:36:22.4520409Z Get:68 http://azure.archive.ubuntu.com/ubuntu noble/universe amd64 libplacebo338 amd64 6.338.2-2build1 [2654 kB]
e2e	Install Playwright browsers	2025-09-19T13:36:22.5662311Z Get:69 http://azure.archive.ubuntu.com/ubuntu noble-updates/main amd64 libblas3 amd64 3.12.0-3build1.1 [238 kB]
e2e	Install Playwright browsers	2025-09-19T13:36:22.6049195Z Get:70 http://azure.archive.ubuntu.com/ubuntu noble-updates/main amd64 liblapack3 amd64 3.12.0-3build1.1 [2646 kB]
e2e	Install Playwright browsers	2025-09-19T13:36:22.7194110Z Get:71 http://azure.archive.ubuntu.com/ubuntu noble/main amd64 libasyncns0 amd64 0.8-6build4 [11.3 kB]
e2e	Install Playwright browsers	2025-09-19T13:36:22.7562978Z Get:72 http://azure.archive.ubuntu.com/ubuntu noble/main amd64 libflac12t64 amd64 1.4.3+ds-2.1ubuntu2 [197 kB]
e2e	Install Playwright browsers	2025-09-19T13:36:22.7937710Z Get:73 http://azure.archive.ubuntu.com/ubuntu noble-updates/main amd64 libsndfile1 amd64 1.2.2-1ubuntu5.24.04.1 [209 kB]
e2e	Install Playwright browsers	2025-09-19T13:36:22.8314329Z Get:74 http://azure.archive.ubuntu.com/ubuntu noble-updates/main amd64 libpulse0 amd64 1:16.1+dfsg1-2ubuntu10.1 [292 kB]
e2e	Install Playwright browsers	2025-09-19T13:36:22.8695306Z Get:75 http://azure.archive.ubuntu.com/ubuntu noble/universe amd64 libsphinxbase3t64 amd64 0.8+5prealpha+1-17build2 [126 kB]
e2e	Install Playwright browsers	2025-09-19T13:36:22.9491861Z Get:76 http://azure.archive.ubuntu.com/ubuntu noble/universe amd64 libpocketsphinx3 amd64 0.8.0+real5prealpha+1-15ubuntu5 [133 kB]
e2e	Install Playwright browsers	2025-09-19T13:36:22.9867425Z Get:77 http://azure.archive.ubuntu.com/ubuntu noble/universe amd64 libpostproc57 amd64 7:6.1.1-3ubuntu5 [49.9 kB]
e2e	Install Playwright browsers	2025-09-19T13:36:23.0232862Z Get:78 http://azure.archive.ubuntu.com/ubuntu noble/main amd64 libsamplerate0 amd64 0.2.2-4build1 [1344 kB]
e2e	Install Playwright browsers	2025-09-19T13:36:23.1013502Z Get:79 http://azure.archive.ubuntu.com/ubuntu noble/universe amd64 librubberband2 amd64 3.3.0+dfsg-2build1 [130 kB]
e2e	Install Playwright browsers	2025-09-19T13:36:23.1383908Z Get:80 http://azure.archive.ubuntu.com/ubuntu noble/universe amd64 libswscale7 amd64 7:6.1.1-3ubuntu5 [193 kB]
e2e	Install Playwright browsers	2025-09-19T13:36:23.1753624Z Get:81 http://azure.archive.ubuntu.com/ubuntu noble/universe amd64 libvidstab1.1 amd64 1.1.0-2build1 [38.5 kB]
e2e	Install Playwright browsers	2025-09-19T13:36:23.2111957Z Get:82 http://azure.archive.ubuntu.com/ubuntu noble/universe amd64 libzimg2 amd64 3.0.5+ds1-1build1 [254 kB]
e2e	Install Playwright browsers	2025-09-19T13:36:23.2498584Z Get:83 http://azure.archive.ubuntu.com/ubuntu noble/universe amd64 libavfilter9 amd64 7:6.1.1-3ubuntu5 [4235 kB]
e2e	Install Playwright browsers	2025-09-19T13:36:23.4008195Z Get:84 http://azure.archive.ubuntu.com/ubuntu noble-updates/main amd64 liborc-0.4-0t64 amd64 1:0.4.38-1ubuntu0.1 [207 kB]
e2e	Install Playwright browsers	2025-09-19T13:36:23.4382286Z Get:85 http://azure.archive.ubuntu.com/ubuntu noble-updates/main amd64 libgstreamer-plugins-base1.0-0 amd64 1.24.2-1ubuntu0.3 [862 kB]
e2e	Install Playwright browsers	2025-09-19T13:36:23.5123236Z Get:86 http://azure.archive.ubuntu.com/ubuntu noble/universe amd64 gstreamer1.0-libav amd64 1.24.1-1build1 [103 kB]
e2e	Install Playwright browsers	2025-09-19T13:36:23.5497742Z Get:87 http://azure.archive.ubuntu.com/ubuntu noble/main amd64 libcdparanoia0 amd64 3.10.2+debian-14build3 [48.5 kB]
e2e	Install Playwright browsers	2025-09-19T13:36:23.5863549Z Get:88 http://azure.archive.ubuntu.com/ubuntu noble/main amd64 libvisual-0.4-0 amd64 0.4.2-2build1 [115 kB]
e2e	Install Playwright browsers	2025-09-19T13:36:23.6231615Z Get:89 http://azure.archive.ubuntu.com/ubuntu noble-updates/main amd64 gstreamer1.0-plugins-base amd64 1.24.2-1ubuntu0.3 [721 kB]
e2e	Install Playwright browsers	2025-09-19T13:36:23.6949636Z Get:90 http://azure.archive.ubuntu.com/ubuntu noble/main amd64 libaa1 amd64 1.4p5-51.1 [49.9 kB]
e2e	Install Playwright browsers	2025-09-19T13:36:23.7318686Z Get:91 http://azure.archive.ubuntu.com/ubuntu noble/main amd64 libraw1394-11 amd64 2.1.2-2build3 [26.2 kB]
e2e	Install Playwright browsers	2025-09-19T13:36:23.7687723Z Get:92 http://azure.archive.ubuntu.com/ubuntu noble/main amd64 libavc1394-0 amd64 0.5.4-5build3 [15.4 kB]
e2e	Install Playwright browsers	2025-09-19T13:36:23.8043694Z Get:93 http://azure.archive.ubuntu.com/ubuntu noble/main amd64 libcaca0 amd64 0.99.beta20-4build2 [208 kB]
e2e	Install Playwright browsers	2025-09-19T13:36:23.8423202Z Get:94 http://azure.archive.ubuntu.com/ubuntu noble/main amd64 libdv4t64 amd64 1.0.0-17.1build1 [63.2 kB]
e2e	Install Playwright browsers	2025-09-19T13:36:23.9223760Z Get:95 http://azure.archive.ubuntu.com/ubuntu noble-updates/main amd64 libgstreamer-plugins-good1.0-0 amd64 1.24.2-1ubuntu1.2 [33.0 kB]
e2e	Install Playwright browsers	2025-09-19T13:36:23.9589601Z Get:96 http://azure.archive.ubuntu.com/ubuntu noble/main amd64 libiec61883-0 amd64 1.2.0-6build1 [24.5 kB]
e2e	Install Playwright browsers	2025-09-19T13:36:23.9974357Z Get:97 http://azure.archive.ubuntu.com/ubuntu noble/main amd64 libshout3 amd64 2.4.6-1build2 [50.3 kB]
e2e	Install Playwright browsers	2025-09-19T13:36:24.0343872Z Get:98 http://azure.archive.ubuntu.com/ubuntu noble/main amd64 libtag1v5-vanilla amd64 1.13.1-1build1 [326 kB]
e2e	Install Playwright browsers	2025-09-19T13:36:24.0729833Z Get:99 http://azure.archive.ubuntu.com/ubuntu noble/main amd64 libtag1v5 amd64 1.13.1-1build1 [11.7 kB]
e2e	Install Playwright browsers	2025-09-19T13:36:24.1088264Z Get:100 http://azure.archive.ubuntu.com/ubuntu noble/main amd64 libv4lconvert0t64 amd64 1.26.1-4build3 [87.6 kB]
e2e	Install Playwright browsers	2025-09-19T13:36:24.1455723Z Get:101 http://azure.archive.ubuntu.com/ubuntu noble/main amd64 libv4l-0t64 amd64 1.26.1-4build3 [46.9 kB]
e2e	Install Playwright browsers	2025-09-19T13:36:24.1821167Z Get:102 http://azure.archive.ubuntu.com/ubuntu noble/main amd64 libwavpack1 amd64 5.6.0-1build1 [84.6 kB]
e2e	Install Playwright browsers	2025-09-19T13:36:24.2266950Z Get:103 http://azure.archive.ubuntu.com/ubuntu noble-updates/main amd64 libsoup-3.0-common all 3.4.4-5ubuntu0.5 [11.3 kB]
e2e	Install Playwright browsers	2025-09-19T13:36:24.2713566Z Get:104 http://azure.archive.ubuntu.com/ubuntu noble-updates/main amd64 libsoup-3.0-0 amd64 3.4.4-5ubuntu0.5 [291 kB]
e2e	Install Playwright browsers	2025-09-19T13:36:24.3205560Z Get:105 http://azure.archive.ubuntu.com/ubuntu noble-updates/main amd64 gstreamer1.0-plugins-good amd64 1.24.2-1ubuntu1.2 [2238 kB]
e2e	Install Playwright browsers	2025-09-19T13:36:24.4672258Z Get:106 http://azure.archive.ubuntu.com/ubuntu noble-updates/main amd64 libabsl20220623t64 amd64 20220623.1-3.1ubuntu3.2 [423 kB]
e2e	Install Playwright browsers	2025-09-19T13:36:24.5166857Z Get:107 http://azure.archive.ubuntu.com/ubuntu noble/universe amd64 libgav1-1 amd64 0.18.0-1build3 [357 kB]
e2e	Install Playwright browsers	2025-09-19T13:36:24.5698578Z Get:108 http://azure.archive.ubuntu.com/ubuntu noble/universe amd64 libyuv0 amd64 0.0~git202401110.af6ac82-1 [178 kB]
e2e	Install Playwright browsers	2025-09-19T13:36:24.6328165Z Get:109 http://azure.archive.ubuntu.com/ubuntu noble/universe amd64 libavif16 amd64 1.0.4-1ubuntu3 [91.2 kB]
e2e	Install Playwright browsers	2025-09-19T13:36:24.6769643Z Get:110 http://azure.archive.ubuntu.com/ubuntu noble/universe amd64 libavtp0 amd64 0.2.0-1build1 [6414 B]
e2e	Install Playwright browsers	2025-09-19T13:36:24.7190971Z Get:111 http://azure.archive.ubuntu.com/ubuntu noble/main amd64 libcairo-script-interpreter2 amd64 1.18.0-3build1 [60.3 kB]
e2e	Install Playwright browsers	2025-09-19T13:36:24.7626677Z Get:112 http://azure.archive.ubuntu.com/ubuntu noble-updates/main amd64 libcups2t64 amd64 2.4.7-1.2ubuntu7.4 [272 kB]
e2e	Install Playwright browsers	2025-09-19T13:36:24.8117169Z Get:113 http://azure.archive.ubuntu.com/ubuntu noble/universe amd64 libdc1394-25 amd64 2.2.6-4build1 [90.1 kB]
e2e	Install Playwright browsers	2025-09-19T13:36:24.8697327Z Get:114 http://azure.archive.ubuntu.com/ubuntu noble/main amd64 libdecor-0-0 amd64 0.2.2-1build2 [16.5 kB]
e2e	Install Playwright browsers	2025-09-19T13:36:24.9121572Z Get:115 http://azure.archive.ubuntu.com/ubuntu noble/main amd64 libgles2 amd64 1.7.0-1build1 [17.1 kB]
e2e	Install Playwright browsers	2025-09-19T13:36:24.9489005Z Get:116 http://azure.archive.ubuntu.com/ubuntu noble/universe amd64 libdirectfb-1.7-7t64 amd64 1.7.7-11.1ubuntu2 [1035 kB]
e2e	Install Playwright browsers	2025-09-19T13:36:25.0601248Z Get:117 http://azure.archive.ubuntu.com/ubuntu noble/universe amd64 libdvdread8t64 amd64 6.1.3-1.1build1 [54.7 kB]
e2e	Install Playwright browsers	2025-09-19T13:36:25.1021044Z Get:118 http://azure.archive.ubuntu.com/ubuntu noble/universe amd64 libdvdnav4 amd64 6.1.1-3build1 [39.5 kB]
e2e	Install Playwright browsers	2025-09-19T13:36:25.1392717Z Get:119 http://azure.archive.ubuntu.com/ubuntu noble-updates/main amd64 libegl-mesa0 amd64 25.0.7-0ubuntu0.24.04.2 [124 kB]
e2e	Install Playwright browsers	2025-09-19T13:36:25.1791999Z Get:120 http://azure.archive.ubuntu.com/ubuntu noble/main amd64 libevent-2.1-7t64 amd64 2.1.12-stable-9ubuntu2 [145 kB]
e2e	Install Playwright browsers	2025-09-19T13:36:25.2706964Z Get:121 http://azure.archive.ubuntu.com/ubuntu noble/universe amd64 libfaad2 amd64 2.11.1-1build1 [207 kB]
e2e	Install Playwright browsers	2025-09-19T13:36:25.3151238Z Get:122 http://azure.archive.ubuntu.com/ubuntu noble/universe amd64 libinstpatch-1.0-2 amd64 1.1.6-1build2 [251 kB]
e2e	Install Playwright browsers	2025-09-19T13:36:25.3635775Z Get:123 http://azure.archive.ubuntu.com/ubuntu noble/main amd64 libjack-jackd2-0 amd64 1.9.21~dfsg-3ubuntu3 [289 kB]
e2e	Install Playwright browsers	2025-09-19T13:36:25.4122794Z Get:124 http://azure.archive.ubuntu.com/ubuntu noble/main amd64 libwebrtc-audio-processing1 amd64 0.3.1-0ubuntu6 [290 kB]
e2e	Install Playwright browsers	2025-09-19T13:36:25.4615622Z Get:125 http://azure.archive.ubuntu.com/ubuntu noble-updates/main amd64 libspa-0.2-modules amd64 1.0.5-1ubuntu3.1 [626 kB]
e2e	Install Playwright browsers	2025-09-19T13:36:25.5482016Z Get:126 http://azure.archive.ubuntu.com/ubuntu noble-updates/main amd64 libpipewire-0.3-0t64 amd64 1.0.5-1ubuntu3.1 [252 kB]
e2e	Install Playwright browsers	2025-09-19T13:36:25.5965495Z Get:127 http://azure.archive.ubuntu.com/ubuntu noble-updates/main amd64 libsdl2-2.0-0 amd64 2.30.0+dfsg-1ubuntu3.1 [686 kB]
e2e	Install Playwright browsers	2025-09-19T13:36:25.6896048Z Get:128 http://azure.archive.ubuntu.com/ubuntu noble/universe amd64 timgm6mb-soundfont all 1.3-5 [5427 kB]
e2e	Install Playwright browsers	2025-09-19T13:36:25.9433153Z Get:129 http://azure.archive.ubuntu.com/ubuntu noble/universe amd64 libfluidsynth3 amd64 2.3.4-1build3 [249 kB]
e2e	Install Playwright browsers	2025-09-19T13:36:25.9944822Z Get:130 http://azure.archive.ubuntu.com/ubuntu noble/main amd64 libfreeaptx0 amd64 0.1.1-2build1 [13.5 kB]
e2e	Install Playwright browsers	2025-09-19T13:36:26.0368356Z Get:131 http://azure.archive.ubuntu.com/ubuntu noble/main amd64 libgraphene-1.0-0 amd64 1.10.8-3build2 [46.2 kB]
e2e	Install Playwright browsers	2025-09-19T13:36:26.0816211Z Get:132 http://azure.archive.ubuntu.com/ubuntu noble/main amd64 libgssdp-1.6-0 amd64 1.6.3-1build3 [40.4 kB]
e2e	Install Playwright browsers	2025-09-19T13:36:26.1296491Z Get:133 http://azure.archive.ubuntu.com/ubuntu noble/main amd64 libegl1 amd64 1.7.0-1build1 [28.7 kB]
e2e	Install Playwright browsers	2025-09-19T13:36:26.6118986Z Get:134 http://azure.archive.ubuntu.com/ubuntu noble-updates/main amd64 libgstreamer-gl1.0-0 amd64 1.24.2-1ubuntu0.3 [214 kB]
e2e	Install Playwright browsers	2025-09-19T13:36:26.7879391Z Get:135 http://azure.archive.ubuntu.com/ubuntu noble-updates/main amd64 libgtk-4-common all 4.14.5+ds-0ubuntu0.5 [1497 kB]
e2e	Install Playwright browsers	2025-09-19T13:36:26.9175014Z Get:136 http://azure.archive.ubuntu.com/ubuntu noble-updates/main amd64 libgtk-4-1 amd64 4.14.5+ds-0ubuntu0.5 [3293 kB]
e2e	Install Playwright browsers	2025-09-19T13:36:27.0837688Z Get:137 http://azure.archive.ubuntu.com/ubuntu noble/main amd64 libgupnp-1.6-0 amd64 1.6.6-1build3 [92.7 kB]
e2e	Install Playwright browsers	2025-09-19T13:36:27.1275602Z Get:138 http://azure.archive.ubuntu.com/ubuntu noble/universe amd64 libgupnp-igd-1.6-0 amd64 1.6.0-3build3 [16.5 kB]
e2e	Install Playwright browsers	2025-09-19T13:36:27.1704831Z Get:139 http://azure.archive.ubuntu.com/ubuntu noble/main amd64 libharfbuzz-icu0 amd64 8.3.0-2build2 [13.3 kB]
e2e	Install Playwright browsers	2025-09-19T13:36:27.2134953Z Get:140 http://azure.archive.ubuntu.com/ubuntu noble/main amd64 libhyphen0 amd64 2.8.8-7build3 [26.5 kB]
e2e	Install Playwright browsers	2025-09-19T13:36:27.2596989Z Get:141 http://azure.archive.ubuntu.com/ubuntu noble/universe amd64 libimath-3-1-29t64 amd64 3.1.9-3.1ubuntu2 [72.2 kB]
e2e	Install Playwright browsers	2025-09-19T13:36:27.3237593Z Get:142 http://azure.archive.ubuntu.com/ubuntu noble/main amd64 liblc3-1 amd64 1.0.4-3build1 [69.7 kB]
e2e	Install Playwright browsers	2025-09-19T13:36:27.3722051Z Get:143 http://azure.archive.ubuntu.com/ubuntu noble/main amd64 libldacbt-enc2 amd64 2.0.2.3+git20200429+ed310a0-4ubuntu2 [27.1 kB]
e2e	Install Playwright browsers	2025-09-19T13:36:27.4198001Z Get:144 http://azure.archive.ubuntu.com/ubuntu noble-updates/main amd64 libraptor2-0 amd64 2.0.16-3ubuntu0.1 [165 kB]
e2e	Install Playwright browsers	2025-09-19T13:36:27.4752255Z Get:145 http://azure.archive.ubuntu.com/ubuntu noble/universe amd64 liblrdf0 amd64 0.6.1-4build1 [18.5 kB]
e2e	Install Playwright browsers	2025-09-19T13:36:27.5208493Z Get:146 http://azure.archive.ubuntu.com/ubuntu noble/universe amd64 libltc11 amd64 1.3.2-1build1 [13.0 kB]
e2e	Install Playwright browsers	2025-09-19T13:36:27.5670585Z Get:147 http://azure.archive.ubuntu.com/ubuntu noble/main amd64 libmanette-0.2-0 amd64 0.2.7-1build2 [30.6 kB]
e2e	Install Playwright browsers	2025-09-19T13:36:27.6129388Z Get:148 http://azure.archive.ubuntu.com/ubuntu noble/universe amd64 libmfx1 amd64 22.5.4-1 [3124 kB]
e2e	Install Playwright browsers	2025-09-19T13:36:27.7797288Z Get:149 http://azure.archive.ubuntu.com/ubuntu noble/universe amd64 libmjpegutils-2.1-0t64 amd64 1:2.1.0+debian-8.1build1 [25.5 kB]
e2e	Install Playwright browsers	2025-09-19T13:36:27.8256250Z Get:150 http://azure.archive.ubuntu.com/ubuntu noble/universe amd64 libmodplug1 amd64 1:0.8.9.0-3build1 [166 kB]
e2e	Install Playwright browsers	2025-09-19T13:36:27.8766500Z Get:151 http://azure.archive.ubuntu.com/ubuntu noble/universe amd64 libmpcdec6 amd64 2:0.1~r495-2build1 [32.7 kB]
e2e	Install Playwright browsers	2025-09-19T13:36:27.9237686Z Get:152 http://azure.archive.ubuntu.com/ubuntu noble/universe amd64 libmpeg2encpp-2.1-0t64 amd64 1:2.1.0+debian-8.1build1 [75.6 kB]
e2e	Install Playwright browsers	2025-09-19T13:36:27.9711702Z Get:153 http://azure.archive.ubuntu.com/ubuntu noble/universe amd64 libmplex2-2.1-0t64 amd64 1:2.1.0+debian-8.1build1 [46.1 kB]
e2e	Install Playwright browsers	2025-09-19T13:36:28.0189663Z Get:154 http://azure.archive.ubuntu.com/ubuntu noble/universe amd64 libneon27t64 amd64 0.33.0-1.1build3 [102 kB]
e2e	Install Playwright browsers	2025-09-19T13:36:28.0661592Z Get:155 http://azure.archive.ubuntu.com/ubuntu noble/universe amd64 libnice10 amd64 0.1.21-2build3 [157 kB]
e2e	Install Playwright browsers	2025-09-19T13:36:28.1157587Z Get:156 http://azure.archive.ubuntu.com/ubuntu noble/universe amd64 libopenal-data all 1:1.23.1-4build1 [161 kB]
e2e	Install Playwright browsers	2025-09-19T13:36:28.1744574Z Get:157 http://azure.archive.ubuntu.com/ubuntu noble/universe amd64 libopenexr-3-1-30 amd64 3.1.5-5.1build3 [1004 kB]
e2e	Install Playwright browsers	2025-09-19T13:36:28.3015188Z Get:158 http://azure.archive.ubuntu.com/ubuntu noble/universe amd64 libopenh264-7 amd64 2.4.1+dfsg-1 [409 kB]
e2e	Install Playwright browsers	2025-09-19T13:36:28.4090740Z Get:159 http://azure.archive.ubuntu.com/ubuntu noble/universe amd64 libopenni2-0 amd64 2.2.0.33+dfsg-18 [370 kB]
e2e	Install Playwright browsers	2025-09-19T13:36:28.4623717Z Get:160 http://azure.archive.ubuntu.com/ubuntu noble/universe amd64 libqrencode4 amd64 4.1.1-1build2 [25.0 kB]
e2e	Install Playwright browsers	2025-09-19T13:36:28.5052694Z Get:161 http://azure.archive.ubuntu.com/ubuntu noble/main amd64 libsecret-common all 0.21.4-1build3 [4962 B]
e2e	Install Playwright browsers	2025-09-19T13:36:28.6158060Z Get:162 http://azure.archive.ubuntu.com/ubuntu noble/main amd64 libsecret-1-0 amd64 0.21.4-1build3 [116 kB]
e2e	Install Playwright browsers	2025-09-19T13:36:28.6608620Z Get:163 http://azure.archive.ubuntu.com/ubuntu noble/universe amd64 libsndio7.0 amd64 1.9.0-0.3build3 [29.6 kB]
e2e	Install Playwright browsers	2025-09-19T13:36:28.7035507Z Get:164 http://azure.archive.ubuntu.com/ubuntu noble/universe amd64 libsoundtouch1 amd64 2.3.2+ds1-1build1 [60.5 kB]
e2e	Install Playwright browsers	2025-09-19T13:36:28.7531556Z Get:165 http://azure.archive.ubuntu.com/ubuntu noble/universe amd64 libspandsp2t64 amd64 0.0.6+dfsg-2.1build1 [311 kB]
e2e	Install Playwright browsers	2025-09-19T13:36:28.8124603Z Get:166 http://azure.archive.ubuntu.com/ubuntu noble/universe amd64 libsrtp2-1 amd64 2.5.0-3build1 [41.9 kB]
e2e	Install Playwright browsers	2025-09-19T13:36:28.8592764Z Get:167 http://azure.archive.ubuntu.com/ubuntu noble/universe amd64 libwildmidi2 amd64 0.4.3-1build3 [68.5 kB]
e2e	Install Playwright browsers	2025-09-19T13:36:28.9093940Z Get:168 http://azure.archive.ubuntu.com/ubuntu noble/main amd64 libwoff1 amd64 1.0.2-2build1 [45.3 kB]
e2e	Install Playwright browsers	2025-09-19T13:36:28.9532678Z Get:169 http://azure.archive.ubuntu.com/ubuntu noble/main amd64 libxcb-xkb1 amd64 1.15-1ubuntu2 [32.3 kB]
e2e	Install Playwright browsers	2025-09-19T13:36:28.9957902Z Get:170 http://azure.archive.ubuntu.com/ubuntu noble/main amd64 libxkbcommon-x11-0 amd64 1.6.0-1build1 [14.5 kB]
e2e	Install Playwright browsers	2025-09-19T13:36:29.0377769Z Get:171 http://azure.archive.ubuntu.com/ubuntu noble/universe amd64 libzbar0t64 amd64 0.23.93-4build3 [123 kB]
e2e	Install Playwright browsers	2025-09-19T13:36:29.0990426Z Get:172 http://azure.archive.ubuntu.com/ubuntu noble/universe amd64 libzxing3 amd64 2.2.1-3 [583 kB]
e2e	Install Playwright browsers	2025-09-19T13:36:29.1973075Z Get:173 http://azure.archive.ubuntu.com/ubuntu noble/main amd64 xfonts-encodings all 1:1.0.5-0ubuntu2 [578 kB]
e2e	Install Playwright browsers	2025-09-19T13:36:29.3116902Z Get:174 http://azure.archive.ubuntu.com/ubuntu noble/main amd64 xfonts-utils amd64 1:7.7+6build3 [94.4 kB]
e2e	Install Playwright browsers	2025-09-19T13:36:29.3611185Z Get:175 http://azure.archive.ubuntu.com/ubuntu noble/universe amd64 xfonts-cyrillic all 1:1.0.5+nmu1 [384 kB]
e2e	Install Playwright browsers	2025-09-19T13:36:29.5076716Z Get:176 http://azure.archive.ubuntu.com/ubuntu noble/main amd64 xfonts-scalable all 1:1.0.3-1.3 [304 kB]
e2e	Install Playwright browsers	2025-09-19T13:36:29.5758304Z Get:177 http://azure.archive.ubuntu.com/ubuntu noble/universe amd64 libgstreamer-plugins-bad1.0-0 amd64 1.24.2-1ubuntu4 [797 kB]
e2e	Install Playwright browsers	2025-09-19T13:36:29.6772891Z Get:178 http://azure.archive.ubuntu.com/ubuntu noble/universe amd64 libdca0 amd64 0.0.7-2build1 [93.8 kB]
e2e	Install Playwright browsers	2025-09-19T13:36:29.7210182Z Get:179 http://azure.archive.ubuntu.com/ubuntu noble/universe amd64 libopenal1 amd64 1:1.23.1-4build1 [540 kB]
e2e	Install Playwright browsers	2025-09-19T13:36:29.8099701Z Get:180 http://azure.archive.ubuntu.com/ubuntu noble/main amd64 libsbc1 amd64 2.0-1build1 [33.9 kB]
e2e	Install Playwright browsers	2025-09-19T13:36:29.8505967Z Get:181 http://azure.archive.ubuntu.com/ubuntu noble/universe amd64 libvo-aacenc0 amd64 0.1.3-2build1 [67.8 kB]
e2e	Install Playwright browsers	2025-09-19T13:36:29.9074258Z Get:182 http://azure.archive.ubuntu.com/ubuntu noble/universe amd64 libvo-amrwbenc0 amd64 0.1.3-2build1 [76.7 kB]
e2e	Install Playwright browsers	2025-09-19T13:36:29.9502455Z Get:183 http://azure.archive.ubuntu.com/ubuntu noble/universe amd64 gstreamer1.0-plugins-bad amd64 1.24.2-1ubuntu4 [3081 kB]
e2e	Install Playwright browsers	2025-09-19T13:36:30.6033134Z Fetched 116 MB in 12s (9263 kB/s)
e2e	Install Playwright browsers	2025-09-19T13:36:30.6424494Z Selecting previously unselected package fonts-ipafont-gothic.
e2e	Install Playwright browsers	2025-09-19T13:36:30.7707406Z (Reading database ... 
e2e	Install Playwright browsers	2025-09-19T13:36:30.7707935Z (Reading database ... 5%
e2e	Install Playwright browsers	2025-09-19T13:36:30.7708339Z (Reading database ... 10%
e2e	Install Playwright browsers	2025-09-19T13:36:30.7708581Z (Reading database ... 15%
e2e	Install Playwright browsers	2025-09-19T13:36:30.7708812Z (Reading database ... 20%
e2e	Install Playwright browsers	2025-09-19T13:36:30.7709030Z (Reading database ... 25%
e2e	Install Playwright browsers	2025-09-19T13:36:30.7709249Z (Reading database ... 30%
e2e	Install Playwright browsers	2025-09-19T13:36:30.7709473Z (Reading database ... 35%
e2e	Install Playwright browsers	2025-09-19T13:36:30.7709684Z (Reading database ... 40%
e2e	Install Playwright browsers	2025-09-19T13:36:30.7709895Z (Reading database ... 45%
e2e	Install Playwright browsers	2025-09-19T13:36:30.7710103Z (Reading database ... 50%
e2e	Install Playwright browsers	2025-09-19T13:36:30.8826413Z (Reading database ... 55%
e2e	Install Playwright browsers	2025-09-19T13:36:31.4187979Z (Reading database ... 60%
e2e	Install Playwright browsers	2025-09-19T13:36:31.9412744Z (Reading database ... 65%
e2e	Install Playwright browsers	2025-09-19T13:36:32.4603352Z (Reading database ... 70%
e2e	Install Playwright browsers	2025-09-19T13:36:32.9694758Z (Reading database ... 75%
e2e	Install Playwright browsers	2025-09-19T13:36:33.4862638Z (Reading database ... 80%
e2e	Install Playwright browsers	2025-09-19T13:36:34.1339882Z (Reading database ... 85%
e2e	Install Playwright browsers	2025-09-19T13:36:34.7421822Z (Reading database ... 90%
e2e	Install Playwright browsers	2025-09-19T13:36:35.2856243Z (Reading database ... 95%
e2e	Install Playwright browsers	2025-09-19T13:36:35.2856684Z (Reading database ... 100%
e2e	Install Playwright browsers	2025-09-19T13:36:35.2857197Z (Reading database ... 218657 files and directories currently installed.)
e2e	Install Playwright browsers	2025-09-19T13:36:35.2903082Z Preparing to unpack .../000-fonts-ipafont-gothic_00303-21ubuntu1_all.deb ...
e2e	Install Playwright browsers	2025-09-19T13:36:35.3001875Z Unpacking fonts-ipafont-gothic (00303-21ubuntu1) ...
e2e	Install Playwright browsers	2025-09-19T13:36:35.5493424Z Preparing to unpack .../001-libxml2-dev_2.9.14+dfsg-1.3ubuntu3.5_amd64.deb ...
e2e	Install Playwright browsers	2025-09-19T13:36:35.5524991Z Unpacking libxml2-dev:amd64 (2.9.14+dfsg-1.3ubuntu3.5) over (2.9.14+dfsg-1.3ubuntu3.4) ...
e2e	Install Playwright browsers	2025-09-19T13:36:35.6748892Z Preparing to unpack .../002-libxml2_2.9.14+dfsg-1.3ubuntu3.5_amd64.deb ...
e2e	Install Playwright browsers	2025-09-19T13:36:35.6823272Z Unpacking libxml2:amd64 (2.9.14+dfsg-1.3ubuntu3.5) over (2.9.14+dfsg-1.3ubuntu3.4) ...
e2e	Install Playwright browsers	2025-09-19T13:36:35.7335271Z Selecting previously unselected package fonts-freefont-ttf.
e2e	Install Playwright browsers	2025-09-19T13:36:35.7475247Z Preparing to unpack .../003-fonts-freefont-ttf_20211204+svn4273-2_all.deb ...
e2e	Install Playwright browsers	2025-09-19T13:36:35.7483922Z Unpacking fonts-freefont-ttf (20211204+svn4273-2) ...
e2e	Install Playwright browsers	2025-09-19T13:36:35.8397512Z Selecting previously unselected package fonts-tlwg-loma-otf.
e2e	Install Playwright browsers	2025-09-19T13:36:35.8538387Z Preparing to unpack .../004-fonts-tlwg-loma-otf_1%3a0.7.3-1_all.deb ...
e2e	Install Playwright browsers	2025-09-19T13:36:35.8549844Z Unpacking fonts-tlwg-loma-otf (1:0.7.3-1) ...
e2e	Install Playwright browsers	2025-09-19T13:36:35.8788458Z Selecting previously unselected package fonts-unifont.
e2e	Install Playwright browsers	2025-09-19T13:36:35.8926134Z Preparing to unpack .../005-fonts-unifont_1%3a15.1.01-1build1_all.deb ...
e2e	Install Playwright browsers	2025-09-19T13:36:35.8938013Z Unpacking fonts-unifont (1:15.1.01-1build1) ...
e2e	Install Playwright browsers	2025-09-19T13:36:36.0159623Z Selecting previously unselected package fonts-wqy-zenhei.
e2e	Install Playwright browsers	2025-09-19T13:36:36.0297593Z Preparing to unpack .../006-fonts-wqy-zenhei_0.9.45-8_all.deb ...
e2e	Install Playwright browsers	2025-09-19T13:36:36.0475556Z Unpacking fonts-wqy-zenhei (0.9.45-8) ...
e2e	Install Playwright browsers	2025-09-19T13:36:36.5192317Z Selecting previously unselected package libproxy1v5:amd64.
e2e	Install Playwright browsers	2025-09-19T13:36:36.5330843Z Preparing to unpack .../007-libproxy1v5_0.5.4-4build1_amd64.deb ...
e2e	Install Playwright browsers	2025-09-19T13:36:36.5343491Z Unpacking libproxy1v5:amd64 (0.5.4-4build1) ...
e2e	Install Playwright browsers	2025-09-19T13:36:36.5585107Z Selecting previously unselected package glib-networking-common.
e2e	Install Playwright browsers	2025-09-19T13:36:36.5722561Z Preparing to unpack .../008-glib-networking-common_2.80.0-1build1_all.deb ...
e2e	Install Playwright browsers	2025-09-19T13:36:36.5737691Z Unpacking glib-networking-common (2.80.0-1build1) ...
e2e	Install Playwright browsers	2025-09-19T13:36:36.5956411Z Selecting previously unselected package glib-networking-services.
e2e	Install Playwright browsers	2025-09-19T13:36:36.6095374Z Preparing to unpack .../009-glib-networking-services_2.80.0-1build1_amd64.deb ...
e2e	Install Playwright browsers	2025-09-19T13:36:36.6106849Z Unpacking glib-networking-services (2.80.0-1build1) ...
e2e	Install Playwright browsers	2025-09-19T13:36:36.6336068Z Selecting previously unselected package session-migration.
e2e	Install Playwright browsers	2025-09-19T13:36:36.6471050Z Preparing to unpack .../010-session-migration_0.3.9build1_amd64.deb ...
e2e	Install Playwright browsers	2025-09-19T13:36:36.6482016Z Unpacking session-migration (0.3.9build1) ...
e2e	Install Playwright browsers	2025-09-19T13:36:36.6854545Z Selecting previously unselected package gsettings-desktop-schemas.
e2e	Install Playwright browsers	2025-09-19T13:36:36.6989617Z Preparing to unpack .../011-gsettings-desktop-schemas_46.1-0ubuntu1_all.deb ...
e2e	Install Playwright browsers	2025-09-19T13:36:36.7002706Z Unpacking gsettings-desktop-schemas (46.1-0ubuntu1) ...
e2e	Install Playwright browsers	2025-09-19T13:36:36.7299345Z Selecting previously unselected package glib-networking:amd64.
e2e	Install Playwright browsers	2025-09-19T13:36:36.7437122Z Preparing to unpack .../012-glib-networking_2.80.0-1build1_amd64.deb ...
e2e	Install Playwright browsers	2025-09-19T13:36:36.7447111Z Unpacking glib-networking:amd64 (2.80.0-1build1) ...
e2e	Install Playwright browsers	2025-09-19T13:36:36.7690877Z Selecting previously unselected package libva2:amd64.
e2e	Install Playwright browsers	2025-09-19T13:36:36.7825955Z Preparing to unpack .../013-libva2_2.20.0-2build1_amd64.deb ...
e2e	Install Playwright browsers	2025-09-19T13:36:36.7837292Z Unpacking libva2:amd64 (2.20.0-2build1) ...
e2e	Install Playwright browsers	2025-09-19T13:36:36.8070904Z Selecting previously unselected package libva-drm2:amd64.
e2e	Install Playwright browsers	2025-09-19T13:36:36.8206853Z Preparing to unpack .../014-libva-drm2_2.20.0-2build1_amd64.deb ...
e2e	Install Playwright browsers	2025-09-19T13:36:36.8219352Z Unpacking libva-drm2:amd64 (2.20.0-2build1) ...
e2e	Install Playwright browsers	2025-09-19T13:36:36.8443194Z Selecting previously unselected package libva-x11-2:amd64.
e2e	Install Playwright browsers	2025-09-19T13:36:36.8583860Z Preparing to unpack .../015-libva-x11-2_2.20.0-2build1_amd64.deb ...
e2e	Install Playwright browsers	2025-09-19T13:36:36.8597724Z Unpacking libva-x11-2:amd64 (2.20.0-2build1) ...
e2e	Install Playwright browsers	2025-09-19T13:36:36.8830558Z Selecting previously unselected package libvdpau1:amd64.
e2e	Install Playwright browsers	2025-09-19T13:36:36.8967114Z Preparing to unpack .../016-libvdpau1_1.5-2build1_amd64.deb ...
e2e	Install Playwright browsers	2025-09-19T13:36:36.8978125Z Unpacking libvdpau1:amd64 (1.5-2build1) ...
e2e	Install Playwright browsers	2025-09-19T13:36:36.9219201Z Selecting previously unselected package libvpl2.
e2e	Install Playwright browsers	2025-09-19T13:36:36.9356145Z Preparing to unpack .../017-libvpl2_2023.3.0-1build1_amd64.deb ...
e2e	Install Playwright browsers	2025-09-19T13:36:36.9368449Z Unpacking libvpl2 (2023.3.0-1build1) ...
e2e	Install Playwright browsers	2025-09-19T13:36:36.9612203Z Selecting previously unselected package ocl-icd-libopencl1:amd64.
e2e	Install Playwright browsers	2025-09-19T13:36:36.9749360Z Preparing to unpack .../018-ocl-icd-libopencl1_2.3.2-1build1_amd64.deb ...
e2e	Install Playwright browsers	2025-09-19T13:36:36.9762263Z Unpacking ocl-icd-libopencl1:amd64 (2.3.2-1build1) ...
e2e	Install Playwright browsers	2025-09-19T13:36:37.0193757Z Selecting previously unselected package libavutil58:amd64.
e2e	Install Playwright browsers	2025-09-19T13:36:37.0332630Z Preparing to unpack .../019-libavutil58_7%3a6.1.1-3ubuntu5_amd64.deb ...
e2e	Install Playwright browsers	2025-09-19T13:36:37.0345194Z Unpacking libavutil58:amd64 (7:6.1.1-3ubuntu5) ...
e2e	Install Playwright browsers	2025-09-19T13:36:37.0642615Z Selecting previously unselected package libcodec2-1.2:amd64.
e2e	Install Playwright browsers	2025-09-19T13:36:37.0788609Z Preparing to unpack .../020-libcodec2-1.2_1.2.0-2build1_amd64.deb ...
e2e	Install Playwright browsers	2025-09-19T13:36:37.0801983Z Unpacking libcodec2-1.2:amd64 (1.2.0-2build1) ...
e2e	Install Playwright browsers	2025-09-19T13:36:37.1641538Z Selecting previously unselected package libdav1d7:amd64.
e2e	Install Playwright browsers	2025-09-19T13:36:37.1778524Z Preparing to unpack .../021-libdav1d7_1.4.1-1build1_amd64.deb ...
e2e	Install Playwright browsers	2025-09-19T13:36:37.1789839Z Unpacking libdav1d7:amd64 (1.4.1-1build1) ...
e2e	Install Playwright browsers	2025-09-19T13:36:37.2100084Z Selecting previously unselected package libgsm1:amd64.
e2e	Install Playwright browsers	2025-09-19T13:36:37.2240700Z Preparing to unpack .../022-libgsm1_1.0.22-1build1_amd64.deb ...
e2e	Install Playwright browsers	2025-09-19T13:36:37.2253118Z Unpacking libgsm1:amd64 (1.0.22-1build1) ...
e2e	Install Playwright browsers	2025-09-19T13:36:37.2507062Z Selecting previously unselected package libhwy1t64:amd64.
e2e	Install Playwright browsers	2025-09-19T13:36:37.2648197Z Preparing to unpack .../023-libhwy1t64_1.0.7-8.1build1_amd64.deb ...
e2e	Install Playwright browsers	2025-09-19T13:36:37.2660854Z Unpacking libhwy1t64:amd64 (1.0.7-8.1build1) ...
e2e	Install Playwright browsers	2025-09-19T13:36:37.3023578Z Selecting previously unselected package libjxl0.7:amd64.
e2e	Install Playwright browsers	2025-09-19T13:36:37.3162200Z Preparing to unpack .../024-libjxl0.7_0.7.0-10.2ubuntu6.1_amd64.deb ...
e2e	Install Playwright browsers	2025-09-19T13:36:37.3177170Z Unpacking libjxl0.7:amd64 (0.7.0-10.2ubuntu6.1) ...
e2e	Install Playwright browsers	2025-09-19T13:36:37.3554132Z Selecting previously unselected package libmp3lame0:amd64.
e2e	Install Playwright browsers	2025-09-19T13:36:37.3694129Z Preparing to unpack .../025-libmp3lame0_3.100-6build1_amd64.deb ...
e2e	Install Playwright browsers	2025-09-19T13:36:37.3706709Z Unpacking libmp3lame0:amd64 (3.100-6build1) ...
e2e	Install Playwright browsers	2025-09-19T13:36:37.3962367Z Selecting previously unselected package libopus0:amd64.
e2e	Install Playwright browsers	2025-09-19T13:36:37.4102850Z Preparing to unpack .../026-libopus0_1.4-1build1_amd64.deb ...
e2e	Install Playwright browsers	2025-09-19T13:36:37.4115708Z Unpacking libopus0:amd64 (1.4-1build1) ...
e2e	Install Playwright browsers	2025-09-19T13:36:37.4371700Z Selecting previously unselected package librav1e0:amd64.
e2e	Install Playwright browsers	2025-09-19T13:36:37.4509304Z Preparing to unpack .../027-librav1e0_0.7.1-2_amd64.deb ...
e2e	Install Playwright browsers	2025-09-19T13:36:37.4525931Z Unpacking librav1e0:amd64 (0.7.1-2) ...
e2e	Install Playwright browsers	2025-09-19T13:36:37.4888983Z Selecting previously unselected package librsvg2-2:amd64.
e2e	Install Playwright browsers	2025-09-19T13:36:37.5030692Z Preparing to unpack .../028-librsvg2-2_2.58.0+dfsg-1build1_amd64.deb ...
e2e	Install Playwright browsers	2025-09-19T13:36:37.5043246Z Unpacking librsvg2-2:amd64 (2.58.0+dfsg-1build1) ...
e2e	Install Playwright browsers	2025-09-19T13:36:37.5551773Z Selecting previously unselected package libshine3:amd64.
e2e	Install Playwright browsers	2025-09-19T13:36:37.5692735Z Preparing to unpack .../029-libshine3_3.1.1-2build1_amd64.deb ...
e2e	Install Playwright browsers	2025-09-19T13:36:37.5703680Z Unpacking libshine3:amd64 (3.1.1-2build1) ...
e2e	Install Playwright browsers	2025-09-19T13:36:37.5955763Z Selecting previously unselected package libspeex1:amd64.
e2e	Install Playwright browsers	2025-09-19T13:36:37.6096000Z Preparing to unpack .../030-libspeex1_1.2.1-2ubuntu2.24.04.1_amd64.deb ...
e2e	Install Playwright browsers	2025-09-19T13:36:37.6108349Z Unpacking libspeex1:amd64 (1.2.1-2ubuntu2.24.04.1) ...
e2e	Install Playwright browsers	2025-09-19T13:36:37.6348515Z Selecting previously unselected package libsvtav1enc1d1:amd64.
e2e	Install Playwright browsers	2025-09-19T13:36:37.6493408Z Preparing to unpack .../031-libsvtav1enc1d1_1.7.0+dfsg-2build1_amd64.deb ...
e2e	Install Playwright browsers	2025-09-19T13:36:37.6506087Z Unpacking libsvtav1enc1d1:amd64 (1.7.0+dfsg-2build1) ...
e2e	Install Playwright browsers	2025-09-19T13:36:37.7057125Z Selecting previously unselected package libsoxr0:amd64.
e2e	Install Playwright browsers	2025-09-19T13:36:37.7197646Z Preparing to unpack .../032-libsoxr0_0.1.3-4build3_amd64.deb ...
e2e	Install Playwright browsers	2025-09-19T13:36:37.7210547Z Unpacking libsoxr0:amd64 (0.1.3-4build3) ...
e2e	Install Playwright browsers	2025-09-19T13:36:37.7468755Z Selecting previously unselected package libswresample4:amd64.
e2e	Install Playwright browsers	2025-09-19T13:36:37.7611687Z Preparing to unpack .../033-libswresample4_7%3a6.1.1-3ubuntu5_amd64.deb ...
e2e	Install Playwright browsers	2025-09-19T13:36:37.7622801Z Unpacking libswresample4:amd64 (7:6.1.1-3ubuntu5) ...
e2e	Install Playwright browsers	2025-09-19T13:36:37.7877229Z Selecting previously unselected package libtheora0:amd64.
e2e	Install Playwright browsers	2025-09-19T13:36:37.8020249Z Preparing to unpack .../034-libtheora0_1.1.1+dfsg.1-16.1build3_amd64.deb ...
e2e	Install Playwright browsers	2025-09-19T13:36:37.8032319Z Unpacking libtheora0:amd64 (1.1.1+dfsg.1-16.1build3) ...
e2e	Install Playwright browsers	2025-09-19T13:36:37.8299647Z Selecting previously unselected package libtwolame0:amd64.
e2e	Install Playwright browsers	2025-09-19T13:36:37.8436958Z Preparing to unpack .../035-libtwolame0_0.4.0-2build3_amd64.deb ...
e2e	Install Playwright browsers	2025-09-19T13:36:37.8448188Z Unpacking libtwolame0:amd64 (0.4.0-2build3) ...
e2e	Install Playwright browsers	2025-09-19T13:36:37.8683519Z Selecting previously unselected package libvorbisenc2:amd64.
e2e	Install Playwright browsers	2025-09-19T13:36:37.8820015Z Preparing to unpack .../036-libvorbisenc2_1.3.7-1build3_amd64.deb ...
e2e	Install Playwright browsers	2025-09-19T13:36:37.8832056Z Unpacking libvorbisenc2:amd64 (1.3.7-1build3) ...
e2e	Install Playwright browsers	2025-09-19T13:36:37.9098431Z Selecting previously unselected package libvpx9:amd64.
e2e	Install Playwright browsers	2025-09-19T13:36:37.9233737Z Preparing to unpack .../037-libvpx9_1.14.0-1ubuntu2.2_amd64.deb ...
e2e	Install Playwright browsers	2025-09-19T13:36:37.9251839Z Unpacking libvpx9:amd64 (1.14.0-1ubuntu2.2) ...
e2e	Install Playwright browsers	2025-09-19T13:36:37.9636085Z Selecting previously unselected package libx264-164:amd64.
e2e	Install Playwright browsers	2025-09-19T13:36:37.9772305Z Preparing to unpack .../038-libx264-164_2%3a0.164.3108+git31e19f9-1_amd64.deb ...
e2e	Install Playwright browsers	2025-09-19T13:36:37.9783777Z Unpacking libx264-164:amd64 (2:0.164.3108+git31e19f9-1) ...
e2e	Install Playwright browsers	2025-09-19T13:36:38.0106651Z Selecting previously unselected package libx265-199:amd64.
e2e	Install Playwright browsers	2025-09-19T13:36:38.0245845Z Preparing to unpack .../039-libx265-199_3.5-2build1_amd64.deb ...
e2e	Install Playwright browsers	2025-09-19T13:36:38.0256850Z Unpacking libx265-199:amd64 (3.5-2build1) ...
e2e	Install Playwright browsers	2025-09-19T13:36:38.1005269Z Selecting previously unselected package libxvidcore4:amd64.
e2e	Install Playwright browsers	2025-09-19T13:36:38.1140543Z Preparing to unpack .../040-libxvidcore4_2%3a1.3.7-1build1_amd64.deb ...
e2e	Install Playwright browsers	2025-09-19T13:36:38.1151720Z Unpacking libxvidcore4:amd64 (2:1.3.7-1build1) ...
e2e	Install Playwright browsers	2025-09-19T13:36:38.1398923Z Selecting previously unselected package libzvbi-common.
e2e	Install Playwright browsers	2025-09-19T13:36:38.1533528Z Preparing to unpack .../041-libzvbi-common_0.2.42-2_all.deb ...
e2e	Install Playwright browsers	2025-09-19T13:36:38.1543404Z Unpacking libzvbi-common (0.2.42-2) ...
e2e	Install Playwright browsers	2025-09-19T13:36:38.2290211Z Selecting previously unselected package libzvbi0t64:amd64.
e2e	Install Playwright browsers	2025-09-19T13:36:38.2433134Z Preparing to unpack .../042-libzvbi0t64_0.2.42-2_amd64.deb ...
e2e	Install Playwright browsers	2025-09-19T13:36:38.2443514Z Unpacking libzvbi0t64:amd64 (0.2.42-2) ...
e2e	Install Playwright browsers	2025-09-19T13:36:38.2729186Z Selecting previously unselected package libavcodec60:amd64.
e2e	Install Playwright browsers	2025-09-19T13:36:38.2866992Z Preparing to unpack .../043-libavcodec60_7%3a6.1.1-3ubuntu5_amd64.deb ...
e2e	Install Playwright browsers	2025-09-19T13:36:38.2891451Z Unpacking libavcodec60:amd64 (7:6.1.1-3ubuntu5) ...
e2e	Install Playwright browsers	2025-09-19T13:36:38.3843851Z Selecting previously unselected package libunibreak5:amd64.
e2e	Install Playwright browsers	2025-09-19T13:36:38.3983287Z Preparing to unpack .../044-libunibreak5_5.1-2build1_amd64.deb ...
e2e	Install Playwright browsers	2025-09-19T13:36:38.4005562Z Unpacking libunibreak5:amd64 (5.1-2build1) ...
e2e	Install Playwright browsers	2025-09-19T13:36:38.4243012Z Selecting previously unselected package libass9:amd64.
e2e	Install Playwright browsers	2025-09-19T13:36:38.4378975Z Preparing to unpack .../045-libass9_1%3a0.17.1-2build1_amd64.deb ...
e2e	Install Playwright browsers	2025-09-19T13:36:38.4389675Z Unpacking libass9:amd64 (1:0.17.1-2build1) ...
e2e	Install Playwright browsers	2025-09-19T13:36:38.4647707Z Selecting previously unselected package libudfread0:amd64.
e2e	Install Playwright browsers	2025-09-19T13:36:38.4783761Z Preparing to unpack .../046-libudfread0_1.1.2-1build1_amd64.deb ...
e2e	Install Playwright browsers	2025-09-19T13:36:38.4793329Z Unpacking libudfread0:amd64 (1.1.2-1build1) ...
e2e	Install Playwright browsers	2025-09-19T13:36:38.5008408Z Selecting previously unselected package libbluray2:amd64.
e2e	Install Playwright browsers	2025-09-19T13:36:38.5148232Z Preparing to unpack .../047-libbluray2_1%3a1.3.4-1build1_amd64.deb ...
e2e	Install Playwright browsers	2025-09-19T13:36:38.5158443Z Unpacking libbluray2:amd64 (1:1.3.4-1build1) ...
e2e	Install Playwright browsers	2025-09-19T13:36:38.5393625Z Selecting previously unselected package libchromaprint1:amd64.
e2e	Install Playwright browsers	2025-09-19T13:36:38.5531198Z Preparing to unpack .../048-libchromaprint1_1.5.1-5_amd64.deb ...
e2e	Install Playwright browsers	2025-09-19T13:36:38.5540364Z Unpacking libchromaprint1:amd64 (1.5.1-5) ...
e2e	Install Playwright browsers	2025-09-19T13:36:38.5756644Z Selecting previously unselected package libgme0:amd64.
e2e	Install Playwright browsers	2025-09-19T13:36:38.5892143Z Preparing to unpack .../049-libgme0_0.6.3-7build1_amd64.deb ...
e2e	Install Playwright browsers	2025-09-19T13:36:38.5901904Z Unpacking libgme0:amd64 (0.6.3-7build1) ...
e2e	Install Playwright browsers	2025-09-19T13:36:38.6131552Z Selecting previously unselected package libmpg123-0t64:amd64.
e2e	Install Playwright browsers	2025-09-19T13:36:38.6268348Z Preparing to unpack .../050-libmpg123-0t64_1.32.5-1ubuntu1.1_amd64.deb ...
e2e	Install Playwright browsers	2025-09-19T13:36:38.6277311Z Unpacking libmpg123-0t64:amd64 (1.32.5-1ubuntu1.1) ...
e2e	Install Playwright browsers	2025-09-19T13:36:38.6523390Z Selecting previously unselected package libopenmpt0t64:amd64.
e2e	Install Playwright browsers	2025-09-19T13:36:38.6660078Z Preparing to unpack .../051-libopenmpt0t64_0.7.3-1.1build3_amd64.deb ...
e2e	Install Playwright browsers	2025-09-19T13:36:38.6670209Z Unpacking libopenmpt0t64:amd64 (0.7.3-1.1build3) ...
e2e	Install Playwright browsers	2025-09-19T13:36:38.6961936Z Selecting previously unselected package libcjson1:amd64.
e2e	Install Playwright browsers	2025-09-19T13:36:38.7097522Z Preparing to unpack .../052-libcjson1_1.7.17-1_amd64.deb ...
e2e	Install Playwright browsers	2025-09-19T13:36:38.7105687Z Unpacking libcjson1:amd64 (1.7.17-1) ...
e2e	Install Playwright browsers	2025-09-19T13:36:38.7329344Z Selecting previously unselected package libmbedcrypto7t64:amd64.
e2e	Install Playwright browsers	2025-09-19T13:36:38.7465947Z Preparing to unpack .../053-libmbedcrypto7t64_2.28.8-1_amd64.deb ...
e2e	Install Playwright browsers	2025-09-19T13:36:38.7474621Z Unpacking libmbedcrypto7t64:amd64 (2.28.8-1) ...
e2e	Install Playwright browsers	2025-09-19T13:36:38.7736305Z Selecting previously unselected package librist4:amd64.
e2e	Install Playwright browsers	2025-09-19T13:36:38.7878785Z Preparing to unpack .../054-librist4_0.2.10+dfsg-2_amd64.deb ...
e2e	Install Playwright browsers	2025-09-19T13:36:38.7889412Z Unpacking librist4:amd64 (0.2.10+dfsg-2) ...
e2e	Install Playwright browsers	2025-09-19T13:36:38.8121561Z Selecting previously unselected package libsrt1.5-gnutls:amd64.
e2e	Install Playwright browsers	2025-09-19T13:36:38.8259718Z Preparing to unpack .../055-libsrt1.5-gnutls_1.5.3-1build2_amd64.deb ...
e2e	Install Playwright browsers	2025-09-19T13:36:38.8267988Z Unpacking libsrt1.5-gnutls:amd64 (1.5.3-1build2) ...
e2e	Install Playwright browsers	2025-09-19T13:36:38.8530514Z Selecting previously unselected package libssh-gcrypt-4:amd64.
e2e	Install Playwright browsers	2025-09-19T13:36:38.8665014Z Preparing to unpack .../056-libssh-gcrypt-4_0.10.6-2ubuntu0.1_amd64.deb ...
e2e	Install Playwright browsers	2025-09-19T13:36:38.8673382Z Unpacking libssh-gcrypt-4:amd64 (0.10.6-2ubuntu0.1) ...
e2e	Install Playwright browsers	2025-09-19T13:36:38.8924603Z Selecting previously unselected package libavformat60:amd64.
e2e	Install Playwright browsers	2025-09-19T13:36:38.9062755Z Preparing to unpack .../057-libavformat60_7%3a6.1.1-3ubuntu5_amd64.deb ...
e2e	Install Playwright browsers	2025-09-19T13:36:38.9073035Z Unpacking libavformat60:amd64 (7:6.1.1-3ubuntu5) ...
e2e	Install Playwright browsers	2025-09-19T13:36:38.9422815Z Selecting previously unselected package libbs2b0:amd64.
e2e	Install Playwright browsers	2025-09-19T13:36:38.9564991Z Preparing to unpack .../058-libbs2b0_3.1.0+dfsg-7build1_amd64.deb ...
e2e	Install Playwright browsers	2025-09-19T13:36:38.9574668Z Unpacking libbs2b0:amd64 (3.1.0+dfsg-7build1) ...
e2e	Install Playwright browsers	2025-09-19T13:36:38.9810665Z Selecting previously unselected package libflite1:amd64.
e2e	Install Playwright browsers	2025-09-19T13:36:38.9946875Z Preparing to unpack .../059-libflite1_2.2-6build3_amd64.deb ...
e2e	Install Playwright browsers	2025-09-19T13:36:38.9954449Z Unpacking libflite1:amd64 (2.2-6build3) ...
e2e	Install Playwright browsers	2025-09-19T13:36:39.1148006Z Selecting previously unselected package libserd-0-0:amd64.
e2e	Install Playwright browsers	2025-09-19T13:36:39.1282962Z Preparing to unpack .../060-libserd-0-0_0.32.2-1_amd64.deb ...
e2e	Install Playwright browsers	2025-09-19T13:36:39.1291182Z Unpacking libserd-0-0:amd64 (0.32.2-1) ...
e2e	Install Playwright browsers	2025-09-19T13:36:39.1507248Z Selecting previously unselected package libzix-0-0:amd64.
e2e	Install Playwright browsers	2025-09-19T13:36:39.1642288Z Preparing to unpack .../061-libzix-0-0_0.4.2-2build1_amd64.deb ...
e2e	Install Playwright browsers	2025-09-19T13:36:39.1651781Z Unpacking libzix-0-0:amd64 (0.4.2-2build1) ...
e2e	Install Playwright browsers	2025-09-19T13:36:39.1864965Z Selecting previously unselected package libsord-0-0:amd64.
e2e	Install Playwright browsers	2025-09-19T13:36:39.2002236Z Preparing to unpack .../062-libsord-0-0_0.16.16-2build1_amd64.deb ...
e2e	Install Playwright browsers	2025-09-19T13:36:39.2011146Z Unpacking libsord-0-0:amd64 (0.16.16-2build1) ...
e2e	Install Playwright browsers	2025-09-19T13:36:39.2230842Z Selecting previously unselected package libsratom-0-0:amd64.
e2e	Install Playwright browsers	2025-09-19T13:36:39.2366005Z Preparing to unpack .../063-libsratom-0-0_0.6.16-1build1_amd64.deb ...
e2e	Install Playwright browsers	2025-09-19T13:36:39.2375369Z Unpacking libsratom-0-0:amd64 (0.6.16-1build1) ...
e2e	Install Playwright browsers	2025-09-19T13:36:39.2588109Z Selecting previously unselected package liblilv-0-0:amd64.
e2e	Install Playwright browsers	2025-09-19T13:36:39.2724793Z Preparing to unpack .../064-liblilv-0-0_0.24.22-1build1_amd64.deb ...
e2e	Install Playwright browsers	2025-09-19T13:36:39.2733900Z Unpacking liblilv-0-0:amd64 (0.24.22-1build1) ...
e2e	Install Playwright browsers	2025-09-19T13:36:39.2962669Z Selecting previously unselected package libmysofa1:amd64.
e2e	Install Playwright browsers	2025-09-19T13:36:39.3098521Z Preparing to unpack .../065-libmysofa1_1.3.2+dfsg-2ubuntu2_amd64.deb ...
e2e	Install Playwright browsers	2025-09-19T13:36:39.3107465Z Unpacking libmysofa1:amd64 (1.3.2+dfsg-2ubuntu2) ...
e2e	Install Playwright browsers	2025-09-19T13:36:39.3410863Z Selecting previously unselected package libplacebo338:amd64.
e2e	Install Playwright browsers	2025-09-19T13:36:39.3547230Z Preparing to unpack .../066-libplacebo338_6.338.2-2build1_amd64.deb ...
e2e	Install Playwright browsers	2025-09-19T13:36:39.3555997Z Unpacking libplacebo338:amd64 (6.338.2-2build1) ...
e2e	Install Playwright browsers	2025-09-19T13:36:39.4127596Z Selecting previously unselected package libblas3:amd64.
e2e	Install Playwright browsers	2025-09-19T13:36:39.4261711Z Preparing to unpack .../067-libblas3_3.12.0-3build1.1_amd64.deb ...
e2e	Install Playwright browsers	2025-09-19T13:36:39.4294365Z Unpacking libblas3:amd64 (3.12.0-3build1.1) ...
e2e	Install Playwright browsers	2025-09-19T13:36:39.4547886Z Selecting previously unselected package liblapack3:amd64.
e2e	Install Playwright browsers	2025-09-19T13:36:39.4682439Z Preparing to unpack .../068-liblapack3_3.12.0-3build1.1_amd64.deb ...
e2e	Install Playwright browsers	2025-09-19T13:36:39.4715186Z Unpacking liblapack3:amd64 (3.12.0-3build1.1) ...
e2e	Install Playwright browsers	2025-09-19T13:36:39.5228761Z Selecting previously unselected package libasyncns0:amd64.
e2e	Install Playwright browsers	2025-09-19T13:36:39.5368256Z Preparing to unpack .../069-libasyncns0_0.8-6build4_amd64.deb ...
e2e	Install Playwright browsers	2025-09-19T13:36:39.5378476Z Unpacking libasyncns0:amd64 (0.8-6build4) ...
e2e	Install Playwright browsers	2025-09-19T13:36:39.5593207Z Selecting previously unselected package libflac12t64:amd64.
e2e	Install Playwright browsers	2025-09-19T13:36:39.5729158Z Preparing to unpack .../070-libflac12t64_1.4.3+ds-2.1ubuntu2_amd64.deb ...
e2e	Install Playwright browsers	2025-09-19T13:36:39.5738352Z Unpacking libflac12t64:amd64 (1.4.3+ds-2.1ubuntu2) ...
e2e	Install Playwright browsers	2025-09-19T13:36:39.5977375Z Selecting previously unselected package libsndfile1:amd64.
e2e	Install Playwright browsers	2025-09-19T13:36:39.6113389Z Preparing to unpack .../071-libsndfile1_1.2.2-1ubuntu5.24.04.1_amd64.deb ...
e2e	Install Playwright browsers	2025-09-19T13:36:39.6135214Z Unpacking libsndfile1:amd64 (1.2.2-1ubuntu5.24.04.1) ...
e2e	Install Playwright browsers	2025-09-19T13:36:39.6395633Z Selecting previously unselected package libpulse0:amd64.
e2e	Install Playwright browsers	2025-09-19T13:36:39.6531961Z Preparing to unpack .../072-libpulse0_1%3a16.1+dfsg1-2ubuntu10.1_amd64.deb ...
e2e	Install Playwright browsers	2025-09-19T13:36:39.6600912Z Unpacking libpulse0:amd64 (1:16.1+dfsg1-2ubuntu10.1) ...
e2e	Install Playwright browsers	2025-09-19T13:36:39.6892646Z Selecting previously unselected package libsphinxbase3t64:amd64.
e2e	Install Playwright browsers	2025-09-19T13:36:39.7031015Z Preparing to unpack .../073-libsphinxbase3t64_0.8+5prealpha+1-17build2_amd64.deb ...
e2e	Install Playwright browsers	2025-09-19T13:36:39.7039128Z Unpacking libsphinxbase3t64:amd64 (0.8+5prealpha+1-17build2) ...
e2e	Install Playwright browsers	2025-09-19T13:36:39.7280886Z Selecting previously unselected package libpocketsphinx3:amd64.
e2e	Install Playwright browsers	2025-09-19T13:36:39.7423634Z Preparing to unpack .../074-libpocketsphinx3_0.8.0+real5prealpha+1-15ubuntu5_amd64.deb ...
e2e	Install Playwright browsers	2025-09-19T13:36:39.7433647Z Unpacking libpocketsphinx3:amd64 (0.8.0+real5prealpha+1-15ubuntu5) ...
e2e	Install Playwright browsers	2025-09-19T13:36:39.7680795Z Selecting previously unselected package libpostproc57:amd64.
e2e	Install Playwright browsers	2025-09-19T13:36:39.7824537Z Preparing to unpack .../075-libpostproc57_7%3a6.1.1-3ubuntu5_amd64.deb ...
e2e	Install Playwright browsers	2025-09-19T13:36:39.7833330Z Unpacking libpostproc57:amd64 (7:6.1.1-3ubuntu5) ...
e2e	Install Playwright browsers	2025-09-19T13:36:39.8071955Z Selecting previously unselected package libsamplerate0:amd64.
e2e	Install Playwright browsers	2025-09-19T13:36:39.8210622Z Preparing to unpack .../076-libsamplerate0_0.2.2-4build1_amd64.deb ...
e2e	Install Playwright browsers	2025-09-19T13:36:39.8219756Z Unpacking libsamplerate0:amd64 (0.2.2-4build1) ...
e2e	Install Playwright browsers	2025-09-19T13:36:39.8530956Z Selecting previously unselected package librubberband2:amd64.
e2e	Install Playwright browsers	2025-09-19T13:36:39.8666732Z Preparing to unpack .../077-librubberband2_3.3.0+dfsg-2build1_amd64.deb ...
e2e	Install Playwright browsers	2025-09-19T13:36:39.8676163Z Unpacking librubberband2:amd64 (3.3.0+dfsg-2build1) ...
e2e	Install Playwright browsers	2025-09-19T13:36:39.8923627Z Selecting previously unselected package libswscale7:amd64.
e2e	Install Playwright browsers	2025-09-19T13:36:39.9060307Z Preparing to unpack .../078-libswscale7_7%3a6.1.1-3ubuntu5_amd64.deb ...
e2e	Install Playwright browsers	2025-09-19T13:36:39.9070261Z Unpacking libswscale7:amd64 (7:6.1.1-3ubuntu5) ...
e2e	Install Playwright browsers	2025-09-19T13:36:39.9319758Z Selecting previously unselected package libvidstab1.1:amd64.
e2e	Install Playwright browsers	2025-09-19T13:36:39.9458093Z Preparing to unpack .../079-libvidstab1.1_1.1.0-2build1_amd64.deb ...
e2e	Install Playwright browsers	2025-09-19T13:36:39.9469842Z Unpacking libvidstab1.1:amd64 (1.1.0-2build1) ...
e2e	Install Playwright browsers	2025-09-19T13:36:39.9837374Z Selecting previously unselected package libzimg2:amd64.
e2e	Install Playwright browsers	2025-09-19T13:36:39.9973704Z Preparing to unpack .../080-libzimg2_3.0.5+ds1-1build1_amd64.deb ...
e2e	Install Playwright browsers	2025-09-19T13:36:39.9982355Z Unpacking libzimg2:amd64 (3.0.5+ds1-1build1) ...
e2e	Install Playwright browsers	2025-09-19T13:36:40.0245489Z Selecting previously unselected package libavfilter9:amd64.
e2e	Install Playwright browsers	2025-09-19T13:36:40.0382352Z Preparing to unpack .../081-libavfilter9_7%3a6.1.1-3ubuntu5_amd64.deb ...
e2e	Install Playwright browsers	2025-09-19T13:36:40.0389623Z Unpacking libavfilter9:amd64 (7:6.1.1-3ubuntu5) ...
e2e	Install Playwright browsers	2025-09-19T13:36:40.1107997Z Selecting previously unselected package liborc-0.4-0t64:amd64.
e2e	Install Playwright browsers	2025-09-19T13:36:40.1242804Z Preparing to unpack .../082-liborc-0.4-0t64_1%3a0.4.38-1ubuntu0.1_amd64.deb ...
e2e	Install Playwright browsers	2025-09-19T13:36:40.1255361Z Unpacking liborc-0.4-0t64:amd64 (1:0.4.38-1ubuntu0.1) ...
e2e	Install Playwright browsers	2025-09-19T13:36:40.1515127Z Selecting previously unselected package libgstreamer-plugins-base1.0-0:amd64.
e2e	Install Playwright browsers	2025-09-19T13:36:40.1651534Z Preparing to unpack .../083-libgstreamer-plugins-base1.0-0_1.24.2-1ubuntu0.3_amd64.deb ...
e2e	Install Playwright browsers	2025-09-19T13:36:40.1660250Z Unpacking libgstreamer-plugins-base1.0-0:amd64 (1.24.2-1ubuntu0.3) ...
e2e	Install Playwright browsers	2025-09-19T13:36:40.2000950Z Selecting previously unselected package gstreamer1.0-libav:amd64.
e2e	Install Playwright browsers	2025-09-19T13:36:40.2138030Z Preparing to unpack .../084-gstreamer1.0-libav_1.24.1-1build1_amd64.deb ...
e2e	Install Playwright browsers	2025-09-19T13:36:40.2149110Z Unpacking gstreamer1.0-libav:amd64 (1.24.1-1build1) ...
e2e	Install Playwright browsers	2025-09-19T13:36:40.2386233Z Selecting previously unselected package libcdparanoia0:amd64.
e2e	Install Playwright browsers	2025-09-19T13:36:40.2523871Z Preparing to unpack .../085-libcdparanoia0_3.10.2+debian-14build3_amd64.deb ...
e2e	Install Playwright browsers	2025-09-19T13:36:40.2532046Z Unpacking libcdparanoia0:amd64 (3.10.2+debian-14build3) ...
e2e	Install Playwright browsers	2025-09-19T13:36:40.2777402Z Selecting previously unselected package libvisual-0.4-0:amd64.
e2e	Install Playwright browsers	2025-09-19T13:36:40.2915684Z Preparing to unpack .../086-libvisual-0.4-0_0.4.2-2build1_amd64.deb ...
e2e	Install Playwright browsers	2025-09-19T13:36:40.2925380Z Unpacking libvisual-0.4-0:amd64 (0.4.2-2build1) ...
e2e	Install Playwright browsers	2025-09-19T13:36:40.3167124Z Selecting previously unselected package gstreamer1.0-plugins-base:amd64.
e2e	Install Playwright browsers	2025-09-19T13:36:40.3305022Z Preparing to unpack .../087-gstreamer1.0-plugins-base_1.24.2-1ubuntu0.3_amd64.deb ...
e2e	Install Playwright browsers	2025-09-19T13:36:40.3313469Z Unpacking gstreamer1.0-plugins-base:amd64 (1.24.2-1ubuntu0.3) ...
e2e	Install Playwright browsers	2025-09-19T13:36:40.3664994Z Selecting previously unselected package libaa1:amd64.
e2e	Install Playwright browsers	2025-09-19T13:36:40.3803737Z Preparing to unpack .../088-libaa1_1.4p5-51.1_amd64.deb ...
e2e	Install Playwright browsers	2025-09-19T13:36:40.3811915Z Unpacking libaa1:amd64 (1.4p5-51.1) ...
e2e	Install Playwright browsers	2025-09-19T13:36:40.4035970Z Selecting previously unselected package libraw1394-11:amd64.
e2e	Install Playwright browsers	2025-09-19T13:36:40.4174146Z Preparing to unpack .../089-libraw1394-11_2.1.2-2build3_amd64.deb ...
e2e	Install Playwright browsers	2025-09-19T13:36:40.4182801Z Unpacking libraw1394-11:amd64 (2.1.2-2build3) ...
e2e	Install Playwright browsers	2025-09-19T13:36:40.4406585Z Selecting previously unselected package libavc1394-0:amd64.
e2e	Install Playwright browsers	2025-09-19T13:36:40.4544278Z Preparing to unpack .../090-libavc1394-0_0.5.4-5build3_amd64.deb ...
e2e	Install Playwright browsers	2025-09-19T13:36:40.4554232Z Unpacking libavc1394-0:amd64 (0.5.4-5build3) ...
e2e	Install Playwright browsers	2025-09-19T13:36:40.4779088Z Selecting previously unselected package libcaca0:amd64.
e2e	Install Playwright browsers	2025-09-19T13:36:40.4915743Z Preparing to unpack .../091-libcaca0_0.99.beta20-4build2_amd64.deb ...
e2e	Install Playwright browsers	2025-09-19T13:36:40.4924273Z Unpacking libcaca0:amd64 (0.99.beta20-4build2) ...
e2e	Install Playwright browsers	2025-09-19T13:36:40.5192496Z Selecting previously unselected package libdv4t64:amd64.
e2e	Install Playwright browsers	2025-09-19T13:36:40.5329721Z Preparing to unpack .../092-libdv4t64_1.0.0-17.1build1_amd64.deb ...
e2e	Install Playwright browsers	2025-09-19T13:36:40.5337494Z Unpacking libdv4t64:amd64 (1.0.0-17.1build1) ...
e2e	Install Playwright browsers	2025-09-19T13:36:40.5583560Z Selecting previously unselected package libgstreamer-plugins-good1.0-0:amd64.
e2e	Install Playwright browsers	2025-09-19T13:36:40.5721188Z Preparing to unpack .../093-libgstreamer-plugins-good1.0-0_1.24.2-1ubuntu1.2_amd64.deb ...
e2e	Install Playwright browsers	2025-09-19T13:36:40.5729731Z Unpacking libgstreamer-plugins-good1.0-0:amd64 (1.24.2-1ubuntu1.2) ...
e2e	Install Playwright browsers	2025-09-19T13:36:40.5977253Z Selecting previously unselected package libiec61883-0:amd64.
e2e	Install Playwright browsers	2025-09-19T13:36:40.6160524Z Preparing to unpack .../094-libiec61883-0_1.2.0-6build1_amd64.deb ...
e2e	Install Playwright browsers	2025-09-19T13:36:40.6169281Z Unpacking libiec61883-0:amd64 (1.2.0-6build1) ...
e2e	Install Playwright browsers	2025-09-19T13:36:40.6404824Z Selecting previously unselected package libshout3:amd64.
e2e	Install Playwright browsers	2025-09-19T13:36:40.6629487Z Preparing to unpack .../095-libshout3_2.4.6-1build2_amd64.deb ...
e2e	Install Playwright browsers	2025-09-19T13:36:40.6650098Z Unpacking libshout3:amd64 (2.4.6-1build2) ...
e2e	Install Playwright browsers	2025-09-19T13:36:40.6890239Z Selecting previously unselected package libtag1v5-vanilla:amd64.
e2e	Install Playwright browsers	2025-09-19T13:36:40.7031811Z Preparing to unpack .../096-libtag1v5-vanilla_1.13.1-1build1_amd64.deb ...
e2e	Install Playwright browsers	2025-09-19T13:36:40.7039429Z Unpacking libtag1v5-vanilla:amd64 (1.13.1-1build1) ...
e2e	Install Playwright browsers	2025-09-19T13:36:40.7316104Z Selecting previously unselected package libtag1v5:amd64.
e2e	Install Playwright browsers	2025-09-19T13:36:40.7459076Z Preparing to unpack .../097-libtag1v5_1.13.1-1build1_amd64.deb ...
e2e	Install Playwright browsers	2025-09-19T13:36:40.7466545Z Unpacking libtag1v5:amd64 (1.13.1-1build1) ...
e2e	Install Playwright browsers	2025-09-19T13:36:40.7687603Z Selecting previously unselected package libv4lconvert0t64:amd64.
e2e	Install Playwright browsers	2025-09-19T13:36:40.7829958Z Preparing to unpack .../098-libv4lconvert0t64_1.26.1-4build3_amd64.deb ...
e2e	Install Playwright browsers	2025-09-19T13:36:40.7837639Z Unpacking libv4lconvert0t64:amd64 (1.26.1-4build3) ...
e2e	Install Playwright browsers	2025-09-19T13:36:40.8084727Z Selecting previously unselected package libv4l-0t64:amd64.
e2e	Install Playwright browsers	2025-09-19T13:36:40.8232757Z Preparing to unpack .../099-libv4l-0t64_1.26.1-4build3_amd64.deb ...
e2e	Install Playwright browsers	2025-09-19T13:36:40.8242393Z Unpacking libv4l-0t64:amd64 (1.26.1-4build3) ...
e2e	Install Playwright browsers	2025-09-19T13:36:40.8492301Z Selecting previously unselected package libwavpack1:amd64.
e2e	Install Playwright browsers	2025-09-19T13:36:40.8627194Z Preparing to unpack .../100-libwavpack1_5.6.0-1build1_amd64.deb ...
e2e	Install Playwright browsers	2025-09-19T13:36:40.8635094Z Unpacking libwavpack1:amd64 (5.6.0-1build1) ...
e2e	Install Playwright browsers	2025-09-19T13:36:40.8845543Z Selecting previously unselected package libsoup-3.0-common.
e2e	Install Playwright browsers	2025-09-19T13:36:40.8982598Z Preparing to unpack .../101-libsoup-3.0-common_3.4.4-5ubuntu0.5_all.deb ...
e2e	Install Playwright browsers	2025-09-19T13:36:40.8990783Z Unpacking libsoup-3.0-common (3.4.4-5ubuntu0.5) ...
e2e	Install Playwright browsers	2025-09-19T13:36:40.9205711Z Selecting previously unselected package libsoup-3.0-0:amd64.
e2e	Install Playwright browsers	2025-09-19T13:36:40.9342710Z Preparing to unpack .../102-libsoup-3.0-0_3.4.4-5ubuntu0.5_amd64.deb ...
e2e	Install Playwright browsers	2025-09-19T13:36:40.9351871Z Unpacking libsoup-3.0-0:amd64 (3.4.4-5ubuntu0.5) ...
e2e	Install Playwright browsers	2025-09-19T13:36:40.9587585Z Selecting previously unselected package gstreamer1.0-plugins-good:amd64.
e2e	Install Playwright browsers	2025-09-19T13:36:40.9723961Z Preparing to unpack .../103-gstreamer1.0-plugins-good_1.24.2-1ubuntu1.2_amd64.deb ...
e2e	Install Playwright browsers	2025-09-19T13:36:40.9731882Z Unpacking gstreamer1.0-plugins-good:amd64 (1.24.2-1ubuntu1.2) ...
e2e	Install Playwright browsers	2025-09-19T13:36:41.0323424Z Selecting previously unselected package libabsl20220623t64:amd64.
e2e	Install Playwright browsers	2025-09-19T13:36:41.0460514Z Preparing to unpack .../104-libabsl20220623t64_20220623.1-3.1ubuntu3.2_amd64.deb ...
e2e	Install Playwright browsers	2025-09-19T13:36:41.0468570Z Unpacking libabsl20220623t64:amd64 (20220623.1-3.1ubuntu3.2) ...
e2e	Install Playwright browsers	2025-09-19T13:36:41.0912103Z Selecting previously unselected package libgav1-1:amd64.
e2e	Install Playwright browsers	2025-09-19T13:36:41.1048687Z Preparing to unpack .../105-libgav1-1_0.18.0-1build3_amd64.deb ...
e2e	Install Playwright browsers	2025-09-19T13:36:41.1057099Z Unpacking libgav1-1:amd64 (0.18.0-1build3) ...
e2e	Install Playwright browsers	2025-09-19T13:36:41.1312325Z Selecting previously unselected package libyuv0:amd64.
e2e	Install Playwright browsers	2025-09-19T13:36:41.1448775Z Preparing to unpack .../106-libyuv0_0.0~git202401110.af6ac82-1_amd64.deb ...
e2e	Install Playwright browsers	2025-09-19T13:36:41.1457946Z Unpacking libyuv0:amd64 (0.0~git202401110.af6ac82-1) ...
e2e	Install Playwright browsers	2025-09-19T13:36:41.1702894Z Selecting previously unselected package libavif16:amd64.
e2e	Install Playwright browsers	2025-09-19T13:36:41.1839304Z Preparing to unpack .../107-libavif16_1.0.4-1ubuntu3_amd64.deb ...
e2e	Install Playwright browsers	2025-09-19T13:36:41.1847014Z Unpacking libavif16:amd64 (1.0.4-1ubuntu3) ...
e2e	Install Playwright browsers	2025-09-19T13:36:41.2070389Z Selecting previously unselected package libavtp0:amd64.
e2e	Install Playwright browsers	2025-09-19T13:36:41.2209229Z Preparing to unpack .../108-libavtp0_0.2.0-1build1_amd64.deb ...
e2e	Install Playwright browsers	2025-09-19T13:36:41.2218714Z Unpacking libavtp0:amd64 (0.2.0-1build1) ...
e2e	Install Playwright browsers	2025-09-19T13:36:41.2439007Z Selecting previously unselected package libcairo-script-interpreter2:amd64.
e2e	Install Playwright browsers	2025-09-19T13:36:41.2578237Z Preparing to unpack .../109-libcairo-script-interpreter2_1.18.0-3build1_amd64.deb ...
e2e	Install Playwright browsers	2025-09-19T13:36:41.2586988Z Unpacking libcairo-script-interpreter2:amd64 (1.18.0-3build1) ...
e2e	Install Playwright browsers	2025-09-19T13:36:41.2953717Z Preparing to unpack .../110-libcups2t64_2.4.7-1.2ubuntu7.4_amd64.deb ...
e2e	Install Playwright browsers	2025-09-19T13:36:41.3053573Z Unpacking libcups2t64:amd64 (2.4.7-1.2ubuntu7.4) over (2.4.7-1.2ubuntu7.3) ...
e2e	Install Playwright browsers	2025-09-19T13:36:41.3428788Z Selecting previously unselected package libdc1394-25:amd64.
e2e	Install Playwright browsers	2025-09-19T13:36:41.3565728Z Preparing to unpack .../111-libdc1394-25_2.2.6-4build1_amd64.deb ...
e2e	Install Playwright browsers	2025-09-19T13:36:41.3574298Z Unpacking libdc1394-25:amd64 (2.2.6-4build1) ...
e2e	Install Playwright browsers	2025-09-19T13:36:41.3804648Z Selecting previously unselected package libdecor-0-0:amd64.
e2e	Install Playwright browsers	2025-09-19T13:36:41.3940553Z Preparing to unpack .../112-libdecor-0-0_0.2.2-1build2_amd64.deb ...
e2e	Install Playwright browsers	2025-09-19T13:36:41.3949671Z Unpacking libdecor-0-0:amd64 (0.2.2-1build2) ...
e2e	Install Playwright browsers	2025-09-19T13:36:41.4162966Z Selecting previously unselected package libgles2:amd64.
e2e	Install Playwright browsers	2025-09-19T13:36:41.4301909Z Preparing to unpack .../113-libgles2_1.7.0-1build1_amd64.deb ...
e2e	Install Playwright browsers	2025-09-19T13:36:41.4310880Z Unpacking libgles2:amd64 (1.7.0-1build1) ...
e2e	Install Playwright browsers	2025-09-19T13:36:41.4537623Z Selecting previously unselected package libdirectfb-1.7-7t64:amd64.
e2e	Install Playwright browsers	2025-09-19T13:36:41.4675532Z Preparing to unpack .../114-libdirectfb-1.7-7t64_1.7.7-11.1ubuntu2_amd64.deb ...
e2e	Install Playwright browsers	2025-09-19T13:36:41.4684025Z Unpacking libdirectfb-1.7-7t64:amd64 (1.7.7-11.1ubuntu2) ...
e2e	Install Playwright browsers	2025-09-19T13:36:41.5135624Z Selecting previously unselected package libdvdread8t64:amd64.
e2e	Install Playwright browsers	2025-09-19T13:36:41.5272431Z Preparing to unpack .../115-libdvdread8t64_6.1.3-1.1build1_amd64.deb ...
e2e	Install Playwright browsers	2025-09-19T13:36:41.5280855Z Unpacking libdvdread8t64:amd64 (6.1.3-1.1build1) ...
e2e	Install Playwright browsers	2025-09-19T13:36:41.5504060Z Selecting previously unselected package libdvdnav4:amd64.
e2e	Install Playwright browsers	2025-09-19T13:36:41.5640563Z Preparing to unpack .../116-libdvdnav4_6.1.1-3build1_amd64.deb ...
e2e	Install Playwright browsers	2025-09-19T13:36:41.5648531Z Unpacking libdvdnav4:amd64 (6.1.1-3build1) ...
e2e	Install Playwright browsers	2025-09-19T13:36:41.5882634Z Selecting previously unselected package libegl-mesa0:amd64.
e2e	Install Playwright browsers	2025-09-19T13:36:41.6021103Z Preparing to unpack .../117-libegl-mesa0_25.0.7-0ubuntu0.24.04.2_amd64.deb ...
e2e	Install Playwright browsers	2025-09-19T13:36:41.6048426Z Unpacking libegl-mesa0:amd64 (25.0.7-0ubuntu0.24.04.2) ...
e2e	Install Playwright browsers	2025-09-19T13:36:41.6295535Z Selecting previously unselected package libevent-2.1-7t64:amd64.
e2e	Install Playwright browsers	2025-09-19T13:36:41.6438040Z Preparing to unpack .../118-libevent-2.1-7t64_2.1.12-stable-9ubuntu2_amd64.deb ...
e2e	Install Playwright browsers	2025-09-19T13:36:41.6447857Z Unpacking libevent-2.1-7t64:amd64 (2.1.12-stable-9ubuntu2) ...
e2e	Install Playwright browsers	2025-09-19T13:36:41.6686029Z Selecting previously unselected package libfaad2:amd64.
e2e	Install Playwright browsers	2025-09-19T13:36:41.6825353Z Preparing to unpack .../119-libfaad2_2.11.1-1build1_amd64.deb ...
e2e	Install Playwright browsers	2025-09-19T13:36:41.6833933Z Unpacking libfaad2:amd64 (2.11.1-1build1) ...
e2e	Install Playwright browsers	2025-09-19T13:36:41.7083813Z Selecting previously unselected package libinstpatch-1.0-2:amd64.
e2e	Install Playwright browsers	2025-09-19T13:36:41.7221483Z Preparing to unpack .../120-libinstpatch-1.0-2_1.1.6-1build2_amd64.deb ...
e2e	Install Playwright browsers	2025-09-19T13:36:41.7230860Z Unpacking libinstpatch-1.0-2:amd64 (1.1.6-1build2) ...
e2e	Install Playwright browsers	2025-09-19T13:36:41.7484642Z Selecting previously unselected package libjack-jackd2-0:amd64.
e2e	Install Playwright browsers	2025-09-19T13:36:41.7625615Z Preparing to unpack .../121-libjack-jackd2-0_1.9.21~dfsg-3ubuntu3_amd64.deb ...
e2e	Install Playwright browsers	2025-09-19T13:36:41.7634219Z Unpacking libjack-jackd2-0:amd64 (1.9.21~dfsg-3ubuntu3) ...
e2e	Install Playwright browsers	2025-09-19T13:36:41.7909920Z Selecting previously unselected package libwebrtc-audio-processing1:amd64.
e2e	Install Playwright browsers	2025-09-19T13:36:41.8048005Z Preparing to unpack .../122-libwebrtc-audio-processing1_0.3.1-0ubuntu6_amd64.deb ...
e2e	Install Playwright browsers	2025-09-19T13:36:41.8057168Z Unpacking libwebrtc-audio-processing1:amd64 (0.3.1-0ubuntu6) ...
e2e	Install Playwright browsers	2025-09-19T13:36:41.8303054Z Selecting previously unselected package libspa-0.2-modules:amd64.
e2e	Install Playwright browsers	2025-09-19T13:36:41.8441778Z Preparing to unpack .../123-libspa-0.2-modules_1.0.5-1ubuntu3.1_amd64.deb ...
e2e	Install Playwright browsers	2025-09-19T13:36:41.8452814Z Unpacking libspa-0.2-modules:amd64 (1.0.5-1ubuntu3.1) ...
e2e	Install Playwright browsers	2025-09-19T13:36:41.8797357Z Selecting previously unselected package libpipewire-0.3-0t64:amd64.
e2e	Install Playwright browsers	2025-09-19T13:36:41.8936696Z Preparing to unpack .../124-libpipewire-0.3-0t64_1.0.5-1ubuntu3.1_amd64.deb ...
e2e	Install Playwright browsers	2025-09-19T13:36:41.8947109Z Unpacking libpipewire-0.3-0t64:amd64 (1.0.5-1ubuntu3.1) ...
e2e	Install Playwright browsers	2025-09-19T13:36:41.9215154Z Selecting previously unselected package libsdl2-2.0-0:amd64.
e2e	Install Playwright browsers	2025-09-19T13:36:41.9353694Z Preparing to unpack .../125-libsdl2-2.0-0_2.30.0+dfsg-1ubuntu3.1_amd64.deb ...
e2e	Install Playwright browsers	2025-09-19T13:36:41.9362952Z Unpacking libsdl2-2.0-0:amd64 (2.30.0+dfsg-1ubuntu3.1) ...
e2e	Install Playwright browsers	2025-09-19T13:36:41.9669562Z Selecting previously unselected package timgm6mb-soundfont.
e2e	Install Playwright browsers	2025-09-19T13:36:41.9808328Z Preparing to unpack .../126-timgm6mb-soundfont_1.3-5_all.deb ...
e2e	Install Playwright browsers	2025-09-19T13:36:41.9817776Z Unpacking timgm6mb-soundfont (1.3-5) ...
e2e	Install Playwright browsers	2025-09-19T13:36:42.3217584Z Selecting previously unselected package libfluidsynth3:amd64.
e2e	Install Playwright browsers	2025-09-19T13:36:42.3353222Z Preparing to unpack .../127-libfluidsynth3_2.3.4-1build3_amd64.deb ...
e2e	Install Playwright browsers	2025-09-19T13:36:42.3362740Z Unpacking libfluidsynth3:amd64 (2.3.4-1build3) ...
e2e	Install Playwright browsers	2025-09-19T13:36:42.3609842Z Selecting previously unselected package libfreeaptx0:amd64.
e2e	Install Playwright browsers	2025-09-19T13:36:42.3746176Z Preparing to unpack .../128-libfreeaptx0_0.1.1-2build1_amd64.deb ...
e2e	Install Playwright browsers	2025-09-19T13:36:42.3754203Z Unpacking libfreeaptx0:amd64 (0.1.1-2build1) ...
e2e	Install Playwright browsers	2025-09-19T13:36:42.3970052Z Selecting previously unselected package libgraphene-1.0-0:amd64.
e2e	Install Playwright browsers	2025-09-19T13:36:42.4105955Z Preparing to unpack .../129-libgraphene-1.0-0_1.10.8-3build2_amd64.deb ...
e2e	Install Playwright browsers	2025-09-19T13:36:42.4115408Z Unpacking libgraphene-1.0-0:amd64 (1.10.8-3build2) ...
e2e	Install Playwright browsers	2025-09-19T13:36:42.4342037Z Selecting previously unselected package libgssdp-1.6-0:amd64.
e2e	Install Playwright browsers	2025-09-19T13:36:42.4480911Z Preparing to unpack .../130-libgssdp-1.6-0_1.6.3-1build3_amd64.deb ...
e2e	Install Playwright browsers	2025-09-19T13:36:42.4490278Z Unpacking libgssdp-1.6-0:amd64 (1.6.3-1build3) ...
e2e	Install Playwright browsers	2025-09-19T13:36:42.4714306Z Selecting previously unselected package libegl1:amd64.
e2e	Install Playwright browsers	2025-09-19T13:36:42.4857049Z Preparing to unpack .../131-libegl1_1.7.0-1build1_amd64.deb ...
e2e	Install Playwright browsers	2025-09-19T13:36:42.4866300Z Unpacking libegl1:amd64 (1.7.0-1build1) ...
e2e	Install Playwright browsers	2025-09-19T13:36:42.5096442Z Selecting previously unselected package libgstreamer-gl1.0-0:amd64.
e2e	Install Playwright browsers	2025-09-19T13:36:42.5233592Z Preparing to unpack .../132-libgstreamer-gl1.0-0_1.24.2-1ubuntu0.3_amd64.deb ...
e2e	Install Playwright browsers	2025-09-19T13:36:42.5243098Z Unpacking libgstreamer-gl1.0-0:amd64 (1.24.2-1ubuntu0.3) ...
e2e	Install Playwright browsers	2025-09-19T13:36:42.5479719Z Selecting previously unselected package libgtk-4-common.
e2e	Install Playwright browsers	2025-09-19T13:36:42.5615950Z Preparing to unpack .../133-libgtk-4-common_4.14.5+ds-0ubuntu0.5_all.deb ...
e2e	Install Playwright browsers	2025-09-19T13:36:42.5625509Z Unpacking libgtk-4-common (4.14.5+ds-0ubuntu0.5) ...
e2e	Install Playwright browsers	2025-09-19T13:36:42.6169645Z Selecting previously unselected package libgtk-4-1:amd64.
e2e	Install Playwright browsers	2025-09-19T13:36:42.6306189Z Preparing to unpack .../134-libgtk-4-1_4.14.5+ds-0ubuntu0.5_amd64.deb ...
e2e	Install Playwright browsers	2025-09-19T13:36:42.6316584Z Unpacking libgtk-4-1:amd64 (4.14.5+ds-0ubuntu0.5) ...
e2e	Install Playwright browsers	2025-09-19T13:36:42.7029956Z Selecting previously unselected package libgupnp-1.6-0:amd64.
e2e	Install Playwright browsers	2025-09-19T13:36:42.7168428Z Preparing to unpack .../135-libgupnp-1.6-0_1.6.6-1build3_amd64.deb ...
e2e	Install Playwright browsers	2025-09-19T13:36:42.7177873Z Unpacking libgupnp-1.6-0:amd64 (1.6.6-1build3) ...
e2e	Install Playwright browsers	2025-09-19T13:36:42.7415971Z Selecting previously unselected package libgupnp-igd-1.6-0:amd64.
e2e	Install Playwright browsers	2025-09-19T13:36:42.7555998Z Preparing to unpack .../136-libgupnp-igd-1.6-0_1.6.0-3build3_amd64.deb ...
e2e	Install Playwright browsers	2025-09-19T13:36:42.7566060Z Unpacking libgupnp-igd-1.6-0:amd64 (1.6.0-3build3) ...
e2e	Install Playwright browsers	2025-09-19T13:36:42.7784805Z Selecting previously unselected package libharfbuzz-icu0:amd64.
e2e	Install Playwright browsers	2025-09-19T13:36:42.7923690Z Preparing to unpack .../137-libharfbuzz-icu0_8.3.0-2build2_amd64.deb ...
e2e	Install Playwright browsers	2025-09-19T13:36:42.7933226Z Unpacking libharfbuzz-icu0:amd64 (8.3.0-2build2) ...
e2e	Install Playwright browsers	2025-09-19T13:36:42.8154249Z Selecting previously unselected package libhyphen0:amd64.
e2e	Install Playwright browsers	2025-09-19T13:36:42.8294177Z Preparing to unpack .../138-libhyphen0_2.8.8-7build3_amd64.deb ...
e2e	Install Playwright browsers	2025-09-19T13:36:42.8302532Z Unpacking libhyphen0:amd64 (2.8.8-7build3) ...
e2e	Install Playwright browsers	2025-09-19T13:36:42.8523013Z Selecting previously unselected package libimath-3-1-29t64:amd64.
e2e	Install Playwright browsers	2025-09-19T13:36:42.8660755Z Preparing to unpack .../139-libimath-3-1-29t64_3.1.9-3.1ubuntu2_amd64.deb ...
e2e	Install Playwright browsers	2025-09-19T13:36:42.8670577Z Unpacking libimath-3-1-29t64:amd64 (3.1.9-3.1ubuntu2) ...
e2e	Install Playwright browsers	2025-09-19T13:36:42.8909724Z Selecting previously unselected package liblc3-1:amd64.
e2e	Install Playwright browsers	2025-09-19T13:36:42.9079268Z Preparing to unpack .../140-liblc3-1_1.0.4-3build1_amd64.deb ...
e2e	Install Playwright browsers	2025-09-19T13:36:42.9089129Z Unpacking liblc3-1:amd64 (1.0.4-3build1) ...
e2e	Install Playwright browsers	2025-09-19T13:36:42.9348934Z Selecting previously unselected package libldacbt-enc2:amd64.
e2e	Install Playwright browsers	2025-09-19T13:36:42.9486417Z Preparing to unpack .../141-libldacbt-enc2_2.0.2.3+git20200429+ed310a0-4ubuntu2_amd64.deb ...
e2e	Install Playwright browsers	2025-09-19T13:36:42.9497786Z Unpacking libldacbt-enc2:amd64 (2.0.2.3+git20200429+ed310a0-4ubuntu2) ...
e2e	Install Playwright browsers	2025-09-19T13:36:42.9721514Z Selecting previously unselected package libraptor2-0:amd64.
e2e	Install Playwright browsers	2025-09-19T13:36:42.9859019Z Preparing to unpack .../142-libraptor2-0_2.0.16-3ubuntu0.1_amd64.deb ...
e2e	Install Playwright browsers	2025-09-19T13:36:42.9872003Z Unpacking libraptor2-0:amd64 (2.0.16-3ubuntu0.1) ...
e2e	Install Playwright browsers	2025-09-19T13:36:43.0123610Z Selecting previously unselected package liblrdf0:amd64.
e2e	Install Playwright browsers	2025-09-19T13:36:43.0262696Z Preparing to unpack .../143-liblrdf0_0.6.1-4build1_amd64.deb ...
e2e	Install Playwright browsers	2025-09-19T13:36:43.0272778Z Unpacking liblrdf0:amd64 (0.6.1-4build1) ...
e2e	Install Playwright browsers	2025-09-19T13:36:43.0498727Z Selecting previously unselected package libltc11:amd64.
e2e	Install Playwright browsers	2025-09-19T13:36:43.0635633Z Preparing to unpack .../144-libltc11_1.3.2-1build1_amd64.deb ...
e2e	Install Playwright browsers	2025-09-19T13:36:43.0645933Z Unpacking libltc11:amd64 (1.3.2-1build1) ...
e2e	Install Playwright browsers	2025-09-19T13:36:43.0872826Z Selecting previously unselected package libmanette-0.2-0:amd64.
e2e	Install Playwright browsers	2025-09-19T13:36:43.1008192Z Preparing to unpack .../145-libmanette-0.2-0_0.2.7-1build2_amd64.deb ...
e2e	Install Playwright browsers	2025-09-19T13:36:43.1017475Z Unpacking libmanette-0.2-0:amd64 (0.2.7-1build2) ...
e2e	Install Playwright browsers	2025-09-19T13:36:43.1249117Z Selecting previously unselected package libmfx1:amd64.
e2e	Install Playwright browsers	2025-09-19T13:36:43.1385300Z Preparing to unpack .../146-libmfx1_22.5.4-1_amd64.deb ...
e2e	Install Playwright browsers	2025-09-19T13:36:43.1394076Z Unpacking libmfx1:amd64 (22.5.4-1) ...
e2e	Install Playwright browsers	2025-09-19T13:36:43.2444347Z Selecting previously unselected package libmjpegutils-2.1-0t64:amd64.
e2e	Install Playwright browsers	2025-09-19T13:36:43.2580186Z Preparing to unpack .../147-libmjpegutils-2.1-0t64_1%3a2.1.0+debian-8.1build1_amd64.deb ...
e2e	Install Playwright browsers	2025-09-19T13:36:43.2589840Z Unpacking libmjpegutils-2.1-0t64:amd64 (1:2.1.0+debian-8.1build1) ...
e2e	Install Playwright browsers	2025-09-19T13:36:43.2836290Z Selecting previously unselected package libmodplug1:amd64.
e2e	Install Playwright browsers	2025-09-19T13:36:43.2972504Z Preparing to unpack .../148-libmodplug1_1%3a0.8.9.0-3build1_amd64.deb ...
e2e	Install Playwright browsers	2025-09-19T13:36:43.2981892Z Unpacking libmodplug1:amd64 (1:0.8.9.0-3build1) ...
e2e	Install Playwright browsers	2025-09-19T13:36:43.3225160Z Selecting previously unselected package libmpcdec6:amd64.
e2e	Install Playwright browsers	2025-09-19T13:36:43.3360860Z Preparing to unpack .../149-libmpcdec6_2%3a0.1~r495-2build1_amd64.deb ...
e2e	Install Playwright browsers	2025-09-19T13:36:43.3370171Z Unpacking libmpcdec6:amd64 (2:0.1~r495-2build1) ...
e2e	Install Playwright browsers	2025-09-19T13:36:43.3588569Z Selecting previously unselected package libmpeg2encpp-2.1-0t64:amd64.
e2e	Install Playwright browsers	2025-09-19T13:36:43.3723425Z Preparing to unpack .../150-libmpeg2encpp-2.1-0t64_1%3a2.1.0+debian-8.1build1_amd64.deb ...
e2e	Install Playwright browsers	2025-09-19T13:36:43.3743141Z Unpacking libmpeg2encpp-2.1-0t64:amd64 (1:2.1.0+debian-8.1build1) ...
e2e	Install Playwright browsers	2025-09-19T13:36:43.3969756Z Selecting previously unselected package libmplex2-2.1-0t64:amd64.
e2e	Install Playwright browsers	2025-09-19T13:36:43.4105878Z Preparing to unpack .../151-libmplex2-2.1-0t64_1%3a2.1.0+debian-8.1build1_amd64.deb ...
e2e	Install Playwright browsers	2025-09-19T13:36:43.4114681Z Unpacking libmplex2-2.1-0t64:amd64 (1:2.1.0+debian-8.1build1) ...
e2e	Install Playwright browsers	2025-09-19T13:36:43.4333848Z Selecting previously unselected package libneon27t64:amd64.
e2e	Install Playwright browsers	2025-09-19T13:36:43.4470165Z Preparing to unpack .../152-libneon27t64_0.33.0-1.1build3_amd64.deb ...
e2e	Install Playwright browsers	2025-09-19T13:36:43.4480983Z Unpacking libneon27t64:amd64 (0.33.0-1.1build3) ...
e2e	Install Playwright browsers	2025-09-19T13:36:43.4721572Z Selecting previously unselected package libnice10:amd64.
e2e	Install Playwright browsers	2025-09-19T13:36:43.4885641Z Preparing to unpack .../153-libnice10_0.1.21-2build3_amd64.deb ...
e2e	Install Playwright browsers	2025-09-19T13:36:43.4895915Z Unpacking libnice10:amd64 (0.1.21-2build3) ...
e2e	Install Playwright browsers	2025-09-19T13:36:43.5134078Z Selecting previously unselected package libopenal-data.
e2e	Install Playwright browsers	2025-09-19T13:36:43.5270253Z Preparing to unpack .../154-libopenal-data_1%3a1.23.1-4build1_all.deb ...
e2e	Install Playwright browsers	2025-09-19T13:36:43.5277920Z Unpacking libopenal-data (1:1.23.1-4build1) ...
e2e	Install Playwright browsers	2025-09-19T13:36:43.5513706Z Selecting previously unselected package libopenexr-3-1-30:amd64.
e2e	Install Playwright browsers	2025-09-19T13:36:43.5649252Z Preparing to unpack .../155-libopenexr-3-1-30_3.1.5-5.1build3_amd64.deb ...
e2e	Install Playwright browsers	2025-09-19T13:36:43.5657756Z Unpacking libopenexr-3-1-30:amd64 (3.1.5-5.1build3) ...
e2e	Install Playwright browsers	2025-09-19T13:36:43.6043041Z Selecting previously unselected package libopenh264-7:amd64.
e2e	Install Playwright browsers	2025-09-19T13:36:43.6177993Z Preparing to unpack .../156-libopenh264-7_2.4.1+dfsg-1_amd64.deb ...
e2e	Install Playwright browsers	2025-09-19T13:36:43.6186707Z Unpacking libopenh264-7:amd64 (2.4.1+dfsg-1) ...
e2e	Install Playwright browsers	2025-09-19T13:36:43.6467528Z Selecting previously unselected package libopenni2-0:amd64.
e2e	Install Playwright browsers	2025-09-19T13:36:43.6603961Z Preparing to unpack .../157-libopenni2-0_2.2.0.33+dfsg-18_amd64.deb ...
e2e	Install Playwright browsers	2025-09-19T13:36:43.6637578Z Unpacking libopenni2-0:amd64 (2.2.0.33+dfsg-18) ...
e2e	Install Playwright browsers	2025-09-19T13:36:43.6922464Z Selecting previously unselected package libqrencode4:amd64.
e2e	Install Playwright browsers	2025-09-19T13:36:43.7061410Z Preparing to unpack .../158-libqrencode4_4.1.1-1build2_amd64.deb ...
e2e	Install Playwright browsers	2025-09-19T13:36:43.7071558Z Unpacking libqrencode4:amd64 (4.1.1-1build2) ...
e2e	Install Playwright browsers	2025-09-19T13:36:43.7280197Z Selecting previously unselected package libsecret-common.
e2e	Install Playwright browsers	2025-09-19T13:36:43.7418020Z Preparing to unpack .../159-libsecret-common_0.21.4-1build3_all.deb ...
e2e	Install Playwright browsers	2025-09-19T13:36:43.7428233Z Unpacking libsecret-common (0.21.4-1build3) ...
e2e	Install Playwright browsers	2025-09-19T13:36:43.7649625Z Selecting previously unselected package libsecret-1-0:amd64.
e2e	Install Playwright browsers	2025-09-19T13:36:43.7789960Z Preparing to unpack .../160-libsecret-1-0_0.21.4-1build3_amd64.deb ...
e2e	Install Playwright browsers	2025-09-19T13:36:43.7799422Z Unpacking libsecret-1-0:amd64 (0.21.4-1build3) ...
e2e	Install Playwright browsers	2025-09-19T13:36:43.8047083Z Selecting previously unselected package libsndio7.0:amd64.
e2e	Install Playwright browsers	2025-09-19T13:36:43.8187515Z Preparing to unpack .../161-libsndio7.0_1.9.0-0.3build3_amd64.deb ...
e2e	Install Playwright browsers	2025-09-19T13:36:43.8196441Z Unpacking libsndio7.0:amd64 (1.9.0-0.3build3) ...
e2e	Install Playwright browsers	2025-09-19T13:36:43.8541794Z Selecting previously unselected package libsoundtouch1:amd64.
e2e	Install Playwright browsers	2025-09-19T13:36:43.8678685Z Preparing to unpack .../162-libsoundtouch1_2.3.2+ds1-1build1_amd64.deb ...
e2e	Install Playwright browsers	2025-09-19T13:36:43.8686661Z Unpacking libsoundtouch1:amd64 (2.3.2+ds1-1build1) ...
e2e	Install Playwright browsers	2025-09-19T13:36:43.8915338Z Selecting previously unselected package libspandsp2t64:amd64.
e2e	Install Playwright browsers	2025-09-19T13:36:43.9052801Z Preparing to unpack .../163-libspandsp2t64_0.0.6+dfsg-2.1build1_amd64.deb ...
e2e	Install Playwright browsers	2025-09-19T13:36:43.9061821Z Unpacking libspandsp2t64:amd64 (0.0.6+dfsg-2.1build1) ...
e2e	Install Playwright browsers	2025-09-19T13:36:43.9323497Z Selecting previously unselected package libsrtp2-1:amd64.
e2e	Install Playwright browsers	2025-09-19T13:36:43.9462640Z Preparing to unpack .../164-libsrtp2-1_2.5.0-3build1_amd64.deb ...
e2e	Install Playwright browsers	2025-09-19T13:36:43.9472894Z Unpacking libsrtp2-1:amd64 (2.5.0-3build1) ...
e2e	Install Playwright browsers	2025-09-19T13:36:43.9706295Z Selecting previously unselected package libwildmidi2:amd64.
e2e	Install Playwright browsers	2025-09-19T13:36:43.9844648Z Preparing to unpack .../165-libwildmidi2_0.4.3-1build3_amd64.deb ...
e2e	Install Playwright browsers	2025-09-19T13:36:43.9852744Z Unpacking libwildmidi2:amd64 (0.4.3-1build3) ...
e2e	Install Playwright browsers	2025-09-19T13:36:44.0083724Z Selecting previously unselected package libwoff1:amd64.
e2e	Install Playwright browsers	2025-09-19T13:36:44.0222396Z Preparing to unpack .../166-libwoff1_1.0.2-2build1_amd64.deb ...
e2e	Install Playwright browsers	2025-09-19T13:36:44.0230856Z Unpacking libwoff1:amd64 (1.0.2-2build1) ...
e2e	Install Playwright browsers	2025-09-19T13:36:44.0481407Z Selecting previously unselected package libxcb-xkb1:amd64.
e2e	Install Playwright browsers	2025-09-19T13:36:44.0619129Z Preparing to unpack .../167-libxcb-xkb1_1.15-1ubuntu2_amd64.deb ...
e2e	Install Playwright browsers	2025-09-19T13:36:44.0627962Z Unpacking libxcb-xkb1:amd64 (1.15-1ubuntu2) ...
e2e	Install Playwright browsers	2025-09-19T13:36:44.0855587Z Selecting previously unselected package libxkbcommon-x11-0:amd64.
e2e	Install Playwright browsers	2025-09-19T13:36:44.0994016Z Preparing to unpack .../168-libxkbcommon-x11-0_1.6.0-1build1_amd64.deb ...
e2e	Install Playwright browsers	2025-09-19T13:36:44.1002574Z Unpacking libxkbcommon-x11-0:amd64 (1.6.0-1build1) ...
e2e	Install Playwright browsers	2025-09-19T13:36:44.1223725Z Selecting previously unselected package libzbar0t64:amd64.
e2e	Install Playwright browsers	2025-09-19T13:36:44.1362859Z Preparing to unpack .../169-libzbar0t64_0.23.93-4build3_amd64.deb ...
e2e	Install Playwright browsers	2025-09-19T13:36:44.1372491Z Unpacking libzbar0t64:amd64 (0.23.93-4build3) ...
e2e	Install Playwright browsers	2025-09-19T13:36:44.1621765Z Selecting previously unselected package libzxing3:amd64.
e2e	Install Playwright browsers	2025-09-19T13:36:44.1760398Z Preparing to unpack .../170-libzxing3_2.2.1-3_amd64.deb ...
e2e	Install Playwright browsers	2025-09-19T13:36:44.1770049Z Unpacking libzxing3:amd64 (2.2.1-3) ...
e2e	Install Playwright browsers	2025-09-19T13:36:44.2035553Z Selecting previously unselected package xfonts-encodings.
e2e	Install Playwright browsers	2025-09-19T13:36:44.2172360Z Preparing to unpack .../171-xfonts-encodings_1%3a1.0.5-0ubuntu2_all.deb ...
e2e	Install Playwright browsers	2025-09-19T13:36:44.2180274Z Unpacking xfonts-encodings (1:1.0.5-0ubuntu2) ...
e2e	Install Playwright browsers	2025-09-19T13:36:44.2489807Z Selecting previously unselected package xfonts-utils.
e2e	Install Playwright browsers	2025-09-19T13:36:44.2626558Z Preparing to unpack .../172-xfonts-utils_1%3a7.7+6build3_amd64.deb ...
e2e	Install Playwright browsers	2025-09-19T13:36:44.2635031Z Unpacking xfonts-utils (1:7.7+6build3) ...
e2e	Install Playwright browsers	2025-09-19T13:36:44.3952163Z Selecting previously unselected package xfonts-cyrillic.
e2e	Install Playwright browsers	2025-09-19T13:36:44.4090980Z Preparing to unpack .../173-xfonts-cyrillic_1%3a1.0.5+nmu1_all.deb ...
e2e	Install Playwright browsers	2025-09-19T13:36:44.4098753Z Unpacking xfonts-cyrillic (1:1.0.5+nmu1) ...
e2e	Install Playwright browsers	2025-09-19T13:36:44.4475030Z Selecting previously unselected package xfonts-scalable.
e2e	Install Playwright browsers	2025-09-19T13:36:44.4611611Z Preparing to unpack .../174-xfonts-scalable_1%3a1.0.3-1.3_all.deb ...
e2e	Install Playwright browsers	2025-09-19T13:36:44.4621198Z Unpacking xfonts-scalable (1:1.0.3-1.3) ...
e2e	Install Playwright browsers	2025-09-19T13:36:44.4909453Z Selecting previously unselected package libgstreamer-plugins-bad1.0-0:amd64.
e2e	Install Playwright browsers	2025-09-19T13:36:44.5045216Z Preparing to unpack .../175-libgstreamer-plugins-bad1.0-0_1.24.2-1ubuntu4_amd64.deb ...
e2e	Install Playwright browsers	2025-09-19T13:36:44.5053645Z Unpacking libgstreamer-plugins-bad1.0-0:amd64 (1.24.2-1ubuntu4) ...
e2e	Install Playwright browsers	2025-09-19T13:36:44.5458866Z Selecting previously unselected package libdca0:amd64.
e2e	Install Playwright browsers	2025-09-19T13:36:44.5594683Z Preparing to unpack .../176-libdca0_0.0.7-2build1_amd64.deb ...
e2e	Install Playwright browsers	2025-09-19T13:36:44.5603190Z Unpacking libdca0:amd64 (0.0.7-2build1) ...
e2e	Install Playwright browsers	2025-09-19T13:36:44.5830977Z Selecting previously unselected package libopenal1:amd64.
e2e	Install Playwright browsers	2025-09-19T13:36:44.5966557Z Preparing to unpack .../177-libopenal1_1%3a1.23.1-4build1_amd64.deb ...
e2e	Install Playwright browsers	2025-09-19T13:36:44.5975226Z Unpacking libopenal1:amd64 (1:1.23.1-4build1) ...
e2e	Install Playwright browsers	2025-09-19T13:36:44.6253097Z Selecting previously unselected package libsbc1:amd64.
e2e	Install Playwright browsers	2025-09-19T13:36:44.6387781Z Preparing to unpack .../178-libsbc1_2.0-1build1_amd64.deb ...
e2e	Install Playwright browsers	2025-09-19T13:36:44.6396271Z Unpacking libsbc1:amd64 (2.0-1build1) ...
e2e	Install Playwright browsers	2025-09-19T13:36:44.6622344Z Selecting previously unselected package libvo-aacenc0:amd64.
e2e	Install Playwright browsers	2025-09-19T13:36:44.6757551Z Preparing to unpack .../179-libvo-aacenc0_0.1.3-2build1_amd64.deb ...
e2e	Install Playwright browsers	2025-09-19T13:36:44.6765537Z Unpacking libvo-aacenc0:amd64 (0.1.3-2build1) ...
e2e	Install Playwright browsers	2025-09-19T13:36:44.6997750Z Selecting previously unselected package libvo-amrwbenc0:amd64.
e2e	Install Playwright browsers	2025-09-19T13:36:44.7136379Z Preparing to unpack .../180-libvo-amrwbenc0_0.1.3-2build1_amd64.deb ...
e2e	Install Playwright browsers	2025-09-19T13:36:44.7148478Z Unpacking libvo-amrwbenc0:amd64 (0.1.3-2build1) ...
e2e	Install Playwright browsers	2025-09-19T13:36:44.7367523Z Selecting previously unselected package gstreamer1.0-plugins-bad:amd64.
e2e	Install Playwright browsers	2025-09-19T13:36:44.7505039Z Preparing to unpack .../181-gstreamer1.0-plugins-bad_1.24.2-1ubuntu4_amd64.deb ...
e2e	Install Playwright browsers	2025-09-19T13:36:44.7514574Z Unpacking gstreamer1.0-plugins-bad:amd64 (1.24.2-1ubuntu4) ...
e2e	Install Playwright browsers	2025-09-19T13:36:45.0372047Z Setting up libgme0:amd64 (0.6.3-7build1) ...
e2e	Install Playwright browsers	2025-09-19T13:36:45.0400527Z Setting up libchromaprint1:amd64 (1.5.1-5) ...
e2e	Install Playwright browsers	2025-09-19T13:36:45.0421699Z Setting up libssh-gcrypt-4:amd64 (0.10.6-2ubuntu0.1) ...
e2e	Install Playwright browsers	2025-09-19T13:36:45.0442192Z Setting up libhwy1t64:amd64 (1.0.7-8.1build1) ...
e2e	Install Playwright browsers	2025-09-19T13:36:45.0464039Z Setting up libcairo-script-interpreter2:amd64 (1.18.0-3build1) ...
e2e	Install Playwright browsers	2025-09-19T13:36:45.0483337Z Setting up libfreeaptx0:amd64 (0.1.1-2build1) ...
e2e	Install Playwright browsers	2025-09-19T13:36:45.0505132Z Setting up libdvdread8t64:amd64 (6.1.3-1.1build1) ...
e2e	Install Playwright browsers	2025-09-19T13:36:45.0525579Z Setting up libudfread0:amd64 (1.1.2-1build1) ...
e2e	Install Playwright browsers	2025-09-19T13:36:45.0550660Z Setting up libmodplug1:amd64 (1:0.8.9.0-3build1) ...
e2e	Install Playwright browsers	2025-09-19T13:36:45.0577856Z Setting up libcdparanoia0:amd64 (3.10.2+debian-14build3) ...
e2e	Install Playwright browsers	2025-09-19T13:36:45.0604645Z Setting up libvo-amrwbenc0:amd64 (0.1.3-2build1) ...
e2e	Install Playwright browsers	2025-09-19T13:36:45.0628485Z Setting up session-migration (0.3.9build1) ...
e2e	Install Playwright browsers	2025-09-19T13:36:45.1792162Z Created symlink /etc/systemd/user/graphical-session-pre.target.wants/session-migration.service → /usr/lib/systemd/user/session-migration.service.
e2e	Install Playwright browsers	2025-09-19T13:36:45.1792805Z 
e2e	Install Playwright browsers	2025-09-19T13:36:45.1821702Z Setting up libraw1394-11:amd64 (2.1.2-2build3) ...
e2e	Install Playwright browsers	2025-09-19T13:36:45.1841610Z Setting up libsbc1:amd64 (2.0-1build1) ...
e2e	Install Playwright browsers	2025-09-19T13:36:45.1864302Z Setting up libproxy1v5:amd64 (0.5.4-4build1) ...
e2e	Install Playwright browsers	2025-09-19T13:36:45.1884698Z Setting up libtag1v5-vanilla:amd64 (1.13.1-1build1) ...
e2e	Install Playwright browsers	2025-09-19T13:36:45.1904932Z Setting up libharfbuzz-icu0:amd64 (8.3.0-2build2) ...
e2e	Install Playwright browsers	2025-09-19T13:36:45.1927157Z Setting up libopenni2-0:amd64 (2.2.0.33+dfsg-18) ...
e2e	Install Playwright browsers	2025-09-19T13:36:45.2096438Z Setting up libspeex1:amd64 (1.2.1-2ubuntu2.24.04.1) ...
e2e	Install Playwright browsers	2025-09-19T13:36:45.2120040Z Setting up libshine3:amd64 (3.1.1-2build1) ...
e2e	Install Playwright browsers	2025-09-19T13:36:45.2142398Z Setting up libcaca0:amd64 (0.99.beta20-4build2) ...
e2e	Install Playwright browsers	2025-09-19T13:36:45.2161414Z Setting up libvpl2 (2023.3.0-1build1) ...
e2e	Install Playwright browsers	2025-09-19T13:36:45.2189685Z Setting up libv4lconvert0t64:amd64 (1.26.1-4build3) ...
e2e	Install Playwright browsers	2025-09-19T13:36:45.2212325Z Setting up libx264-164:amd64 (2:0.164.3108+git31e19f9-1) ...
e2e	Install Playwright browsers	2025-09-19T13:36:45.2231897Z Setting up libtwolame0:amd64 (0.4.0-2build3) ...
e2e	Install Playwright browsers	2025-09-19T13:36:45.2254766Z Setting up libmbedcrypto7t64:amd64 (2.28.8-1) ...
e2e	Install Playwright browsers	2025-09-19T13:36:45.2273838Z Setting up libwoff1:amd64 (1.0.2-2build1) ...
e2e	Install Playwright browsers	2025-09-19T13:36:45.2294001Z Setting up liblc3-1:amd64 (1.0.4-3build1) ...
e2e	Install Playwright browsers	2025-09-19T13:36:45.2318460Z Setting up libqrencode4:amd64 (4.1.1-1build2) ...
e2e	Install Playwright browsers	2025-09-19T13:36:45.2340970Z Setting up libhyphen0:amd64 (2.8.8-7build3) ...
e2e	Install Playwright browsers	2025-09-19T13:36:45.2360592Z Setting up libgsm1:amd64 (1.0.22-1build1) ...
e2e	Install Playwright browsers	2025-09-19T13:36:45.2381926Z Setting up libvisual-0.4-0:amd64 (0.4.2-2build1) ...
e2e	Install Playwright browsers	2025-09-19T13:36:45.2401719Z Setting up libsoxr0:amd64 (0.1.3-4build3) ...
e2e	Install Playwright browsers	2025-09-19T13:36:45.2422619Z Setting up libzix-0-0:amd64 (0.4.2-2build1) ...
e2e	Install Playwright browsers	2025-09-19T13:36:45.2446641Z Setting up libcodec2-1.2:amd64 (1.2.0-2build1) ...
e2e	Install Playwright browsers	2025-09-19T13:36:45.2468073Z Setting up libmanette-0.2-0:amd64 (0.2.7-1build2) ...
e2e	Install Playwright browsers	2025-09-19T13:36:45.2518227Z Setting up libsrtp2-1:amd64 (2.5.0-3build1) ...
e2e	Install Playwright browsers	2025-09-19T13:36:45.2544381Z Setting up libmysofa1:amd64 (1.3.2+dfsg-2ubuntu2) ...
e2e	Install Playwright browsers	2025-09-19T13:36:45.2566790Z Setting up libldacbt-enc2:amd64 (2.0.2.3+git20200429+ed310a0-4ubuntu2) ...
e2e	Install Playwright browsers	2025-09-19T13:36:45.2587665Z Setting up fonts-wqy-zenhei (0.9.45-8) ...
e2e	Install Playwright browsers	2025-09-19T13:36:45.2714200Z Setting up libwebrtc-audio-processing1:amd64 (0.3.1-0ubuntu6) ...
e2e	Install Playwright browsers	2025-09-19T13:36:45.2735969Z Setting up fonts-freefont-ttf (20211204+svn4273-2) ...
e2e	Install Playwright browsers	2025-09-19T13:36:45.2756166Z Setting up libevent-2.1-7t64:amd64 (2.1.12-stable-9ubuntu2) ...
e2e	Install Playwright browsers	2025-09-19T13:36:45.2778914Z Setting up libsvtav1enc1d1:amd64 (1.7.0+dfsg-2build1) ...
e2e	Install Playwright browsers	2025-09-19T13:36:45.2805839Z Setting up libsoup-3.0-common (3.4.4-5ubuntu0.5) ...
e2e	Install Playwright browsers	2025-09-19T13:36:45.2827349Z Setting up libmpg123-0t64:amd64 (1.32.5-1ubuntu1.1) ...
e2e	Install Playwright browsers	2025-09-19T13:36:45.2848846Z Setting up libcjson1:amd64 (1.7.17-1) ...
e2e	Install Playwright browsers	2025-09-19T13:36:45.2871990Z Setting up libxvidcore4:amd64 (2:1.3.7-1build1) ...
e2e	Install Playwright browsers	2025-09-19T13:36:45.2893653Z Setting up libmpcdec6:amd64 (2:0.1~r495-2build1) ...
e2e	Install Playwright browsers	2025-09-19T13:36:45.2915828Z Setting up libmjpegutils-2.1-0t64:amd64 (1:2.1.0+debian-8.1build1) ...
e2e	Install Playwright browsers	2025-09-19T13:36:45.2938159Z Setting up librav1e0:amd64 (0.7.1-2) ...
e2e	Install Playwright browsers	2025-09-19T13:36:45.2971830Z Setting up liborc-0.4-0t64:amd64 (1:0.4.38-1ubuntu0.1) ...
e2e	Install Playwright browsers	2025-09-19T13:36:45.2993429Z Setting up libxcb-xkb1:amd64 (1.15-1ubuntu2) ...
e2e	Install Playwright browsers	2025-09-19T13:36:45.3019211Z Setting up libvo-aacenc0:amd64 (0.1.3-2build1) ...
e2e	Install Playwright browsers	2025-09-19T13:36:45.3043779Z Setting up librist4:amd64 (0.2.10+dfsg-2) ...
e2e	Install Playwright browsers	2025-09-19T13:36:45.3064698Z Setting up libblas3:amd64 (3.12.0-3build1.1) ...
e2e	Install Playwright browsers	2025-09-19T13:36:45.3125544Z update-alternatives: using /usr/lib/x86_64-linux-gnu/blas/libblas.so.3 to provide /usr/lib/x86_64-linux-gnu/libblas.so.3 (libblas.so.3-x86_64-linux-gnu) in auto mode
e2e	Install Playwright browsers	2025-09-19T13:36:45.3143455Z Setting up libegl-mesa0:amd64 (25.0.7-0ubuntu0.24.04.2) ...
e2e	Install Playwright browsers	2025-09-19T13:36:45.3164319Z Setting up libsoundtouch1:amd64 (2.3.2+ds1-1build1) ...
e2e	Install Playwright browsers	2025-09-19T13:36:45.3183353Z Setting up libplacebo338:amd64 (6.338.2-2build1) ...
e2e	Install Playwright browsers	2025-09-19T13:36:45.3204085Z Setting up libgles2:amd64 (1.7.0-1build1) ...
e2e	Install Playwright browsers	2025-09-19T13:36:45.3223792Z Setting up fonts-tlwg-loma-otf (1:0.7.3-1) ...
e2e	Install Playwright browsers	2025-09-19T13:36:45.3242772Z Setting up libva2:amd64 (2.20.0-2build1) ...
e2e	Install Playwright browsers	2025-09-19T13:36:45.3276247Z Setting up libspa-0.2-modules:amd64 (1.0.5-1ubuntu3.1) ...
e2e	Install Playwright browsers	2025-09-19T13:36:45.3295116Z Setting up libzxing3:amd64 (2.2.1-3) ...
e2e	Install Playwright browsers	2025-09-19T13:36:45.3314655Z Setting up xfonts-encodings (1:1.0.5-0ubuntu2) ...
e2e	Install Playwright browsers	2025-09-19T13:36:45.3336007Z Setting up libopus0:amd64 (1.4-1build1) ...
e2e	Install Playwright browsers	2025-09-19T13:36:45.3355810Z Setting up libfaad2:amd64 (2.11.1-1build1) ...
e2e	Install Playwright browsers	2025-09-19T13:36:45.3379253Z Setting up libxkbcommon-x11-0:amd64 (1.6.0-1build1) ...
e2e	Install Playwright browsers	2025-09-19T13:36:45.3401603Z Setting up libdc1394-25:amd64 (2.2.6-4build1) ...
e2e	Install Playwright browsers	2025-09-19T13:36:45.3428182Z Setting up libimath-3-1-29t64:amd64 (3.1.9-3.1ubuntu2) ...
e2e	Install Playwright browsers	2025-09-19T13:36:45.3448809Z Setting up libunibreak5:amd64 (5.1-2build1) ...
e2e	Install Playwright browsers	2025-09-19T13:36:45.3473436Z Setting up libdv4t64:amd64 (1.0.0-17.1build1) ...
e2e	Install Playwright browsers	2025-09-19T13:36:45.3495064Z Setting up libjxl0.7:amd64 (0.7.0-10.2ubuntu6.1) ...
e2e	Install Playwright browsers	2025-09-19T13:36:45.3517117Z Setting up libopenh264-7:amd64 (2.4.1+dfsg-1) ...
e2e	Install Playwright browsers	2025-09-19T13:36:45.3543084Z Setting up libltc11:amd64 (1.3.2-1build1) ...
e2e	Install Playwright browsers	2025-09-19T13:36:45.3582900Z Setting up libx265-199:amd64 (3.5-2build1) ...
e2e	Install Playwright browsers	2025-09-19T13:36:45.3606148Z Setting up libv4l-0t64:amd64 (1.26.1-4build3) ...
e2e	Install Playwright browsers	2025-09-19T13:36:45.3634419Z Setting up libavtp0:amd64 (0.2.0-1build1) ...
e2e	Install Playwright browsers	2025-09-19T13:36:45.3663248Z Setting up libsndio7.0:amd64 (1.9.0-0.3build3) ...
e2e	Install Playwright browsers	2025-09-19T13:36:45.3687596Z Setting up libdirectfb-1.7-7t64:amd64 (1.7.7-11.1ubuntu2) ...
e2e	Install Playwright browsers	2025-09-19T13:36:45.3711506Z Setting up libspandsp2t64:amd64 (0.0.6+dfsg-2.1build1) ...
e2e	Install Playwright browsers	2025-09-19T13:36:45.3735815Z Setting up libvidstab1.1:amd64 (1.1.0-2build1) ...
e2e	Install Playwright browsers	2025-09-19T13:36:45.3757849Z Setting up libvpx9:amd64 (1.14.0-1ubuntu2.2) ...
e2e	Install Playwright browsers	2025-09-19T13:36:45.3896307Z Setting up libsrt1.5-gnutls:amd64 (1.5.3-1build2) ...
e2e	Install Playwright browsers	2025-09-19T13:36:45.3917600Z Setting up libtag1v5:amd64 (1.13.1-1build1) ...
e2e	Install Playwright browsers	2025-09-19T13:36:45.3940987Z Setting up libflite1:amd64 (2.2-6build3) ...
e2e	Install Playwright browsers	2025-09-19T13:36:45.3962177Z Setting up libdav1d7:amd64 (1.4.1-1build1) ...
e2e	Install Playwright browsers	2025-09-19T13:36:45.3987534Z Setting up libva-drm2:amd64 (2.20.0-2build1) ...
e2e	Install Playwright browsers	2025-09-19T13:36:45.4008952Z Setting up fonts-ipafont-gothic (00303-21ubuntu1) ...
e2e	Install Playwright browsers	2025-09-19T13:36:45.4079997Z update-alternatives: using /usr/share/fonts/opentype/ipafont-gothic/ipag.ttf to provide /usr/share/fonts/truetype/fonts-japanese-gothic.ttf (fonts-japanese-gothic.ttf) in auto mode
e2e	Install Playwright browsers	2025-09-19T13:36:45.4099514Z Setting up ocl-icd-libopencl1:amd64 (2.3.2-1build1) ...
e2e	Install Playwright browsers	2025-09-19T13:36:45.4121876Z Setting up libasyncns0:amd64 (0.8-6build4) ...
e2e	Install Playwright browsers	2025-09-19T13:36:45.4142886Z Setting up libwildmidi2:amd64 (0.4.3-1build3) ...
e2e	Install Playwright browsers	2025-09-19T13:36:45.4164026Z Setting up libvdpau1:amd64 (1.5-2build1) ...
e2e	Install Playwright browsers	2025-09-19T13:36:45.4195376Z Setting up libwavpack1:amd64 (5.6.0-1build1) ...
e2e	Install Playwright browsers	2025-09-19T13:36:45.4216183Z Setting up libbs2b0:amd64 (3.1.0+dfsg-7build1) ...
e2e	Install Playwright browsers	2025-09-19T13:36:45.4240397Z Setting up libtheora0:amd64 (1.1.1+dfsg.1-16.1build3) ...
e2e	Install Playwright browsers	2025-09-19T13:36:45.4259561Z Setting up libegl1:amd64 (1.7.0-1build1) ...
e2e	Install Playwright browsers	2025-09-19T13:36:45.4282210Z Setting up libdecor-0-0:amd64 (0.2.2-1build2) ...
e2e	Install Playwright browsers	2025-09-19T13:36:45.4301854Z Setting up libdca0:amd64 (0.0.7-2build1) ...
e2e	Install Playwright browsers	2025-09-19T13:36:45.4321156Z Setting up libzimg2:amd64 (3.0.5+ds1-1build1) ...
e2e	Install Playwright browsers	2025-09-19T13:36:45.4346178Z Setting up libopenal-data (1:1.23.1-4build1) ...
e2e	Install Playwright browsers	2025-09-19T13:36:45.4381039Z Setting up libabsl20220623t64:amd64 (20220623.1-3.1ubuntu3.2) ...
e2e	Install Playwright browsers	2025-09-19T13:36:45.4402733Z Setting up libflac12t64:amd64 (1.4.3+ds-2.1ubuntu2) ...
e2e	Install Playwright browsers	2025-09-19T13:36:45.4423501Z Setting up libgtk-4-common (4.14.5+ds-0ubuntu0.5) ...
e2e	Install Playwright browsers	2025-09-19T13:36:45.4443054Z Setting up libmpeg2encpp-2.1-0t64:amd64 (1:2.1.0+debian-8.1build1) ...
e2e	Install Playwright browsers	2025-09-19T13:36:45.4462213Z Setting up glib-networking-common (2.80.0-1build1) ...
e2e	Install Playwright browsers	2025-09-19T13:36:45.4483737Z Setting up libmfx1:amd64 (22.5.4-1) ...
e2e	Install Playwright browsers	2025-09-19T13:36:45.4503594Z Setting up libsamplerate0:amd64 (0.2.2-4build1) ...
e2e	Install Playwright browsers	2025-09-19T13:36:45.4523413Z Setting up timgm6mb-soundfont (1.3-5) ...
e2e	Install Playwright browsers	2025-09-19T13:36:45.4614187Z update-alternatives: using /usr/share/sounds/sf2/TimGM6mb.sf2 to provide /usr/share/sounds/sf2/default-GM.sf2 (default-GM.sf2) in auto mode
e2e	Install Playwright browsers	2025-09-19T13:36:45.4657052Z update-alternatives: using /usr/share/sounds/sf2/TimGM6mb.sf2 to provide /usr/share/sounds/sf3/default-GM.sf3 (default-GM.sf3) in auto mode
e2e	Install Playwright browsers	2025-09-19T13:36:45.4683487Z Setting up libva-x11-2:amd64 (2.20.0-2build1) ...
e2e	Install Playwright browsers	2025-09-19T13:36:45.4705931Z Setting up libyuv0:amd64 (0.0~git202401110.af6ac82-1) ...
e2e	Install Playwright browsers	2025-09-19T13:36:45.4729581Z Setting up libmplex2-2.1-0t64:amd64 (1:2.1.0+debian-8.1build1) ...
e2e	Install Playwright browsers	2025-09-19T13:36:45.4751067Z Setting up libpipewire-0.3-0t64:amd64 (1.0.5-1ubuntu3.1) ...
e2e	Install Playwright browsers	2025-09-19T13:36:45.4771085Z Setting up libcups2t64:amd64 (2.4.7-1.2ubuntu7.4) ...
e2e	Install Playwright browsers	2025-09-19T13:36:45.4795413Z Setting up libxml2:amd64 (2.9.14+dfsg-1.3ubuntu3.5) ...
e2e	Install Playwright browsers	2025-09-19T13:36:45.4818247Z Setting up libopenmpt0t64:amd64 (0.7.3-1.1build3) ...
e2e	Install Playwright browsers	2025-09-19T13:36:45.4839769Z Setting up libzvbi-common (0.2.42-2) ...
e2e	Install Playwright browsers	2025-09-19T13:36:45.4866261Z Setting up libsecret-common (0.21.4-1build3) ...
e2e	Install Playwright browsers	2025-09-19T13:36:45.4887657Z Setting up libmp3lame0:amd64 (3.100-6build1) ...
e2e	Install Playwright browsers	2025-09-19T13:36:45.4906903Z Setting up libgraphene-1.0-0:amd64 (1.10.8-3build2) ...
e2e	Install Playwright browsers	2025-09-19T13:36:45.4930551Z Setting up libvorbisenc2:amd64 (1.3.7-1build3) ...
e2e	Install Playwright browsers	2025-09-19T13:36:45.4951598Z Setting up libdvdnav4:amd64 (6.1.1-3build1) ...
e2e	Install Playwright browsers	2025-09-19T13:36:45.4972189Z Setting up fonts-unifont (1:15.1.01-1build1) ...
e2e	Install Playwright browsers	2025-09-19T13:36:45.4997104Z Setting up libaa1:amd64 (1.4p5-51.1) ...
e2e	Install Playwright browsers	2025-09-19T13:36:45.5016874Z Setting up libiec61883-0:amd64 (1.2.0-6build1) ...
e2e	Install Playwright browsers	2025-09-19T13:36:45.5039822Z Setting up libserd-0-0:amd64 (0.32.2-1) ...
e2e	Install Playwright browsers	2025-09-19T13:36:45.5062597Z Setting up libavc1394-0:amd64 (0.5.4-5build3) ...
e2e	Install Playwright browsers	2025-09-19T13:36:45.5082893Z Setting up gsettings-desktop-schemas (46.1-0ubuntu1) ...
e2e	Install Playwright browsers	2025-09-19T13:36:45.5103306Z Setting up glib-networking-services (2.80.0-1build1) ...
e2e	Install Playwright browsers	2025-09-19T13:36:45.5128544Z Setting up liblapack3:amd64 (3.12.0-3build1.1) ...
e2e	Install Playwright browsers	2025-09-19T13:36:45.5189126Z update-alternatives: using /usr/lib/x86_64-linux-gnu/lapack/liblapack.so.3 to provide /usr/lib/x86_64-linux-gnu/liblapack.so.3 (liblapack.so.3-x86_64-linux-gnu) in auto mode
e2e	Install Playwright browsers	2025-09-19T13:36:45.5205270Z Setting up libneon27t64:amd64 (0.33.0-1.1build3) ...
e2e	Install Playwright browsers	2025-09-19T13:36:45.5230197Z Setting up libzvbi0t64:amd64 (0.2.42-2) ...
e2e	Install Playwright browsers	2025-09-19T13:36:45.5252341Z Setting up libraptor2-0:amd64 (2.0.16-3ubuntu0.1) ...
e2e	Install Playwright browsers	2025-09-19T13:36:45.5274869Z Setting up libzbar0t64:amd64 (0.23.93-4build3) ...
e2e	Install Playwright browsers	2025-09-19T13:36:45.5296056Z Setting up libgstreamer-plugins-base1.0-0:amd64 (1.24.2-1ubuntu0.3) ...
e2e	Install Playwright browsers	2025-09-19T13:36:45.5316333Z Setting up libavutil58:amd64 (7:6.1.1-3ubuntu5) ...
e2e	Install Playwright browsers	2025-09-19T13:36:45.5338005Z Setting up libopenal1:amd64 (1:1.23.1-4build1) ...
e2e	Install Playwright browsers	2025-09-19T13:36:45.5359313Z Setting up xfonts-utils (1:7.7+6build3) ...
e2e	Install Playwright browsers	2025-09-19T13:36:45.5403399Z Setting up librsvg2-2:amd64 (2.58.0+dfsg-1build1) ...
e2e	Install Playwright browsers	2025-09-19T13:36:45.5426546Z Setting up libxml2-dev:amd64 (2.9.14+dfsg-1.3ubuntu3.5) ...
e2e	Install Playwright browsers	2025-09-19T13:36:45.5448389Z Setting up libsecret-1-0:amd64 (0.21.4-1build3) ...
e2e	Install Playwright browsers	2025-09-19T13:36:45.5468216Z Setting up libgstreamer-plugins-good1.0-0:amd64 (1.24.2-1ubuntu1.2) ...
e2e	Install Playwright browsers	2025-09-19T13:36:45.5488872Z Setting up libgstreamer-gl1.0-0:amd64 (1.24.2-1ubuntu0.3) ...
e2e	Install Playwright browsers	2025-09-19T13:36:45.5511981Z Setting up gstreamer1.0-plugins-base:amd64 (1.24.2-1ubuntu0.3) ...
e2e	Install Playwright browsers	2025-09-19T13:36:45.5532955Z Setting up libass9:amd64 (1:0.17.1-2build1) ...
e2e	Install Playwright browsers	2025-09-19T13:36:45.5556795Z Setting up libswresample4:amd64 (7:6.1.1-3ubuntu5) ...
e2e	Install Playwright browsers	2025-09-19T13:36:45.5576340Z Setting up libopenexr-3-1-30:amd64 (3.1.5-5.1build3) ...
e2e	Install Playwright browsers	2025-09-19T13:36:45.5598870Z Setting up libshout3:amd64 (2.4.6-1build2) ...
e2e	Install Playwright browsers	2025-09-19T13:36:45.5624186Z Setting up libgav1-1:amd64 (0.18.0-1build3) ...
e2e	Install Playwright browsers	2025-09-19T13:36:45.5644542Z Setting up libavcodec60:amd64 (7:6.1.1-3ubuntu5) ...
e2e	Install Playwright browsers	2025-09-19T13:36:45.5666401Z Setting up librubberband2:amd64 (3.3.0+dfsg-2build1) ...
e2e	Install Playwright browsers	2025-09-19T13:36:45.5690970Z Setting up libjack-jackd2-0:amd64 (1.9.21~dfsg-3ubuntu3) ...
e2e	Install Playwright browsers	2025-09-19T13:36:45.5710442Z Setting up libsord-0-0:amd64 (0.16.16-2build1) ...
e2e	Install Playwright browsers	2025-09-19T13:36:45.5732123Z Setting up xfonts-cyrillic (1:1.0.5+nmu1) ...
e2e	Install Playwright browsers	2025-09-19T13:36:45.6228885Z Setting up libpostproc57:amd64 (7:6.1.1-3ubuntu5) ...
e2e	Install Playwright browsers	2025-09-19T13:36:45.6254246Z Setting up libsratom-0-0:amd64 (0.6.16-1build1) ...
e2e	Install Playwright browsers	2025-09-19T13:36:45.6278671Z Setting up libsndfile1:amd64 (1.2.2-1ubuntu5.24.04.1) ...
e2e	Install Playwright browsers	2025-09-19T13:36:45.6303057Z Setting up libbluray2:amd64 (1:1.3.4-1build1) ...
e2e	Install Playwright browsers	2025-09-19T13:36:45.6331421Z Setting up liblilv-0-0:amd64 (0.24.22-1build1) ...
e2e	Install Playwright browsers	2025-09-19T13:36:45.6357717Z Setting up libinstpatch-1.0-2:amd64 (1.1.6-1build2) ...
e2e	Install Playwright browsers	2025-09-19T13:36:45.6386871Z Setting up xfonts-scalable (1:1.0.3-1.3) ...
e2e	Install Playwright browsers	2025-09-19T13:36:45.6662448Z Setting up libswscale7:amd64 (7:6.1.1-3ubuntu5) ...
e2e	Install Playwright browsers	2025-09-19T13:36:45.6687691Z Setting up libavif16:amd64 (1.0.4-1ubuntu3) ...
e2e	Install Playwright browsers	2025-09-19T13:36:45.6710904Z Setting up libpulse0:amd64 (1:16.1+dfsg1-2ubuntu10.1) ...
e2e	Install Playwright browsers	2025-09-19T13:36:45.6911831Z Setting up liblrdf0:amd64 (0.6.1-4build1) ...
e2e	Install Playwright browsers	2025-09-19T13:36:45.6934009Z Setting up libavformat60:amd64 (7:6.1.1-3ubuntu5) ...
e2e	Install Playwright browsers	2025-09-19T13:36:45.6954982Z Setting up libsphinxbase3t64:amd64 (0.8+5prealpha+1-17build2) ...
e2e	Install Playwright browsers	2025-09-19T13:36:45.6976928Z Setting up libsdl2-2.0-0:amd64 (2.30.0+dfsg-1ubuntu3.1) ...
e2e	Install Playwright browsers	2025-09-19T13:36:45.7001750Z Setting up libfluidsynth3:amd64 (2.3.4-1build3) ...
e2e	Install Playwright browsers	2025-09-19T13:36:45.7024983Z Setting up libpocketsphinx3:amd64 (0.8.0+real5prealpha+1-15ubuntu5) ...
e2e	Install Playwright browsers	2025-09-19T13:36:45.7049482Z Setting up libavfilter9:amd64 (7:6.1.1-3ubuntu5) ...
e2e	Install Playwright browsers	2025-09-19T13:36:45.7075001Z Setting up gstreamer1.0-libav:amd64 (1.24.1-1build1) ...
e2e	Install Playwright browsers	2025-09-19T13:36:45.7362811Z Processing triggers for fontconfig (2.15.0-1.1ubuntu2) ...
e2e	Install Playwright browsers	2025-09-19T13:36:46.0313914Z Processing triggers for libc-bin (2.39-0ubuntu8.5) ...
e2e	Install Playwright browsers	2025-09-19T13:36:46.1195791Z Processing triggers for man-db (2.12.0-4build2) ...
e2e	Install Playwright browsers	2025-09-19T13:38:01.7478988Z Processing triggers for libglib2.0-0t64:amd64 (2.80.0-6ubuntu3.4) ...
e2e	Install Playwright browsers	2025-09-19T13:38:01.8019889Z Setting up libgtk-4-1:amd64 (4.14.5+ds-0ubuntu0.5) ...
e2e	Install Playwright browsers	2025-09-19T13:38:02.0879042Z Setting up glib-networking:amd64 (2.80.0-1build1) ...
e2e	Install Playwright browsers	2025-09-19T13:38:02.0917328Z Setting up libsoup-3.0-0:amd64 (3.4.4-5ubuntu0.5) ...
e2e	Install Playwright browsers	2025-09-19T13:38:02.0951492Z Setting up libgssdp-1.6-0:amd64 (1.6.3-1build3) ...
e2e	Install Playwright browsers	2025-09-19T13:38:02.1023919Z Setting up gstreamer1.0-plugins-good:amd64 (1.24.2-1ubuntu1.2) ...
e2e	Install Playwright browsers	2025-09-19T13:38:02.1054765Z Setting up libgupnp-1.6-0:amd64 (1.6.6-1build3) ...
e2e	Install Playwright browsers	2025-09-19T13:38:02.1114068Z Setting up libgupnp-igd-1.6-0:amd64 (1.6.0-3build3) ...
e2e	Install Playwright browsers	2025-09-19T13:38:02.1151817Z Setting up libnice10:amd64 (0.1.21-2build3) ...
e2e	Install Playwright browsers	2025-09-19T13:38:02.1208813Z Setting up libgstreamer-plugins-bad1.0-0:amd64 (1.24.2-1ubuntu4) ...
e2e	Install Playwright browsers	2025-09-19T13:38:02.1249264Z Setting up gstreamer1.0-plugins-bad:amd64 (1.24.2-1ubuntu4) ...
e2e	Install Playwright browsers	2025-09-19T13:38:02.1274918Z Processing triggers for libc-bin (2.39-0ubuntu8.5) ...
e2e	Install Playwright browsers	2025-09-19T13:38:03.3790424Z 
e2e	Install Playwright browsers	2025-09-19T13:38:03.3791519Z Running kernel seems to be up-to-date.
e2e	Install Playwright browsers	2025-09-19T13:38:03.3792004Z 
e2e	Install Playwright browsers	2025-09-19T13:38:03.3792150Z Restarting services...
e2e	Install Playwright browsers	2025-09-19T13:38:03.4009851Z  systemctl restart packagekit.service php8.3-fpm.service
e2e	Install Playwright browsers	2025-09-19T13:38:03.5050446Z 
e2e	Install Playwright browsers	2025-09-19T13:38:03.5051136Z Service restarts being deferred:
e2e	Install Playwright browsers	2025-09-19T13:38:03.5052415Z  systemctl restart hosted-compute-agent.service
e2e	Install Playwright browsers	2025-09-19T13:38:03.5053639Z 
e2e	Install Playwright browsers	2025-09-19T13:38:03.5053899Z No containers need to be restarted.
e2e	Install Playwright browsers	2025-09-19T13:38:03.5054194Z 
e2e	Install Playwright browsers	2025-09-19T13:38:03.5054479Z No user sessions are running outdated binaries.
e2e	Install Playwright browsers	2025-09-19T13:38:03.5054804Z 
e2e	Install Playwright browsers	2025-09-19T13:38:03.5055251Z No VM guests are running outdated hypervisor (qemu) binaries on this host.
e2e	Install Playwright browsers	2025-09-19T13:38:04.5803444Z Downloading Chromium 140.0.7339.16 (playwright build v1187) from https://cdn.playwright.dev/dbazure/download/playwright/builds/chromium/1187/chromium-linux.zip
e2e	Install Playwright browsers	2025-09-19T13:38:05.1533188Z |                                                                                |   0% of 173.7 MiB
e2e	Install Playwright browsers	2025-09-19T13:38:05.4120619Z |■■■■■■■■                                                                        |  10% of 173.7 MiB
e2e	Install Playwright browsers	2025-09-19T13:38:05.5438229Z |■■■■■■■■■■■■■■■■                                                                |  20% of 173.7 MiB
e2e	Install Playwright browsers	2025-09-19T13:38:05.6627709Z |■■■■■■■■■■■■■■■■■■■■■■■■                                                        |  30% of 173.7 MiB
e2e	Install Playwright browsers	2025-09-19T13:38:05.7860034Z |■■■■■■■■■■■■■■■■■■■■■■■■■■■■■■■■                                                |  40% of 173.7 MiB
e2e	Install Playwright browsers	2025-09-19T13:38:05.9092061Z |■■■■■■■■■■■■■■■■■■■■■■■■■■■■■■■■■■■■■■■■                                        |  50% of 173.7 MiB
e2e	Install Playwright browsers	2025-09-19T13:38:06.0334729Z |■■■■■■■■■■■■■■■■■■■■■■■■■■■■■■■■■■■■■■■■■■■■■■■■                                |  60% of 173.7 MiB
e2e	Install Playwright browsers	2025-09-19T13:38:06.1616266Z |■■■■■■■■■■■■■■■■■■■■■■■■■■■■■■■■■■■■■■■■■■■■■■■■■■■■■■■■                        |  70% of 173.7 MiB
e2e	Install Playwright browsers	2025-09-19T13:38:06.2861638Z |■■■■■■■■■■■■■■■■■■■■■■■■■■■■■■■■■■■■■■■■■■■■■■■■■■■■■■■■■■■■■■■■                |  80% of 173.7 MiB
e2e	Install Playwright browsers	2025-09-19T13:38:06.4082642Z |■■■■■■■■■■■■■■■■■■■■■■■■■■■■■■■■■■■■■■■■■■■■■■■■■■■■■■■■■■■■■■■■■■■■■■■■        |  90% of 173.7 MiB
e2e	Install Playwright browsers	2025-09-19T13:38:06.5315263Z |■■■■■■■■■■■■■■■■■■■■■■■■■■■■■■■■■■■■■■■■■■■■■■■■■■■■■■■■■■■■■■■■■■■■■■■■■■■■■■■■| 100% of 173.7 MiB
e2e	Install Playwright browsers	2025-09-19T13:38:10.5442779Z Chromium 140.0.7339.16 (playwright build v1187) downloaded to /home/runner/.cache/ms-playwright/chromium-1187
e2e	Install Playwright browsers	2025-09-19T13:38:10.5448279Z Downloading Chromium Headless Shell 140.0.7339.16 (playwright build v1187) from https://cdn.playwright.dev/dbazure/download/playwright/builds/chromium/1187/chromium-headless-shell-linux.zip
e2e	Install Playwright browsers	2025-09-19T13:38:10.7856015Z |                                                                                |   0% of 104.3 MiB
e2e	Install Playwright browsers	2025-09-19T13:38:11.0177046Z |■■■■■■■■                                                                        |  10% of 104.3 MiB
e2e	Install Playwright browsers	2025-09-19T13:38:11.1078441Z |■■■■■■■■■■■■■■■■                                                                |  20% of 104.3 MiB
e2e	Install Playwright browsers	2025-09-19T13:38:11.1904051Z |■■■■■■■■■■■■■■■■■■■■■■■■                                                        |  30% of 104.3 MiB
e2e	Install Playwright browsers	2025-09-19T13:38:11.2781196Z |■■■■■■■■■■■■■■■■■■■■■■■■■■■■■■■■                                                |  40% of 104.3 MiB
e2e	Install Playwright browsers	2025-09-19T13:38:11.3637029Z |■■■■■■■■■■■■■■■■■■■■■■■■■■■■■■■■■■■■■■■■                                        |  50% of 104.3 MiB
e2e	Install Playwright browsers	2025-09-19T13:38:11.4558794Z |■■■■■■■■■■■■■■■■■■■■■■■■■■■■■■■■■■■■■■■■■■■■■■■■                                |  60% of 104.3 MiB
e2e	Install Playwright browsers	2025-09-19T13:38:11.5416748Z |■■■■■■■■■■■■■■■■■■■■■■■■■■■■■■■■■■■■■■■■■■■■■■■■■■■■■■■■                        |  70% of 104.3 MiB
e2e	Install Playwright browsers	2025-09-19T13:38:11.6316306Z |■■■■■■■■■■■■■■■■■■■■■■■■■■■■■■■■■■■■■■■■■■■■■■■■■■■■■■■■■■■■■■■■                |  80% of 104.3 MiB
e2e	Install Playwright browsers	2025-09-19T13:38:11.7240122Z |■■■■■■■■■■■■■■■■■■■■■■■■■■■■■■■■■■■■■■■■■■■■■■■■■■■■■■■■■■■■■■■■■■■■■■■■        |  90% of 104.3 MiB
e2e	Install Playwright browsers	2025-09-19T13:38:11.8221922Z |■■■■■■■■■■■■■■■■■■■■■■■■■■■■■■■■■■■■■■■■■■■■■■■■■■■■■■■■■■■■■■■■■■■■■■■■■■■■■■■■| 100% of 104.3 MiB
e2e	Install Playwright browsers	2025-09-19T13:38:13.9537566Z Chromium Headless Shell 140.0.7339.16 (playwright build v1187) downloaded to /home/runner/.cache/ms-playwright/chromium_headless_shell-1187
e2e	Install Playwright browsers	2025-09-19T13:38:13.9540201Z Downloading Firefox 141.0 (playwright build v1490) from https://cdn.playwright.dev/dbazure/download/playwright/builds/firefox/1490/firefox-ubuntu-24.04.zip
e2e	Install Playwright browsers	2025-09-19T13:38:14.1701458Z |                                                                                |   0% of 96 MiB
e2e	Install Playwright browsers	2025-09-19T13:38:14.3217290Z |■■■■■■■■                                                                        |  10% of 96 MiB
e2e	Install Playwright browsers	2025-09-19T13:38:14.4009232Z |■■■■■■■■■■■■■■■■                                                                |  20% of 96 MiB
e2e	Install Playwright browsers	2025-09-19T13:38:14.4824025Z |■■■■■■■■■■■■■■■■■■■■■■■■                                                        |  30% of 96 MiB
e2e	Install Playwright browsers	2025-09-19T13:38:14.5518592Z |■■■■■■■■■■■■■■■■■■■■■■■■■■■■■■■■                                                |  40% of 96 MiB
e2e	Install Playwright browsers	2025-09-19T13:38:14.6158329Z |■■■■■■■■■■■■■■■■■■■■■■■■■■■■■■■■■■■■■■■■                                        |  50% of 96 MiB
e2e	Install Playwright browsers	2025-09-19T13:38:14.6749818Z |■■■■■■■■■■■■■■■■■■■■■■■■■■■■■■■■■■■■■■■■■■■■■■■■                                |  60% of 96 MiB
e2e	Install Playwright browsers	2025-09-19T13:38:14.7337211Z |■■■■■■■■■■■■■■■■■■■■■■■■■■■■■■■■■■■■■■■■■■■■■■■■■■■■■■■■                        |  70% of 96 MiB
e2e	Install Playwright browsers	2025-09-19T13:38:14.7899933Z |■■■■■■■■■■■■■■■■■■■■■■■■■■■■■■■■■■■■■■■■■■■■■■■■■■■■■■■■■■■■■■■■                |  80% of 96 MiB
e2e	Install Playwright browsers	2025-09-19T13:38:14.8453863Z |■■■■■■■■■■■■■■■■■■■■■■■■■■■■■■■■■■■■■■■■■■■■■■■■■■■■■■■■■■■■■■■■■■■■■■■■        |  90% of 96 MiB
e2e	Install Playwright browsers	2025-09-19T13:38:14.8998539Z |■■■■■■■■■■■■■■■■■■■■■■■■■■■■■■■■■■■■■■■■■■■■■■■■■■■■■■■■■■■■■■■■■■■■■■■■■■■■■■■■| 100% of 96 MiB
e2e	Install Playwright browsers	2025-09-19T13:38:16.9607220Z Firefox 141.0 (playwright build v1490) downloaded to /home/runner/.cache/ms-playwright/firefox-1490
e2e	Install Playwright browsers	2025-09-19T13:38:16.9610443Z Downloading Webkit 26.0 (playwright build v2203) from https://cdn.playwright.dev/dbazure/download/playwright/builds/webkit/2203/webkit-ubuntu-24.04.zip
e2e	Install Playwright browsers	2025-09-19T13:38:17.2070939Z |                                                                                |   0% of 94.2 MiB
e2e	Install Playwright browsers	2025-09-19T13:38:17.4191221Z |■■■■■■■■                                                                        |  10% of 94.2 MiB
e2e	Install Playwright browsers	2025-09-19T13:38:17.4911250Z |■■■■■■■■■■■■■■■■                                                                |  20% of 94.2 MiB
e2e	Install Playwright browsers	2025-09-19T13:38:17.5647624Z |■■■■■■■■■■■■■■■■■■■■■■■■                                                        |  30% of 94.2 MiB
e2e	Install Playwright browsers	2025-09-19T13:38:17.6344545Z |■■■■■■■■■■■■■■■■■■■■■■■■■■■■■■■■                                                |  40% of 94.2 MiB
e2e	Install Playwright browsers	2025-09-19T13:38:17.7046252Z |■■■■■■■■■■■■■■■■■■■■■■■■■■■■■■■■■■■■■■■■                                        |  50% of 94.2 MiB
e2e	Install Playwright browsers	2025-09-19T13:38:17.7821566Z |■■■■■■■■■■■■■■■■■■■■■■■■■■■■■■■■■■■■■■■■■■■■■■■■                                |  60% of 94.2 MiB
e2e	Install Playwright browsers	2025-09-19T13:38:17.8539879Z |■■■■■■■■■■■■■■■■■■■■■■■■■■■■■■■■■■■■■■■■■■■■■■■■■■■■■■■■                        |  70% of 94.2 MiB
e2e	Install Playwright browsers	2025-09-19T13:38:17.9210122Z |■■■■■■■■■■■■■■■■■■■■■■■■■■■■■■■■■■■■■■■■■■■■■■■■■■■■■■■■■■■■■■■■                |  80% of 94.2 MiB
e2e	Install Playwright browsers	2025-09-19T13:38:17.9933005Z |■■■■■■■■■■■■■■■■■■■■■■■■■■■■■■■■■■■■■■■■■■■■■■■■■■■■■■■■■■■■■■■■■■■■■■■■        |  90% of 94.2 MiB
e2e	Install Playwright browsers	2025-09-19T13:38:18.0598369Z |■■■■■■■■■■■■■■■■■■■■■■■■■■■■■■■■■■■■■■■■■■■■■■■■■■■■■■■■■■■■■■■■■■■■■■■■■■■■■■■■| 100% of 94.2 MiB
e2e	Install Playwright browsers	2025-09-19T13:38:20.0339105Z Webkit 26.0 (playwright build v2203) downloaded to /home/runner/.cache/ms-playwright/webkit-2203
e2e	Install Playwright browsers	2025-09-19T13:38:20.0341761Z Downloading FFMPEG playwright build v1011 from https://cdn.playwright.dev/dbazure/download/playwright/builds/ffmpeg/1011/ffmpeg-linux.zip
e2e	Install Playwright browsers	2025-09-19T13:38:20.2738263Z |                                                                                |   0% of 2.3 MiB
e2e	Install Playwright browsers	2025-09-19T13:38:20.3320801Z |■■■■■■■■                                                                        |  10% of 2.3 MiB
e2e	Install Playwright browsers	2025-09-19T13:38:20.3568455Z |■■■■■■■■■■■■■■■■                                                                |  20% of 2.3 MiB
e2e	Install Playwright browsers	2025-09-19T13:38:20.3720192Z |■■■■■■■■■■■■■■■■■■■■■■■■                                                        |  30% of 2.3 MiB
e2e	Install Playwright browsers	2025-09-19T13:38:20.3822924Z |■■■■■■■■■■■■■■■■■■■■■■■■■■■■■■■■                                                |  40% of 2.3 MiB
e2e	Install Playwright browsers	2025-09-19T13:38:20.3913399Z |■■■■■■■■■■■■■■■■■■■■■■■■■■■■■■■■■■■■■■■■                                        |  50% of 2.3 MiB
e2e	Install Playwright browsers	2025-09-19T13:38:20.3977206Z |■■■■■■■■■■■■■■■■■■■■■■■■■■■■■■■■■■■■■■■■■■■■■■■■                                |  60% of 2.3 MiB
e2e	Install Playwright browsers	2025-09-19T13:38:20.4038972Z |■■■■■■■■■■■■■■■■■■■■■■■■■■■■■■■■■■■■■■■■■■■■■■■■■■■■■■■■                        |  70% of 2.3 MiB
e2e	Install Playwright browsers	2025-09-19T13:38:20.4091067Z |■■■■■■■■■■■■■■■■■■■■■■■■■■■■■■■■■■■■■■■■■■■■■■■■■■■■■■■■■■■■■■■■                |  80% of 2.3 MiB
e2e	Install Playwright browsers	2025-09-19T13:38:20.4132122Z |■■■■■■■■■■■■■■■■■■■■■■■■■■■■■■■■■■■■■■■■■■■■■■■■■■■■■■■■■■■■■■■■■■■■■■■■        |  90% of 2.3 MiB
e2e	Install Playwright browsers	2025-09-19T13:38:20.4175174Z |■■■■■■■■■■■■■■■■■■■■■■■■■■■■■■■■■■■■■■■■■■■■■■■■■■■■■■■■■■■■■■■■■■■■■■■■■■■■■■■■| 100% of 2.3 MiB
e2e	Install Playwright browsers	2025-09-19T13:38:20.4849562Z FFMPEG playwright build v1011 downloaded to /home/runner/.cache/ms-playwright/ffmpeg-1011
e2e	Start backend and static server (background)	﻿2025-09-19T13:38:20.9152206Z ##[group]Run set -euo pipefail
e2e	Start backend and static server (background)	2025-09-19T13:38:20.9152718Z [36;1mset -euo pipefail[0m
e2e	Start backend and static server (background)	2025-09-19T13:38:20.9153161Z [36;1m# Start backend and log to /tmp/backend.log[0m
e2e	Start backend and static server (background)	2025-09-19T13:38:20.9153753Z [36;1mnode ./server/index.js > /tmp/backend.log 2>&1 &[0m
e2e	Start backend and static server (background)	2025-09-19T13:38:20.9154309Z [36;1mecho "$!" > /tmp/backend.pid[0m
e2e	Start backend and static server (background)	2025-09-19T13:38:20.9154972Z [36;1m# Start static server on the agreed port (8001) and log to /tmp/static.log[0m
e2e	Start backend and static server (background)	2025-09-19T13:38:20.9155616Z [36;1mpython3 -m http.server 8001 > /tmp/static.log 2>&1 &[0m
e2e	Start backend and static server (background)	2025-09-19T13:38:20.9155963Z [36;1mecho "$!" > /tmp/static.pid[0m
e2e	Start backend and static server (background)	2025-09-19T13:38:20.9156312Z [36;1m# Wait for services to respond (increase retries for flaky runners)[0m
e2e	Start backend and static server (background)	2025-09-19T13:38:20.9156657Z [36;1mfor i in {1..60}; do[0m
e2e	Start backend and static server (background)	2025-09-19T13:38:20.9157220Z [36;1m  if curl -sSf http://localhost:4000/api/leaderboard >/dev/null 2>&1 && curl -sSf http://localhost:8001/standalone.html >/dev/null 2>&1; then[0m
e2e	Start backend and static server (background)	2025-09-19T13:38:20.9157772Z [36;1m    echo "services are up"; break[0m
e2e	Start backend and static server (background)	2025-09-19T13:38:20.9158041Z [36;1m  fi[0m
e2e	Start backend and static server (background)	2025-09-19T13:38:20.9158214Z [36;1m  sleep 2[0m
e2e	Start backend and static server (background)	2025-09-19T13:38:20.9158388Z [36;1mdone[0m
e2e	Start backend and static server (background)	2025-09-19T13:38:20.9187825Z shell: /usr/bin/bash -e {0}
e2e	Start backend and static server (background)	2025-09-19T13:38:20.9188063Z env:
e2e	Start backend and static server (background)	2025-09-19T13:38:20.9188264Z   NODE_OPTIONS: --experimental-vm-modules
e2e	Start backend and static server (background)	2025-09-19T13:38:20.9188534Z ##[endgroup]
e2e	Start backend and static server (background)	2025-09-19T13:38:22.9590444Z services are up
e2e	Run Playwright via runner script	﻿2025-09-19T13:38:22.9626609Z ##[group]Run node ./scripts/run-playwright-with-backend.js
e2e	Run Playwright via runner script	2025-09-19T13:38:22.9627044Z [36;1mnode ./scripts/run-playwright-with-backend.js[0m
e2e	Run Playwright via runner script	2025-09-19T13:38:22.9656923Z shell: /usr/bin/bash -e {0}
e2e	Run Playwright via runner script	2025-09-19T13:38:22.9657161Z env:
e2e	Run Playwright via runner script	2025-09-19T13:38:22.9657362Z   NODE_OPTIONS: --experimental-vm-modules
e2e	Run Playwright via runner script	2025-09-19T13:38:22.9657621Z ##[endgroup]
e2e	Run Playwright via runner script	2025-09-19T13:38:22.9990359Z Checking backend and static servers...
e2e	Run Playwright via runner script	2025-09-19T13:38:23.0099492Z Backend already running; reusing existing instance.
e2e	Run Playwright via runner script	2025-09-19T13:38:27.0381028Z Port 8001 is bound by another process; reusing existing static server.
e2e	Run Playwright via runner script	2025-09-19T13:38:27.0402250Z Backend responsive. Waiting for static server...
e2e	Run Playwright via runner script	2025-09-19T13:38:39.1103888Z Error waiting for servers: timeout waiting for http://localhost:8001/standalone.html
e2e	Run Playwright via runner script	2025-09-19T13:38:39.1145931Z ##[error]Process completed with exit code 3.
e2e	Upload Playwright artifacts (on failure)	﻿2025-09-19T13:38:39.1200410Z ##[group]Run actions/upload-artifact@v4
e2e	Upload Playwright artifacts (on failure)	2025-09-19T13:38:39.1200689Z with:
e2e	Upload Playwright artifacts (on failure)	2025-09-19T13:38:39.1200885Z   name: playwright-artifacts
e2e	Upload Playwright artifacts (on failure)	2025-09-19T13:38:39.1201807Z   path: test-results/**
e2e	Upload Playwright artifacts (on failure)	playwright-report/**
e2e	Upload Playwright artifacts (on failure)	trace.zip
e2e	Upload Playwright artifacts (on failure)	./playwright-traces/**
e2e	Upload Playwright artifacts (on failure)	./playwright-screenshots/**
e2e	Upload Playwright artifacts (on failure)	/tmp/backend.log
e2e	Upload Playwright artifacts (on failure)	/tmp/static.log
e2e	Upload Playwright artifacts (on failure)	
e2e	Upload Playwright artifacts (on failure)	2025-09-19T13:38:39.1202360Z   retention-days: 7
e2e	Upload Playwright artifacts (on failure)	2025-09-19T13:38:39.1202553Z   if-no-files-found: warn
e2e	Upload Playwright artifacts (on failure)	2025-09-19T13:38:39.1202765Z   compression-level: 6
e2e	Upload Playwright artifacts (on failure)	2025-09-19T13:38:39.1202954Z   overwrite: false
e2e	Upload Playwright artifacts (on failure)	2025-09-19T13:38:39.1203149Z   include-hidden-files: false
e2e	Upload Playwright artifacts (on failure)	2025-09-19T13:38:39.1203357Z env:
e2e	Upload Playwright artifacts (on failure)	2025-09-19T13:38:39.1203554Z   NODE_OPTIONS: --experimental-vm-modules
e2e	Upload Playwright artifacts (on failure)	2025-09-19T13:38:39.1203800Z ##[endgroup]
e2e	Upload Playwright artifacts (on failure)	2025-09-19T13:38:39.3363432Z Multiple search paths detected. Calculating the least common ancestor of all paths
e2e	Upload Playwright artifacts (on failure)	2025-09-19T13:38:39.3368555Z The least common ancestor is /. This will be the root directory of the artifact
e2e	Upload Playwright artifacts (on failure)	2025-09-19T13:38:39.3369379Z With the provided path, there will be 2 files uploaded
e2e	Upload Playwright artifacts (on failure)	2025-09-19T13:38:39.3392305Z Artifact name is valid!
e2e	Upload Playwright artifacts (on failure)	2025-09-19T13:38:39.3392744Z Root directory input is valid!
e2e	Upload Playwright artifacts (on failure)	2025-09-19T13:38:39.5400142Z Beginning upload of artifact content to blob storage
e2e	Upload Playwright artifacts (on failure)	2025-09-19T13:38:39.7005693Z Uploaded bytes 368
e2e	Upload Playwright artifacts (on failure)	2025-09-19T13:38:39.7446280Z Finished uploading artifact content to blob storage!
e2e	Upload Playwright artifacts (on failure)	2025-09-19T13:38:39.7450973Z SHA256 digest of uploaded artifact zip is de6153f57b16594379a2f20c9886a2c4649ec65b26f5b9c975b8670e6989e029
e2e	Upload Playwright artifacts (on failure)	2025-09-19T13:38:39.7452960Z Finalizing artifact upload
e2e	Upload Playwright artifacts (on failure)	2025-09-19T13:38:39.8659587Z Artifact playwright-artifacts.zip successfully finalized. Artifact ID 4056474878
e2e	Upload Playwright artifacts (on failure)	2025-09-19T13:38:39.8661100Z Artifact playwright-artifacts has been successfully uploaded! Final size is 368 bytes. Artifact ID is 4056474878
e2e	Upload Playwright artifacts (on failure)	2025-09-19T13:38:39.8668547Z Artifact download URL: https://github.com/Picsbyeli/Picsbyeli.github.io/actions/runs/17859913436/artifacts/4056474878
e2e	Cleanup	﻿2025-09-19T13:38:39.8764683Z ##[group]Run if [ -f /tmp/backend.pid ]; then kill "$(cat /tmp/backend.pid)" || true; fi
e2e	Cleanup	2025-09-19T13:38:39.8765231Z [36;1mif [ -f /tmp/backend.pid ]; then kill "$(cat /tmp/backend.pid)" || true; fi[0m
e2e	Cleanup	2025-09-19T13:38:39.8765698Z [36;1mif [ -f /tmp/static.pid ]; then kill "$(cat /tmp/static.pid)" || true; fi[0m
e2e	Cleanup	2025-09-19T13:38:39.8796911Z shell: /usr/bin/bash -e {0}
e2e	Cleanup	2025-09-19T13:38:39.8797150Z env:
e2e	Cleanup	2025-09-19T13:38:39.8797359Z   NODE_OPTIONS: --experimental-vm-modules
e2e	Cleanup	2025-09-19T13:38:39.8797615Z ##[endgroup]
e2e	Post Checkout	﻿2025-09-19T13:38:39.8937214Z Post job cleanup.
e2e	Post Checkout	2025-09-19T13:38:39.9864458Z [command]/usr/bin/git version
e2e	Post Checkout	2025-09-19T13:38:39.9900116Z git version 2.51.0
e2e	Post Checkout	2025-09-19T13:38:39.9943249Z Temporarily overriding HOME='/home/runner/work/_temp/e43e4310-3bdd-4da6-b5e3-db76685d66bd' before making global git config changes
e2e	Post Checkout	2025-09-19T13:38:39.9944763Z Adding repository directory to the temporary git global config as a safe directory
e2e	Post Checkout	2025-09-19T13:38:39.9949894Z [command]/usr/bin/git config --global --add safe.directory /home/runner/work/Picsbyeli.github.io/Picsbyeli.github.io
e2e	Post Checkout	2025-09-19T13:38:39.9985575Z [command]/usr/bin/git config --local --name-only --get-regexp core\.sshCommand
e2e	Post Checkout	2025-09-19T13:38:40.0017822Z [command]/usr/bin/git submodule foreach --recursive sh -c "git config --local --name-only --get-regexp 'core\.sshCommand' && git config --local --unset-all 'core.sshCommand' || :"
e2e	Post Checkout	2025-09-19T13:38:40.0243748Z [command]/usr/bin/git config --local --name-only --get-regexp http\.https\:\/\/github\.com\/\.extraheader
e2e	Post Checkout	2025-09-19T13:38:40.0267303Z http.https://github.com/.extraheader
e2e	Post Checkout	2025-09-19T13:38:40.0280224Z [command]/usr/bin/git config --local --unset-all http.https://github.com/.extraheader
e2e	Post Checkout	2025-09-19T13:38:40.0310926Z [command]/usr/bin/git submodule foreach --recursive sh -c "git config --local --name-only --get-regexp 'http\.https\:\/\/github\.com\/\.extraheader' && git config --local --unset-all 'http.https://github.com/.extraheader' || :"
e2e	Complete job	﻿2025-09-19T13:38:40.0629488Z Cleaning up orphan processes
